This is pdfTeX, Version 3.141592653-2.6-1.40.28 (MiKTeX 25.12) (preloaded format=pdflatex 2026.3.12)  23 APR 2026 12:28
entering extended mode
 restricted \write18 enabled.
 %&-line parsing enabled.
**./main.tex
(main.tex
LaTeX2e <2025-11-01>
L3 programming layer <2025-12-24>
(C:\Users\ryanv\AppData\Local\Programs\MiKTeX\tex/latex/base\report.cls
Document Class: report 2025/01/22 v1.4n Standard LaTeX document class
(C:\Users\ryanv\AppData\Local\Programs\MiKTeX\tex/latex/base\size11.clo
File: size11.clo 2025/01/22 v1.4n Standard LaTeX file (size option)
)
\c@part=\count275
\c@chapter=\count276
\c@section=\count277
\c@subsection=\count278
\c@subsubsection=\count279
\c@paragraph=\count280
\c@subparagraph=\count281
\c@figure=\count282
\c@table=\count283
\abovecaptionskip=\skip49
\belowcaptionskip=\skip50
\bibindent=\dimen148
)
(preamble.tex
(C:\Users\ryanv\AppData\Local\Programs\MiKTeX\tex/latex/geometry\geometry.sty
Package: geometry 2020/01/02 v5.9 Page Geometry

(C:\Users\ryanv\AppData\Local\Programs\MiKTeX\tex/latex/graphics\keyval.sty
Package: keyval 2022/05/29 v1.15 key=value parser (DPC)
\KV@toks@=\toks17
)
(C:\Users\ryanv\AppData\Local\Programs\MiKTeX\tex/generic/iftex\ifvtex.sty
Package: ifvtex 2019/10/25 v1.7 ifvtex legacy package. Use iftex instead.

(C:\Users\ryanv\AppData\Local\Programs\MiKTeX\tex/generic/iftex\iftex.sty
Package: iftex 2024/12/12 v1.0g TeX engine tests
))
\Gm@cnth=\count284
\Gm@cntv=\count285
\c@Gm@tempcnt=\count286
\Gm@bindingoffset=\dimen149
\Gm@wd@mp=\dimen150
\Gm@odd@mp=\dimen151
\Gm@even@mp=\dimen152
\Gm@layoutwidth=\dimen153
\Gm@layoutheight=\dimen154
\Gm@layouthoffset=\dimen155
\Gm@layoutvoffset=\dimen156
\Gm@dimlist=\toks18

(C:\Users\ryanv\AppData\Local\Programs\MiKTeX\tex/latex/geometry\geometry.cfg))
(C:\Users\ryanv\AppData\Local\Programs\MiKTeX\tex/latex/amsmath\amsmath.sty
Package: amsmath 2025/07/09 v2.17z AMS math features
\@mathmargin=\skip51

For additional information on amsmath, use the `?' option.
(C:\Users\ryanv\AppData\Local\Programs\MiKTeX\tex/latex/amsmath\amstext.sty
Package: amstext 2024/11/17 v2.01 AMS text

(C:\Users\ryanv\AppData\Local\Programs\MiKTeX\tex/latex/amsmath\amsgen.sty
File: amsgen.sty 1999/11/30 v2.0 generic functions
\@emptytoks=\toks19
\ex@=\dimen157
))
(C:\Users\ryanv\AppData\Local\Programs\MiKTeX\tex/latex/amsmath\amsbsy.sty
Package: amsbsy 1999/11/29 v1.2d Bold Symbols
\pmbraise@=\dimen158
)
(C:\Users\ryanv\AppData\Local\Programs\MiKTeX\tex/latex/amsmath\amsopn.sty
Package: amsopn 2022/04/08 v2.04 operator names
)
\inf@bad=\count287
LaTeX Info: Redefining \frac on input line 233.
\uproot@=\count288
\leftroot@=\count289
LaTeX Info: Redefining \overline on input line 398.
LaTeX Info: Redefining \colon on input line 409.
\classnum@=\count290
\DOTSCASE@=\count291
LaTeX Info: Redefining \ldots on input line 495.
LaTeX Info: Redefining \dots on input line 498.
LaTeX Info: Redefining \cdots on input line 619.
\Mathstrutbox@=\box53
\strutbox@=\box54
LaTeX Info: Redefining \big on input line 721.
LaTeX Info: Redefining \Big on input line 722.
LaTeX Info: Redefining \bigg on input line 723.
LaTeX Info: Redefining \Bigg on input line 724.
\big@size=\dimen159
LaTeX Font Info:    Redeclaring font encoding OML on input line 742.
LaTeX Font Info:    Redeclaring font encoding OMS on input line 743.
\macc@depth=\count292
LaTeX Info: Redefining \bmod on input line 904.
LaTeX Info: Redefining \pmod on input line 909.
LaTeX Info: Redefining \smash on input line 939.
LaTeX Info: Redefining \relbar on input line 969.
LaTeX Info: Redefining \Relbar on input line 970.
\c@MaxMatrixCols=\count293
\dotsspace@=\muskip17
\c@parentequation=\count294
\dspbrk@lvl=\count295
\tag@help=\toks20
\row@=\count296
\column@=\count297
\maxfields@=\count298
\andhelp@=\toks21
\eqnshift@=\dimen160
\alignsep@=\dimen161
\tagshift@=\dimen162
\tagwidth@=\dimen163
\totwidth@=\dimen164
\lineht@=\dimen165
\@envbody=\toks22
\multlinegap=\skip52
\multlinetaggap=\skip53
\mathdisplay@stack=\toks23
LaTeX Info: Redefining \[ on input line 2950.
LaTeX Info: Redefining \] on input line 2951.
)
(C:\Users\ryanv\AppData\Local\Programs\MiKTeX\tex/latex/amsfonts\amssymb.sty
Package: amssymb 2013/01/14 v3.01 AMS font symbols

(C:\Users\ryanv\AppData\Local\Programs\MiKTeX\tex/latex/amsfonts\amsfonts.sty
Package: amsfonts 2013/01/14 v3.01 Basic AMSFonts support
\symAMSa=\mathgroup4
\symAMSb=\mathgroup5
LaTeX Font Info:    Redeclaring math symbol \hbar on input line 98.
LaTeX Font Info:    Overwriting math alphabet `\mathfrak' in version `bold'
(Font)                  U/euf/m/n --> U/euf/b/n on input line 106.
)) (C:\Users\ryanv\AppData\Local\Programs\MiKTeX\tex/latex/amscls\amsthm.sty
Package: amsthm 2020/05/29 v2.20.6
\thm@style=\toks24
\thm@bodyfont=\toks25
\thm@headfont=\toks26
\thm@notefont=\toks27
\thm@headpunct=\toks28
\thm@preskip=\skip54
\thm@postskip=\skip55
\thm@headsep=\skip56
\dth@everypar=\toks29
)
(C:\Users\ryanv\AppData\Local\Programs\MiKTeX\tex/latex/mathtools\mathtools.sty
Package: mathtools 2024/10/04 v1.31 mathematical typesetting tools
(C:\Users\ryanv\AppData\Local\Programs\MiKTeX\tex/latex/tools\calc.sty
Package: calc 2025/03/01 v4.3b Infix arithmetic (KKT,FJ)
\calc@Acount=\count299
\calc@Bcount=\count300
\calc@Adimen=\dimen166
\calc@Bdimen=\dimen167
\calc@Askip=\skip57
\calc@Bskip=\skip58
LaTeX Info: Redefining \setlength on input line 86.
LaTeX Info: Redefining \addtolength on input line 87.
\calc@Ccount=\count301
\calc@Cskip=\skip59
)
(C:\Users\ryanv\AppData\Local\Programs\MiKTeX\tex/latex/mathtools\mhsetup.sty
Package: mhsetup 2021/03/18 v1.4 programming setup (MH)
)
\g_MT_multlinerow_int=\count302
\l_MT_multwidth_dim=\dimen168
\origjot=\skip60
\l_MT_shortvdotswithinadjustabove_dim=\dimen169
\l_MT_shortvdotswithinadjustbelow_dim=\dimen170
\l_MT_above_intertext_sep=\dimen171
\l_MT_below_intertext_sep=\dimen172
\l_MT_above_shortintertext_sep=\dimen173
\l_MT_below_shortintertext_sep=\dimen174
\xmathstrut@box=\box55
\xmathstrut@dim=\dimen175
) (C:\Users\ryanv\AppData\Local\Programs\MiKTeX\tex/latex/cancel\cancel.sty
Package: cancel 2013/04/12 v2.2 Cancel math terms
)
(C:\Users\ryanv\AppData\Local\Programs\MiKTeX\tex/latex/tools\bm.sty
Package: bm 2025/10/21 v1.2g Bold Symbol Support (DPC/FMi)
\symboldoperators=\mathgroup6
\symboldletters=\mathgroup7
\symboldsymbols=\mathgroup8
Package bm Info: No bold for \OMX/cmex/m/n, using \pmb.
Package bm Info: No bold for \U/msa/m/n, using \pmb.
Package bm Info: No bold for \U/msb/m/n, using \pmb.
LaTeX Font Info:    Redeclaring math alphabet \mathbf on input line 149.
)
(C:\Users\ryanv\AppData\Local\Programs\MiKTeX\tex/latex/enumitem\enumitem.sty
Package: enumitem 2025/02/06 v3.11 Customized lists
\labelindent=\skip61
\enit@outerparindent=\dimen176
\enit@toks=\toks30
\enit@inbox=\box56
\enit@count@id=\count303
\enitdp@description=\count304
)
(C:\Users\ryanv\AppData\Local\Programs\MiKTeX\tex/latex/hyperref\hyperref.sty
Package: hyperref 2025-07-12 v7.01o Hypertext links for LaTeX

(C:\Users\ryanv\AppData\Local\Programs\MiKTeX\tex/latex/kvsetkeys\kvsetkeys.sty
Package: kvsetkeys 2022-10-05 v1.19 Key value parser (HO)
)
(C:\Users\ryanv\AppData\Local\Programs\MiKTeX\tex/generic/kvdefinekeys\kvdefine
keys.sty
Package: kvdefinekeys 2019-12-19 v1.6 Define keys (HO)
)
(C:\Users\ryanv\AppData\Local\Programs\MiKTeX\tex/generic/pdfescape\pdfescape.s
ty
Package: pdfescape 2019/12/09 v1.15 Implements pdfTeX's escape features (HO)

(C:\Users\ryanv\AppData\Local\Programs\MiKTeX\tex/generic/ltxcmds\ltxcmds.sty
Package: ltxcmds 2023-12-04 v1.26 LaTeX kernel commands for general use (HO)
)
(C:\Users\ryanv\AppData\Local\Programs\MiKTeX\tex/generic/pdftexcmds\pdftexcmds
.sty
Package: pdftexcmds 2020-06-27 v0.33 Utility functions of pdfTeX for LuaTeX (HO
)

(C:\Users\ryanv\AppData\Local\Programs\MiKTeX\tex/generic/infwarerr\infwarerr.s
ty
Package: infwarerr 2019/12/03 v1.5 Providing info/warning/error messages (HO)
)
Package pdftexcmds Info: \pdf@primitive is available.
Package pdftexcmds Info: \pdf@ifprimitive is available.
Package pdftexcmds Info: \pdfdraftmode found.
))
(C:\Users\ryanv\AppData\Local\Programs\MiKTeX\tex/latex/hycolor\hycolor.sty
Package: hycolor 2020-01-27 v1.10 Color options for hyperref/bookmark (HO)
)
(C:\Users\ryanv\AppData\Local\Programs\MiKTeX\tex/latex/hyperref\nameref.sty
Package: nameref 2025-06-21 v2.57 Cross-referencing by name of section

(C:\Users\ryanv\AppData\Local\Programs\MiKTeX\tex/latex/refcount\refcount.sty
Package: refcount 2019/12/15 v3.6 Data extraction from label references (HO)
)
(C:\Users\ryanv\AppData\Local\Programs\MiKTeX\tex/generic/gettitlestring\gettit
lestring.sty
Package: gettitlestring 2019/12/15 v1.6 Cleanup title references (HO)

(C:\Users\ryanv\AppData\Local\Programs\MiKTeX\tex/latex/kvoptions\kvoptions.sty
Package: kvoptions 2022-06-15 v3.15 Key value format for package options (HO)
))
\c@section@level=\count305
)
(C:\Users\ryanv\AppData\Local\Programs\MiKTeX\tex/latex/etoolbox\etoolbox.sty
Package: etoolbox 2025/10/02 v2.5m e-TeX tools for LaTeX (JAW)
\etb@tempcnta=\count306
)
(C:\Users\ryanv\AppData\Local\Programs\MiKTeX\tex/generic/stringenc\stringenc.s
ty
Package: stringenc 2019/11/29 v1.12 Convert strings between diff. encodings (HO
)
)
\@linkdim=\dimen177
\Hy@linkcounter=\count307
\Hy@pagecounter=\count308
 (C:\Users\ryanv\AppData\Local\Programs\MiKTeX\tex/latex/hyperref\pd1enc.def
File: pd1enc.def 2025-07-12 v7.01o Hyperref: PDFDocEncoding definition (HO)
Now handling font encoding PD1 ...
... no UTF-8 mapping file for font encoding PD1
) (C:\Users\ryanv\AppData\Local\Programs\MiKTeX\tex/generic/intcalc\intcalc.sty
Package: intcalc 2019/12/15 v1.3 Expandable calculations with integers (HO)
)
\Hy@SavedSpaceFactor=\count309
 (C:\Users\ryanv\AppData\Local\Programs\MiKTeX\tex/latex/hyperref\puenc.def
File: puenc.def 2025-07-12 v7.01o Hyperref: PDF Unicode definition (HO)
Now handling font encoding PU ...
... no UTF-8 mapping file for font encoding PU
)
Package hyperref Info: Hyper figures OFF on input line 4195.
Package hyperref Info: Link nesting OFF on input line 4200.
Package hyperref Info: Hyper index ON on input line 4203.
Package hyperref Info: Plain pages OFF on input line 4210.
Package hyperref Info: Backreferencing OFF on input line 4215.
Package hyperref Info: Implicit mode ON; LaTeX internals redefined.
Package hyperref Info: Bookmarks ON on input line 4462.
\c@Hy@tempcnt=\count310

(C:\Users\ryanv\AppData\Local\Programs\MiKTeX\tex/latex/url\url.sty
\Urlmuskip=\muskip18
Package: url 2013/09/16  ver 3.4  Verb mode for urls, etc.
)
LaTeX Info: Redefining \url on input line 4801.
\XeTeXLinkMargin=\dimen178

(C:\Users\ryanv\AppData\Local\Programs\MiKTeX\tex/generic/bitset\bitset.sty
Package: bitset 2019/12/09 v1.3 Handle bit-vector datatype (HO)

(C:\Users\ryanv\AppData\Local\Programs\MiKTeX\tex/generic/bigintcalc\bigintcalc
.sty
Package: bigintcalc 2019/12/15 v1.5 Expandable calculations on big integers (HO
)
))
\Fld@menulength=\count311
\Field@Width=\dimen179
\Fld@charsize=\dimen180
Package hyperref Info: Hyper figures OFF on input line 6078.
Package hyperref Info: Link nesting OFF on input line 6083.
Package hyperref Info: Hyper index ON on input line 6086.
Package hyperref Info: backreferencing OFF on input line 6093.
Package hyperref Info: Link coloring OFF on input line 6098.
Package hyperref Info: Link coloring with OCG OFF on input line 6103.
Package hyperref Info: PDF/A mode OFF on input line 6108.
\Hy@abspage=\count312
\c@Item=\count313
\c@Hfootnote=\count314
)
Package hyperref Info: Driver (autodetected): hpdftex.

(C:\Users\ryanv\AppData\Local\Programs\MiKTeX\tex/latex/hyperref\hpdftex.def
File: hpdftex.def 2025-07-12 v7.01o Hyperref driver for pdfTeX
\Fld@listcount=\count315
\c@bookmark@seq@number=\count316

(C:\Users\ryanv\AppData\Local\Programs\MiKTeX\tex/latex/rerunfilecheck\rerunfil
echeck.sty
Package: rerunfilecheck 2025-06-21 v1.11 Rerun checks for auxiliary files (HO)

(C:\Users\ryanv\AppData\Local\Programs\MiKTeX\tex/generic/uniquecounter\uniquec
ounter.sty
Package: uniquecounter 2019/12/15 v1.4 Provide unlimited unique counter (HO)
)
Package uniquecounter Info: New unique counter `rerunfilecheck' on input line 2
84.
)
\Hy@SectionHShift=\skip62
)
(C:\Users\ryanv\AppData\Local\Programs\MiKTeX\tex/latex/xcolor\xcolor.sty
Package: xcolor 2024/09/29 v3.02 LaTeX color extensions (UK)

(C:\Users\ryanv\AppData\Local\Programs\MiKTeX\tex/latex/graphics-cfg\color.cfg
File: color.cfg 2016/01/02 v1.6 sample color configuration
)
Package xcolor Info: Driver file: pdftex.def on input line 274.

(C:\Users\ryanv\AppData\Local\Programs\MiKTeX\tex/latex/graphics-def\pdftex.def
File: pdftex.def 2025/09/29 v1.2d Graphics/color driver for pdftex
)
(C:\Users\ryanv\AppData\Local\Programs\MiKTeX\tex/latex/graphics\mathcolor.ltx)
Package xcolor Info: Model `cmy' substituted by `cmy0' on input line 1349.
Package xcolor Info: Model `hsb' substituted by `rgb' on input line 1353.
Package xcolor Info: Model `RGB' extended on input line 1365.
Package xcolor Info: Model `HTML' substituted by `rgb' on input line 1367.
Package xcolor Info: Model `Hsb' substituted by `hsb' on input line 1368.
Package xcolor Info: Model `tHsb' substituted by `hsb' on input line 1369.
Package xcolor Info: Model `HSB' substituted by `hsb' on input line 1370.
Package xcolor Info: Model `Gray' substituted by `gray' on input line 1371.
Package xcolor Info: Model `wave' substituted by `hsb' on input line 1372.
)
(C:\Users\ryanv\AppData\Local\Programs\MiKTeX\tex/latex/tcolorbox\tcolorbox.sty
Package: tcolorbox 2025/11/28 version 6.9.0 text color boxes

(C:\Users\ryanv\AppData\Local\Programs\MiKTeX\tex/latex/pgf/frontendlayer\tikz.
sty
(C:\Users\ryanv\AppData\Local\Programs\MiKTeX\tex/latex/pgf/basiclayer\pgf.sty
(C:\Users\ryanv\AppData\Local\Programs\MiKTeX\tex/latex/pgf/utilities\pgfrcs.st
y
(C:\Users\ryanv\AppData\Local\Programs\MiKTeX\tex/generic/pgf/utilities\pgfutil
-common.tex
\pgfutil@everybye=\toks31
\pgfutil@tempdima=\dimen181
\pgfutil@tempdimb=\dimen182
)
(C:\Users\ryanv\AppData\Local\Programs\MiKTeX\tex/generic/pgf/utilities\pgfutil
-latex.def
\pgfutil@abb=\box57
)
(C:\Users\ryanv\AppData\Local\Programs\MiKTeX\tex/generic/pgf/utilities\pgfrcs.
code.tex
(C:\Users\ryanv\AppData\Local\Programs\MiKTeX\tex/generic/pgf\pgf.revision.tex)
Package: pgfrcs 2025-08-29 v3.1.11a (3.1.11a)
))
Package: pgf 2025-08-29 v3.1.11a (3.1.11a)

(C:\Users\ryanv\AppData\Local\Programs\MiKTeX\tex/latex/pgf/basiclayer\pgfcore.
sty
(C:\Users\ryanv\AppData\Local\Programs\MiKTeX\tex/latex/graphics\graphicx.sty
Package: graphicx 2024/12/31 v1.2e Enhanced LaTeX Graphics (DPC,SPQR)

(C:\Users\ryanv\AppData\Local\Programs\MiKTeX\tex/latex/graphics\graphics.sty
Package: graphics 2024/08/06 v1.4g Standard LaTeX Graphics (DPC,SPQR)

(C:\Users\ryanv\AppData\Local\Programs\MiKTeX\tex/latex/graphics\trig.sty
Package: trig 2023/12/02 v1.11 sin cos tan (DPC)
)
(C:\Users\ryanv\AppData\Local\Programs\MiKTeX\tex/latex/graphics-cfg\graphics.c
fg
File: graphics.cfg 2016/06/04 v1.11 sample graphics configuration
)
Package graphics Info: Driver file: pdftex.def on input line 106.
)
\Gin@req@height=\dimen183
\Gin@req@width=\dimen184
)
(C:\Users\ryanv\AppData\Local\Programs\MiKTeX\tex/latex/pgf/systemlayer\pgfsys.
sty
(C:\Users\ryanv\AppData\Local\Programs\MiKTeX\tex/generic/pgf/systemlayer\pgfsy
s.code.tex
Package: pgfsys 2025-08-29 v3.1.11a (3.1.11a)

(C:\Users\ryanv\AppData\Local\Programs\MiKTeX\tex/generic/pgf/utilities\pgfkeys
.code.tex
\pgfkeys@pathtoks=\toks32
\pgfkeys@temptoks=\toks33

(C:\Users\ryanv\AppData\Local\Programs\MiKTeX\tex/generic/pgf/utilities\pgfkeys
libraryfiltered.code.tex
\pgfkeys@tmptoks=\toks34
))
\pgf@x=\dimen185
\pgf@y=\dimen186
\pgf@xa=\dimen187
\pgf@ya=\dimen188
\pgf@xb=\dimen189
\pgf@yb=\dimen190
\pgf@xc=\dimen191
\pgf@yc=\dimen192
\pgf@xd=\dimen193
\pgf@yd=\dimen194
\w@pgf@writea=\write3
\r@pgf@reada=\read2
\c@pgf@counta=\count317
\c@pgf@countb=\count318
\c@pgf@countc=\count319
\c@pgf@countd=\count320
\t@pgf@toka=\toks35
\t@pgf@tokb=\toks36
\t@pgf@tokc=\toks37
\pgf@sys@id@count=\count321

(C:\Users\ryanv\AppData\Local\Programs\MiKTeX\tex/generic/pgf/systemlayer\pgf.c
fg
File: pgf.cfg 2025-08-29 v3.1.11a (3.1.11a)
)
Driver file for pgf: pgfsys-pdftex.def

(C:\Users\ryanv\AppData\Local\Programs\MiKTeX\tex/generic/pgf/systemlayer\pgfsy
s-pdftex.def
File: pgfsys-pdftex.def 2025-08-29 v3.1.11a (3.1.11a)

(C:\Users\ryanv\AppData\Local\Programs\MiKTeX\tex/generic/pgf/systemlayer\pgfsy
s-common-pdf.def
File: pgfsys-common-pdf.def 2025-08-29 v3.1.11a (3.1.11a)
)))
(C:\Users\ryanv\AppData\Local\Programs\MiKTeX\tex/generic/pgf/systemlayer\pgfsy
ssoftpath.code.tex
File: pgfsyssoftpath.code.tex 2025-08-29 v3.1.11a (3.1.11a)
\pgfsyssoftpath@smallbuffer@items=\count322
\pgfsyssoftpath@bigbuffer@items=\count323
)
(C:\Users\ryanv\AppData\Local\Programs\MiKTeX\tex/generic/pgf/systemlayer\pgfsy
sprotocol.code.tex
File: pgfsysprotocol.code.tex 2025-08-29 v3.1.11a (3.1.11a)
))
(C:\Users\ryanv\AppData\Local\Programs\MiKTeX\tex/generic/pgf/basiclayer\pgfcor
e.code.tex
Package: pgfcore 2025-08-29 v3.1.11a (3.1.11a)

(C:\Users\ryanv\AppData\Local\Programs\MiKTeX\tex/generic/pgf/math\pgfmath.code
.tex
(C:\Users\ryanv\AppData\Local\Programs\MiKTeX\tex/generic/pgf/math\pgfmathutil.
code.tex)
(C:\Users\ryanv\AppData\Local\Programs\MiKTeX\tex/generic/pgf/math\pgfmathparse
r.code.tex
\pgfmath@dimen=\dimen195
\pgfmath@count=\count324
\pgfmath@box=\box58
\pgfmath@toks=\toks38
\pgfmath@stack@operand=\toks39
\pgfmath@stack@operation=\toks40
)
(C:\Users\ryanv\AppData\Local\Programs\MiKTeX\tex/generic/pgf/math\pgfmathfunct
ions.code.tex)
(C:\Users\ryanv\AppData\Local\Programs\MiKTeX\tex/generic/pgf/math\pgfmathfunct
ions.basic.code.tex)
(C:\Users\ryanv\AppData\Local\Programs\MiKTeX\tex/generic/pgf/math\pgfmathfunct
ions.trigonometric.code.tex)
(C:\Users\ryanv\AppData\Local\Programs\MiKTeX\tex/generic/pgf/math\pgfmathfunct
ions.random.code.tex)
(C:\Users\ryanv\AppData\Local\Programs\MiKTeX\tex/generic/pgf/math\pgfmathfunct
ions.comparison.code.tex)
(C:\Users\ryanv\AppData\Local\Programs\MiKTeX\tex/generic/pgf/math\pgfmathfunct
ions.base.code.tex)
(C:\Users\ryanv\AppData\Local\Programs\MiKTeX\tex/generic/pgf/math\pgfmathfunct
ions.round.code.tex)
(C:\Users\ryanv\AppData\Local\Programs\MiKTeX\tex/generic/pgf/math\pgfmathfunct
ions.misc.code.tex)
(C:\Users\ryanv\AppData\Local\Programs\MiKTeX\tex/generic/pgf/math\pgfmathfunct
ions.integerarithmetics.code.tex)
(C:\Users\ryanv\AppData\Local\Programs\MiKTeX\tex/generic/pgf/math\pgfmathcalc.
code.tex)
(C:\Users\ryanv\AppData\Local\Programs\MiKTeX\tex/generic/pgf/math\pgfmathfloat
.code.tex
\c@pgfmathroundto@lastzeros=\count325
))
(C:\Users\ryanv\AppData\Local\Programs\MiKTeX\tex/generic/pgf/math\pgfint.code.
tex)
(C:\Users\ryanv\AppData\Local\Programs\MiKTeX\tex/generic/pgf/basiclayer\pgfcor
epoints.code.tex
File: pgfcorepoints.code.tex 2025-08-29 v3.1.11a (3.1.11a)
\pgf@picminx=\dimen196
\pgf@picmaxx=\dimen197
\pgf@picminy=\dimen198
\pgf@picmaxy=\dimen199
\pgf@pathminx=\dimen256
\pgf@pathmaxx=\dimen257
\pgf@pathminy=\dimen258
\pgf@pathmaxy=\dimen259
\pgf@xx=\dimen260
\pgf@xy=\dimen261
\pgf@yx=\dimen262
\pgf@yy=\dimen263
\pgf@zx=\dimen264
\pgf@zy=\dimen265
)
(C:\Users\ryanv\AppData\Local\Programs\MiKTeX\tex/generic/pgf/basiclayer\pgfcor
epathconstruct.code.tex
File: pgfcorepathconstruct.code.tex 2025-08-29 v3.1.11a (3.1.11a)
\pgf@path@lastx=\dimen266
\pgf@path@lasty=\dimen267
)
(C:\Users\ryanv\AppData\Local\Programs\MiKTeX\tex/generic/pgf/basiclayer\pgfcor
epathusage.code.tex
File: pgfcorepathusage.code.tex 2025-08-29 v3.1.11a (3.1.11a)
\pgf@shorten@end@additional=\dimen268
\pgf@shorten@start@additional=\dimen269
)
(C:\Users\ryanv\AppData\Local\Programs\MiKTeX\tex/generic/pgf/basiclayer\pgfcor
escopes.code.tex
File: pgfcorescopes.code.tex 2025-08-29 v3.1.11a (3.1.11a)
\pgfpic=\box59
\pgf@hbox=\box60
\pgf@layerbox@main=\box61
\pgf@picture@serial@count=\count326
)
(C:\Users\ryanv\AppData\Local\Programs\MiKTeX\tex/generic/pgf/basiclayer\pgfcor
egraphicstate.code.tex
File: pgfcoregraphicstate.code.tex 2025-08-29 v3.1.11a (3.1.11a)
\pgflinewidth=\dimen270
)
(C:\Users\ryanv\AppData\Local\Programs\MiKTeX\tex/generic/pgf/basiclayer\pgfcor
etransformations.code.tex
File: pgfcoretransformations.code.tex 2025-08-29 v3.1.11a (3.1.11a)
\pgf@pt@x=\dimen271
\pgf@pt@y=\dimen272
\pgf@pt@temp=\dimen273
)
(C:\Users\ryanv\AppData\Local\Programs\MiKTeX\tex/generic/pgf/basiclayer\pgfcor
equick.code.tex
File: pgfcorequick.code.tex 2025-08-29 v3.1.11a (3.1.11a)
)
(C:\Users\ryanv\AppData\Local\Programs\MiKTeX\tex/generic/pgf/basiclayer\pgfcor
eobjects.code.tex
File: pgfcoreobjects.code.tex 2025-08-29 v3.1.11a (3.1.11a)
)
(C:\Users\ryanv\AppData\Local\Programs\MiKTeX\tex/generic/pgf/basiclayer\pgfcor
epathprocessing.code.tex
File: pgfcorepathprocessing.code.tex 2025-08-29 v3.1.11a (3.1.11a)
)
(C:\Users\ryanv\AppData\Local\Programs\MiKTeX\tex/generic/pgf/basiclayer\pgfcor
earrows.code.tex
File: pgfcorearrows.code.tex 2025-08-29 v3.1.11a (3.1.11a)
\pgfarrowsep=\dimen274
)
(C:\Users\ryanv\AppData\Local\Programs\MiKTeX\tex/generic/pgf/basiclayer\pgfcor
eshade.code.tex
File: pgfcoreshade.code.tex 2025-08-29 v3.1.11a (3.1.11a)
\pgf@max=\dimen275
\pgf@sys@shading@range@num=\count327
\pgf@shadingcount=\count328
)
(C:\Users\ryanv\AppData\Local\Programs\MiKTeX\tex/generic/pgf/basiclayer\pgfcor
eimage.code.tex
File: pgfcoreimage.code.tex 2025-08-29 v3.1.11a (3.1.11a)
)
(C:\Users\ryanv\AppData\Local\Programs\MiKTeX\tex/generic/pgf/basiclayer\pgfcor
eexternal.code.tex
File: pgfcoreexternal.code.tex 2025-08-29 v3.1.11a (3.1.11a)
\pgfexternal@startupbox=\box62
)
(C:\Users\ryanv\AppData\Local\Programs\MiKTeX\tex/generic/pgf/basiclayer\pgfcor
elayers.code.tex
File: pgfcorelayers.code.tex 2025-08-29 v3.1.11a (3.1.11a)
)
(C:\Users\ryanv\AppData\Local\Programs\MiKTeX\tex/generic/pgf/basiclayer\pgfcor
etransparency.code.tex
File: pgfcoretransparency.code.tex 2025-08-29 v3.1.11a (3.1.11a)
)
(C:\Users\ryanv\AppData\Local\Programs\MiKTeX\tex/generic/pgf/basiclayer\pgfcor
epatterns.code.tex
File: pgfcorepatterns.code.tex 2025-08-29 v3.1.11a (3.1.11a)
)
(C:\Users\ryanv\AppData\Local\Programs\MiKTeX\tex/generic/pgf/basiclayer\pgfcor
erdf.code.tex
File: pgfcorerdf.code.tex 2025-08-29 v3.1.11a (3.1.11a)
)))
(C:\Users\ryanv\AppData\Local\Programs\MiKTeX\tex/generic/pgf/modules\pgfmodule
shapes.code.tex
File: pgfmoduleshapes.code.tex 2025-08-29 v3.1.11a (3.1.11a)
\pgfnodeparttextbox=\box63
)
(C:\Users\ryanv\AppData\Local\Programs\MiKTeX\tex/generic/pgf/modules\pgfmodule
plot.code.tex
File: pgfmoduleplot.code.tex 2025-08-29 v3.1.11a (3.1.11a)
)
(C:\Users\ryanv\AppData\Local\Programs\MiKTeX\tex/latex/pgf/compatibility\pgfco
mp-version-0-65.sty
Package: pgfcomp-version-0-65 2025-08-29 v3.1.11a (3.1.11a)
\pgf@nodesepstart=\dimen276
\pgf@nodesepend=\dimen277
)
(C:\Users\ryanv\AppData\Local\Programs\MiKTeX\tex/latex/pgf/compatibility\pgfco
mp-version-1-18.sty
Package: pgfcomp-version-1-18 2025-08-29 v3.1.11a (3.1.11a)
))
(C:\Users\ryanv\AppData\Local\Programs\MiKTeX\tex/latex/pgf/utilities\pgffor.st
y
(C:\Users\ryanv\AppData\Local\Programs\MiKTeX\tex/latex/pgf/utilities\pgfkeys.s
ty
(C:\Users\ryanv\AppData\Local\Programs\MiKTeX\tex/generic/pgf/utilities\pgfkeys
.code.tex))
(C:\Users\ryanv\AppData\Local\Programs\MiKTeX\tex/latex/pgf/math\pgfmath.sty
(C:\Users\ryanv\AppData\Local\Programs\MiKTeX\tex/generic/pgf/math\pgfmath.code
.tex))
(C:\Users\ryanv\AppData\Local\Programs\MiKTeX\tex/generic/pgf/utilities\pgffor.
code.tex
Package: pgffor 2025-08-29 v3.1.11a (3.1.11a)
\pgffor@iter=\dimen278
\pgffor@skip=\dimen279
\pgffor@stack=\toks41
\pgffor@toks=\toks42
))
(C:\Users\ryanv\AppData\Local\Programs\MiKTeX\tex/generic/pgf/frontendlayer/tik
z\tikz.code.tex
Package: tikz 2025-08-29 v3.1.11a (3.1.11a)

(C:\Users\ryanv\AppData\Local\Programs\MiKTeX\tex/generic/pgf/libraries\pgflibr
aryplothandlers.code.tex
File: pgflibraryplothandlers.code.tex 2025-08-29 v3.1.11a (3.1.11a)
\pgf@plot@mark@count=\count329
\pgfplotmarksize=\dimen280
)
\tikz@lastx=\dimen281
\tikz@lasty=\dimen282
\tikz@lastxsaved=\dimen283
\tikz@lastysaved=\dimen284
\tikz@lastmovetox=\dimen285
\tikz@lastmovetoy=\dimen286
\tikzleveldistance=\dimen287
\tikzsiblingdistance=\dimen288
\tikz@figbox=\box64
\tikz@figbox@bg=\box65
\tikz@tempbox=\box66
\tikz@tempbox@bg=\box67
\tikztreelevel=\count330
\tikznumberofchildren=\count331
\tikznumberofcurrentchild=\count332
\tikz@fig@count=\count333

(C:\Users\ryanv\AppData\Local\Programs\MiKTeX\tex/generic/pgf/modules\pgfmodule
matrix.code.tex
File: pgfmodulematrix.code.tex 2025-08-29 v3.1.11a (3.1.11a)
\pgfmatrixcurrentrow=\count334
\pgfmatrixcurrentcolumn=\count335
\pgf@matrix@numberofcolumns=\count336
)
\tikz@expandcount=\count337

(C:\Users\ryanv\AppData\Local\Programs\MiKTeX\tex/generic/pgf/frontendlayer/tik
z/libraries\tikzlibrarytopaths.code.tex
File: tikzlibrarytopaths.code.tex 2025-08-29 v3.1.11a (3.1.11a)
)))
(C:\Users\ryanv\AppData\Local\Programs\MiKTeX\tex/latex/tools\verbatim.sty
Package: verbatim 2024-01-22 v1.5x LaTeX2e package for verbatim enhancements
\every@verbatim=\toks43
\verbatim@line=\toks44
\verbatim@in@stream=\read3
)
(C:\Users\ryanv\AppData\Local\Programs\MiKTeX\tex/latex/environ\environ.sty
Package: environ 2014/05/04 v0.3 A new way to define environments

(C:\Users\ryanv\AppData\Local\Programs\MiKTeX\tex/latex/trimspaces\trimspaces.s
ty
Package: trimspaces 2009/09/17 v1.1 Trim spaces around a token list
))
\tcb@titlebox=\box68
\tcb@upperbox=\box69
\tcb@lowerbox=\box70
\tcb@phantombox=\box71
\c@tcbbreakpart=\count338
\c@tcblayer=\count339
\c@tcolorbox@number=\count340
\l__tcobox_tmpa_box=\box72
\l__tcobox_tmpa_dim=\dimen289
\tcb@temp=\box73
\tcb@temp=\box74
\tcb@temp=\box75
\tcb@temp=\box76
)
(C:\Users\ryanv\AppData\Local\Programs\MiKTeX\tex/latex/fancyhdr\fancyhdr.sty
Package: fancyhdr 2025/02/07 v5.2 Extensive control of page headers and footers

\f@nch@headwidth=\skip63
\f@nch@offset@elh=\skip64
\f@nch@offset@erh=\skip65
\f@nch@offset@olh=\skip66
\f@nch@offset@orh=\skip67
\f@nch@offset@elf=\skip68
\f@nch@offset@erf=\skip69
\f@nch@offset@olf=\skip70
\f@nch@offset@orf=\skip71
\f@nch@height=\skip72
\f@nch@footalignment=\skip73
\f@nch@widthL=\skip74
\f@nch@widthC=\skip75
\f@nch@widthR=\skip76
\@temptokenb=\toks45
)
(C:\Users\ryanv\AppData\Local\Programs\MiKTeX\tex/latex/parskip\parskip.sty
Package: parskip 2021-03-14 v2.0h non-zero parskip adjustments
)
(C:\Users\ryanv\AppData\Local\Programs\MiKTeX\tex/latex/booktabs\booktabs.sty
Package: booktabs 2020/01/12 v1.61803398 Publication quality tables
\heavyrulewidth=\dimen290
\lightrulewidth=\dimen291
\cmidrulewidth=\dimen292
\belowrulesep=\dimen293
\belowbottomsep=\dimen294
\aboverulesep=\dimen295
\abovetopsep=\dimen296
\cmidrulesep=\dimen297
\cmidrulekern=\dimen298
\defaultaddspace=\dimen299
\@cmidla=\count341
\@cmidlb=\count342
\@aboverulesep=\dimen300
\@belowrulesep=\dimen301
\@thisruleclass=\count343
\@lastruleclass=\count344
\@thisrulewidth=\dimen302
)
(C:\Users\ryanv\AppData\Local\Programs\MiKTeX\tex/latex/truncate\truncate.sty
Package: truncate 2001/08/20  ver 3.6
\@Trunc@RestHyph=\toks46
)
(C:\Users\ryanv\AppData\Local\Programs\MiKTeX\tex/latex/multirow\multirow.sty
Package: multirow 2024/11/12 v2.9 Span multiple rows of a table
\multirow@colwidth=\skip77
\multirow@cntb=\count345
\multirow@dima=\skip78
\bigstrutjot=\dimen303
)
(C:\Users\ryanv\AppData\Local\Programs\MiKTeX\tex/latex/tools\array.sty
Package: array 2025/09/25 v2.6n Tabular extension package (FMi)
\col@sep=\dimen304
\ar@mcellbox=\box77
\extrarowheight=\dimen305
\NC@list=\toks47
\extratabsurround=\skip79
\backup@length=\skip80
\ar@cellbox=\box78
)
(C:\Users\ryanv\AppData\Local\Programs\MiKTeX\tex/latex/tools\longtable.sty
Package: longtable 2025-10-13 v4.24 Multi-page Table package (DPC)
\LTleft=\skip81
\LTright=\skip82
\LTpre=\skip83
\LTpost=\skip84
\LTchunksize=\count346
\LTcapwidth=\dimen306
\LT@head=\box79
\LT@firsthead=\box80
\LT@foot=\box81
\LT@lastfoot=\box82
\LT@gbox=\box83
\LT@cols=\count347
\LT@rows=\count348
\c@LT@tables=\count349
\c@LT@chunks=\count350
\LT@p@ftn=\toks48
)
(C:\Users\ryanv\AppData\Local\Programs\MiKTeX\tex/generic/pgf/libraries\pgflibr
aryarrows.meta.code.tex
File: pgflibraryarrows.meta.code.tex 2025-08-29 v3.1.11a (3.1.11a)
\pgfarrowinset=\dimen307
\pgfarrowlength=\dimen308
\pgfarrowwidth=\dimen309
\pgfarrowlinewidth=\dimen310
)
(C:\Users\ryanv\AppData\Local\Programs\MiKTeX\tex/generic/pgf/frontendlayer/tik
z/libraries\tikzlibrarypositioning.code.tex
File: tikzlibrarypositioning.code.tex 2025-08-29 v3.1.11a (3.1.11a)
)
(C:\Users\ryanv\AppData\Local\Programs\MiKTeX\tex/generic/pgf/frontendlayer/tik
z/libraries\tikzlibraryfit.code.tex
File: tikzlibraryfit.code.tex 2025-08-29 v3.1.11a (3.1.11a)
)
(C:\Users\ryanv\AppData\Local\Programs\MiKTeX\tex/generic/pgf/frontendlayer/tik
z/libraries\tikzlibrarybackgrounds.code.tex
File: tikzlibrarybackgrounds.code.tex 2025-08-29 v3.1.11a (3.1.11a)
\pgf@layerbox@background=\box84
\pgf@layerboxsaved@background=\box85
)
(C:\Users\ryanv\AppData\Local\Programs\MiKTeX\tex/generic/pgf/frontendlayer/tik
z/libraries\tikzlibrarycalc.code.tex
File: tikzlibrarycalc.code.tex 2025-08-29 v3.1.11a (3.1.11a)
)
(C:\Users\ryanv\AppData\Local\Programs\MiKTeX\tex/generic/pgf/frontendlayer/tik
z/libraries\tikzlibrarydecorations.pathreplacing.code.tex
(C:\Users\ryanv\AppData\Local\Programs\MiKTeX\tex/generic/pgf/frontendlayer/tik
z/libraries\tikzlibrarydecorations.code.tex
(C:\Users\ryanv\AppData\Local\Programs\MiKTeX\tex/generic/pgf/modules\pgfmodule
decorations.code.tex
\pgfdecoratedcompleteddistance=\dimen311
\pgfdecoratedremainingdistance=\dimen312
\pgfdecoratedinputsegmentcompleteddistance=\dimen313
\pgfdecoratedinputsegmentremainingdistance=\dimen314
\pgf@decorate@distancetomove=\dimen315
\pgf@decorate@repeatstate=\count351
\pgfdecorationsegmentamplitude=\dimen316
\pgfdecorationsegmentlength=\dimen317
)
\tikz@lib@dec@box=\box86
)
(C:\Users\ryanv\AppData\Local\Programs\MiKTeX\tex/generic/pgf/libraries/decorat
ions\pgflibrarydecorations.pathreplacing.code.tex))
(C:\Users\ryanv\AppData\Local\Programs\MiKTeX\tex/generic/pgf/frontendlayer/tik
z/libraries\tikzlibraryshapes.geometric.code.tex
File: tikzlibraryshapes.geometric.code.tex 2025-08-29 v3.1.11a (3.1.11a)

(C:\Users\ryanv\AppData\Local\Programs\MiKTeX\tex/generic/pgf/libraries/shapes\
pgflibraryshapes.geometric.code.tex
File: pgflibraryshapes.geometric.code.tex 2025-08-29 v3.1.11a (3.1.11a)
))
(C:\Users\ryanv\AppData\Local\Programs\MiKTeX\tex/latex/tcolorbox\tcbbreakable.
code.tex
Library (tcolorbox): 'tcbbreakable.code.tex' version '6.9.0'
(C:\Users\ryanv\AppData\Local\Programs\MiKTeX\tex/latex/pdfcol\pdfcol.sty
Package: pdfcol 2022-09-21 v1.7 Handle new color stacks for pdfTeX (HO)
)
Package pdfcol Info: New color stack `tcb@breakable' = 1 on input line 23.
\tcb@testbox=\box87
\tcb@totalupperbox=\box88
\tcb@totallowerbox=\box89
)
(C:\Users\ryanv\AppData\Local\Programs\MiKTeX\tex/latex/tcolorbox\tcbskins.code
.tex
Library (tcolorbox): 'tcbskins.code.tex' version '6.9.0'

(C:\Users\ryanv\AppData\Local\Programs\MiKTeX\tex/latex/tikzfill\tikzfill.image
.sty
Package: tikzfill.image 2023/08/08 v1.0.1 Image filling library for TikZ

(C:\Users\ryanv\AppData\Local\Programs\MiKTeX\tex/latex/tikzfill\tikzfill-commo
n.sty
Package: tikzfill-common 2023/08/08 v1.0.1 Auxiliary code for tikzfill
)
(C:\Users\ryanv\AppData\Local\Programs\MiKTeX\tex/latex/tikzfill\tikzlibraryfil
l.image.code.tex
File: tikzlibraryfill.image.code.tex 2023/08/08 v1.0.1 Image filling library
\l__tikzfill_img_box=\box90
))
(C:\Users\ryanv\AppData\Local\Programs\MiKTeX\tex/latex/tcolorbox\tcbskinsjigsa
w.code.tex
Library (tcolorbox): 'tcbskinsjigsaw.code.tex' version '6.9.0'
))
Package hyperref Info: Option `colorlinks' set `true' on input line 139.
)
(C:\Users\ryanv\AppData\Local\Programs\MiKTeX\tex/latex/l3backend\l3backend-pdf
tex.def
File: l3backend-pdftex.def 2025-10-09 L3 backend support: PDF output (pdfTeX)
\l__color_backend_stack_int=\count352
) (main.aux)
\openout1 = `main.aux'.

LaTeX Font Info:    Checking defaults for OML/cmm/m/it on input line 4.
LaTeX Font Info:    ... okay on input line 4.
LaTeX Font Info:    Checking defaults for OMS/cmsy/m/n on input line 4.
LaTeX Font Info:    ... okay on input line 4.
LaTeX Font Info:    Checking defaults for OT1/cmr/m/n on input line 4.
LaTeX Font Info:    ... okay on input line 4.
LaTeX Font Info:    Checking defaults for T1/cmr/m/n on input line 4.
LaTeX Font Info:    ... okay on input line 4.
LaTeX Font Info:    Checking defaults for TS1/cmr/m/n on input line 4.
LaTeX Font Info:    ... okay on input line 4.
LaTeX Font Info:    Checking defaults for OMX/cmex/m/n on input line 4.
LaTeX Font Info:    ... okay on input line 4.
LaTeX Font Info:    Checking defaults for U/cmr/m/n on input line 4.
LaTeX Font Info:    ... okay on input line 4.
LaTeX Font Info:    Checking defaults for PD1/pdf/m/n on input line 4.
LaTeX Font Info:    ... okay on input line 4.
LaTeX Font Info:    Checking defaults for PU/pdf/m/n on input line 4.
LaTeX Font Info:    ... okay on input line 4.

*geometry* driver: auto-detecting
*geometry* detected driver: pdftex
*geometry* verbose mode - [ preamble ] result:
* driver: pdftex
* paper: a4paper
* layout: <same size as paper>
* layoutoffset:(h,v)=(0.0pt,0.0pt)
* modes: 
* h-part:(L,W,R)=(71.13188pt, 455.24411pt, 71.13188pt)
* v-part:(T,H,B)=(71.13188pt, 702.78308pt, 71.13188pt)
* \paperwidth=597.50787pt
* \paperheight=845.04684pt
* \textwidth=455.24411pt
* \textheight=702.78308pt
* \oddsidemargin=-1.1381pt
* \evensidemargin=-1.1381pt
* \topmargin=-40.1381pt
* \headheight=14.0pt
* \headsep=25.0pt
* \topskip=11.0pt
* \footskip=30.0pt
* \marginparwidth=50.0pt
* \marginparsep=10.0pt
* \columnsep=10.0pt
* \skip\footins=10.0pt plus 4.0pt minus 2.0pt
* \hoffset=0.0pt
* \voffset=0.0pt
* \mag=1000
* \@twocolumnfalse
* \@twosidefalse
* \@mparswitchfalse
* \@reversemarginfalse
* (1in=72.27pt=25.4mm, 1cm=28.453pt)

Package hyperref Info: Link coloring ON on input line 4.
(main.out) (main.out)
\@outlinefile=\write4
\openout4 = `main.out'.


(C:\Users\ryanv\AppData\Local\Programs\MiKTeX\tex/context/base/mkii\supp-pdf.mk
ii
[Loading MPS to PDF converter (version 2006.09.02).]
\scratchcounter=\count353
\scratchdimen=\dimen318
\scratchbox=\box91
\nofMPsegments=\count354
\nofMParguments=\count355
\everyMPshowfont=\toks49
\MPscratchCnt=\count356
\MPscratchDim=\dimen319
\MPnumerator=\count357
\makeMPintoPDFobject=\count358
\everyMPtoPDFconversion=\toks50
)
(C:\Users\ryanv\AppData\Local\Programs\MiKTeX\tex/latex/epstopdf-pkg\epstopdf-b
ase.sty
Package: epstopdf-base 2020-01-24 v2.11 Base part for package epstopdf
Package epstopdf-base Info: Redefining graphics rule for `.eps' on input line 4
85.

(C:\Users\ryanv\AppData\Local\Programs\MiKTeX\tex/latex/00miktex\epstopdf-sys.c
fg
File: epstopdf-sys.cfg 2021/03/18 v2.0 Configuration of epstopdf for MiKTeX
))
Couldn't patch \deferred@thm@head!
[1

{C:/Users/ryanv/AppData/Local/MiKTeX/fonts/map/pdftex/pdftex.map}] (main.toc
LaTeX Font Info:    Trying to load font information for U+msa on input line 3.

(C:\Users\ryanv\AppData\Local\Programs\MiKTeX\tex/latex/amsfonts\umsa.fd
File: umsa.fd 2013/01/14 v3.01 AMS symbols A
)
LaTeX Font Info:    Trying to load font information for U+msb on input line 3.

(C:\Users\ryanv\AppData\Local\Programs\MiKTeX\tex/latex/amsfonts\umsb.fd
File: umsb.fd 2013/01/14 v3.01 AMS symbols B
)
pdfTeX warning (ext4): destination with the same identifier (name{page.1}) has 
been already used, duplicate ignored
<to be read again> 
                   \relax 
l.40 ... Systems and Value-at-Risk}{37}{chapter.3}
                                                  % [1

] [2] [3] [4] [5]
[6])
\tf@toc=\write5
\openout5 = `main.toc'.

 [7] [8

] (chapters/01-asset-pricing-foundations.tex
Chapter 1.
[9

] [10] [11]
Overfull \hbox (57.85963pt too wide) detected at line 147
[]\OT1/cmr/m/n/10.95 (\OMS/cmsy/m/n/10.95 M\OML/cmm/m/it/10.95 ; R[]\OT1/cmr/m/
n/10.95 ) = \U/msb/m/n/10.95 E\OT1/cmr/m/n/10.95 [\OMS/cmsy/m/n/10.95 M ^^A \OM
L/cmm/m/it/10.95 R[]\OT1/cmr/m/n/10.95 ] \OMS/cmsy/m/n/10.95 ^^@ \U/msb/m/n/10.
95 E\OT1/cmr/m/n/10.95 [\OMS/cmsy/m/n/10.95 M\OT1/cmr/m/n/10.95 ]\U/msb/m/n/10.
95 E\OT1/cmr/m/n/10.95 [\OML/cmm/m/it/10.95 R[]\OT1/cmr/m/n/10.95 ] = [0\OML/cm
m/m/it/10.95 :\OT1/cmr/m/n/10.95 5(0\OML/cmm/m/it/10.95 :\OT1/cmr/m/n/10.95 8)(
1\OML/cmm/m/it/10.95 :\OT1/cmr/m/n/10.95 3) + 0\OML/cmm/m/it/10.95 :\OT1/cmr/m/
n/10.95 5(1\OML/cmm/m/it/10.95 :\OT1/cmr/m/n/10.95 2)(0\OML/cmm/m/it/10.95 :\OT
1/cmr/m/n/10.95 7)] \OMS/cmsy/m/n/10.95 ^^@ \OT1/cmr/m/n/10.95 (1\OML/cmm/m/it/
10.95 :\OT1/cmr/m/n/10.95 0)(1\OML/cmm/m/it/10.95 :\OT1/cmr/m/n/10.95 0) = 0\OM
L/cmm/m/it/10.95 :\OT1/cmr/m/n/10.95 94 \OMS/cmsy/m/n/10.95 ^^@ \OT1/cmr/m/n/10
.95 1\OML/cmm/m/it/10.95 :\OT1/cmr/m/n/10.95 0 = \OMS/cmsy/m/n/10.95 ^^@\OT1/cm
r/m/n/10.95 0\OML/cmm/m/it/10.95 :\OT1/cmr/m/n/10.95 06
 []

[12] [13] [14]
Underfull \hbox (badness 2608) in paragraph at lines 284--284
[]|\OT1/cmr/m/n/10.95 Equilibrium (mean-
 []


Underfull \hbox (badness 10000) in paragraph at lines 284--284
\OT1/cmr/m/n/10.95 variance op-ti-miza-
 []


Underfull \hbox (badness 10000) in paragraph at lines 284--284
[]|\OT1/cmr/m/n/10.95 Empirical ob-ser-va-
 []


Underfull \hbox (badness 4492) in paragraph at lines 285--285
\OT1/cmr/m/n/10.95 ta-tions, sin-gle pe-
 []


Underfull \hbox (badness 1622) in paragraph at lines 285--286
[]|\OT1/cmr/m/n/10.95 Factor struc-ture in
 []


Underfull \hbox (badness 10000) in paragraph at lines 286--286
[]|\OT1/cmr/m/n/10.95 Yes (but mar-
 []


Underfull \hbox (badness 10000) in paragraph at lines 286--286
\OT1/cmr/m/n/10.95 ket port-fo-lio
 []


Underfull \hbox (badness 10000) in paragraph at lines 286--286
\OT1/cmr/m/n/10.95 unobservable---
 []


Underfull \hbox (badness 10000) in paragraph at lines 286--286
[]|\OT1/cmr/m/n/10.95 Yes (time-series
 []


Underfull \hbox (badness 10000) in paragraph at lines 286--286
\OT1/cmr/m/n/10.95 and cross-sectional
 []


Underfull \hbox (badness 10000) in paragraph at lines 286--287
[]|\OT1/cmr/m/n/10.95 Weakly (does not
 []


Underfull \hbox (badness 1527) in paragraph at lines 287--287
[]|$\OML/cmm/m/it/10.95 R[]$ \OT1/cmr/bx/n/10.95 for port-fo-
 []


Underfull \hbox (badness 3590) in paragraph at lines 287--288
[]|\OT1/cmr/m/n/10.95 Depends on fac-tor
 []

[15] [16] [17] [18] [19]
Underfull \hbox (badness 10000) in paragraph at lines 455--456
[]|\OT1/cmr/m/n/10.95 He and Kr-ish-na-murthy
 []


Underfull \hbox (badness 8151) in paragraph at lines 455--456
\OT1/cmr/m/n/10.95 (2013), Adrian and Shin
 []


Underfull \hbox (badness 10000) in paragraph at lines 457--457
[]|\OT1/cmr/m/n/10.95 Directly mea-sures tail
 []


Underfull \hbox (badness 10000) in paragraph at lines 457--457
\OT1/cmr/m/n/10.95 exposures---the states
 []

[20]
Underfull \hbox (badness 1748) in paragraph at lines 512--512
[]|\OT1/cmr/m/n/10.95 CAPM re-la-tion-ship is
 []


Underfull \hbox (badness 10000) in paragraph at lines 514--514
[]|\OT1/cmr/m/n/10.95 No-arbitrage im-plies
 []


Underfull \hbox (badness 10000) in paragraph at lines 518--518
[]|\OT1/cmr/m/n/10.95 Harrison & Kreps
 []

) (chapters/02-intermediary-asset-pricing.tex [21]
Chapter 2.
[22

] [23] [24] [25]
Overfull \hbox (28.286pt too wide) in paragraph at lines 157--166
 [] 
 []

[26] [27]
Underfull \hbox (badness 5008) in paragraph at lines 246--246
[]|\OT1/cmr/m/n/10.95 Equities + Trea-suries (41
 []


Underfull \hbox (badness 2310) in paragraph at lines 247--248
[]|\OT1/cmr/m/n/10.95 Quarterly (monthly ro-bust-
 []

[28] [29] [30] [31] [32]
Underfull \hbox (badness 10000) in paragraph at lines 393--393
[]|\OT1/cmr/m/n/10.95 He-Krishnamurthy
 []


Underfull \hbox (badness 10000) in paragraph at lines 393--393
[]|\OT1/cmr/m/n/10.95 Calibration
 []


Underfull \hbox (badness 10000) in paragraph at lines 394--394
[]|\OT1/cmr/m/n/10.95 Adrian-Etula-Muir
 []


Underfull \hbox (badness 10000) in paragraph at lines 395--395
[]|\OT1/cmr/m/n/10.95 He-Kelly-Manela
 []


Overfull \hbox (16.83324pt too wide) in paragraph at lines 395--395
[]|\OT1/cmr/m/n/10.95 CRSP/Compustat| 
 []


Underfull \hbox (badness 10000) in paragraph at lines 395--396
[]|\OT1/cmr/m/n/10.95 Firm (hold-ing
 []


Underfull \hbox (badness 10000) in paragraph at lines 397--397
[]|\OT1/cmr/m/n/10.95 Adrian-
 []


Underfull \hbox (badness 10000) in paragraph at lines 397--397
[]|\OT1/cmr/m/n/10.95 CRSP, Call
 []


Underfull \hbox (badness 10000) in paragraph at lines 432--432
[]|\OT1/cmr/bx/n/10.95 Theory Con-
 []


Underfull \hbox (badness 10000) in paragraph at lines 432--432
[]|\OT1/cmr/bx/n/10.95 Academic
 []


Underfull \hbox (badness 10000) in paragraph at lines 432--432
[]|\OT1/cmr/bx/n/10.95 Your SecDB
 []


Underfull \hbox (badness 10000) in paragraph at lines 434--434
[]|\OT1/cmr/m/n/10.95 Capital con-
 []


Underfull \hbox (badness 10000) in paragraph at lines 434--434
\OT1/cmr/m/n/10.95 straint (He-
 []


Underfull \hbox (badness 10000) in paragraph at lines 434--434
[]|\OT1/cmr/m/n/10.95 VaR uti-liza-tion
 []


Underfull \hbox (badness 10000) in paragraph at lines 436--436
[]|\OT1/cmr/m/n/10.95 Balance-sheet
 []


Underfull \hbox (badness 10000) in paragraph at lines 436--436
\OT1/cmr/m/n/10.95 ex-pan-sion
 []


Underfull \hbox (badness 6792) in paragraph at lines 436--437
[]|\OT1/cmr/m/n/10.95 Rising VaR $\OMS/cmsy/m/n/10.95 )$ \OT1/cmr/m/n/10.95 dea
l-ers
 []


Underfull \hbox (badness 1484) in paragraph at lines 436--437
\OT1/cmr/m/n/10.95 ab-sorb-ing risk $\OMS/cmsy/m/n/10.95 )$ \OT1/cmr/m/n/10.95 
fu-ture
 []


Underfull \hbox (badness 3815) in paragraph at lines 438--438
[]|\OT1/cmr/m/n/10.95 Leverage fac-tor
 []


Underfull \hbox (badness 10000) in paragraph at lines 438--438
[]|\OT1/cmr/m/n/10.95 Sector lever-age
 []


Underfull \hbox (badness 10000) in paragraph at lines 438--438
[]|\OT1/cmr/m/n/10.95 VaR rate-of-
 []


Underfull \hbox (badness 4647) in paragraph at lines 438--439
[]|\OT1/cmr/m/n/10.95 Rapid VaR changes $\OMS/cmsy/m/n/10.95 )$
 []


Underfull \hbox (badness 10000) in paragraph at lines 440--440
[]|\OT1/cmr/m/n/10.95 Capital ra-tio
 []


Underfull \hbox (badness 2573) in paragraph at lines 440--440
[]|\OT1/cmr/m/n/10.95 Cross-asset com-
 []


Underfull \hbox (badness 10000) in paragraph at lines 440--441
[]|\OT1/cmr/m/n/10.95 Risk re-al-lo-ca-tion be-
 []


Underfull \hbox (badness 7925) in paragraph at lines 440--441
\OT1/cmr/m/n/10.95 tween desks $\OMS/cmsy/m/n/10.95 )$ \OT1/cmr/m/n/10.95 re-tu
rn
 []


Underfull \hbox (badness 10000) in paragraph at lines 442--442
\OT1/cmr/m/n/10.95 sales (Coval-
 []


Underfull \hbox (badness 10000) in paragraph at lines 442--443
[]|\OT1/cmr/m/n/10.95 High Herfind-ahl $\OMS/cmsy/m/n/10.95 )$
 []


Underfull \hbox (badness 10000) in paragraph at lines 442--443
\OT1/cmr/m/n/10.95 crowded risk $\OMS/cmsy/m/n/10.95 )$ \OT1/cmr/m/n/10.95 frag
-
 []


Underfull \hbox (badness 10000) in paragraph at lines 444--444
[]|\OT1/cmr/m/n/10.95 Systemic
 []


Underfull \hbox (badness 10000) in paragraph at lines 444--444
\OT1/cmr/m/n/10.95 risk (Adrian-
 []


Underfull \hbox (badness 10000) in paragraph at lines 444--444
[]|\OT1/cmr/m/n/10.95 Firm-level delta
 []


Underfull \hbox (badness 7486) in paragraph at lines 446--446
[]|\OT1/cmr/m/n/10.95 Tail risk (He-
 []

[33] [34]
Underfull \hbox (badness 10000) in paragraph at lines 491--491
[]|\OT1/cmr/m/n/10.95 Adrian, Etula &
 []


Underfull \hbox (badness 10000) in paragraph at lines 497--497
[]|\OT1/cmr/m/n/10.95 CoVaR mea-sures
 []


Underfull \hbox (badness 10000) in paragraph at lines 499--499
[]|\OT1/cmr/m/n/10.95 Coval & Stafford
 []

[35]) (chapters/03-risk-systems-var.tex [36]
Chapter 3.
[37

] [38] [39] [40] [41] [42] [43] [44] [45] [46] [47] [48]
Underfull \hbox (badness 1308) in paragraph at lines 944--944
[]|\OT1/cmr/m/n/10 Position $\OML/cmm/m/it/10 i$\OT1/cmr/m/n/10 's con-tri-bu-t
ion
 []


Overfull \hbox (12.68526pt too wide) in paragraph at lines 985--987
[]\OT1/cmr/m/n/10.95 Scenario P&L pro-vides forward-looking stress in-for-ma-ti
on that com-ple-ments VaR's backward-
 []

) (chapters/04-market-microstructure.tex [49]
Chapter 4.
[50

] [51] [52] [53] [54] [55] [56] [57] [58]
Underfull \hbox (badness 2065) in paragraph at lines 721--721
\OT1/cmr/m/n/10 un-tary po-si-tions that con-
 []


Underfull \hbox (badness 6608) in paragraph at lines 722--723
[]|\OT1/cmr/m/n/10 Links to VaR uti-liza-tion fea-tures
 []


Underfull \hbox (badness 1655) in paragraph at lines 726--727
[]|\OT1/cmr/m/n/10 Dealers trade the un-der-ly-
 []


Underfull \hbox (badness 10000) in paragraph at lines 734--735
[]|\OT1/cmr/m/n/10 Primary fea-ture for Project 2
 []


Underfull \hbox (badness 10000) in paragraph at lines 734--735
\OT1/cmr/m/n/10 (Phase 4B); gamma-flip level as
 []


Underfull \hbox (badness 10000) in paragraph at lines 738--739
[]|\OT1/cmr/m/n/10 Cross-partials that drive
 []


Underfull \hbox (badness 10000) in paragraph at lines 738--739
\OT1/cmr/m/n/10 hedg-ing on event days
 []


Underfull \hbox (badness 2126) in paragraph at lines 743--743
[]|\OT1/cmr/m/n/10 Fire sales (Coval-
 []


Underfull \hbox (badness 10000) in paragraph at lines 749--749
[]|\OT1/cmr/m/n/10 Intraday mo-men-
 []


Underfull \hbox (badness 10000) in paragraph at lines 750--751
[]|\OT1/cmr/m/n/10 Gamma hedg-ing pre-dicts
 []


Underfull \hbox (badness 10000) in paragraph at lines 750--751
\OT1/cmr/m/n/10 last-30-min re-turns; SR
 []


Underfull \hbox (badness 10000) in paragraph at lines 754--754
[]|\OT1/cmr/m/n/10 Gamma fragility
 []


Underfull \hbox (badness 10000) in paragraph at lines 755--756
[]|\OT1/cmr/m/n/10 Gamma im-bal-ance damp-
 []


Underfull \hbox (badness 10000) in paragraph at lines 755--756
\OT1/cmr/m/n/10 ens/amplifies re-turns by
 []


Underfull \hbox (badness 5374) in paragraph at lines 760--760
[]|\OT1/cmr/m/n/10 IVS caveat (Mu-
 []

[59]) (chapters/05-regularized-linear-models.tex [60]
Chapter 5.
[61

] [62] [63]

Package hyperref Warning: Token not allowed in a PDF string (Unicode):
(hyperref)                removing `math shift' on input line 200.


Package hyperref Warning: Token not allowed in a PDF string (Unicode):
(hyperref)                removing `subscript' on input line 200.


Package hyperref Warning: Token not allowed in a PDF string (Unicode):
(hyperref)                removing `math shift' on input line 200.

[64] [65] [66]

Package hyperref Warning: Token not allowed in a PDF string (Unicode):
(hyperref)                removing `math shift' on input line 353.


Package hyperref Warning: Token not allowed in a PDF string (Unicode):
(hyperref)                removing `\lambda' on input line 353.


Package hyperref Warning: Token not allowed in a PDF string (Unicode):
(hyperref)                removing `math shift' on input line 353.


Package hyperref Warning: Token not allowed in a PDF string (Unicode):
(hyperref)                removing `math shift' on input line 373.


Package hyperref Warning: Token not allowed in a PDF string (Unicode):
(hyperref)                removing `\lambda' on input line 373.


Package hyperref Warning: Token not allowed in a PDF string (Unicode):
(hyperref)                removing `math shift' on input line 373.

[67] [68]
Overfull \hbox (18.35103pt too wide) in paragraph at lines 454--455
[]\OT1/cmr/m/n/10.95 Returns were \OT1/cmr/bx/n/10.95 58% lower \OT1/cmr/m/n/10
.95 post-publication, with an es-ti-mated \OT1/cmr/bx/n/10.95 32% \OT1/cmr/m/n/
10.95 at-tributable to publication-
 []

LaTeX Font Info:    Font shape `OT1/cmtt/bx/n' in size <10.95> not available
(Font)              Font shape `OT1/cmtt/m/n' tried instead on input line 470.
[69]
Underfull \hbox (badness 4531) in paragraph at lines 499--499
[]|\OT1/cmr/m/n/10.95 GCV for ridge (LOO short-cut), $\OML/cmm/m/it/10.95 K$\OT
1/cmr/m/n/10.95 -fold CV for
 []

) (chapters/06-tree-methods-finance.tex
Overfull \hbox (28.57262pt too wide) in paragraph at lines 507--1
\OT1/cmr/bx/n/10.95 What's next\OT1/cmr/m/n/10.95 : Chap-ter [][]6[][] cov-ers 
tree-based meth-ods (ran-dom forests, gra-di-ent boost-ing, LightGBM)---
 []

[70]
Chapter 6.
[71

] [72] [73] [74] [75] [76]
Underfull \hbox (badness 10000) in paragraph at lines 333--333
[]|\OT1/cmr/m/n/10.95 Histogram-based ($\OML/cmm/m/it/10.95 k[]\OT1/cmr/m/n/10.
95 255$
 []


Underfull \hbox (badness 10000) in paragraph at lines 336--336
[]|\OT1/cmr/m/n/10.95 Same, plus
 []


Underfull \hbox (badness 10000) in paragraph at lines 339--339
[]|\OT1/cmr/m/n/10.95 Higher (must tune
 []

[77]
Underfull \hbox (badness 10000) in paragraph at lines 367--367
[]|\OT1/cmr/bx/n/10.95 Finance
 []


Underfull \hbox (badness 10000) in paragraph at lines 369--369
[]|$\OMS/cmsy/m/n/10.95 ^^@\OT1/cmr/m/n/10.95 1$ (no
 []


Underfull \hbox (badness 10000) in paragraph at lines 373--373
[]|\OT1/cmr/m/n/10.95 Paired with low
 []


Underfull \hbox (badness 1199) in paragraph at lines 373--373
\OT1/cmtt/m/n/10.95 learning[]rate\OT1/cmr/m/n/10.95 . Use early
 []


Underfull \hbox (badness 10000) in paragraph at lines 375--375
[]|\OT1/cmr/m/n/10.95 Feature sub-sam-pling (per
 []


Underfull \hbox (badness 4819) in paragraph at lines 376--376
[]|\OT1/cmr/m/n/10.95 Mild $\OML/cmm/m/it/10.95 L[]$ \OT1/cmr/m/n/10.95 on leaf
 weights.
 []

[78] [79] [80]
Underfull \hbox (badness 4096) in paragraph at lines 527--527
[]|\OT1/cmr/m/n/10.95 Fail (bounded by train-ing
 []


Underfull \hbox (badness 10000) in paragraph at lines 550--550
[]|\OT1/cmtt/m/n/10.95 max[]depth \OT1/cmr/m/n/10.95 3--5, \OT1/cmtt/m/n/10.95 
min[]child[]samples \OT1/cmr/m/n/10.95 50--200,
 []

[81]) (chapters/07-model-interpretation.tex [82]
Chapter 7.
[83

] [84] [85] [86] [87] [88] [89]
Underfull \hbox (badness 10000) in paragraph at lines 359--360
[]|\OT1/cmr/bx/n/10.95 MDA (Permutation-
 []


Underfull \hbox (badness 10000) in paragraph at lines 364--364
[]|\OT1/cmr/m/n/10.95 Should use held-out data
 []


Underfull \hbox (badness 1178) in paragraph at lines 367--368
[]|\OT1/cmr/m/n/10.95 Primary im-por-tance mea-sure
 []

[90] [91]
Overfull \hbox (6.202pt too wide) in paragraph at lines 466--469
[]\OT1/cmr/bx/n/10.95 Reduce model com-plex-ity. \OT1/cmr/m/n/10.95 De-crease \
OT1/cmtt/m/n/10.95 max[]depth \OT1/cmr/m/n/10.95 from 4 to 3, in-crease \OT1/cm
tt/m/n/10.95 min[]child[]samples
 []


Overfull \hbox (168.70872pt too wide) in paragraph at lines 494--495
[]\OT1/cmr/bx/n/10.95 Compute SHAP val-ues \OT1/cmr/m/n/10.95 via Tree-SHAP for
 the test-fold ob-ser-va-tions: \OT1/cmtt/m/n/10.95 shap.TreeExplainer(model).s
hap[]values(X[]test)\OT1/cmr/m/n/10.95 . 
 []

[92]
Underfull \hbox (badness 1681) in paragraph at lines 511--511
[]|\OT1/cmr/m/n/10.95 Per-observation, per-feature at-tri-bu-tion grounded in
 []


Underfull \hbox (badness 10000) in paragraph at lines 514--514
[]|\OT1/cmr/m/n/10.95 Summary (beeswarm)
 []

) (chapters/08-panel-econometrics.tex [93]
Chapter 8.
[94

] [95] [96] [97]
Overfull \hbox (34.87859pt too wide) in paragraph at lines 243--246
\OT1/cmr/m/n/10.95 where $[][]$ clus-ters by the in-ter-sec-tion (each unique $
(\OML/cmm/m/it/10.95 i; t\OT1/cmr/m/n/10.95 )$ pair---equivalent to heteroskeda
sticity-
 []

[98] [99]
Underfull \hbox (badness 3343) in paragraph at lines 373--374
[]\OT1/cmr/m/n/10.95 Interpretation: port-fo-lios with higher ex-po-sure to VaR
-utilisation shocks earn
 []

[100]
Overfull \hbox (0.62744pt too wide) in paragraph at lines 385--397
 [] 
 []

[101] [102] [103]) [104] [105

] (chapters/09-feature-engineering.tex
Chapter 9.
[106

] [107] [108] [109] [110] [111] [112] [113]
Underfull \hbox (badness 4556) in paragraph at lines 707--707
[]|\OT1/cmr/bx/n/10 Feature Fam-
 []


Underfull \hbox (badness 7869) in paragraph at lines 715--716
[]|\OT1/cmr/m/n/10 Factor Con-cen-
 []


Underfull \hbox (badness 10000) in paragraph at lines 730--731
[]|\OT1/cmr/m/n/10 Cross-Asset
 []


Underfull \hbox (badness 2197) in paragraph at lines 731--732
[]|\OT1/cmr/m/n/10 CVaR share shifts, rolling
 []

[114]) (chapters/10-labeling-targets.tex [115]
Chapter 10.
[116

] [117] [118] [119] [120] [121] [122]
Overfull \hbox (12.28702pt too wide) in paragraph at lines 568--575
[]\OT1/cmr/bx/n/10.95 Sensitivity anal-y-sis. \OT1/cmr/m/n/10.95 Al-ways test a
t least 3 pa-ram-e-ter com-bi-na-tions (e.g., $\OML/cmm/m/it/10.95 m \OT1/cmr/m
/n/10.95 = \OMS/cmsy/m/n/10.95 f\OT1/cmr/m/n/10.95 1\OML/cmm/m/it/10.95 :\OT1/c
mr/m/n/10.95 5\OML/cmm/m/it/10.95 ; \OT1/cmr/m/n/10.95 2\OML/cmm/m/it/10.95 :\O
T1/cmr/m/n/10.95 0\OML/cmm/m/it/10.95 ; \OT1/cmr/m/n/10.95 2\OML/cmm/m/it/10.95
 :\OT1/cmr/m/n/10.95 5\OMS/cmsy/m/n/10.95 g$\OT1/cmr/m/n/10.95 ,
 []


Underfull \hbox (badness 1308) in paragraph at lines 616--618
[]|\OT1/cmr/m/n/10.95 Overlapping re-turn win-dows vi-o-late i.i.d. Av-er-age
 []

[123]) (chapters/11-validation-frameworks.tex [124]
Chapter 11.

Underfull \hbox (badness 10000) in paragraph at lines 5--6
\OT1/cmr/m/n/10.95 mod-ules you build---\OT1/cmtt/m/n/10.95 src/validation/purg
ed[]cv.py\OT1/cmr/m/n/10.95 , \OT1/cmtt/m/n/10.95 src/validation/cpcv.py\OT1/cm
r/m/n/10.95 ,
 []


Underfull \hbox (badness 10000) in paragraph at lines 5--6
\OT1/cmtt/m/n/10.95 src/validation/deflated[]sharpe.py\OT1/cmr/m/n/10.95 , \OT1
/cmtt/m/n/10.95 src/validation/haircut[]sharpe.py\OT1/cmr/m/n/10.95 ,
 []

[125

]
Overfull \hbox (4.2564pt too wide) in paragraph at lines 72--73
 [] 
 []

[126] [127] [128] [129]
Underfull \hbox (badness 2253) in paragraph at lines 326--327
[]$[]$ \OT1/cmr/m/n/10.95 --- kur-to-sis of the strat-egy's re-turns (not ex-ce
ss kur-to-sis; use $[] =
 []

[130] [131]

Package hyperref Warning: Token not allowed in a PDF string (Unicode):
(hyperref)                removing `math shift' on input line 385.


Package hyperref Warning: Token not allowed in a PDF string (Unicode):
(hyperref)                removing `math shift' on input line 385.

[132] [133] [134] [135] [136] [137]
Underfull \hbox (badness 2245) in paragraph at lines 689--689
[]|\OT1/cmr/m/n/10.95 L^^Sopez de Prado (2018),
 []


Underfull \hbox (badness 2644) in paragraph at lines 691--691
[]|\OT1/cmr/m/n/10.95 Selection bias in-flates
 []


Underfull \hbox (badness 2221) in paragraph at lines 693--694
[]|\OT1/cmr/m/n/10.95 Three cor-rec-tions: Bon-fer-
 []


Underfull \hbox (badness 1436) in paragraph at lines 697--697
[]|\OT1/cmr/m/n/10.95 Backtest over-fit-ting is
 []

) (chapters/12-backtesting-methodology.tex [138]
Chapter 12.
[139

] [140] [141] [142] [143]
Overfull \hbox (117.99182pt too wide) in paragraph at lines 246--247
[]\OT1/cmr/bx/n/10.95 Apply DSR and Hair-cut Sharpe. \OT1/cmr/m/n/10.95 Use the
 ex-per-i-ment count from your log (\OT1/cmtt/m/n/10.95 experiments/experiment[
]log.csv\OT1/cmr/m/n/10.95 )
 []

[144] [145]
Underfull \hbox (badness 10000) in paragraph at lines 321--322
[]|\OT1/cmr/m/n/10.95 Signal con-sis-tency over
 []


Underfull \hbox (badness 10000) in paragraph at lines 325--326
[]|\OT1/cmr/m/n/10.95 Penalizes down-side vol
 []


Underfull \hbox (badness 2119) in paragraph at lines 333--334
[]|\OT1/cmr/m/n/10.95 Cost ex-po-sure; lower is
 []

[146] [147] [148] [149]
Underfull \hbox (badness 4013) in paragraph at lines 494--495
\OT1/cmr/m/n/10.95 back-test re-port frame-work;
 []


Underfull \hbox (badness 3872) in paragraph at lines 496--496
[]|\OT1/cmr/m/n/10.95 Bailey, Bor-wein, LdP,
 []


Underfull \hbox (badness 10000) in paragraph at lines 496--496
[]|\OT1/cmr/m/n/10.95 Backtest over-fit-ting is
 []


Underfull \hbox (badness 3568) in paragraph at lines 496--497
\OT1/cmr/m/n/10.95 ex-haust Sharpe 1.0; most
 []


Underfull \hbox (badness 1067) in paragraph at lines 498--498
[]|\OT1/cmr/m/n/10.95 Market im-pact fol-lows a
 []

) (chapters/13-regime-modeling.tex [150]
Chapter 13.
[151

] [152]

Package hyperref Warning: Token not allowed in a PDF string (Unicode):
(hyperref)                removing `math shift' on input line 128.


Package hyperref Warning: Token not allowed in a PDF string (Unicode):
(hyperref)                removing `math shift' on input line 128.

[153]
Underfull \hbox (badness 4940) in paragraph at lines 248--249
[]|\OT1/cmr/m/n/10.95 Rising CPI, steep-en-ing yield
 []


Underfull \hbox (badness 10000) in paragraph at lines 248--249
\OT1/cmr/m/n/10.95 curve, com-mod-ity strength.
 []


Underfull \hbox (badness 10000) in paragraph at lines 248--249
\OT1/cmr/m/n/10.95 Con-cen-trated in 1970s--early
 []


Underfull \hbox (badness 4168) in paragraph at lines 250--251
[]|\OT1/cmr/m/n/10.95 Local in-fla-tion fac-tor posts
 []


Underfull \hbox (badness 10000) in paragraph at lines 252--252
[]|\OT1/cmr/bx/n/10.95 Walking on
 []

[154] [155] [156]
Underfull \hbox (badness 1509) in paragraph at lines 414--414
[]|\OT1/cmr/m/n/10.95 Hamilton fil-ter (slower, re-
 []


Overfull \hbox (35.94554pt too wide) in paragraph at lines 420--420
[]|\OT1/cmtt/m/n/10.95 sklearn.mixture.GaussianMixture| 
 []


Overfull \hbox (40.0846pt too wide) in paragraph at lines 421--421
[]|\OT1/cmtt/m/n/10.95 statsmodels.tsa.regime[]switching| 
 []

[157]
Overfull \hbox (67.93533pt too wide) in paragraph at lines 510--514
[]\OT1/cmr/bx/n/10.95 Fit GMMs for $\OML/cmm/m/it/10.95 K \OMS/cmsy/m/n/10.95 2
 f\OT1/cmr/m/n/10.95 2\OML/cmm/m/it/10.95 ; \OT1/cmr/m/n/10.95 3\OML/cmm/m/it/1
0.95 ; \OT1/cmr/m/n/10.95 4\OML/cmm/m/it/10.95 ; \OT1/cmr/m/n/10.95 5\OMS/cmsy/
m/n/10.95 g$\OT1/cmr/bx/n/10.95 . \OT1/cmr/m/n/10.95 Use \OT1/cmtt/m/n/10.95 sk
learn.mixture.GaussianMixture \OT1/cmr/m/n/10.95 with \OT1/cmtt/m/n/10.95 covar
iance[]type='full'
 []

[158]) (chapters/14-presenting-research.tex [159]
Chapter 14.
[160

] [161] [162] [163] [164] [165] [166] [167] [168] [169]) [170] (main.aux)
 ***********
LaTeX2e <2025-11-01>
L3 programming layer <2025-12-24>
 ***********
Package rerunfilecheck Info: File `main.out' has not changed.
(rerunfilecheck)             Checksum: 3C10C10A0D1D20B94374F5A0EACA84E4;56634.
 ) 
Here is how much of TeX's memory you used:
 30129 strings out of 467871
 599300 string characters out of 5418376
 1026535 words of memory out of 5000000
 57489 multiletter control sequences out of 15000+600000
 650759 words of font info for 124 fonts, out of 8000000 for 9000
 1141 hyphenation exceptions out of 8191
 121i,16n,124p,868b,1026s stack positions out of 10000i,1000n,20000p,200000b,200000s
 <C:\Users\ryanv\AppData\Local\MiKTeX\fonts/pk/ljfour/jknappen/ec/dpi600\tcrm
1000.pk> <C:\Users\ryanv\AppData\Local\MiKTeX\fonts/pk/ljfour/jknappen/ec/dpi60
0\tcbx1095.pk> <C:\Users\ryanv\AppData\Local\MiKTeX\fonts/pk/ljfour/jknappen/ec
/dpi600\tcbx1000.pk> <C:\Users\ryanv\AppData\Local\MiKTeX\fonts/pk/ljfour/jknap
pen/ec/dpi600\tcrm1095.pk><C:/Users/ryanv/AppData/Local/Programs/MiKTeX/fonts/t
ype1/public/amsfonts/cm/cmbx10.pfb><C:/Users/ryanv/AppData/Local/Programs/MiKTe
X/fonts/type1/public/amsfonts/cm/cmbx12.pfb><C:/Users/ryanv/AppData/Local/Progr
ams/MiKTeX/fonts/type1/public/amsfonts/cm/cmbx8.pfb><C:/Users/ryanv/AppData/Loc
al/Programs/MiKTeX/fonts/type1/public/amsfonts/cm/cmex10.pfb><C:/Users/ryanv/Ap
pData/Local/Programs/MiKTeX/fonts/type1/public/amsfonts/cmextra/cmex8.pfb><C:/U
sers/ryanv/AppData/Local/Programs/MiKTeX/fonts/type1/public/amsfonts/cm/cmmi10.
pfb><C:/Users/ryanv/AppData/Local/Programs/MiKTeX/fonts/type1/public/amsfonts/c
m/cmmi12.pfb><C:/Users/ryanv/AppData/Local/Programs/MiKTeX/fonts/type1/public/a
msfonts/cm/cmmi6.pfb><C:/Users/ryanv/AppData/Local/Programs/MiKTeX/fonts/type1/
public/amsfonts/cm/cmmi7.pfb><C:/Users/ryanv/AppData/Local/Programs/MiKTeX/font
s/type1/public/amsfonts/cm/cmmi8.pfb><C:/Users/ryanv/AppData/Local/Programs/MiK
TeX/fonts/type1/public/amsfonts/cm/cmmi9.pfb><C:/Users/ryanv/AppData/Local/Prog
rams/MiKTeX/fonts/type1/public/amsfonts/cm/cmmib10.pfb><C:/Users/ryanv/AppData/
Local/Programs/MiKTeX/fonts/type1/public/amsfonts/cmextra/cmmib8.pfb><C:/Users/
ryanv/AppData/Local/Programs/MiKTeX/fonts/type1/public/amsfonts/cm/cmr10.pfb><C
:/Users/ryanv/AppData/Local/Programs/MiKTeX/fonts/type1/public/amsfonts/cm/cmr1
2.pfb><C:/Users/ryanv/AppData/Local/Programs/MiKTeX/fonts/type1/public/amsfonts
/cm/cmr5.pfb><C:/Users/ryanv/AppData/Local/Programs/MiKTeX/fonts/type1/public/a
msfonts/cm/cmr6.pfb><C:/Users/ryanv/AppData/Local/Programs/MiKTeX/fonts/type1/p
ublic/amsfonts/cm/cmr7.pfb><C:/Users/ryanv/AppData/Local/Programs/MiKTeX/fonts/
type1/public/amsfonts/cm/cmr8.pfb><C:/Users/ryanv/AppData/Local/Programs/MiKTeX
/fonts/type1/public/amsfonts/cm/cmr9.pfb><C:/Users/ryanv/AppData/Local/Programs
/MiKTeX/fonts/type1/public/amsfonts/cm/cmsy10.pfb><C:/Users/ryanv/AppData/Local
/Programs/MiKTeX/fonts/type1/public/amsfonts/cm/cmsy6.pfb><C:/Users/ryanv/AppDa
ta/Local/Programs/MiKTeX/fonts/type1/public/amsfonts/cm/cmsy8.pfb><C:/Users/rya
nv/AppData/Local/Programs/MiKTeX/fonts/type1/public/amsfonts/cm/cmsy9.pfb><C:/U
sers/ryanv/AppData/Local/Programs/MiKTeX/fonts/type1/public/amsfonts/cm/cmti10.
pfb><C:/Users/ryanv/AppData/Local/Programs/MiKTeX/fonts/type1/public/amsfonts/c
m/cmti9.pfb><C:/Users/ryanv/AppData/Local/Programs/MiKTeX/fonts/type1/public/am
sfonts/cm/cmtt10.pfb><C:/Users/ryanv/AppData/Local/Programs/MiKTeX/fonts/type1/
public/amsfonts/cm/cmtt8.pfb><C:/Users/ryanv/AppData/Local/Programs/MiKTeX/font
s/type1/public/amsfonts/symbols/msam10.pfb><C:/Users/ryanv/AppData/Local/Progra
ms/MiKTeX/fonts/type1/public/amsfonts/symbols/msbm10.pfb>
Output written on main.pdf (171 pages, 1427097 bytes).
PDF statistics:
 3341 PDF objects out of 3580 (max. 8388607)
 999 named destinations out of 1000 (max. 500000)
 2333 words of extra memory for PDF output out of 10000 (max. 10000000)

