\BOOKMARK [-1][-]{part.1}{\376\377\000I\000\040\000F\000o\000u\000n\000d\000a\000t\000i\000o\000n\000s}{}% 1
\BOOKMARK [0][-]{chapter.1}{\376\377\000A\000s\000s\000e\000t\000\040\000P\000r\000i\000c\000i\000n\000g\000\040\000F\000o\000u\000n\000d\000a\000t\000i\000o\000n\000s}{part.1}% 2
\BOOKMARK [1][-]{section.1.1}{\376\377\000T\000h\000e\000\040\000S\000t\000o\000c\000h\000a\000s\000t\000i\000c\000\040\000D\000i\000s\000c\000o\000u\000n\000t\000\040\000F\000a\000c\000t\000o\000r}{chapter.1}% 3
\BOOKMARK [2][-]{subsection.1.1.1}{\376\377\000T\000h\000e\000\040\000F\000u\000n\000d\000a\000m\000e\000n\000t\000a\000l\000\040\000T\000h\000e\000o\000r\000e\000m\000\040\000o\000f\000\040\000A\000s\000s\000e\000t\000\040\000P\000r\000i\000c\000i\000n\000g}{section.1.1}% 4
\BOOKMARK [2][-]{subsection.1.1.2}{\376\377\000T\000h\000e\000\040\000R\000i\000s\000k\000-\000F\000r\000e\000e\000\040\000R\000a\000t\000e\000\040\000a\000n\000d\000\040\000t\000h\000e\000\040\000S\000D\000F}{section.1.1}% 5
\BOOKMARK [1][-]{section.1.2}{\376\377\000R\000i\000s\000k\000\040\000P\000r\000e\000m\000i\000a}{chapter.1}% 6
\BOOKMARK [1][-]{section.1.3}{\376\377\000F\000a\000c\000t\000o\000r\000\040\000M\000o\000d\000e\000l\000s}{chapter.1}% 7
\BOOKMARK [2][-]{subsection.1.3.1}{\376\377\000C\000A\000P\000M\000:\000\040\000T\000h\000e\000\040\000O\000n\000e\000-\000F\000a\000c\000t\000o\000r\000\040\000B\000e\000n\000c\000h\000m\000a\000r\000k}{section.1.3}% 8
\BOOKMARK [2][-]{subsection.1.3.2}{\376\377\000F\000a\000m\000a\000-\000F\000r\000e\000n\000c\000h\000\040\000T\000h\000r\000e\000e\000-\000F\000a\000c\000t\000o\000r\000\040\000M\000o\000d\000e\000l}{section.1.3}% 9
\BOOKMARK [2][-]{subsection.1.3.3}{\376\377\000A\000r\000b\000i\000t\000r\000a\000g\000e\000\040\000P\000r\000i\000c\000i\000n\000g\000\040\000T\000h\000e\000o\000r\000y\000\040\000\050\000A\000P\000T\000\051}{section.1.3}% 10
\BOOKMARK [2][-]{subsection.1.3.4}{\376\377\000C\000o\000m\000p\000a\000r\000i\000s\000o\000n\000\040\000o\000f\000\040\000F\000a\000c\000t\000o\000r\000\040\000M\000o\000d\000e\000l\000s}{section.1.3}% 11
\BOOKMARK [1][-]{section.1.4}{\376\377\000A\000l\000p\000h\000a\000,\000\040\000B\000e\000t\000a\000,\000\040\000a\000n\000d\000\040\000I\000n\000f\000o\000r\000m\000a\000t\000i\000o\000n\000\040\000R\000a\000t\000i\000o}{chapter.1}% 12
\BOOKMARK [2][-]{subsection.1.4.1}{\376\377\000S\000h\000a\000r\000p\000e\000\040\000R\000a\000t\000i\000o}{section.1.4}% 13
\BOOKMARK [1][-]{section.1.5}{\376\377\000C\000r\000o\000s\000s\000-\000S\000e\000c\000t\000i\000o\000n\000a\000l\000\040\000v\000s\000.\000\040\000T\000i\000m\000e\000-\000S\000e\000r\000i\000e\000s\000\040\000T\000e\000s\000t\000s}{chapter.1}% 14
\BOOKMARK [2][-]{subsection.1.5.1}{\376\377\000T\000i\000m\000e\000-\000S\000e\000r\000i\000e\000s\000\040\000T\000e\000s\000t\000s}{section.1.5}% 15
\BOOKMARK [2][-]{subsection.1.5.2}{\376\377\000C\000r\000o\000s\000s\000-\000S\000e\000c\000t\000i\000o\000n\000a\000l\000\040\000T\000e\000s\000t\000s}{section.1.5}% 16
\BOOKMARK [2][-]{subsection.1.5.3}{\376\377\000W\000h\000i\000c\000h\000\040\000T\000e\000s\000t\000\040\000D\000o\000e\000s\000\040\000Y\000o\000u\000r\000\040\000P\000r\000o\000j\000e\000c\000t\000\040\000U\000s\000e\000?}{section.1.5}% 17
\BOOKMARK [1][-]{section.1.6}{\376\377\000C\000o\000n\000n\000e\000c\000t\000i\000n\000g\000\040\000S\000D\000F\000\040\000T\000h\000e\000o\000r\000y\000\040\000t\000o\000\040\000Y\000o\000u\000r\000\040\000F\000e\000a\000t\000u\000r\000e\000s}{chapter.1}% 18
\BOOKMARK [1][-]{section.1.7}{\376\377\000S\000u\000m\000m\000a\000r\000y}{chapter.1}% 19
\BOOKMARK [0][-]{chapter.2}{\376\377\000I\000n\000t\000e\000r\000m\000e\000d\000i\000a\000r\000y\000\040\000A\000s\000s\000e\000t\000\040\000P\000r\000i\000c\000i\000n\000g}{part.1}% 20
\BOOKMARK [1][-]{section.2.1}{\376\377\000C\000l\000a\000s\000s\000i\000c\000a\000l\000\040\000v\000s\000.\000\040\000I\000n\000t\000e\000r\000m\000e\000d\000i\000a\000r\000y\000\040\000A\000s\000s\000e\000t\000\040\000P\000r\000i\000c\000i\000n\000g}{chapter.2}% 21
\BOOKMARK [1][-]{section.2.2}{\376\377\000H\000e\000\040\000a\000n\000d\000\040\000K\000r\000i\000s\000h\000n\000a\000m\000u\000r\000t\000h\000y\000\040\000\050\0002\0000\0001\0003\000\051\000:\000\040\000T\000h\000e\000\040\000T\000h\000e\000o\000r\000e\000t\000i\000c\000a\000l\000\040\000F\000o\000u\000n\000d\000a\000t\000i\000o\000n}{chapter.2}% 22
\BOOKMARK [2][-]{subsection.2.2.1}{\376\377\000M\000o\000d\000e\000l\000\040\000S\000e\000t\000u\000p}{section.2.2}% 23
\BOOKMARK [2][-]{subsection.2.2.2}{\376\377\000T\000w\000o\000\040\000R\000e\000g\000i\000m\000e\000s}{section.2.2}% 24
\BOOKMARK [1][-]{section.2.3}{\376\377\000A\000d\000r\000i\000a\000n\000,\000\040\000E\000t\000u\000l\000a\000,\000\040\000a\000n\000d\000\040\000M\000u\000i\000r\000\040\000\050\0002\0000\0001\0004\000\051\000:\000\040\000E\000m\000p\000i\000r\000i\000c\000a\000l\000\040\000E\000v\000i\000d\000e\000n\000c\000e}{chapter.2}% 25
\BOOKMARK [2][-]{subsection.2.3.1}{\376\377\000T\000h\000e\000\040\000L\000e\000v\000e\000r\000a\000g\000e\000\040\000F\000a\000c\000t\000o\000r}{section.2.3}% 26
\BOOKMARK [2][-]{subsection.2.3.2}{\376\377\000H\000e\000a\000d\000l\000i\000n\000e\000\040\000R\000e\000s\000u\000l\000t}{section.2.3}% 27
\BOOKMARK [1][-]{section.2.4}{\376\377\000H\000e\000,\000\040\000K\000e\000l\000l\000y\000,\000\040\000a\000n\000d\000\040\000M\000a\000n\000e\000l\000a\000\040\000\050\0002\0000\0001\0007\000\051\000:\000\040\000C\000r\000o\000s\000s\000-\000A\000s\000s\000e\000t\000\040\000E\000v\000i\000d\000e\000n\000c\000e}{chapter.2}% 28
\BOOKMARK [2][-]{subsection.2.4.1}{\376\377\000T\000h\000e\000\040\000C\000a\000p\000i\000t\000a\000l\000\040\000R\000a\000t\000i\000o\000\040\000F\000a\000c\000t\000o\000r}{section.2.4}% 29
\BOOKMARK [2][-]{subsection.2.4.2}{\376\377\000S\000e\000v\000e\000n\000\040\000A\000s\000s\000e\000t\000\040\000C\000l\000a\000s\000s\000e\000s}{section.2.4}% 30
\BOOKMARK [2][-]{subsection.2.4.3}{\376\377\000A\000E\000M\000\040\000v\000s\000.\000\040\000H\000K\000M\000:\000\040\000T\000w\000o\000\040\000I\000n\000t\000e\000r\000m\000e\000d\000i\000a\000r\000y\000\040\000M\000e\000a\000s\000u\000r\000e\000s}{section.2.4}% 31
\BOOKMARK [1][-]{section.2.5}{\376\377\000A\000d\000r\000i\000a\000n\000\040\000a\000n\000d\000\040\000S\000h\000i\000n\000\040\000\050\0002\0000\0001\0000\000\051\000:\000\040\000R\000e\000p\000o\000s\000\040\000a\000n\000d\000\040\000V\000I\000X}{chapter.2}% 32
\BOOKMARK [1][-]{section.2.6}{\376\377\000A\000d\000r\000i\000a\000n\000\040\000a\000n\000d\000\040\000B\000r\000u\000n\000n\000e\000r\000m\000e\000i\000e\000r\000\040\000\050\0002\0000\0001\0006\000\051\000:\000\040\000C\000o\000V\000a\000R}{chapter.2}% 33
\BOOKMARK [2][-]{subsection.2.6.1}{\376\377\000K\000e\000y\000\040\000F\000i\000n\000d\000i\000n\000g\000s}{section.2.6}% 34
\BOOKMARK [2][-]{subsection.2.6.2}{\376\377\000W\000h\000y\000\040\000C\000o\000V\000a\000R\000\040\000M\000a\000t\000t\000e\000r\000s\000\040\000f\000o\000r\000\040\000Y\000o\000u\000r\000\040\000F\000e\000a\000t\000u\000r\000e\000s}{section.2.6}% 35
\BOOKMARK [1][-]{section.2.7}{\376\377\000C\000o\000v\000a\000l\000\040\000a\000n\000d\000\040\000S\000t\000a\000f\000f\000o\000r\000d\000\040\000\050\0002\0000\0000\0007\000\051\000:\000\040\000F\000i\000r\000e\000\040\000S\000a\000l\000e\000s\000\040\000a\000n\000d\000\040\000C\000r\000o\000w\000d\000i\000n\000g}{chapter.2}% 36
\BOOKMARK [1][-]{section.2.8}{\376\377\000T\000h\000e\000\040\000D\000a\000t\000a\000\040\000B\000o\000t\000t\000l\000e\000n\000e\000c\000k\040\024\000W\000h\000y\000\040\000Y\000o\000u\000r\000\040\000P\000r\000o\000j\000e\000c\000t\000\040\000H\000a\000s\000\040\000a\000n\000\040\000E\000d\000g\000e}{chapter.2}% 37
\BOOKMARK [1][-]{section.2.9}{\376\377\000F\000r\000o\000m\000\040\000T\000h\000e\000o\000r\000y\000\040\000t\000o\000\040\000F\000e\000a\000t\000u\000r\000e\000s\000:\000\040\000T\000h\000e\000\040\000M\000a\000p\000p\000i\000n\000g}{chapter.2}% 38
\BOOKMARK [1][-]{section.2.10}{\376\377\000S\000u\000m\000m\000a\000r\000y}{chapter.2}% 39
\BOOKMARK [0][-]{chapter.3}{\376\377\000R\000i\000s\000k\000\040\000S\000y\000s\000t\000e\000m\000s\000\040\000a\000n\000d\000\040\000V\000a\000l\000u\000e\000-\000a\000t\000-\000R\000i\000s\000k}{part.1}% 40
\BOOKMARK [1][-]{section.3.1}{\376\377\000W\000h\000a\000t\000\040\000V\000a\000R\000\040\000M\000e\000a\000s\000u\000r\000e\000s}{chapter.3}% 41
\BOOKMARK [1][-]{section.3.2}{\376\377\000E\000x\000p\000e\000c\000t\000e\000d\000\040\000S\000h\000o\000r\000t\000f\000a\000l\000l\000:\000\040\000V\000a\000R\000'\000s\000\040\000B\000e\000t\000t\000e\000r\000\040\000S\000i\000b\000l\000i\000n\000g}{chapter.3}% 42
\BOOKMARK [1][-]{section.3.3}{\376\377\000V\000a\000R\000\040\000C\000o\000m\000p\000u\000t\000a\000t\000i\000o\000n\000\040\000M\000e\000t\000h\000o\000d\000s}{chapter.3}% 43
\BOOKMARK [2][-]{subsection.3.3.1}{\376\377\000H\000i\000s\000t\000o\000r\000i\000c\000a\000l\000\040\000S\000i\000m\000u\000l\000a\000t\000i\000o\000n}{section.3.3}% 44
\BOOKMARK [2][-]{subsection.3.3.2}{\376\377\000P\000a\000r\000a\000m\000e\000t\000r\000i\000c\000\040\000\050\000V\000a\000r\000i\000a\000n\000c\000e\000-\000C\000o\000v\000a\000r\000i\000a\000n\000c\000e\000\051\000\040\000M\000e\000t\000h\000o\000d}{section.3.3}% 45
\BOOKMARK [2][-]{subsection.3.3.3}{\376\377\000M\000o\000n\000t\000e\000\040\000C\000a\000r\000l\000o\000\040\000S\000i\000m\000u\000l\000a\000t\000i\000o\000n}{section.3.3}% 46
\BOOKMARK [2][-]{subsection.3.3.4}{\376\377\000M\000e\000t\000h\000o\000d\000\040\000C\000o\000m\000p\000a\000r\000i\000s\000o\000n}{section.3.3}% 47
\BOOKMARK [1][-]{section.3.4}{\376\377\000C\000o\000m\000p\000o\000n\000e\000n\000t\000\040\000V\000a\000R\000\040\000a\000n\000d\000\040\000M\000a\000r\000g\000i\000n\000a\000l\000\040\000V\000a\000R}{chapter.3}% 48
\BOOKMARK [1][-]{section.3.5}{\376\377\000F\000a\000c\000t\000o\000r\000-\000V\000a\000R\000\040\000D\000e\000c\000o\000m\000p\000o\000s\000i\000t\000i\000o\000n}{chapter.3}% 49
\BOOKMARK [2][-]{subsection.3.5.1}{\376\377\000F\000a\000c\000t\000o\000r\000-\000V\000a\000R\000\040\000C\000o\000m\000p\000u\000t\000a\000t\000i\000o\000n}{section.3.5}% 50
\BOOKMARK [2][-]{subsection.3.5.2}{\376\377\000H\000e\000r\000f\000i\000n\000d\000a\000h\000l\000\040\000I\000n\000d\000e\000x\000\040\000a\000s\000\040\000a\000\040\000C\000o\000n\000c\000e\000n\000t\000r\000a\000t\000i\000o\000n\000\040\000M\000e\000t\000r\000i\000c}{section.3.5}% 51
\BOOKMARK [1][-]{section.3.6}{\376\377\000S\000c\000e\000n\000a\000r\000i\000o\000\040\000A\000n\000a\000l\000y\000s\000i\000s\000\040\000a\000n\000d\000\040\000S\000t\000r\000e\000s\000s\000\040\000T\000e\000s\000t\000i\000n\000g}{chapter.3}% 52
\BOOKMARK [2][-]{subsection.3.6.1}{\376\377\000T\000y\000p\000e\000s\000\040\000o\000f\000\040\000S\000c\000e\000n\000a\000r\000i\000o\000s}{section.3.6}% 53
\BOOKMARK [2][-]{subsection.3.6.2}{\376\377\000S\000c\000e\000n\000a\000r\000i\000o\000\040\000P\000\046\000L\000\040\000a\000s\000\040\000F\000e\000a\000t\000u\000r\000e\000s}{section.3.6}% 54
\BOOKMARK [1][-]{section.3.7}{\376\377\000V\000a\000R\000\040\000U\000t\000i\000l\000i\000z\000a\000t\000i\000o\000n}{chapter.3}% 55
\BOOKMARK [2][-]{subsection.3.7.1}{\376\377\000W\000h\000y\000\040\000V\000a\000R\000\040\000U\000t\000i\000l\000i\000z\000a\000t\000i\000o\000n\000\040\000M\000a\000t\000t\000e\000r\000s\000\040\000f\000o\000r\000\040\000A\000l\000p\000h\000a}{section.3.7}% 56
\BOOKMARK [2][-]{subsection.3.7.2}{\376\377\000V\000a\000R\000\040\000U\000t\000i\000l\000i\000z\000a\000t\000i\000o\000n\000\040\000F\000e\000a\000t\000u\000r\000e\000s}{section.3.7}% 57
\BOOKMARK [2][-]{subsection.3.7.3}{\376\377\000W\000h\000e\000n\000\040\000U\000t\000i\000l\000i\000z\000a\000t\000i\000o\000n\000\040\000H\000i\000t\000s\000\040\000L\000i\000m\000i\000t\000s\000:\000\040\000F\000i\000r\000e\000\040\000S\000a\000l\000e\000s}{section.3.7}% 58
\BOOKMARK [1][-]{section.3.8}{\376\377\000R\000i\000s\000k\000-\000M\000o\000d\000e\000l\000\040\000M\000e\000t\000h\000o\000d\000o\000l\000o\000g\000y\000\040\000C\000h\000a\000n\000g\000e\000s}{chapter.3}% 59
\BOOKMARK [2][-]{subsection.3.8.1}{\376\377\000C\000o\000m\000m\000o\000n\000\040\000M\000e\000t\000h\000o\000d\000o\000l\000o\000g\000y\000\040\000C\000h\000a\000n\000g\000e\000s}{section.3.8}% 60
\BOOKMARK [1][-]{section.3.9}{\376\377\000F\000r\000o\000m\000\040\000R\000i\000s\000k\000\040\000O\000u\000t\000p\000u\000t\000s\000\040\000t\000o\000\040\000F\000e\000a\000t\000u\000r\000e\000s\000:\000\040\000T\000h\000e\000\040\000B\000r\000i\000d\000g\000e}{chapter.3}% 61
\BOOKMARK [1][-]{section.3.10}{\376\377\000S\000u\000m\000m\000a\000r\000y}{chapter.3}% 62
\BOOKMARK [0][-]{chapter.4}{\376\377\000M\000a\000r\000k\000e\000t\000\040\000M\000i\000c\000r\000o\000s\000t\000r\000u\000c\000t\000u\000r\000e\000\040\000a\000n\000d\000\040\000D\000e\000a\000l\000e\000r\000\040\000P\000o\000s\000i\000t\000i\000o\000n\000i\000n\000g}{part.1}% 63
\BOOKMARK [1][-]{section.4.1}{\376\377\000D\000e\000a\000l\000e\000r\000\040\000B\000a\000l\000a\000n\000c\000e\000\040\000S\000h\000e\000e\000t\000s\000\040\000a\000n\000d\000\040\000I\000n\000v\000e\000n\000t\000o\000r\000y}{chapter.4}% 64
\BOOKMARK [1][-]{section.4.2}{\376\377\000D\000e\000l\000t\000a\000\040\000H\000e\000d\000g\000i\000n\000g}{chapter.4}% 65
\BOOKMARK [1][-]{section.4.3}{\376\377\000G\000a\000m\000m\000a\000\040\000a\000n\000d\000\040\000t\000h\000e\000\040\000G\000a\000m\000m\000a\000-\000F\000l\000i\000p\000\040\000L\000e\000v\000e\000l}{chapter.4}% 66
\BOOKMARK [2][-]{subsection.4.3.1}{\376\377\000A\000g\000g\000r\000e\000g\000a\000t\000e\000\040\000G\000a\000m\000m\000a\000\040\000a\000n\000d\000\040\000t\000h\000e\000\040\000G\000a\000m\000m\000a\000-\000F\000l\000i\000p\000\040\000L\000e\000v\000e\000l}{section.4.3}% 67
\BOOKMARK [1][-]{section.4.4}{\376\377\000H\000i\000g\000h\000e\000r\000-\000O\000r\000d\000e\000r\000\040\000G\000r\000e\000e\000k\000s}{chapter.4}% 68
\BOOKMARK [1][-]{section.4.5}{\376\377\000F\000i\000r\000e\000\040\000S\000a\000l\000e\000s\000:\000\040\000C\000o\000v\000a\000l\000\040\000a\000n\000d\000\040\000S\000t\000a\000f\000f\000o\000r\000d\000\040\000\050\0002\0000\0000\0007\000\051}{chapter.4}% 69
\BOOKMARK [1][-]{section.4.6}{\376\377\000D\000e\000a\000l\000e\000r\000\040\000G\000a\000m\000m\000a\000\040\000a\000n\000d\000\040\000I\000n\000t\000r\000a\000d\000a\000y\000\040\000M\000o\000m\000e\000n\000t\000u\000m}{chapter.4}% 70
\BOOKMARK [1][-]{section.4.7}{\376\377\000O\000p\000t\000i\000o\000n\000\040\000E\000x\000p\000i\000r\000a\000t\000i\000o\000n\000\040\000E\000f\000f\000e\000c\000t\000s}{chapter.4}% 71
\BOOKMARK [1][-]{section.4.8}{\376\377\000C\000a\000v\000e\000a\000t\000s\000\040\000a\000n\000d\000\040\000P\000i\000t\000f\000a\000l\000l\000s}{chapter.4}% 72
\BOOKMARK [2][-]{subsection.4.8.1}{\376\377\000I\000m\000p\000l\000i\000e\000d\000\040\000V\000o\000l\000a\000t\000i\000l\000i\000t\000y\000\040\000S\000p\000r\000e\000a\000d\000\040\000a\000s\000\040\000a\000\040\000B\000o\000r\000r\000o\000w\000-\000F\000e\000e\000\040\000P\000r\000o\000x\000y}{section.4.8}% 73
\BOOKMARK [2][-]{subsection.4.8.2}{\376\377\000G\000a\000m\000m\000a\000\040\000F\000r\000a\000g\000i\000l\000i\000t\000y\000:\000\040\000S\000i\000g\000n\000\040\000F\000l\000i\000p\000s\000\040\000I\000n\000t\000r\000a\000d\000a\000y}{section.4.8}% 74
\BOOKMARK [1][-]{section.4.9}{\376\377\000S\000u\000m\000m\000a\000r\000y}{chapter.4}% 75
\BOOKMARK [0][-]{chapter.5}{\376\377\000R\000e\000g\000u\000l\000a\000r\000i\000z\000e\000d\000\040\000L\000i\000n\000e\000a\000r\000\040\000M\000o\000d\000e\000l\000s}{part.1}% 76
\BOOKMARK [1][-]{section.5.1}{\376\377\000R\000i\000d\000g\000e\000\040\000R\000e\000g\000r\000e\000s\000s\000i\000o\000n}{chapter.5}% 77
\BOOKMARK [2][-]{subsection.5.1.1}{\376\377\000T\000h\000e\000\040\000O\000b\000j\000e\000c\000t\000i\000v\000e}{section.5.1}% 78
\BOOKMARK [2][-]{subsection.5.1.2}{\376\377\000C\000l\000o\000s\000e\000d\000-\000F\000o\000r\000m\000\040\000S\000o\000l\000u\000t\000i\000o\000n}{section.5.1}% 79
\BOOKMARK [2][-]{subsection.5.1.3}{\376\377\000B\000i\000a\000s\040\023\000V\000a\000r\000i\000a\000n\000c\000e\000\040\000T\000r\000a\000d\000e\000o\000f\000f}{section.5.1}% 80
\BOOKMARK [2][-]{subsection.5.1.4}{\376\377\000W\000o\000r\000k\000e\000d\000\040\000E\000x\000a\000m\000p\000l\000e\000:\000\040\000T\000w\000o\000-\000F\000e\000a\000t\000u\000r\000e\000\040\000R\000i\000d\000g\000e}{section.5.1}% 81
\BOOKMARK [2][-]{subsection.5.1.5}{\376\377\000G\000e\000o\000m\000e\000t\000r\000i\000c\000\040\000V\000i\000e\000w\000:\000\040\000C\000o\000n\000t\000o\000u\000r\000\040\000P\000l\000o\000t}{section.5.1}% 82
\BOOKMARK [1][-]{section.5.2}{\376\377\000L\000a\000s\000s\000o\000\040\000R\000e\000g\000r\000e\000s\000s\000i\000o\000n}{chapter.5}% 83
\BOOKMARK [2][-]{subsection.5.2.1}{\376\377\000N\000o\000\040\000C\000l\000o\000s\000e\000d\000\040\000F\000o\000r\000m\040\024\000C\000o\000o\000r\000d\000i\000n\000a\000t\000e\000\040\000D\000e\000s\000c\000e\000n\000t}{section.5.2}% 84
\BOOKMARK [2][-]{subsection.5.2.2}{\376\377\000W\000h\000y\000\040\000L\0001\000\040\000P\000r\000o\000d\000u\000c\000e\000s\000\040\000S\000p\000a\000r\000s\000i\000t\000y}{section.5.2}% 85
\BOOKMARK [2][-]{subsection.5.2.3}{\376\377\000R\000i\000d\000g\000e\000\040\000v\000s\000.\000\040\000L\000a\000s\000s\000o\000:\000\040\000C\000o\000m\000p\000a\000r\000i\000s\000o\000n}{section.5.2}% 86
\BOOKMARK [1][-]{section.5.3}{\376\377\000E\000l\000a\000s\000t\000i\000c\000\040\000N\000e\000t}{chapter.5}% 87
\BOOKMARK [1][-]{section.5.4}{\376\377\000R\000i\000d\000g\000e\000\040\000o\000n\000\040\000P\000r\000i\000n\000c\000i\000p\000a\000l\000\040\000C\000o\000m\000p\000o\000n\000e\000n\000t\000s}{chapter.5}% 88
\BOOKMARK [1][-]{section.5.5}{\376\377\000R\000e\000g\000u\000l\000a\000r\000i\000z\000a\000t\000i\000o\000n\000\040\000P\000a\000t\000h\000\040\000a\000n\000d\000\040\000\040\000S\000e\000l\000e\000c\000t\000i\000o\000n}{chapter.5}% 89
\BOOKMARK [2][-]{subsection.5.5.1}{\376\377\000T\000h\000e\000\040\000R\000e\000g\000u\000l\000a\000r\000i\000z\000a\000t\000i\000o\000n\000\040\000P\000a\000t\000h}{section.5.5}% 90
\BOOKMARK [2][-]{subsection.5.5.2}{\376\377\000\040\000S\000e\000l\000e\000c\000t\000i\000o\000n\000:\000\040\000C\000r\000o\000s\000s\000-\000V\000a\000l\000i\000d\000a\000t\000i\000o\000n}{section.5.5}% 91
\BOOKMARK [1][-]{section.5.6}{\376\377\000W\000h\000y\000\040\000R\000i\000d\000g\000e\000\040\000I\000s\000\040\000t\000h\000e\000\040\000B\000a\000s\000e\000l\000i\000n\000e\000\040\000i\000n\000\040\000F\000i\000n\000a\000n\000c\000e}{chapter.5}% 92
\BOOKMARK [2][-]{subsection.5.6.1}{\376\377\000T\000h\000e\000\040\000M\000c\000L\000e\000a\000n\040\023\000P\000o\000n\000t\000i\000f\000f\000\040\000D\000e\000c\000a\000y\000\040\000W\000a\000r\000n\000i\000n\000g}{section.5.6}% 93
\BOOKMARK [1][-]{section.5.7}{\376\377\000I\000m\000p\000l\000e\000m\000e\000n\000t\000a\000t\000i\000o\000n\000\040\000N\000o\000t\000e\000s}{chapter.5}% 94
\BOOKMARK [1][-]{section.5.8}{\376\377\000S\000u\000m\000m\000a\000r\000y}{chapter.5}% 95
\BOOKMARK [0][-]{chapter.6}{\376\377\000T\000r\000e\000e\000-\000B\000a\000s\000e\000d\000\040\000M\000e\000t\000h\000o\000d\000s\000\040\000f\000o\000r\000\040\000F\000i\000n\000a\000n\000c\000e}{part.1}% 96
\BOOKMARK [1][-]{section.6.1}{\376\377\000D\000e\000c\000i\000s\000i\000o\000n\000\040\000T\000r\000e\000e\000s}{chapter.6}% 97
\BOOKMARK [2][-]{subsection.6.1.1}{\376\377\000C\000A\000R\000T\000:\000\040\000R\000e\000c\000u\000r\000s\000i\000v\000e\000\040\000B\000i\000n\000a\000r\000y\000\040\000S\000p\000l\000i\000t\000t\000i\000n\000g}{section.6.1}% 98
\BOOKMARK [2][-]{subsection.6.1.2}{\376\377\000W\000h\000y\000\040\000S\000i\000n\000g\000l\000e\000\040\000T\000r\000e\000e\000s\000\040\000O\000v\000e\000r\000f\000i\000t}{section.6.1}% 99
\BOOKMARK [1][-]{section.6.2}{\376\377\000R\000a\000n\000d\000o\000m\000\040\000F\000o\000r\000e\000s\000t\000s}{chapter.6}% 100
\BOOKMARK [2][-]{subsection.6.2.1}{\376\377\000O\000u\000t\000-\000o\000f\000-\000B\000a\000g\000\040\000E\000r\000r\000o\000r}{section.6.2}% 101
\BOOKMARK [2][-]{subsection.6.2.2}{\376\377\000W\000h\000y\000\040\000F\000o\000r\000e\000s\000t\000s\000\040\000A\000r\000e\000\040\000B\000e\000t\000t\000e\000r\040\024\000b\000u\000t\000\040\000S\000t\000i\000l\000l\000\040\000L\000i\000m\000i\000t\000e\000d}{section.6.2}% 102
\BOOKMARK [1][-]{section.6.3}{\376\377\000G\000r\000a\000d\000i\000e\000n\000t\000\040\000B\000o\000o\000s\000t\000i\000n\000g}{chapter.6}% 103
\BOOKMARK [2][-]{subsection.6.3.1}{\376\377\000T\000h\000e\000\040\000A\000l\000g\000o\000r\000i\000t\000h\000m}{section.6.3}% 104
\BOOKMARK [2][-]{subsection.6.3.2}{\376\377\000W\000h\000y\000\040\000B\000o\000o\000s\000t\000i\000n\000g\000\040\000B\000e\000a\000t\000s\000\040\000B\000a\000g\000g\000i\000n\000g}{section.6.3}% 105
\BOOKMARK [1][-]{section.6.4}{\376\377\000X\000G\000B\000o\000o\000s\000t}{chapter.6}% 106
\BOOKMARK [2][-]{subsection.6.4.1}{\376\377\000R\000e\000g\000u\000l\000a\000r\000i\000z\000e\000d\000\040\000O\000b\000j\000e\000c\000t\000i\000v\000e}{section.6.4}% 107
\BOOKMARK [2][-]{subsection.6.4.2}{\376\377\000S\000e\000c\000o\000n\000d\000-\000O\000r\000d\000e\000r\000\040\000A\000p\000p\000r\000o\000x\000i\000m\000a\000t\000i\000o\000n\000\040\000a\000n\000d\000\040\000O\000p\000t\000i\000m\000a\000l\000\040\000L\000e\000a\000f\000\040\000W\000e\000i\000g\000h\000t\000s}{section.6.4}% 108
\BOOKMARK [2][-]{subsection.6.4.3}{\376\377\000S\000p\000l\000i\000t\000\040\000G\000a\000i\000n}{section.6.4}% 109
\BOOKMARK [2][-]{subsection.6.4.4}{\376\377\000G\000r\000o\000w\000t\000h\000\040\000S\000t\000r\000a\000t\000e\000g\000y\000:\000\040\000L\000e\000v\000e\000l\000-\000W\000i\000s\000e}{section.6.4}% 110
\BOOKMARK [1][-]{section.6.5}{\376\377\000L\000i\000g\000h\000t\000G\000B\000M}{chapter.6}% 111
\BOOKMARK [2][-]{subsection.6.5.1}{\376\377\000H\000i\000s\000t\000o\000g\000r\000a\000m\000-\000B\000a\000s\000e\000d\000\040\000S\000p\000l\000i\000t\000t\000i\000n\000g}{section.6.5}% 112
\BOOKMARK [2][-]{subsection.6.5.2}{\376\377\000L\000e\000a\000f\000-\000W\000i\000s\000e\000\040\000G\000r\000o\000w\000t\000h}{section.6.5}% 113
\BOOKMARK [2][-]{subsection.6.5.3}{\376\377\000G\000O\000S\000S\000:\000\040\000G\000r\000a\000d\000i\000e\000n\000t\000-\000B\000a\000s\000e\000d\000\040\000O\000n\000e\000-\000S\000i\000d\000e\000\040\000S\000a\000m\000p\000l\000i\000n\000g}{section.6.5}% 114
\BOOKMARK [2][-]{subsection.6.5.4}{\376\377\000E\000F\000B\000:\000\040\000E\000x\000c\000l\000u\000s\000i\000v\000e\000\040\000F\000e\000a\000t\000u\000r\000e\000\040\000B\000u\000n\000d\000l\000i\000n\000g}{section.6.5}% 115
\BOOKMARK [2][-]{subsection.6.5.5}{\376\377\000S\000p\000e\000e\000d\000:\000\040\000L\000i\000g\000h\000t\000G\000B\000M\000\040\000v\000s\000.\000\040\000X\000G\000B\000o\000o\000s\000t}{section.6.5}% 116
\BOOKMARK [1][-]{section.6.6}{\376\377\000L\000i\000g\000h\000t\000G\000B\000M\000\040\000v\000s\000.\000\040\000X\000G\000B\000o\000o\000s\000t\000:\000\040\000C\000o\000m\000p\000a\000r\000i\000s\000o\000n}{chapter.6}% 117
\BOOKMARK [1][-]{section.6.7}{\376\377\000H\000y\000p\000e\000r\000p\000a\000r\000a\000m\000e\000t\000e\000r\000s\000\040\000f\000o\000r\000\040\000F\000i\000n\000a\000n\000c\000i\000a\000l\000\040\000D\000a\000t\000a}{chapter.6}% 118
\BOOKMARK [1][-]{section.6.8}{\376\377\000T\000h\000e\000\040\000G\000K\000X\000\040\000H\000o\000r\000s\000e\000\040\000R\000a\000c\000e}{chapter.6}% 119
\BOOKMARK [2][-]{subsection.6.8.1}{\376\377\000W\000h\000a\000t\000\040\000t\000h\000e\000\040\000N\000u\000m\000b\000e\000r\000s\000\040\000M\000e\000a\000n}{section.6.8}% 120
\BOOKMARK [1][-]{section.6.9}{\376\377\000W\000h\000e\000n\000\040\000T\000r\000e\000e\000s\000\040\000F\000a\000i\000l}{chapter.6}% 121
\BOOKMARK [2][-]{subsection.6.9.1}{\376\377\000E\000x\000t\000r\000a\000p\000o\000l\000a\000t\000i\000o\000n}{section.6.9}% 122
\BOOKMARK [2][-]{subsection.6.9.2}{\376\377\000N\000o\000n\000-\000S\000t\000a\000t\000i\000o\000n\000a\000r\000i\000t\000y\000\040\000a\000n\000d\000\040\000R\000e\000g\000i\000m\000e\000\040\000C\000h\000a\000n\000g\000e\000s}{section.6.9}% 123
\BOOKMARK [2][-]{subsection.6.9.3}{\376\377\000S\000m\000a\000l\000l\000\040\000S\000a\000m\000p\000l\000e\000s}{section.6.9}% 124
\BOOKMARK [2][-]{subsection.6.9.4}{\376\377\000C\000o\000m\000p\000a\000r\000i\000s\000o\000n\000:\000\040\000W\000h\000e\000r\000e\000\040\000T\000r\000e\000e\000s\000\040\000v\000s\000.\000\040\000L\000i\000n\000e\000a\000r\000\040\000M\000o\000d\000e\000l\000s\000\040\000W\000i\000n}{section.6.9}% 125
\BOOKMARK [1][-]{section.6.10}{\376\377\000S\000u\000m\000m\000a\000r\000y}{chapter.6}% 126
\BOOKMARK [0][-]{chapter.7}{\376\377\000M\000o\000d\000e\000l\000\040\000I\000n\000t\000e\000r\000p\000r\000e\000t\000a\000t\000i\000o\000n}{part.1}% 127
\BOOKMARK [1][-]{section.7.1}{\376\377\000W\000h\000y\000\040\000I\000n\000t\000e\000r\000p\000r\000e\000t\000a\000t\000i\000o\000n\000\040\000M\000a\000t\000t\000e\000r\000s\000\040\000i\000n\000\040\000F\000i\000n\000a\000n\000c\000e}{chapter.7}% 128
\BOOKMARK [1][-]{section.7.2}{\376\377\000S\000H\000A\000P\000\040\000f\000r\000o\000m\000\040\000G\000a\000m\000e\000\040\000T\000h\000e\000o\000r\000y}{chapter.7}% 129
\BOOKMARK [2][-]{subsection.7.2.1}{\376\377\000S\000h\000a\000p\000l\000e\000y\000\040\000V\000a\000l\000u\000e\000s}{section.7.2}% 130
\BOOKMARK [2][-]{subsection.7.2.2}{\376\377\000F\000r\000o\000m\000\040\000G\000a\000m\000e\000\040\000T\000h\000e\000o\000r\000y\000\040\000t\000o\000\040\000M\000L}{section.7.2}% 131
\BOOKMARK [2][-]{subsection.7.2.3}{\376\377\000C\000o\000m\000p\000u\000t\000a\000t\000i\000o\000n\000a\000l\000\040\000C\000o\000s\000t}{section.7.2}% 132
\BOOKMARK [1][-]{section.7.3}{\376\377\000T\000r\000e\000e\000S\000H\000A\000P}{chapter.7}% 133
\BOOKMARK [1][-]{section.7.4}{\376\377\000S\000H\000A\000P\000\040\000P\000l\000o\000t\000s}{chapter.7}% 134
\BOOKMARK [2][-]{subsection.7.4.1}{\376\377\000S\000u\000m\000m\000a\000r\000y\000\040\000P\000l\000o\000t\000\040\000\050\000B\000e\000e\000s\000w\000a\000r\000m\000\051}{section.7.4}% 135
\BOOKMARK [2][-]{subsection.7.4.2}{\376\377\000D\000e\000p\000e\000n\000d\000e\000n\000c\000e\000\040\000P\000l\000o\000t}{section.7.4}% 136
\BOOKMARK [2][-]{subsection.7.4.3}{\376\377\000W\000a\000t\000e\000r\000f\000a\000l\000l\000\040\000P\000l\000o\000t}{section.7.4}% 137
\BOOKMARK [2][-]{subsection.7.4.4}{\376\377\000F\000o\000r\000c\000e\000\040\000P\000l\000o\000t}{section.7.4}% 138
\BOOKMARK [1][-]{section.7.5}{\376\377\000M\000D\000I\000\040\000v\000s\000.\000\040\000M\000D\000A}{chapter.7}% 139
\BOOKMARK [2][-]{subsection.7.5.1}{\376\377\000M\000D\000I\000:\000\040\000M\000e\000a\000n\000\040\000D\000e\000c\000r\000e\000a\000s\000e\000\040\000i\000n\000\040\000I\000m\000p\000u\000r\000i\000t\000y}{section.7.5}% 140
\BOOKMARK [2][-]{subsection.7.5.2}{\376\377\000M\000D\000A\000:\000\040\000M\000e\000a\000n\000\040\000D\000e\000c\000r\000e\000a\000s\000e\000\040\000i\000n\000\040\000A\000c\000c\000u\000r\000a\000c\000y\000\040\000\050\000P\000e\000r\000m\000u\000t\000a\000t\000i\000o\000n\000\040\000I\000m\000p\000o\000r\000t\000a\000n\000c\000e\000\051}{section.7.5}% 141
\BOOKMARK [2][-]{subsection.7.5.3}{\376\377\000M\000D\000I\000\040\000v\000s\000.\000\040\000M\000D\000A\000:\000\040\000C\000o\000m\000p\000a\000r\000i\000s\000o\000n}{section.7.5}% 142
\BOOKMARK [2][-]{subsection.7.5.4}{\376\377\000S\000H\000A\000P\000\040\000v\000s\000.\000\040\000M\000D\000I\000/\000M\000D\000A\000:\000\040\000W\000h\000e\000n\000\040\000t\000o\000\040\000U\000s\000e\000\040\000W\000h\000i\000c\000h}{section.7.5}% 143
\BOOKMARK [1][-]{section.7.6}{\376\377\000F\000e\000a\000t\000u\000r\000e\000\040\000I\000m\000p\000o\000r\000t\000a\000n\000c\000e\000\040\000S\000t\000a\000b\000i\000l\000i\000t\000y}{chapter.7}% 144
\BOOKMARK [2][-]{subsection.7.6.1}{\376\377\000T\000h\000e\000\040\000P\000r\000o\000b\000l\000e\000m}{section.7.6}% 145
\BOOKMARK [2][-]{subsection.7.6.2}{\376\377\000M\000e\000t\000h\000o\000d\000:\000\040\000M\000D\000A\000\040\000A\000c\000r\000o\000s\000s\000\040\000C\000V\000\040\000F\000o\000l\000d\000s}{section.7.6}% 146
\BOOKMARK [2][-]{subsection.7.6.3}{\376\377\000S\000t\000a\000b\000i\000l\000i\000t\000y\000\040\000M\000e\000t\000r\000i\000c\000:\000\040\000R\000a\000n\000k\000\040\000C\000o\000r\000r\000e\000l\000a\000t\000i\000o\000n}{section.7.6}% 147
\BOOKMARK [2][-]{subsection.7.6.4}{\376\377\000C\000o\000m\000p\000l\000e\000m\000e\000n\000t\000a\000r\000y\000\040\000C\000h\000e\000c\000k\000:\000\040\000S\000H\000A\000P\000\040\000S\000t\000a\000b\000i\000l\000i\000t\000y}{section.7.6}% 148
\BOOKMARK [2][-]{subsection.7.6.5}{\376\377\000W\000h\000a\000t\000\040\000t\000o\000\040\000D\000o\000\040\000W\000h\000e\000n\000\040\000I\000m\000p\000o\000r\000t\000a\000n\000c\000e\000\040\000I\000s\000\040\000U\000n\000s\000t\000a\000b\000l\000e}{section.7.6}% 149
\BOOKMARK [1][-]{section.7.7}{\376\377\000P\000u\000t\000t\000i\000n\000g\000\040\000I\000t\000\040\000T\000o\000g\000e\000t\000h\000e\000r\000:\000\040\000I\000n\000t\000e\000r\000p\000r\000e\000t\000a\000t\000i\000o\000n\000\040\000W\000o\000r\000k\000f\000l\000o\000w}{chapter.7}% 150
\BOOKMARK [1][-]{section.7.8}{\376\377\000S\000u\000m\000m\000a\000r\000y}{chapter.7}% 151
\BOOKMARK [0][-]{chapter.8}{\376\377\000P\000a\000n\000e\000l\000\040\000E\000c\000o\000n\000o\000m\000e\000t\000r\000i\000c\000s}{part.1}% 152
\BOOKMARK [1][-]{section.8.1}{\376\377\000W\000h\000y\000\040\000P\000a\000n\000e\000l\000\040\000D\000a\000t\000a}{chapter.8}% 153
\BOOKMARK [1][-]{section.8.2}{\376\377\000F\000i\000x\000e\000d\000\040\000E\000f\000f\000e\000c\000t\000s}{chapter.8}% 154
\BOOKMARK [2][-]{subsection.8.2.1}{\376\377\000T\000h\000e\000\040\000W\000i\000t\000h\000i\000n\000\040\000E\000s\000t\000i\000m\000a\000t\000o\000r}{section.8.2}% 155
\BOOKMARK [2][-]{subsection.8.2.2}{\376\377\000T\000i\000m\000e\000\040\000F\000i\000x\000e\000d\000\040\000E\000f\000f\000e\000c\000t\000s}{section.8.2}% 156
\BOOKMARK [1][-]{section.8.3}{\376\377\000R\000a\000n\000d\000o\000m\000\040\000E\000f\000f\000e\000c\000t\000s\000\040\000a\000n\000d\000\040\000t\000h\000e\000\040\000H\000a\000u\000s\000m\000a\000n\000\040\000T\000e\000s\000t}{chapter.8}% 157
\BOOKMARK [2][-]{subsection.8.3.1}{\376\377\000T\000h\000e\000\040\000H\000a\000u\000s\000m\000a\000n\000\040\000T\000e\000s\000t}{section.8.3}% 158
\BOOKMARK [1][-]{section.8.4}{\376\377\000C\000l\000u\000s\000t\000e\000r\000e\000d\000\040\000S\000t\000a\000n\000d\000a\000r\000d\000\040\000E\000r\000r\000o\000r\000s}{chapter.8}% 159
\BOOKMARK [2][-]{subsection.8.4.1}{\376\377\000O\000n\000e\000-\000W\000a\000y\000\040\000C\000l\000u\000s\000t\000e\000r\000i\000n\000g}{section.8.4}% 160
\BOOKMARK [2][-]{subsection.8.4.2}{\376\377\000T\000w\000o\000-\000W\000a\000y\000\040\000\050\000D\000o\000u\000b\000l\000e\000\051\000\040\000C\000l\000u\000s\000t\000e\000r\000i\000n\000g}{section.8.4}% 161
\BOOKMARK [1][-]{section.8.5}{\376\377\000F\000a\000m\000a\040\023\000M\000a\000c\000B\000e\000t\000h\000\040\000R\000e\000g\000r\000e\000s\000s\000i\000o\000n\000s}{chapter.8}% 162
\BOOKMARK [2][-]{subsection.8.5.1}{\376\377\000F\000a\000m\000a\040\023\000M\000a\000c\000B\000e\000t\000h\000\040\000i\000n\000\040\000P\000r\000a\000c\000t\000i\000c\000e\000:\000\040\000H\000e\040\023\000K\000e\000l\000l\000y\040\023\000M\000a\000n\000e\000l\000a}{section.8.5}% 163
\BOOKMARK [1][-]{section.8.6}{\376\377\000P\000a\000n\000e\000l\000\040\000M\000L\000\040\000v\000s\000.\000\040\000P\000a\000n\000e\000l\000\040\000R\000e\000g\000r\000e\000s\000s\000i\000o\000n}{chapter.8}% 164
\BOOKMARK [2][-]{subsection.8.6.1}{\376\377\000U\000s\000i\000n\000g\000\040\000B\000o\000t\000h\000\040\000i\000n\000\040\000Y\000o\000u\000r\000\040\000P\000r\000o\000j\000e\000c\000t}{section.8.6}% 165
\BOOKMARK [2][-]{subsection.8.6.2}{\376\377\000E\000n\000t\000i\000t\000y\000\040\000F\000e\000a\000t\000u\000r\000e\000s\000\040\000i\000n\000\040\000T\000r\000e\000e\000\040\000M\000o\000d\000e\000l\000s}{section.8.6}% 166
\BOOKMARK [1][-]{section.8.7}{\376\377\000C\000h\000o\000o\000s\000i\000n\000g\000\040\000t\000h\000e\000\040\000R\000i\000g\000h\000t\000\040\000P\000a\000n\000e\000l\000\040\000M\000e\000t\000h\000o\000d}{chapter.8}% 167
\BOOKMARK [1][-]{section.8.8}{\376\377\000P\000r\000a\000c\000t\000i\000c\000a\000l\000\040\000C\000o\000n\000s\000i\000d\000e\000r\000a\000t\000i\000o\000n\000s}{chapter.8}% 168
\BOOKMARK [2][-]{subsection.8.8.1}{\376\377\000U\000n\000b\000a\000l\000a\000n\000c\000e\000d\000\040\000P\000a\000n\000e\000l\000s}{section.8.8}% 169
\BOOKMARK [2][-]{subsection.8.8.2}{\376\377\000S\000t\000a\000t\000i\000o\000n\000a\000r\000i\000t\000y}{section.8.8}% 170
\BOOKMARK [2][-]{subsection.8.8.3}{\376\377\000S\000u\000r\000v\000i\000v\000o\000r\000s\000h\000i\000p\000\040\000B\000i\000a\000s}{section.8.8}% 171
\BOOKMARK [2][-]{subsection.8.8.4}{\376\377\000I\000m\000p\000l\000e\000m\000e\000n\000t\000a\000t\000i\000o\000n\000\040\000i\000n\000\040\000P\000y\000t\000h\000o\000n}{section.8.8}% 172
\BOOKMARK [2][-]{subsection.8.8.5}{\376\377\000N\000i\000c\000k\000e\000l\000l\000\040\000B\000i\000a\000s}{section.8.8}% 173
\BOOKMARK [1][-]{section.8.9}{\376\377\000S\000u\000m\000m\000a\000r\000y}{chapter.8}% 174
\BOOKMARK [-1][-]{part.2}{\376\377\000I\000I\000\040\000A\000p\000p\000l\000i\000e\000d\000\040\000M\000e\000t\000h\000o\000d\000o\000l\000o\000g\000y}{}% 175
\BOOKMARK [0][-]{chapter.9}{\376\377\000F\000e\000a\000t\000u\000r\000e\000\040\000E\000n\000g\000i\000n\000e\000e\000r\000i\000n\000g\000\040\000f\000r\000o\000m\000\040\000R\000i\000s\000k\000\040\000S\000y\000s\000t\000e\000m\000s}{part.2}% 176
\BOOKMARK [1][-]{section.9.1}{\376\377\000P\000o\000i\000n\000t\000-\000i\000n\000-\000T\000i\000m\000e\000\040\000D\000i\000s\000c\000i\000p\000l\000i\000n\000e}{chapter.9}% 177
\BOOKMARK [2][-]{subsection.9.1.1}{\376\377\000K\000n\000o\000w\000l\000e\000d\000g\000e\000-\000D\000a\000t\000e\000\040\000L\000a\000g\000g\000i\000n\000g}{section.9.1}% 178
\BOOKMARK [2][-]{subsection.9.1.2}{\376\377\000I\000m\000p\000l\000e\000m\000e\000n\000t\000a\000t\000i\000o\000n\000\040\000D\000i\000s\000c\000i\000p\000l\000i\000n\000e}{section.9.1}% 179
\BOOKMARK [1][-]{section.9.2}{\376\377\000F\000e\000a\000t\000u\000r\000e\000\040\000F\000a\000m\000i\000l\000y\000\040\0001\000:\000\040\000V\000a\000R\000\040\000U\000t\000i\000l\000i\000z\000a\000t\000i\000o\000n}{chapter.9}% 180
\BOOKMARK [2][-]{subsection.9.2.1}{\376\377\000F\000e\000a\000t\000u\000r\000e\000\040\000D\000e\000f\000i\000n\000i\000t\000i\000o\000n\000s}{section.9.2}% 181
\BOOKMARK [1][-]{section.9.3}{\376\377\000F\000e\000a\000t\000u\000r\000e\000\040\000F\000a\000m\000i\000l\000y\000\040\0002\000:\000\040\000F\000a\000c\000t\000o\000r\000\040\000C\000o\000n\000c\000e\000n\000t\000r\000a\000t\000i\000o\000n}{chapter.9}% 182
\BOOKMARK [2][-]{subsection.9.3.1}{\376\377\000F\000e\000a\000t\000u\000r\000e\000\040\000D\000e\000f\000i\000n\000i\000t\000i\000o\000n\000s}{section.9.3}% 183
\BOOKMARK [1][-]{section.9.4}{\376\377\000F\000e\000a\000t\000u\000r\000e\000\040\000F\000a\000m\000i\000l\000y\000\040\0003\000:\000\040\000V\000a\000R\000\040\000D\000y\000n\000a\000m\000i\000c\000s}{chapter.9}% 184
\BOOKMARK [2][-]{subsection.9.4.1}{\376\377\000F\000e\000a\000t\000u\000r\000e\000\040\000D\000e\000f\000i\000n\000i\000t\000i\000o\000n\000s}{section.9.4}% 185
\BOOKMARK [1][-]{section.9.5}{\376\377\000F\000e\000a\000t\000u\000r\000e\000\040\000F\000a\000m\000i\000l\000y\000\040\0004\000:\000\040\000S\000c\000e\000n\000a\000r\000i\000o\000\040\000P\000\046\000L}{chapter.9}% 186
\BOOKMARK [2][-]{subsection.9.5.1}{\376\377\000F\000e\000a\000t\000u\000r\000e\000\040\000D\000e\000f\000i\000n\000i\000t\000i\000o\000n\000s}{section.9.5}% 187
\BOOKMARK [1][-]{section.9.6}{\376\377\000F\000e\000a\000t\000u\000r\000e\000\040\000F\000a\000m\000i\000l\000y\000\040\0005\000:\000\040\000C\000r\000o\000s\000s\000-\000A\000s\000s\000e\000t\000\040\000F\000l\000o\000w}{chapter.9}% 188
\BOOKMARK [2][-]{subsection.9.6.1}{\376\377\000F\000e\000a\000t\000u\000r\000e\000\040\000D\000e\000f\000i\000n\000i\000t\000i\000o\000n\000s}{section.9.6}% 189
\BOOKMARK [1][-]{section.9.7}{\376\377\000F\000e\000a\000t\000u\000r\000e\000\040\000F\000a\000m\000i\000l\000y\000\040\0006\000:\000\040\000D\000e\000a\000l\000e\000r\000\040\000G\000r\000e\000e\000k\000s\000\040\000\050\000P\000r\000o\000j\000e\000c\000t\000\040\0002\000\051}{chapter.9}% 190
\BOOKMARK [2][-]{subsection.9.7.1}{\376\377\000F\000e\000a\000t\000u\000r\000e\000\040\000D\000e\000f\000i\000n\000i\000t\000i\000o\000n\000s}{section.9.7}% 191
\BOOKMARK [1][-]{section.9.8}{\376\377\000C\000o\000n\000f\000o\000u\000n\000d\000\040\000C\000h\000e\000c\000k\000i\000n\000g}{chapter.9}% 192
\BOOKMARK [2][-]{subsection.9.8.1}{\376\377\000C\000o\000n\000t\000r\000o\000l\000\040\000V\000a\000r\000i\000a\000b\000l\000e\000s}{section.9.8}% 193
\BOOKMARK [2][-]{subsection.9.8.2}{\376\377\000T\000h\000e\000\040\000C\000o\000n\000f\000o\000u\000n\000d\000\040\000T\000e\000s\000t}{section.9.8}% 194
\BOOKMARK [1][-]{section.9.9}{\376\377\000S\000u\000m\000m\000a\000r\000y}{chapter.9}% 195
\BOOKMARK [0][-]{chapter.10}{\376\377\000L\000a\000b\000e\000l\000i\000n\000g\000\040\000a\000n\000d\000\040\000T\000a\000r\000g\000e\000t\000\040\000C\000o\000n\000s\000t\000r\000u\000c\000t\000i\000o\000n}{part.2}% 196
\BOOKMARK [1][-]{section.10.1}{\376\377\000W\000h\000y\000\040\000L\000a\000b\000e\000l\000i\000n\000g\000\040\000M\000a\000t\000t\000e\000r\000s}{chapter.10}% 197
\BOOKMARK [2][-]{subsection.10.1.1}{\376\377\000S\000t\000a\000n\000d\000a\000r\000d\000\040\000R\000e\000t\000u\000r\000n\000\040\000L\000a\000b\000e\000l\000s}{section.10.1}% 198
\BOOKMARK [1][-]{section.10.2}{\376\377\000T\000r\000i\000p\000l\000e\000-\000B\000a\000r\000r\000i\000e\000r\000\040\000L\000a\000b\000e\000l\000i\000n\000g}{chapter.10}% 199
\BOOKMARK [2][-]{subsection.10.2.1}{\376\377\000V\000o\000l\000a\000t\000i\000l\000i\000t\000y\000-\000S\000c\000a\000l\000e\000d\000\040\000T\000h\000r\000e\000s\000h\000o\000l\000d\000s}{section.10.2}% 200
\BOOKMARK [2][-]{subsection.10.2.2}{\376\377\000T\000r\000i\000p\000l\000e\000-\000B\000a\000r\000r\000i\000e\000r\000\040\000D\000i\000a\000g\000r\000a\000m}{section.10.2}% 201
\BOOKMARK [2][-]{subsection.10.2.3}{\376\377\000W\000o\000r\000k\000e\000d\000\040\000E\000x\000a\000m\000p\000l\000e\000:\000\040\000S\000t\000e\000p\000-\000b\000y\000-\000S\000t\000e\000p\000\040\000L\000a\000b\000e\000l\000\040\000A\000s\000s\000i\000g\000n\000m\000e\000n\000t}{section.10.2}% 202
\BOOKMARK [1][-]{section.10.3}{\376\377\000M\000e\000t\000a\000-\000L\000a\000b\000e\000l\000i\000n\000g}{chapter.10}% 203
\BOOKMARK [2][-]{subsection.10.3.1}{\376\377\000P\000r\000e\000c\000i\000s\000i\000o\000n\040\023\000R\000e\000c\000a\000l\000l\000\040\000T\000r\000a\000d\000e\000o\000f\000f}{section.10.3}% 204
\BOOKMARK [2][-]{subsection.10.3.2}{\376\377\000B\000e\000t\000t\000i\000n\000g\000\040\000S\000i\000z\000e\000\040\000f\000r\000o\000m\000\040\000M\000e\000t\000a\000-\000P\000r\000o\000b\000a\000b\000i\000l\000i\000t\000i\000e\000s}{section.10.3}% 205
\BOOKMARK [1][-]{section.10.4}{\376\377\000L\000a\000b\000e\000l\000\040\000U\000n\000i\000q\000u\000e\000n\000e\000s\000s\000\040\000a\000n\000d\000\040\000C\000o\000n\000c\000u\000r\000r\000e\000n\000c\000y}{chapter.10}% 206
\BOOKMARK [2][-]{subsection.10.4.1}{\376\377\000C\000o\000n\000c\000u\000r\000r\000e\000n\000c\000y\000\040\000a\000n\000d\000\040\000U\000n\000i\000q\000u\000e\000n\000e\000s\000s}{section.10.4}% 207
\BOOKMARK [2][-]{subsection.10.4.2}{\376\377\000U\000s\000i\000n\000g\000\040\000U\000n\000i\000q\000u\000e\000n\000e\000s\000s\000\040\000f\000o\000r\000\040\000S\000a\000m\000p\000l\000e\000\040\000W\000e\000i\000g\000h\000t\000i\000n\000g}{section.10.4}% 208
\BOOKMARK [1][-]{section.10.5}{\376\377\000P\000r\000e\000d\000i\000c\000t\000i\000o\000n\000\040\000T\000a\000r\000g\000e\000t\000s\000\040\000f\000o\000r\000\040\000t\000h\000e\000\040\000P\000r\000o\000j\000e\000c\000t}{chapter.10}% 209
\BOOKMARK [2][-]{subsection.10.5.1}{\376\377\000V\000I\000X\000\040\000I\000n\000n\000o\000v\000a\000t\000i\000o\000n\000s}{section.10.5}% 210
\BOOKMARK [2][-]{subsection.10.5.2}{\376\377\000R\000e\000a\000l\000i\000z\000e\000d\000\040\000V\000o\000l\000a\000t\000i\000l\000i\000t\000y}{section.10.5}% 211
\BOOKMARK [2][-]{subsection.10.5.3}{\376\377\000D\000r\000a\000w\000d\000o\000w\000n\000s\000\040\000b\000y\000\040\000M\000o\000s\000t\000-\000C\000o\000n\000c\000e\000n\000t\000r\000a\000t\000e\000d\000\040\000A\000s\000s\000e\000t\000\040\000C\000l\000a\000s\000s}{section.10.5}% 212
\BOOKMARK [2][-]{subsection.10.5.4}{\376\377\000C\000r\000o\000s\000s\000-\000A\000s\000s\000e\000t\000\040\000M\000o\000m\000e\000n\000t\000u\000m\000\040\000R\000e\000v\000e\000r\000s\000a\000l\000s}{section.10.5}% 213
\BOOKMARK [1][-]{section.10.6}{\376\377\000P\000r\000a\000c\000t\000i\000c\000a\000l\000\040\000C\000o\000n\000s\000i\000d\000e\000r\000a\000t\000i\000o\000n\000s}{chapter.10}% 214
\BOOKMARK [2][-]{subsection.10.6.1}{\376\377\000C\000h\000o\000o\000s\000i\000n\000g\000\040\000B\000a\000r\000r\000i\000e\000r\000\040\000P\000a\000r\000a\000m\000e\000t\000e\000r\000s}{section.10.6}% 215
\BOOKMARK [2][-]{subsection.10.6.2}{\376\377\000H\000a\000n\000d\000l\000i\000n\000g\000\040\000L\000a\000b\000e\000l\000\040\000I\000m\000b\000a\000l\000a\000n\000c\000e}{section.10.6}% 216
\BOOKMARK [1][-]{section.10.7}{\376\377\000S\000u\000m\000m\000a\000r\000y}{chapter.10}% 217
\BOOKMARK [0][-]{chapter.11}{\376\377\000V\000a\000l\000i\000d\000a\000t\000i\000o\000n\000\040\000F\000r\000a\000m\000e\000w\000o\000r\000k\000s}{part.2}% 218
\BOOKMARK [1][-]{section.11.1}{\376\377\000W\000h\000y\000\040\000S\000t\000a\000n\000d\000a\000r\000d\000\040\000K\000-\000F\000o\000l\000d\000\040\000C\000V\000\040\000F\000a\000i\000l\000s\000\040\000f\000o\000r\000\040\000T\000i\000m\000e\000\040\000S\000e\000r\000i\000e\000s}{chapter.11}% 219
\BOOKMARK [1][-]{section.11.2}{\376\377\000P\000u\000r\000g\000e\000d\000\040\000K\000-\000F\000o\000l\000d\000\040\000C\000V\000\040\000w\000i\000t\000h\000\040\000E\000m\000b\000a\000r\000g\000o}{chapter.11}% 220
\BOOKMARK [1][-]{section.11.3}{\376\377\000C\000o\000m\000b\000i\000n\000a\000t\000o\000r\000i\000a\000l\000\040\000P\000u\000r\000g\000e\000d\000\040\000C\000V\000\040\000\050\000C\000P\000C\000V\000\051}{chapter.11}% 221
\BOOKMARK [1][-]{section.11.4}{\376\377\000T\000h\000e\000\040\000D\000e\000f\000l\000a\000t\000e\000d\000\040\000S\000h\000a\000r\000p\000e\000\040\000R\000a\000t\000i\000o}{chapter.11}% 222
\BOOKMARK [2][-]{subsection.11.4.1}{\376\377\000E\000x\000p\000e\000c\000t\000e\000d\000\040\000M\000a\000x\000i\000m\000u\000m\000\040\000S\000h\000a\000r\000p\000e\000\040\000U\000n\000d\000e\000r\000\040\000t\000h\000e\000\040\000N\000u\000l\000l}{section.11.4}% 223
\BOOKMARK [2][-]{subsection.11.4.2}{\376\377\000T\000h\000e\000\040\000D\000S\000R\000\040\000F\000o\000r\000m\000u\000l\000a}{section.11.4}% 224
\BOOKMARK [1][-]{section.11.5}{\376\377\000H\000a\000i\000r\000c\000u\000t\000\040\000S\000h\000a\000r\000p\000e\000\040\000R\000a\000t\000i\000o}{chapter.11}% 225
\BOOKMARK [2][-]{subsection.11.5.1}{\376\377\000S\000h\000a\000r\000p\000e\000-\000t\000o\000-\000t\000-\000S\000t\000a\000t\000i\000s\000t\000i\000c\000\040\000C\000o\000n\000v\000e\000r\000s\000i\000o\000n}{section.11.5}% 226
\BOOKMARK [2][-]{subsection.11.5.2}{\376\377\000T\000h\000r\000e\000e\000\040\000C\000o\000r\000r\000e\000c\000t\000i\000o\000n\000\040\000M\000e\000t\000h\000o\000d\000s}{section.11.5}% 227
\BOOKMARK [2][-]{subsection.11.5.3}{\376\377\000C\000o\000m\000p\000u\000t\000i\000n\000g\000\040\000t\000h\000e\000\040\000H\000a\000i\000r\000c\000u\000t}{section.11.5}% 228
\BOOKMARK [1][-]{section.11.6}{\376\377\000P\000r\000o\000b\000a\000b\000i\000l\000i\000t\000y\000\040\000o\000f\000\040\000B\000a\000c\000k\000t\000e\000s\000t\000\040\000O\000v\000e\000r\000f\000i\000t\000t\000i\000n\000g\000\040\000\050\000P\000B\000O\000\051}{chapter.11}% 229
\BOOKMARK [2][-]{subsection.11.6.1}{\376\377\000C\000o\000m\000b\000i\000n\000a\000t\000o\000r\000i\000a\000l\000l\000y\000\040\000S\000y\000m\000m\000e\000t\000r\000i\000c\000\040\000C\000r\000o\000s\000s\000-\000V\000a\000l\000i\000d\000a\000t\000i\000o\000n\000\040\000\050\000C\000S\000C\000V\000\051}{section.11.6}% 230
\BOOKMARK [1][-]{section.11.7}{\376\377\000E\000x\000p\000e\000r\000i\000m\000e\000n\000t\000\040\000T\000r\000a\000c\000k\000i\000n\000g\000\040\000f\000o\000r\000\040\000H\000o\000n\000e\000s\000t\000\040\000D\000S\000R}{chapter.11}% 231
\BOOKMARK [1][-]{section.11.8}{\376\377\000T\000h\000e\000\040\000R\000i\000d\000g\000e\000\040\000B\000a\000s\000e\000l\000i\000n\000e\000:\000\040\000Y\000o\000u\000r\000\040\000C\000r\000e\000d\000i\000b\000i\000l\000i\000t\000y\000\040\000F\000l\000o\000o\000r}{chapter.11}% 232
\BOOKMARK [1][-]{section.11.9}{\376\377\000T\000h\000e\000\040\000S\000a\000m\000p\000l\000e\000-\000S\000i\000z\000e\000\040\000P\000r\000o\000b\000l\000e\000m}{chapter.11}% 233
\BOOKMARK [2][-]{subsection.11.9.1}{\376\377\000T\000h\000e\000o\000r\000y\000-\000M\000o\000t\000i\000v\000a\000t\000e\000d\000\040\000F\000e\000a\000t\000u\000r\000e\000s}{section.11.9}% 234
\BOOKMARK [2][-]{subsection.11.9.2}{\376\377\000P\000a\000n\000e\000l\000\040\000S\000t\000r\000u\000c\000t\000u\000r\000e}{section.11.9}% 235
\BOOKMARK [2][-]{subsection.11.9.3}{\376\377\000P\000r\000e\000-\000R\000e\000g\000i\000s\000t\000r\000a\000t\000i\000o\000n}{section.11.9}% 236
\BOOKMARK [1][-]{section.11.10}{\376\377\000P\000u\000t\000t\000i\000n\000g\000\040\000I\000t\000\040\000A\000l\000l\000\040\000T\000o\000g\000e\000t\000h\000e\000r\000:\000\040\000T\000h\000e\000\040\000V\000a\000l\000i\000d\000a\000t\000i\000o\000n\000\040\000P\000i\000p\000e\000l\000i\000n\000e}{chapter.11}% 237
\BOOKMARK [1][-]{section.11.11}{\376\377\000S\000u\000m\000m\000a\000r\000y}{chapter.11}% 238
\BOOKMARK [0][-]{chapter.12}{\376\377\000B\000a\000c\000k\000t\000e\000s\000t\000i\000n\000g\000\040\000M\000e\000t\000h\000o\000d\000o\000l\000o\000g\000y}{part.2}% 239
\BOOKMARK [1][-]{section.12.1}{\376\377\000T\000r\000a\000n\000s\000a\000c\000t\000i\000o\000n\000-\000C\000o\000s\000t\000-\000A\000w\000a\000r\000e\000\040\000P\000\046\000L}{chapter.12}% 240
\BOOKMARK [2][-]{subsection.12.1.1}{\376\377\000G\000r\000o\000s\000s\000\040\000P\000\046\000L}{section.12.1}% 241
\BOOKMARK [2][-]{subsection.12.1.2}{\376\377\000N\000e\000t\000\040\000P\000\046\000L}{section.12.1}% 242
\BOOKMARK [2][-]{subsection.12.1.3}{\376\377\000P\000a\000r\000a\000m\000e\000t\000e\000r\000i\000z\000e\000d\000\040\000S\000p\000r\000e\000a\000d\000s\000\040\000b\000y\000\040\000A\000s\000s\000e\000t\000\040\000C\000l\000a\000s\000s}{section.12.1}% 243
\BOOKMARK [1][-]{section.12.2}{\376\377\000T\000u\000r\000n\000o\000v\000e\000r}{chapter.12}% 244
\BOOKMARK [1][-]{section.12.3}{\376\377\000C\000a\000p\000a\000c\000i\000t\000y\000\040\000E\000s\000t\000i\000m\000a\000t\000i\000o\000n}{chapter.12}% 245
\BOOKMARK [2][-]{subsection.12.3.1}{\376\377\000T\000h\000e\000\040\000S\000q\000u\000a\000r\000e\000-\000R\000o\000o\000t\000\040\000M\000a\000r\000k\000e\000t\000\040\000I\000m\000p\000a\000c\000t\000\040\000M\000o\000d\000e\000l}{section.12.3}% 246
\BOOKMARK [2][-]{subsection.12.3.2}{\376\377\000O\000r\000d\000e\000r\000-\000o\000f\000-\000M\000a\000g\000n\000i\000t\000u\000d\000e\000\040\000C\000a\000p\000a\000c\000i\000t\000y\000\040\000R\000e\000a\000s\000o\000n\000i\000n\000g}{section.12.3}% 247
\BOOKMARK [1][-]{section.12.4}{\376\377\000W\000a\000l\000k\000-\000F\000o\000r\000w\000a\000r\000d\000\040\000O\000u\000t\000-\000o\000f\000-\000S\000a\000m\000p\000l\000e\000\040\000T\000e\000s\000t\000i\000n\000g}{chapter.12}% 248
\BOOKMARK [2][-]{subsection.12.4.1}{\376\377\000T\000h\000e\000\040\000S\000a\000c\000r\000e\000d\000\040\000H\000o\000l\000d\000o\000u\000t}{section.12.4}% 249
\BOOKMARK [2][-]{subsection.12.4.2}{\376\377\000O\000n\000e\000-\000S\000h\000o\000t\000\040\000H\000o\000l\000d\000o\000u\000t\000\040\000P\000r\000o\000t\000o\000c\000o\000l}{section.12.4}% 250
\BOOKMARK [2][-]{subsection.12.4.3}{\376\377\000R\000o\000l\000l\000i\000n\000g\000-\000W\000i\000n\000d\000o\000w\000\040\000W\000a\000l\000k\000-\000F\000o\000r\000w\000a\000r\000d}{section.12.4}% 251
\BOOKMARK [1][-]{section.12.5}{\376\377\000I\000C\000,\000\040\000I\000C\000I\000R\000,\000\040\000a\000n\000d\000\040\000P\000e\000r\000f\000o\000r\000m\000a\000n\000c\000e\000\040\000M\000e\000t\000r\000i\000c\000s}{chapter.12}% 252
\BOOKMARK [2][-]{subsection.12.5.1}{\376\377\000I\000n\000f\000o\000r\000m\000a\000t\000i\000o\000n\000\040\000C\000o\000e\000f\000f\000i\000c\000i\000e\000n\000t\000\040\000\050\000I\000C\000\051}{section.12.5}% 253
\BOOKMARK [2][-]{subsection.12.5.2}{\376\377\000I\000C\000I\000R}{section.12.5}% 254
\BOOKMARK [2][-]{subsection.12.5.3}{\376\377\000P\000e\000r\000f\000o\000r\000m\000a\000n\000c\000e\000\040\000M\000e\000t\000r\000i\000c\000\040\000R\000e\000f\000e\000r\000e\000n\000c\000e}{section.12.5}% 255
\BOOKMARK [1][-]{section.12.6}{\376\377\000P\000\046\000L\000\040\000D\000e\000c\000o\000m\000p\000o\000s\000i\000t\000i\000o\000n\000\040\000b\000y\000\040\000R\000e\000g\000i\000m\000e}{chapter.12}% 256
\BOOKMARK [1][-]{section.12.7}{\376\377\000S\000i\000g\000n\000a\000l\000\040\000D\000e\000c\000a\000y\000\040\000P\000o\000s\000t\000-\000P\000u\000b\000l\000i\000c\000a\000t\000i\000o\000n}{chapter.12}% 257
\BOOKMARK [2][-]{subsection.12.7.1}{\376\377\000W\000h\000y\000\040\000P\000r\000o\000p\000r\000i\000e\000t\000a\000r\000y\000\040\000D\000a\000t\000a\000\040\000M\000a\000y\000\040\000B\000e\000\040\000M\000o\000r\000e\000\040\000D\000u\000r\000a\000b\000l\000e}{section.12.7}% 258
\BOOKMARK [2][-]{subsection.12.7.2}{\376\377\000T\000h\000e\000\040\000S\000h\000a\000r\000e\000d\000-\000F\000a\000c\000t\000o\000r\000\040\000C\000a\000v\000e\000a\000t}{section.12.7}% 259
\BOOKMARK [1][-]{section.12.8}{\376\377\000C\000o\000m\000m\000o\000n\000\040\000B\000a\000c\000k\000t\000e\000s\000t\000\040\000P\000i\000t\000f\000a\000l\000l\000s}{chapter.12}% 260
\BOOKMARK [1][-]{section.12.9}{\376\377\000P\000u\000t\000t\000i\000n\000g\000\040\000I\000t\000\040\000A\000l\000l\000\040\000T\000o\000g\000e\000t\000h\000e\000r\000:\000\040\000T\000h\000e\000\040\000B\000a\000c\000k\000t\000e\000s\000t\000\040\000R\000e\000p\000o\000r\000t}{chapter.12}% 261
\BOOKMARK [1][-]{section.12.10}{\376\377\000S\000u\000m\000m\000a\000r\000y}{chapter.12}% 262
\BOOKMARK [0][-]{chapter.13}{\376\377\000R\000e\000g\000i\000m\000e\000\040\000M\000o\000d\000e\000l\000i\000n\000g}{part.2}% 263
\BOOKMARK [1][-]{section.13.1}{\376\377\000W\000h\000y\000\040\000R\000e\000g\000i\000m\000e\000-\000A\000w\000a\000r\000e\000n\000e\000s\000s\000\040\000M\000a\000t\000t\000e\000r\000s}{chapter.13}% 264
\BOOKMARK [1][-]{section.13.2}{\376\377\000G\000a\000u\000s\000s\000i\000a\000n\000\040\000M\000i\000x\000t\000u\000r\000e\000\040\000M\000o\000d\000e\000l\000s\000\040\000f\000o\000r\000\040\000R\000e\000g\000i\000m\000e\000\040\000C\000l\000a\000s\000s\000i\000f\000i\000c\000a\000t\000i\000o\000n}{chapter.13}% 265
\BOOKMARK [2][-]{subsection.13.2.1}{\376\377\000T\000h\000e\000\040\000E\000M\000\040\000A\000l\000g\000o\000r\000i\000t\000h\000m}{section.13.2}% 266
\BOOKMARK [2][-]{subsection.13.2.2}{\376\377\000C\000h\000o\000o\000s\000i\000n\000g\000\040\000K\000:\000\040\000B\000I\000C}{section.13.2}% 267
\BOOKMARK [2][-]{subsection.13.2.3}{\376\377\000F\000e\000a\000t\000u\000r\000e\000\040\000S\000e\000l\000e\000c\000t\000i\000o\000n\000\040\000f\000o\000r\000\040\000R\000e\000g\000i\000m\000e\000\040\000G\000M\000M}{section.13.2}% 268
\BOOKMARK [1][-]{section.13.3}{\376\377\000T\000h\000e\000\040\000T\000w\000o\000\040\000S\000i\000g\000m\000a\000\040\000R\000e\000g\000i\000m\000e\000\040\000T\000e\000m\000p\000l\000a\000t\000e}{chapter.13}% 269
\BOOKMARK [2][-]{subsection.13.3.1}{\376\377\000R\000e\000g\000i\000m\000e\000-\000C\000o\000n\000d\000i\000t\000i\000o\000n\000a\000l\000\040\000S\000h\000a\000r\000p\000e\000\040\000D\000e\000c\000o\000m\000p\000o\000s\000i\000t\000i\000o\000n}{section.13.3}% 270
\BOOKMARK [1][-]{section.13.4}{\376\377\000A\000D\000W\000I\000N\000\040\000f\000o\000r\000\040\000C\000o\000n\000c\000e\000p\000t\000\040\000D\000r\000i\000f\000t\000\040\000D\000e\000t\000e\000c\000t\000i\000o\000n}{chapter.13}% 271
\BOOKMARK [1][-]{section.13.5}{\376\377\000M\000a\000r\000k\000o\000v\000-\000S\000w\000i\000t\000c\000h\000i\000n\000g\000\040\000M\000o\000d\000e\000l\000s}{chapter.13}% 272
\BOOKMARK [2][-]{subsection.13.5.1}{\376\377\000G\000M\000M\000\040\000v\000s\000.\000\040\000M\000a\000r\000k\000o\000v\000-\000S\000w\000i\000t\000c\000h\000i\000n\000g\000:\000\040\000W\000h\000e\000n\000\040\000t\000o\000\040\000U\000s\000e\000\040\000W\000h\000i\000c\000h}{section.13.5}% 273
\BOOKMARK [1][-]{section.13.6}{\376\377\000T\000h\000e\000\040\000F\000a\000c\000t\000o\000r\000\040\000T\000i\000m\000i\000n\000g\000\040\000C\000a\000v\000e\000a\000t}{chapter.13}% 274
\BOOKMARK [2][-]{subsection.13.6.1}{\376\377\000I\000m\000p\000l\000i\000c\000a\000t\000i\000o\000n\000s\000\040\000f\000o\000r\000\040\000Y\000o\000u\000r\000\040\000P\000r\000o\000j\000e\000c\000t}{section.13.6}% 275
\BOOKMARK [1][-]{section.13.7}{\376\377\000P\000r\000a\000c\000t\000i\000c\000a\000l\000\040\000I\000m\000p\000l\000e\000m\000e\000n\000t\000a\000t\000i\000o\000n\000\040\000C\000h\000e\000c\000k\000l\000i\000s\000t}{chapter.13}% 276
\BOOKMARK [1][-]{section.13.8}{\376\377\000S\000u\000m\000m\000a\000r\000y}{chapter.13}% 277
\BOOKMARK [0][-]{chapter.14}{\376\377\000P\000r\000e\000s\000e\000n\000t\000i\000n\000g\000\040\000Q\000u\000a\000n\000t\000i\000t\000a\000t\000i\000v\000e\000\040\000R\000e\000s\000e\000a\000r\000c\000h}{part.2}% 278
\BOOKMARK [1][-]{section.14.1}{\376\377\000F\000r\000a\000m\000i\000n\000g\000:\000\040\000C\000a\000u\000s\000a\000l\000\040\000H\000y\000p\000o\000t\000h\000e\000s\000i\000s\000\040\000+\000\040\000M\000L\000\040\000T\000e\000s\000t\000i\000n\000g}{chapter.14}% 279
\BOOKMARK [1][-]{section.14.2}{\376\377\000T\000h\000e\000\040\000P\000r\000i\000m\000a\000r\000y\000\040\000M\000e\000t\000r\000i\000c\000s\000\040\000T\000r\000i\000a\000d}{chapter.14}% 280
\BOOKMARK [1][-]{section.14.3}{\376\377\000R\000i\000d\000g\000e\000\040\000B\000a\000s\000e\000l\000i\000n\000e\000\040\000o\000n\000\040\000E\000v\000e\000r\000y\000\040\000C\000h\000a\000r\000t}{chapter.14}% 281
\BOOKMARK [1][-]{section.14.4}{\376\377\000S\000H\000A\000P\000\040\000W\000a\000t\000e\000r\000f\000a\000l\000l\000\040\000P\000l\000o\000t\000s}{chapter.14}% 282
\BOOKMARK [1][-]{section.14.5}{\376\377\000O\000n\000e\000\040\000S\000l\000i\000d\000e\000\040\000P\000e\000r\000\040\000C\000l\000a\000i\000m}{chapter.14}% 283
\BOOKMARK [1][-]{section.14.6}{\376\377\000W\000h\000a\000t\000\040\000D\000i\000d\000n\000'\000t\000\040\000W\000o\000r\000k\000\040\000a\000s\000\040\000C\000r\000e\000d\000i\000b\000i\000l\000i\000t\000y}{chapter.14}% 284
\BOOKMARK [1][-]{section.14.7}{\376\377\000H\000a\000n\000d\000l\000i\000n\000g\000\040\000D\000e\000s\000k\000\040\000Q\000u\000e\000s\000t\000i\000o\000n\000s}{chapter.14}% 285
\BOOKMARK [1][-]{section.14.8}{\376\377\000S\000i\000g\000n\000a\000l\000\040\000D\000e\000c\000a\000y\000\040\000a\000n\000d\000\040\000D\000u\000r\000a\000b\000i\000l\000i\000t\000y}{chapter.14}% 286
\BOOKMARK [1][-]{section.14.9}{\376\377\000T\000h\000e\000\040\000R\000e\000s\000e\000a\000r\000c\000h\000\040\000R\000e\000p\000o\000r\000t}{chapter.14}% 287
\BOOKMARK [1][-]{section.14.10}{\376\377\000C\000o\000m\000m\000o\000n\000\040\000P\000r\000e\000s\000e\000n\000t\000a\000t\000i\000o\000n\000\040\000M\000i\000s\000t\000a\000k\000e\000s}{chapter.14}% 288
\BOOKMARK [1][-]{section.14.11}{\376\377\000T\000y\000i\000n\000g\000\040\000I\000t\000\040\000A\000l\000l\000\040\000T\000o\000g\000e\000t\000h\000e\000r}{chapter.14}% 289
\BOOKMARK [1][-]{section.14.12}{\376\377\000S\000u\000m\000m\000a\000r\000y}{chapter.14}% 290
