This is pdfTeX, Version 3.141592653-2.6-1.40.28 (MiKTeX 25.12) (preloaded format=pdflatex 2026.4.4)  6 JUL 2026 08:28
entering extended mode
 restricted \write18 enabled.
 %&-line parsing enabled.
**./main.tex
(main.tex
LaTeX2e <2025-11-01>
L3 programming layer <2025-12-24>
(C:\Users\RyanPC\AppData\Local\Programs\MiKTeX\tex/latex/base\report.cls
Document Class: report 2025/01/22 v1.4n Standard LaTeX document class
(C:\Users\RyanPC\AppData\Local\Programs\MiKTeX\tex/latex/base\size11.clo
File: size11.clo 2025/01/22 v1.4n Standard LaTeX file (size option)
)
\c@part=\count275
\c@chapter=\count276
\c@section=\count277
\c@subsection=\count278
\c@subsubsection=\count279
\c@paragraph=\count280
\c@subparagraph=\count281
\c@figure=\count282
\c@table=\count283
\abovecaptionskip=\skip49
\belowcaptionskip=\skip50
\bibindent=\dimen148
)
(preamble.tex
(C:\Users\RyanPC\AppData\Local\Programs\MiKTeX\tex/latex/geometry\geometry.sty
Package: geometry 2026/03/07 v6.0 Page Geometry

(C:\Users\RyanPC\AppData\Local\Programs\MiKTeX\tex/latex/graphics\keyval.sty
Package: keyval 2022/05/29 v1.15 key=value parser (DPC)
\KV@toks@=\toks17
)
(C:\Users\RyanPC\AppData\Local\Programs\MiKTeX\tex/generic/iftex\ifvtex.sty
Package: ifvtex 2019/10/25 v1.7 ifvtex legacy package. Use iftex instead.

(C:\Users\RyanPC\AppData\Local\Programs\MiKTeX\tex/generic/iftex\iftex.sty
Package: iftex 2024/12/12 v1.0g TeX engine tests
))
\Gm@cnth=\count284
\Gm@cntv=\count285
\c@Gm@tempcnt=\count286
\Gm@bindingoffset=\dimen149
\Gm@wd@mp=\dimen150
\Gm@odd@mp=\dimen151
\Gm@even@mp=\dimen152
\Gm@layoutwidth=\dimen153
\Gm@layoutheight=\dimen154
\Gm@layouthoffset=\dimen155
\Gm@layoutvoffset=\dimen156
\Gm@dimlist=\toks18

(C:\Users\RyanPC\AppData\Local\Programs\MiKTeX\tex/latex/geometry\geometry.cfg)
) (C:\Users\RyanPC\AppData\Local\Programs\MiKTeX\tex/latex/amsmath\amsmath.sty
Package: amsmath 2025/07/09 v2.17z AMS math features
\@mathmargin=\skip51

For additional information on amsmath, use the `?' option.
(C:\Users\RyanPC\AppData\Local\Programs\MiKTeX\tex/latex/amsmath\amstext.sty
Package: amstext 2024/11/17 v2.01 AMS text

(C:\Users\RyanPC\AppData\Local\Programs\MiKTeX\tex/latex/amsmath\amsgen.sty
File: amsgen.sty 1999/11/30 v2.0 generic functions
\@emptytoks=\toks19
\ex@=\dimen157
))
(C:\Users\RyanPC\AppData\Local\Programs\MiKTeX\tex/latex/amsmath\amsbsy.sty
Package: amsbsy 1999/11/29 v1.2d Bold Symbols
\pmbraise@=\dimen158
)
(C:\Users\RyanPC\AppData\Local\Programs\MiKTeX\tex/latex/amsmath\amsopn.sty
Package: amsopn 2022/04/08 v2.04 operator names
)
\inf@bad=\count287
LaTeX Info: Redefining \frac on input line 233.
\uproot@=\count288
\leftroot@=\count289
LaTeX Info: Redefining \overline on input line 398.
LaTeX Info: Redefining \colon on input line 409.
\classnum@=\count290
\DOTSCASE@=\count291
LaTeX Info: Redefining \ldots on input line 495.
LaTeX Info: Redefining \dots on input line 498.
LaTeX Info: Redefining \cdots on input line 619.
\Mathstrutbox@=\box53
\strutbox@=\box54
LaTeX Info: Redefining \big on input line 721.
LaTeX Info: Redefining \Big on input line 722.
LaTeX Info: Redefining \bigg on input line 723.
LaTeX Info: Redefining \Bigg on input line 724.
\big@size=\dimen159
LaTeX Font Info:    Redeclaring font encoding OML on input line 742.
LaTeX Font Info:    Redeclaring font encoding OMS on input line 743.
\macc@depth=\count292
LaTeX Info: Redefining \bmod on input line 904.
LaTeX Info: Redefining \pmod on input line 909.
LaTeX Info: Redefining \smash on input line 939.
LaTeX Info: Redefining \relbar on input line 969.
LaTeX Info: Redefining \Relbar on input line 970.
\c@MaxMatrixCols=\count293
\dotsspace@=\muskip17
\c@parentequation=\count294
\dspbrk@lvl=\count295
\tag@help=\toks20
\row@=\count296
\column@=\count297
\maxfields@=\count298
\andhelp@=\toks21
\eqnshift@=\dimen160
\alignsep@=\dimen161
\tagshift@=\dimen162
\tagwidth@=\dimen163
\totwidth@=\dimen164
\lineht@=\dimen165
\@envbody=\toks22
\multlinegap=\skip52
\multlinetaggap=\skip53
\mathdisplay@stack=\toks23
LaTeX Info: Redefining \[ on input line 2950.
LaTeX Info: Redefining \] on input line 2951.
)
(C:\Users\RyanPC\AppData\Local\Programs\MiKTeX\tex/latex/amsfonts\amssymb.sty
Package: amssymb 2013/01/14 v3.01 AMS font symbols

(C:\Users\RyanPC\AppData\Local\Programs\MiKTeX\tex/latex/amsfonts\amsfonts.sty
Package: amsfonts 2013/01/14 v3.01 Basic AMSFonts support
\symAMSa=\mathgroup4
\symAMSb=\mathgroup5
LaTeX Font Info:    Redeclaring math symbol \hbar on input line 98.
LaTeX Font Info:    Overwriting math alphabet `\mathfrak' in version `bold'
(Font)                  U/euf/m/n --> U/euf/b/n on input line 106.
)) (C:\Users\RyanPC\AppData\Local\Programs\MiKTeX\tex/latex/amscls\amsthm.sty
Package: amsthm 2020/05/29 v2.20.6
\thm@style=\toks24
\thm@bodyfont=\toks25
\thm@headfont=\toks26
\thm@notefont=\toks27
\thm@headpunct=\toks28
\thm@preskip=\skip54
\thm@postskip=\skip55
\thm@headsep=\skip56
\dth@everypar=\toks29
)
(C:\Users\RyanPC\AppData\Local\Programs\MiKTeX\tex/latex/mathtools\mathtools.st
y
Package: mathtools 2024/10/04 v1.31 mathematical typesetting tools
 (C:\Users\RyanPC\AppData\Local\Programs\MiKTeX\tex/latex/tools\calc.sty
Package: calc 2025/03/01 v4.3b Infix arithmetic (KKT,FJ)
\calc@Acount=\count299
\calc@Bcount=\count300
\calc@Adimen=\dimen166
\calc@Bdimen=\dimen167
\calc@Askip=\skip57
\calc@Bskip=\skip58
LaTeX Info: Redefining \setlength on input line 86.
LaTeX Info: Redefining \addtolength on input line 87.
\calc@Ccount=\count301
\calc@Cskip=\skip59
)
(C:\Users\RyanPC\AppData\Local\Programs\MiKTeX\tex/latex/mathtools\mhsetup.sty
Package: mhsetup 2021/03/18 v1.4 programming setup (MH)
)
\g_MT_multlinerow_int=\count302
\l_MT_multwidth_dim=\dimen168
\origjot=\skip60
\l_MT_shortvdotswithinadjustabove_dim=\dimen169
\l_MT_shortvdotswithinadjustbelow_dim=\dimen170
\l_MT_above_intertext_sep=\dimen171
\l_MT_below_intertext_sep=\dimen172
\l_MT_above_shortintertext_sep=\dimen173
\l_MT_below_shortintertext_sep=\dimen174
\xmathstrut@box=\box55
\xmathstrut@dim=\dimen175
) (C:\Users\RyanPC\AppData\Local\Programs\MiKTeX\tex/latex/cancel\cancel.sty
Package: cancel 2013/04/12 v2.2 Cancel math terms
)
(C:\Users\RyanPC\AppData\Local\Programs\MiKTeX\tex/latex/tools\bm.sty
Package: bm 2025/10/21 v1.2g Bold Symbol Support (DPC/FMi)
\symboldoperators=\mathgroup6
\symboldletters=\mathgroup7
\symboldsymbols=\mathgroup8
Package bm Info: No bold for \OMX/cmex/m/n, using \pmb.
Package bm Info: No bold for \U/msa/m/n, using \pmb.
Package bm Info: No bold for \U/msb/m/n, using \pmb.
LaTeX Font Info:    Redeclaring math alphabet \mathbf on input line 149.
)
(C:\Users\RyanPC\AppData\Local\Programs\MiKTeX\tex/latex/enumitem\enumitem.sty
Package: enumitem 2025/02/06 v3.11 Customized lists
\labelindent=\skip61
\enit@outerparindent=\dimen176
\enit@toks=\toks30
\enit@inbox=\box56
\enit@count@id=\count303
\enitdp@description=\count304
) (C:\Users\RyanPC\AppData\Local\Programs\MiKTeX\tex/latex/hyperref\hyperref.st
y
Package: hyperref 2025-07-12 v7.01o Hypertext links for LaTeX

(C:\Users\RyanPC\AppData\Local\Programs\MiKTeX\tex/latex/kvsetkeys\kvsetkeys.st
y
Package: kvsetkeys 2022-10-05 v1.19 Key value parser (HO)
)
(C:\Users\RyanPC\AppData\Local\Programs\MiKTeX\tex/generic/kvdefinekeys\kvdefin
ekeys.sty
Package: kvdefinekeys 2019-12-19 v1.6 Define keys (HO)
)
(C:\Users\RyanPC\AppData\Local\Programs\MiKTeX\tex/generic/pdfescape\pdfescape.
sty
Package: pdfescape 2019/12/09 v1.15 Implements pdfTeX's escape features (HO)

(C:\Users\RyanPC\AppData\Local\Programs\MiKTeX\tex/generic/ltxcmds\ltxcmds.sty
Package: ltxcmds 2023-12-04 v1.26 LaTeX kernel commands for general use (HO)
)
(C:\Users\RyanPC\AppData\Local\Programs\MiKTeX\tex/generic/pdftexcmds\pdftexcmd
s.sty
Package: pdftexcmds 2020-06-27 v0.33 Utility functions of pdfTeX for LuaTeX (HO
)

(C:\Users\RyanPC\AppData\Local\Programs\MiKTeX\tex/generic/infwarerr\infwarerr.
sty
Package: infwarerr 2019/12/03 v1.5 Providing info/warning/error messages (HO)
)
Package pdftexcmds Info: \pdf@primitive is available.
Package pdftexcmds Info: \pdf@ifprimitive is available.
Package pdftexcmds Info: \pdfdraftmode found.
))
(C:\Users\RyanPC\AppData\Local\Programs\MiKTeX\tex/latex/hycolor\hycolor.sty
Package: hycolor 2020-01-27 v1.10 Color options for hyperref/bookmark (HO)
)
(C:\Users\RyanPC\AppData\Local\Programs\MiKTeX\tex/latex/hyperref\nameref.sty
Package: nameref 2025-06-21 v2.57 Cross-referencing by name of section

(C:\Users\RyanPC\AppData\Local\Programs\MiKTeX\tex/latex/refcount\refcount.sty
Package: refcount 2019/12/15 v3.6 Data extraction from label references (HO)
)
(C:\Users\RyanPC\AppData\Local\Programs\MiKTeX\tex/generic/gettitlestring\getti
tlestring.sty
Package: gettitlestring 2019/12/15 v1.6 Cleanup title references (HO)

(C:\Users\RyanPC\AppData\Local\Programs\MiKTeX\tex/latex/kvoptions\kvoptions.st
y
Package: kvoptions 2022-06-15 v3.15 Key value format for package options (HO)
))
\c@section@level=\count305
)
(C:\Users\RyanPC\AppData\Local\Programs\MiKTeX\tex/latex/etoolbox\etoolbox.sty
Package: etoolbox 2025/10/02 v2.5m e-TeX tools for LaTeX (JAW)
\etb@tempcnta=\count306
)
(C:\Users\RyanPC\AppData\Local\Programs\MiKTeX\tex/generic/stringenc\stringenc.
sty
Package: stringenc 2019/11/29 v1.12 Convert strings between diff. encodings (HO
)
)
\@linkdim=\dimen177
\Hy@linkcounter=\count307
\Hy@pagecounter=\count308

(C:\Users\RyanPC\AppData\Local\Programs\MiKTeX\tex/latex/hyperref\pd1enc.def
File: pd1enc.def 2025-07-12 v7.01o Hyperref: PDFDocEncoding definition (HO)
Now handling font encoding PD1 ...
... no UTF-8 mapping file for font encoding PD1
)
(C:\Users\RyanPC\AppData\Local\Programs\MiKTeX\tex/generic/intcalc\intcalc.sty
Package: intcalc 2019/12/15 v1.3 Expandable calculations with integers (HO)
)
\Hy@SavedSpaceFactor=\count309
(C:\Users\RyanPC\AppData\Local\Programs\MiKTeX\tex/latex/hyperref\puenc.def
File: puenc.def 2025-07-12 v7.01o Hyperref: PDF Unicode definition (HO)
Now handling font encoding PU ...
... no UTF-8 mapping file for font encoding PU
)
Package hyperref Info: Hyper figures OFF on input line 4195.
Package hyperref Info: Link nesting OFF on input line 4200.
Package hyperref Info: Hyper index ON on input line 4203.
Package hyperref Info: Plain pages OFF on input line 4210.
Package hyperref Info: Backreferencing OFF on input line 4215.
Package hyperref Info: Implicit mode ON; LaTeX internals redefined.
Package hyperref Info: Bookmarks ON on input line 4462.
\c@Hy@tempcnt=\count310

(C:\Users\RyanPC\AppData\Local\Programs\MiKTeX\tex/latex/url\url.sty
\Urlmuskip=\muskip18
Package: url 2013/09/16  ver 3.4  Verb mode for urls, etc.
)
LaTeX Info: Redefining \url on input line 4801.
\XeTeXLinkMargin=\dimen178

(C:\Users\RyanPC\AppData\Local\Programs\MiKTeX\tex/generic/bitset\bitset.sty
Package: bitset 2019/12/09 v1.3 Handle bit-vector datatype (HO)

(C:\Users\RyanPC\AppData\Local\Programs\MiKTeX\tex/generic/bigintcalc\bigintcal
c.sty
Package: bigintcalc 2019/12/15 v1.5 Expandable calculations on big integers (HO
)
))
\Fld@menulength=\count311
\Field@Width=\dimen179
\Fld@charsize=\dimen180
Package hyperref Info: Hyper figures OFF on input line 6078.
Package hyperref Info: Link nesting OFF on input line 6083.
Package hyperref Info: Hyper index ON on input line 6086.
Package hyperref Info: backreferencing OFF on input line 6093.
Package hyperref Info: Link coloring OFF on input line 6098.
Package hyperref Info: Link coloring with OCG OFF on input line 6103.
Package hyperref Info: PDF/A mode OFF on input line 6108.
\Hy@abspage=\count312
\c@Item=\count313
\c@Hfootnote=\count314
)
Package hyperref Info: Driver (autodetected): hpdftex.

(C:\Users\RyanPC\AppData\Local\Programs\MiKTeX\tex/latex/hyperref\hpdftex.def
File: hpdftex.def 2025-07-12 v7.01o Hyperref driver for pdfTeX
\Fld@listcount=\count315
\c@bookmark@seq@number=\count316

(C:\Users\RyanPC\AppData\Local\Programs\MiKTeX\tex/latex/rerunfilecheck\rerunfi
lecheck.sty
Package: rerunfilecheck 2025-06-21 v1.11 Rerun checks for auxiliary files (HO)

(C:\Users\RyanPC\AppData\Local\Programs\MiKTeX\tex/generic/uniquecounter\unique
counter.sty
Package: uniquecounter 2019/12/15 v1.4 Provide unlimited unique counter (HO)
)
Package uniquecounter Info: New unique counter `rerunfilecheck' on input line 2
84.
)
\Hy@SectionHShift=\skip62
)
(C:\Users\RyanPC\AppData\Local\Programs\MiKTeX\tex/latex/xcolor\xcolor.sty
Package: xcolor 2024/09/29 v3.02 LaTeX color extensions (UK)

(C:\Users\RyanPC\AppData\Local\Programs\MiKTeX\tex/latex/graphics-cfg\color.cfg
File: color.cfg 2016/01/02 v1.6 sample color configuration
)
Package xcolor Info: Driver file: pdftex.def on input line 274.

(C:\Users\RyanPC\AppData\Local\Programs\MiKTeX\tex/latex/graphics-def\pdftex.de
f
File: pdftex.def 2025/09/29 v1.2d Graphics/color driver for pdftex
)
(C:\Users\RyanPC\AppData\Local\Programs\MiKTeX\tex/latex/graphics\mathcolor.ltx
)
Package xcolor Info: Model `cmy' substituted by `cmy0' on input line 1349.
Package xcolor Info: Model `hsb' substituted by `rgb' on input line 1353.
Package xcolor Info: Model `RGB' extended on input line 1365.
Package xcolor Info: Model `HTML' substituted by `rgb' on input line 1367.
Package xcolor Info: Model `Hsb' substituted by `hsb' on input line 1368.
Package xcolor Info: Model `tHsb' substituted by `hsb' on input line 1369.
Package xcolor Info: Model `HSB' substituted by `hsb' on input line 1370.
Package xcolor Info: Model `Gray' substituted by `gray' on input line 1371.
Package xcolor Info: Model `wave' substituted by `hsb' on input line 1372.
)
(C:\Users\RyanPC\AppData\Local\Programs\MiKTeX\tex/latex/tcolorbox\tcolorbox.st
y
Package: tcolorbox 2025/11/28 version 6.9.0 text color boxes

(C:\Users\RyanPC\AppData\Local\Programs\MiKTeX\tex/latex/pgf/frontendlayer\tikz
.sty
(C:\Users\RyanPC\AppData\Local\Programs\MiKTeX\tex/latex/pgf/basiclayer\pgf.sty

(C:\Users\RyanPC\AppData\Local\Programs\MiKTeX\tex/latex/pgf/utilities\pgfrcs.s
ty
(C:\Users\RyanPC\AppData\Local\Programs\MiKTeX\tex/generic/pgf/utilities\pgfuti
l-common.tex
\pgfutil@everybye=\toks31
\pgfutil@tempdima=\dimen181
\pgfutil@tempdimb=\dimen182
)
(C:\Users\RyanPC\AppData\Local\Programs\MiKTeX\tex/generic/pgf/utilities\pgfuti
l-latex.def
\pgfutil@abb=\box57
)
(C:\Users\RyanPC\AppData\Local\Programs\MiKTeX\tex/generic/pgf/utilities\pgfrcs
.code.tex
(C:\Users\RyanPC\AppData\Local\Programs\MiKTeX\tex/generic/pgf\pgf.revision.tex
)
Package: pgfrcs 2025-08-29 v3.1.11a (3.1.11a)
))
Package: pgf 2025-08-29 v3.1.11a (3.1.11a)

(C:\Users\RyanPC\AppData\Local\Programs\MiKTeX\tex/latex/pgf/basiclayer\pgfcore
.sty
(C:\Users\RyanPC\AppData\Local\Programs\MiKTeX\tex/latex/graphics\graphicx.sty
Package: graphicx 2024/12/31 v1.2e Enhanced LaTeX Graphics (DPC,SPQR)

(C:\Users\RyanPC\AppData\Local\Programs\MiKTeX\tex/latex/graphics\graphics.sty
Package: graphics 2024/08/06 v1.4g Standard LaTeX Graphics (DPC,SPQR)

(C:\Users\RyanPC\AppData\Local\Programs\MiKTeX\tex/latex/graphics\trig.sty
Package: trig 2023/12/02 v1.11 sin cos tan (DPC)
)
(C:\Users\RyanPC\AppData\Local\Programs\MiKTeX\tex/latex/graphics-cfg\graphics.
cfg
File: graphics.cfg 2016/06/04 v1.11 sample graphics configuration
)
Package graphics Info: Driver file: pdftex.def on input line 106.
)
\Gin@req@height=\dimen183
\Gin@req@width=\dimen184
)
(C:\Users\RyanPC\AppData\Local\Programs\MiKTeX\tex/latex/pgf/systemlayer\pgfsys
.sty
(C:\Users\RyanPC\AppData\Local\Programs\MiKTeX\tex/generic/pgf/systemlayer\pgfs
ys.code.tex
Package: pgfsys 2025-08-29 v3.1.11a (3.1.11a)

(C:\Users\RyanPC\AppData\Local\Programs\MiKTeX\tex/generic/pgf/utilities\pgfkey
s.code.tex
\pgfkeys@pathtoks=\toks32
\pgfkeys@temptoks=\toks33

(C:\Users\RyanPC\AppData\Local\Programs\MiKTeX\tex/generic/pgf/utilities\pgfkey
slibraryfiltered.code.tex
\pgfkeys@tmptoks=\toks34
))
\pgf@x=\dimen185
\pgf@y=\dimen186
\pgf@xa=\dimen187
\pgf@ya=\dimen188
\pgf@xb=\dimen189
\pgf@yb=\dimen190
\pgf@xc=\dimen191
\pgf@yc=\dimen192
\pgf@xd=\dimen193
\pgf@yd=\dimen194
\w@pgf@writea=\write3
\r@pgf@reada=\read2
\c@pgf@counta=\count317
\c@pgf@countb=\count318
\c@pgf@countc=\count319
\c@pgf@countd=\count320
\t@pgf@toka=\toks35
\t@pgf@tokb=\toks36
\t@pgf@tokc=\toks37
\pgf@sys@id@count=\count321

(C:\Users\RyanPC\AppData\Local\Programs\MiKTeX\tex/generic/pgf/systemlayer\pgf.
cfg
File: pgf.cfg 2025-08-29 v3.1.11a (3.1.11a)
)
Driver file for pgf: pgfsys-pdftex.def

(C:\Users\RyanPC\AppData\Local\Programs\MiKTeX\tex/generic/pgf/systemlayer\pgfs
ys-pdftex.def
File: pgfsys-pdftex.def 2025-08-29 v3.1.11a (3.1.11a)

(C:\Users\RyanPC\AppData\Local\Programs\MiKTeX\tex/generic/pgf/systemlayer\pgfs
ys-common-pdf.def
File: pgfsys-common-pdf.def 2025-08-29 v3.1.11a (3.1.11a)
)))
(C:\Users\RyanPC\AppData\Local\Programs\MiKTeX\tex/generic/pgf/systemlayer\pgfs
yssoftpath.code.tex
File: pgfsyssoftpath.code.tex 2025-08-29 v3.1.11a (3.1.11a)
\pgfsyssoftpath@smallbuffer@items=\count322
\pgfsyssoftpath@bigbuffer@items=\count323
)
(C:\Users\RyanPC\AppData\Local\Programs\MiKTeX\tex/generic/pgf/systemlayer\pgfs
ysprotocol.code.tex
File: pgfsysprotocol.code.tex 2025-08-29 v3.1.11a (3.1.11a)
))
(C:\Users\RyanPC\AppData\Local\Programs\MiKTeX\tex/generic/pgf/basiclayer\pgfco
re.code.tex
Package: pgfcore 2025-08-29 v3.1.11a (3.1.11a)

(C:\Users\RyanPC\AppData\Local\Programs\MiKTeX\tex/generic/pgf/math\pgfmath.cod
e.tex
(C:\Users\RyanPC\AppData\Local\Programs\MiKTeX\tex/generic/pgf/math\pgfmathutil
.code.tex)
(C:\Users\RyanPC\AppData\Local\Programs\MiKTeX\tex/generic/pgf/math\pgfmathpars
er.code.tex
\pgfmath@dimen=\dimen195
\pgfmath@count=\count324
\pgfmath@box=\box58
\pgfmath@toks=\toks38
\pgfmath@stack@operand=\toks39
\pgfmath@stack@operation=\toks40
)
(C:\Users\RyanPC\AppData\Local\Programs\MiKTeX\tex/generic/pgf/math\pgfmathfunc
tions.code.tex)
(C:\Users\RyanPC\AppData\Local\Programs\MiKTeX\tex/generic/pgf/math\pgfmathfunc
tions.basic.code.tex)
(C:\Users\RyanPC\AppData\Local\Programs\MiKTeX\tex/generic/pgf/math\pgfmathfunc
tions.trigonometric.code.tex)
(C:\Users\RyanPC\AppData\Local\Programs\MiKTeX\tex/generic/pgf/math\pgfmathfunc
tions.random.code.tex)
(C:\Users\RyanPC\AppData\Local\Programs\MiKTeX\tex/generic/pgf/math\pgfmathfunc
tions.comparison.code.tex)
(C:\Users\RyanPC\AppData\Local\Programs\MiKTeX\tex/generic/pgf/math\pgfmathfunc
tions.base.code.tex)
(C:\Users\RyanPC\AppData\Local\Programs\MiKTeX\tex/generic/pgf/math\pgfmathfunc
tions.round.code.tex)
(C:\Users\RyanPC\AppData\Local\Programs\MiKTeX\tex/generic/pgf/math\pgfmathfunc
tions.misc.code.tex)
(C:\Users\RyanPC\AppData\Local\Programs\MiKTeX\tex/generic/pgf/math\pgfmathfunc
tions.integerarithmetics.code.tex)
(C:\Users\RyanPC\AppData\Local\Programs\MiKTeX\tex/generic/pgf/math\pgfmathcalc
.code.tex)
(C:\Users\RyanPC\AppData\Local\Programs\MiKTeX\tex/generic/pgf/math\pgfmathfloa
t.code.tex
\c@pgfmathroundto@lastzeros=\count325
))
(C:\Users\RyanPC\AppData\Local\Programs\MiKTeX\tex/generic/pgf/math\pgfint.code
.tex)
(C:\Users\RyanPC\AppData\Local\Programs\MiKTeX\tex/generic/pgf/basiclayer\pgfco
repoints.code.tex
File: pgfcorepoints.code.tex 2025-08-29 v3.1.11a (3.1.11a)
\pgf@picminx=\dimen196
\pgf@picmaxx=\dimen197
\pgf@picminy=\dimen198
\pgf@picmaxy=\dimen199
\pgf@pathminx=\dimen256
\pgf@pathmaxx=\dimen257
\pgf@pathminy=\dimen258
\pgf@pathmaxy=\dimen259
\pgf@xx=\dimen260
\pgf@xy=\dimen261
\pgf@yx=\dimen262
\pgf@yy=\dimen263
\pgf@zx=\dimen264
\pgf@zy=\dimen265
)
(C:\Users\RyanPC\AppData\Local\Programs\MiKTeX\tex/generic/pgf/basiclayer\pgfco
repathconstruct.code.tex
File: pgfcorepathconstruct.code.tex 2025-08-29 v3.1.11a (3.1.11a)
\pgf@path@lastx=\dimen266
\pgf@path@lasty=\dimen267
)
(C:\Users\RyanPC\AppData\Local\Programs\MiKTeX\tex/generic/pgf/basiclayer\pgfco
repathusage.code.tex
File: pgfcorepathusage.code.tex 2025-08-29 v3.1.11a (3.1.11a)
\pgf@shorten@end@additional=\dimen268
\pgf@shorten@start@additional=\dimen269
)
(C:\Users\RyanPC\AppData\Local\Programs\MiKTeX\tex/generic/pgf/basiclayer\pgfco
rescopes.code.tex
File: pgfcorescopes.code.tex 2025-08-29 v3.1.11a (3.1.11a)
\pgfpic=\box59
\pgf@hbox=\box60
\pgf@layerbox@main=\box61
\pgf@picture@serial@count=\count326
)
(C:\Users\RyanPC\AppData\Local\Programs\MiKTeX\tex/generic/pgf/basiclayer\pgfco
regraphicstate.code.tex
File: pgfcoregraphicstate.code.tex 2025-08-29 v3.1.11a (3.1.11a)
\pgflinewidth=\dimen270
)
(C:\Users\RyanPC\AppData\Local\Programs\MiKTeX\tex/generic/pgf/basiclayer\pgfco
retransformations.code.tex
File: pgfcoretransformations.code.tex 2025-08-29 v3.1.11a (3.1.11a)
\pgf@pt@x=\dimen271
\pgf@pt@y=\dimen272
\pgf@pt@temp=\dimen273
)
(C:\Users\RyanPC\AppData\Local\Programs\MiKTeX\tex/generic/pgf/basiclayer\pgfco
requick.code.tex
File: pgfcorequick.code.tex 2025-08-29 v3.1.11a (3.1.11a)
)
(C:\Users\RyanPC\AppData\Local\Programs\MiKTeX\tex/generic/pgf/basiclayer\pgfco
reobjects.code.tex
File: pgfcoreobjects.code.tex 2025-08-29 v3.1.11a (3.1.11a)
)
(C:\Users\RyanPC\AppData\Local\Programs\MiKTeX\tex/generic/pgf/basiclayer\pgfco
repathprocessing.code.tex
File: pgfcorepathprocessing.code.tex 2025-08-29 v3.1.11a (3.1.11a)
)
(C:\Users\RyanPC\AppData\Local\Programs\MiKTeX\tex/generic/pgf/basiclayer\pgfco
rearrows.code.tex
File: pgfcorearrows.code.tex 2025-08-29 v3.1.11a (3.1.11a)
\pgfarrowsep=\dimen274
)
(C:\Users\RyanPC\AppData\Local\Programs\MiKTeX\tex/generic/pgf/basiclayer\pgfco
reshade.code.tex
File: pgfcoreshade.code.tex 2025-08-29 v3.1.11a (3.1.11a)
\pgf@max=\dimen275
\pgf@sys@shading@range@num=\count327
\pgf@shadingcount=\count328
)
(C:\Users\RyanPC\AppData\Local\Programs\MiKTeX\tex/generic/pgf/basiclayer\pgfco
reimage.code.tex
File: pgfcoreimage.code.tex 2025-08-29 v3.1.11a (3.1.11a)
)
(C:\Users\RyanPC\AppData\Local\Programs\MiKTeX\tex/generic/pgf/basiclayer\pgfco
reexternal.code.tex
File: pgfcoreexternal.code.tex 2025-08-29 v3.1.11a (3.1.11a)
\pgfexternal@startupbox=\box62
)
(C:\Users\RyanPC\AppData\Local\Programs\MiKTeX\tex/generic/pgf/basiclayer\pgfco
relayers.code.tex
File: pgfcorelayers.code.tex 2025-08-29 v3.1.11a (3.1.11a)
)
(C:\Users\RyanPC\AppData\Local\Programs\MiKTeX\tex/generic/pgf/basiclayer\pgfco
retransparency.code.tex
File: pgfcoretransparency.code.tex 2025-08-29 v3.1.11a (3.1.11a)
)
(C:\Users\RyanPC\AppData\Local\Programs\MiKTeX\tex/generic/pgf/basiclayer\pgfco
repatterns.code.tex
File: pgfcorepatterns.code.tex 2025-08-29 v3.1.11a (3.1.11a)
)
(C:\Users\RyanPC\AppData\Local\Programs\MiKTeX\tex/generic/pgf/basiclayer\pgfco
rerdf.code.tex
File: pgfcorerdf.code.tex 2025-08-29 v3.1.11a (3.1.11a)
)))
(C:\Users\RyanPC\AppData\Local\Programs\MiKTeX\tex/generic/pgf/modules\pgfmodul
eshapes.code.tex
File: pgfmoduleshapes.code.tex 2025-08-29 v3.1.11a (3.1.11a)
\pgfnodeparttextbox=\box63
)
(C:\Users\RyanPC\AppData\Local\Programs\MiKTeX\tex/generic/pgf/modules\pgfmodul
eplot.code.tex
File: pgfmoduleplot.code.tex 2025-08-29 v3.1.11a (3.1.11a)
)
(C:\Users\RyanPC\AppData\Local\Programs\MiKTeX\tex/latex/pgf/compatibility\pgfc
omp-version-0-65.sty
Package: pgfcomp-version-0-65 2025-08-29 v3.1.11a (3.1.11a)
\pgf@nodesepstart=\dimen276
\pgf@nodesepend=\dimen277
)
(C:\Users\RyanPC\AppData\Local\Programs\MiKTeX\tex/latex/pgf/compatibility\pgfc
omp-version-1-18.sty
Package: pgfcomp-version-1-18 2025-08-29 v3.1.11a (3.1.11a)
))
(C:\Users\RyanPC\AppData\Local\Programs\MiKTeX\tex/latex/pgf/utilities\pgffor.s
ty
(C:\Users\RyanPC\AppData\Local\Programs\MiKTeX\tex/latex/pgf/utilities\pgfkeys.
sty
(C:\Users\RyanPC\AppData\Local\Programs\MiKTeX\tex/generic/pgf/utilities\pgfkey
s.code.tex))
(C:\Users\RyanPC\AppData\Local\Programs\MiKTeX\tex/latex/pgf/math\pgfmath.sty
(C:\Users\RyanPC\AppData\Local\Programs\MiKTeX\tex/generic/pgf/math\pgfmath.cod
e.tex))
(C:\Users\RyanPC\AppData\Local\Programs\MiKTeX\tex/generic/pgf/utilities\pgffor
.code.tex
Package: pgffor 2025-08-29 v3.1.11a (3.1.11a)
\pgffor@iter=\dimen278
\pgffor@skip=\dimen279
\pgffor@stack=\toks41
\pgffor@toks=\toks42
))
(C:\Users\RyanPC\AppData\Local\Programs\MiKTeX\tex/generic/pgf/frontendlayer/ti
kz\tikz.code.tex
Package: tikz 2025-08-29 v3.1.11a (3.1.11a)

(C:\Users\RyanPC\AppData\Local\Programs\MiKTeX\tex/generic/pgf/libraries\pgflib
raryplothandlers.code.tex
File: pgflibraryplothandlers.code.tex 2025-08-29 v3.1.11a (3.1.11a)
\pgf@plot@mark@count=\count329
\pgfplotmarksize=\dimen280
)
\tikz@lastx=\dimen281
\tikz@lasty=\dimen282
\tikz@lastxsaved=\dimen283
\tikz@lastysaved=\dimen284
\tikz@lastmovetox=\dimen285
\tikz@lastmovetoy=\dimen286
\tikzleveldistance=\dimen287
\tikzsiblingdistance=\dimen288
\tikz@figbox=\box64
\tikz@figbox@bg=\box65
\tikz@tempbox=\box66
\tikz@tempbox@bg=\box67
\tikztreelevel=\count330
\tikznumberofchildren=\count331
\tikznumberofcurrentchild=\count332
\tikz@fig@count=\count333

(C:\Users\RyanPC\AppData\Local\Programs\MiKTeX\tex/generic/pgf/modules\pgfmodul
ematrix.code.tex
File: pgfmodulematrix.code.tex 2025-08-29 v3.1.11a (3.1.11a)
\pgfmatrixcurrentrow=\count334
\pgfmatrixcurrentcolumn=\count335
\pgf@matrix@numberofcolumns=\count336
)
\tikz@expandcount=\count337

(C:\Users\RyanPC\AppData\Local\Programs\MiKTeX\tex/generic/pgf/frontendlayer/ti
kz/libraries\tikzlibrarytopaths.code.tex
File: tikzlibrarytopaths.code.tex 2025-08-29 v3.1.11a (3.1.11a)
)))
(C:\Users\RyanPC\AppData\Local\Programs\MiKTeX\tex/latex/tools\verbatim.sty
Package: verbatim 2024-01-22 v1.5x LaTeX2e package for verbatim enhancements
\every@verbatim=\toks43
\verbatim@line=\toks44
\verbatim@in@stream=\read3
)
(C:\Users\RyanPC\AppData\Local\Programs\MiKTeX\tex/latex/environ\environ.sty
Package: environ 2014/05/04 v0.3 A new way to define environments

(C:\Users\RyanPC\AppData\Local\Programs\MiKTeX\tex/latex/trimspaces\trimspaces.
sty
Package: trimspaces 2009/09/17 v1.1 Trim spaces around a token list
))
\tcb@titlebox=\box68
\tcb@upperbox=\box69
\tcb@lowerbox=\box70
\tcb@phantombox=\box71
\c@tcbbreakpart=\count338
\c@tcblayer=\count339
\c@tcolorbox@number=\count340
\l__tcobox_tmpa_box=\box72
\l__tcobox_tmpa_dim=\dimen289
\tcb@temp=\box73
\tcb@temp=\box74
\tcb@temp=\box75
\tcb@temp=\box76
)
(C:\Users\RyanPC\AppData\Local\Programs\MiKTeX\tex/latex/fancyhdr\fancyhdr.sty
Package: fancyhdr 2025/02/07 v5.2 Extensive control of page headers and footers

\f@nch@headwidth=\skip63
\f@nch@offset@elh=\skip64
\f@nch@offset@erh=\skip65
\f@nch@offset@olh=\skip66
\f@nch@offset@orh=\skip67
\f@nch@offset@elf=\skip68
\f@nch@offset@erf=\skip69
\f@nch@offset@olf=\skip70
\f@nch@offset@orf=\skip71
\f@nch@height=\skip72
\f@nch@footalignment=\skip73
\f@nch@widthL=\skip74
\f@nch@widthC=\skip75
\f@nch@widthR=\skip76
\@temptokenb=\toks45
) (C:\Users\RyanPC\AppData\Local\Programs\MiKTeX\tex/latex/parskip\parskip.sty
Package: parskip 2021-03-14 v2.0h non-zero parskip adjustments
)
(C:\Users\RyanPC\AppData\Local\Programs\MiKTeX\tex/latex/pgfplots\pgfplots.sty
(C:\Users\RyanPC\AppData\Local\Programs\MiKTeX\tex/generic/pgfplots\pgfplots.re
vision.tex)
Package: pgfplots 2021/05/15 v1.18.1 Data Visualization (1.18.1)

(C:\Users\RyanPC\AppData\Local\Programs\MiKTeX\tex/generic/pgfplots\pgfplots.co
de.tex
(C:\Users\RyanPC\AppData\Local\Programs\MiKTeX\tex/generic/pgfplots\pgfplotscor
e.code.tex
\t@pgfplots@toka=\toks46
\t@pgfplots@tokb=\toks47
\t@pgfplots@tokc=\toks48
\pgfplots@tmpa=\dimen290
\c@pgfplots@coordindex=\count341
\c@pgfplots@scanlineindex=\count342

(C:\Users\RyanPC\AppData\Local\Programs\MiKTeX\tex/generic/pgfplots/sys\pgfplot
ssysgeneric.code.tex))
(C:\Users\RyanPC\AppData\Local\Programs\MiKTeX\tex/generic/pgfplots/libs\pgfplo
tslibrary.code.tex)
(C:\Users\RyanPC\AppData\Local\Programs\MiKTeX\tex/generic/pgfplots/oldpgfcompa
tib\pgfplotsoldpgfsupp_loader.code.tex
(C:\Users\RyanPC\AppData\Local\Programs\MiKTeX\tex/generic/pgf/libraries\pgflib
raryfpu.code.tex)
Package pgfplots: loading complementary utilities for your pgf version...
\t@pgf@toka=\toks49
\t@pgf@tokb=\toks50
\t@pgf@tokc=\toks51

(C:\Users\RyanPC\AppData\Local\Programs\MiKTeX\tex/generic/pgfplots/oldpgfcompa
tib\pgfplotsoldpgfsupp_pgfutil-common-lists.tex))
(C:\Users\RyanPC\AppData\Local\Programs\MiKTeX\tex/generic/pgfplots/util\pgfplo
tsutil.code.tex
(C:\Users\RyanPC\AppData\Local\Programs\MiKTeX\tex/generic/pgfplots/liststructu
re\pgfplotsliststructure.code.tex)
(C:\Users\RyanPC\AppData\Local\Programs\MiKTeX\tex/generic/pgfplots/liststructu
re\pgfplotsliststructureext.code.tex)
(C:\Users\RyanPC\AppData\Local\Programs\MiKTeX\tex/generic/pgfplots/liststructu
re\pgfplotsarray.code.tex
\c@pgfplotsarray@tmp=\count343
)
(C:\Users\RyanPC\AppData\Local\Programs\MiKTeX\tex/generic/pgfplots/liststructu
re\pgfplotsmatrix.code.tex)
(C:\Users\RyanPC\AppData\Local\Programs\MiKTeX\tex/generic/pgfplots/numtable\pg
fplotstableshared.code.tex
\c@pgfplotstable@counta=\count344
\t@pgfplotstable@a=\toks52
)
(C:\Users\RyanPC\AppData\Local\Programs\MiKTeX\tex/generic/pgfplots/liststructu
re\pgfplotsdeque.code.tex)
(C:\Users\RyanPC\AppData\Local\Programs\MiKTeX\tex/generic/pgfplots/util\pgfplo
tsbinary.code.tex
(C:\Users\RyanPC\AppData\Local\Programs\MiKTeX\tex/generic/pgfplots/util\pgfplo
tsbinary.data.code.tex))
(C:\Users\RyanPC\AppData\Local\Programs\MiKTeX\tex/generic/pgfplots/util\pgfplo
tsutil.verb.code.tex)
(C:\Users\RyanPC\AppData\Local\Programs\MiKTeX\tex/generic/pgfplots/libs\pgflib
rarypgfplots.surfshading.code.tex
\c@pgfplotslibrarysurf@no=\count345

(C:\Users\RyanPC\AppData\Local\Programs\MiKTeX\tex/generic/pgfplots/sys\pgflibr
arypgfplots.surfshading.pgfsys-pdftex.def)))
(C:\Users\RyanPC\AppData\Local\Programs\MiKTeX\tex/generic/pgfplots/util\pgfplo
tscolormap.code.tex
(C:\Users\RyanPC\AppData\Local\Programs\MiKTeX\tex/generic/pgfplots/util\pgfplo
tscolor.code.tex))
(C:\Users\RyanPC\AppData\Local\Programs\MiKTeX\tex/generic/pgfplots\pgfplotssta
ckedplots.code.tex)
(C:\Users\RyanPC\AppData\Local\Programs\MiKTeX\tex/generic/pgfplots\pgfplotsplo
thandlers.code.tex
(C:\Users\RyanPC\AppData\Local\Programs\MiKTeX\tex/generic/pgfplots\pgfplotsmes
hplothandler.code.tex
(C:\Users\RyanPC\AppData\Local\Programs\MiKTeX\tex/generic/pgfplots\pgfplotsmes
hplotimage.code.tex)))
(C:\Users\RyanPC\AppData\Local\Programs\MiKTeX\tex/generic/pgfplots\pgfplots.sc
aling.code.tex)
(C:\Users\RyanPC\AppData\Local\Programs\MiKTeX\tex/generic/pgfplots\pgfplotscoo
rdprocessing.code.tex)
(C:\Users\RyanPC\AppData\Local\Programs\MiKTeX\tex/generic/pgfplots\pgfplots.er
rorbars.code.tex)
(C:\Users\RyanPC\AppData\Local\Programs\MiKTeX\tex/generic/pgfplots\pgfplots.ma
rkers.code.tex)
(C:\Users\RyanPC\AppData\Local\Programs\MiKTeX\tex/generic/pgfplots\pgfplotstic
ks.code.tex)
(C:\Users\RyanPC\AppData\Local\Programs\MiKTeX\tex/generic/pgfplots\pgfplots.pa
ths.code.tex)
(C:\Users\RyanPC\AppData\Local\Programs\MiKTeX\tex/generic/pgf/frontendlayer/ti
kz/libraries\tikzlibrarydecorations.code.tex
(C:\Users\RyanPC\AppData\Local\Programs\MiKTeX\tex/generic/pgf/modules\pgfmodul
edecorations.code.tex
\pgfdecoratedcompleteddistance=\dimen291
\pgfdecoratedremainingdistance=\dimen292
\pgfdecoratedinputsegmentcompleteddistance=\dimen293
\pgfdecoratedinputsegmentremainingdistance=\dimen294
\pgf@decorate@distancetomove=\dimen295
\pgf@decorate@repeatstate=\count346
\pgfdecorationsegmentamplitude=\dimen296
\pgfdecorationsegmentlength=\dimen297
)
\tikz@lib@dec@box=\box77
)
(C:\Users\RyanPC\AppData\Local\Programs\MiKTeX\tex/generic/pgf/frontendlayer/ti
kz/libraries\tikzlibrarydecorations.pathmorphing.code.tex
(C:\Users\RyanPC\AppData\Local\Programs\MiKTeX\tex/generic/pgf/libraries/decora
tions\pgflibrarydecorations.pathmorphing.code.tex))
(C:\Users\RyanPC\AppData\Local\Programs\MiKTeX\tex/generic/pgf/frontendlayer/ti
kz/libraries\tikzlibrarydecorations.pathreplacing.code.tex
(C:\Users\RyanPC\AppData\Local\Programs\MiKTeX\tex/generic/pgf/libraries/decora
tions\pgflibrarydecorations.pathreplacing.code.tex))
(C:\Users\RyanPC\AppData\Local\Programs\MiKTeX\tex/generic/pgfplots/libs\tikzli
brarypgfplots.contourlua.code.tex)
\pgfplots@numplots=\count347
\pgfplots@xmin@reg=\dimen298
\pgfplots@xmax@reg=\dimen299
\pgfplots@ymin@reg=\dimen300
\pgfplots@ymax@reg=\dimen301
\pgfplots@zmin@reg=\dimen302
\pgfplots@zmax@reg=\dimen303
)
(C:\Users\RyanPC\AppData\Local\Programs\MiKTeX\tex/generic/pgf/frontendlayer/ti
kz/libraries\tikzlibraryplotmarks.code.tex
File: tikzlibraryplotmarks.code.tex 2025-08-29 v3.1.11a (3.1.11a)

(C:\Users\RyanPC\AppData\Local\Programs\MiKTeX\tex/generic/pgf/libraries\pgflib
raryplotmarks.code.tex
File: pgflibraryplotmarks.code.tex 2025-08-29 v3.1.11a (3.1.11a)
)))
(C:\Users\RyanPC\AppData\Local\Programs\MiKTeX\tex/latex/booktabs\booktabs.sty
Package: booktabs 2020/01/12 v1.61803398 Publication quality tables
\heavyrulewidth=\dimen304
\lightrulewidth=\dimen305
\cmidrulewidth=\dimen306
\belowrulesep=\dimen307
\belowbottomsep=\dimen308
\aboverulesep=\dimen309
\abovetopsep=\dimen310
\cmidrulesep=\dimen311
\cmidrulekern=\dimen312
\defaultaddspace=\dimen313
\@cmidla=\count348
\@cmidlb=\count349
\@aboverulesep=\dimen314
\@belowrulesep=\dimen315
\@thisruleclass=\count350
\@lastruleclass=\count351
\@thisrulewidth=\dimen316
) (C:\Users\RyanPC\AppData\Local\Programs\MiKTeX\tex/latex/truncate\truncate.st
y
Package: truncate 2001/08/20  ver 3.6
\@Trunc@RestHyph=\toks53
)
(C:\Users\RyanPC\AppData\Local\Programs\MiKTeX\tex/latex/multirow\multirow.sty
Package: multirow 2024/11/12 v2.9 Span multiple rows of a table
\multirow@colwidth=\skip77
\multirow@cntb=\count352
\multirow@dima=\skip78
\bigstrutjot=\dimen317
) (C:\Users\RyanPC\AppData\Local\Programs\MiKTeX\tex/latex/tools\array.sty
Package: array 2025/09/25 v2.6n Tabular extension package (FMi)
\col@sep=\dimen318
\ar@mcellbox=\box78
\extrarowheight=\dimen319
\NC@list=\toks54
\extratabsurround=\skip79
\backup@length=\skip80
\ar@cellbox=\box79
)
(C:\Users\RyanPC\AppData\Local\Programs\MiKTeX\tex/latex/tools\longtable.sty
Package: longtable 2025-10-13 v4.24 Multi-page Table package (DPC)
\LTleft=\skip81
\LTright=\skip82
\LTpre=\skip83
\LTpost=\skip84
\LTchunksize=\count353
\LTcapwidth=\dimen320
\LT@head=\box80
\LT@firsthead=\box81
\LT@foot=\box82
\LT@lastfoot=\box83
\LT@gbox=\box84
\LT@cols=\count354
\LT@rows=\count355
\c@LT@tables=\count356
\c@LT@chunks=\count357
\LT@p@ftn=\toks55
)
(C:\Users\RyanPC\AppData\Local\Programs\MiKTeX\tex/latex/natbib\natbib.sty
Package: natbib 2010/09/13 8.31b (PWD, AO)
\bibhang=\skip85
\bibsep=\skip86
LaTeX Info: Redefining \cite on input line 694.
\c@NAT@ctr=\count358
)
(C:\Users\RyanPC\AppData\Local\Programs\MiKTeX\tex/generic/pgf/libraries\pgflib
raryarrows.meta.code.tex
File: pgflibraryarrows.meta.code.tex 2025-08-29 v3.1.11a (3.1.11a)
\pgfarrowinset=\dimen321
\pgfarrowlength=\dimen322
\pgfarrowwidth=\dimen323
\pgfarrowlinewidth=\dimen324
)
(C:\Users\RyanPC\AppData\Local\Programs\MiKTeX\tex/generic/pgf/frontendlayer/ti
kz/libraries\tikzlibrarypositioning.code.tex
File: tikzlibrarypositioning.code.tex 2025-08-29 v3.1.11a (3.1.11a)
)
(C:\Users\RyanPC\AppData\Local\Programs\MiKTeX\tex/generic/pgf/frontendlayer/ti
kz/libraries\tikzlibraryfit.code.tex
File: tikzlibraryfit.code.tex 2025-08-29 v3.1.11a (3.1.11a)
)
(C:\Users\RyanPC\AppData\Local\Programs\MiKTeX\tex/generic/pgf/frontendlayer/ti
kz/libraries\tikzlibrarybackgrounds.code.tex
File: tikzlibrarybackgrounds.code.tex 2025-08-29 v3.1.11a (3.1.11a)
\pgf@layerbox@background=\box85
\pgf@layerboxsaved@background=\box86
)
(C:\Users\RyanPC\AppData\Local\Programs\MiKTeX\tex/generic/pgf/frontendlayer/ti
kz/libraries\tikzlibrarycalc.code.tex
File: tikzlibrarycalc.code.tex 2025-08-29 v3.1.11a (3.1.11a)
)
(C:\Users\RyanPC\AppData\Local\Programs\MiKTeX\tex/generic/pgf/frontendlayer/ti
kz/libraries\tikzlibraryshapes.geometric.code.tex
File: tikzlibraryshapes.geometric.code.tex 2025-08-29 v3.1.11a (3.1.11a)

(C:\Users\RyanPC\AppData\Local\Programs\MiKTeX\tex/generic/pgf/libraries/shapes
\pgflibraryshapes.geometric.code.tex
File: pgflibraryshapes.geometric.code.tex 2025-08-29 v3.1.11a (3.1.11a)
))
(C:\Users\RyanPC\AppData\Local\Programs\MiKTeX\tex/generic/pgf/frontendlayer/ti
kz/libraries\tikzlibrarypatterns.code.tex
File: tikzlibrarypatterns.code.tex 2025-08-29 v3.1.11a (3.1.11a)

(C:\Users\RyanPC\AppData\Local\Programs\MiKTeX\tex/generic/pgf/libraries\pgflib
rarypatterns.code.tex
File: pgflibrarypatterns.code.tex 2025-08-29 v3.1.11a (3.1.11a)
))
(C:\Users\RyanPC\AppData\Local\Programs\MiKTeX\tex/latex/tcolorbox\tcbbreakable
.code.tex
Library (tcolorbox): 'tcbbreakable.code.tex' version '6.9.0'
(C:\Users\RyanPC\AppData\Local\Programs\MiKTeX\tex/latex/pdfcol\pdfcol.sty
Package: pdfcol 2022-09-21 v1.7 Handle new color stacks for pdfTeX (HO)
)
Package pdfcol Info: New color stack `tcb@breakable' = 1 on input line 23.
\tcb@testbox=\box87
\tcb@totalupperbox=\box88
\tcb@totallowerbox=\box89
)
(C:\Users\RyanPC\AppData\Local\Programs\MiKTeX\tex/latex/tcolorbox\tcbskins.cod
e.tex
Library (tcolorbox): 'tcbskins.code.tex' version '6.9.0'

(C:\Users\RyanPC\AppData\Local\Programs\MiKTeX\tex/latex/tikzfill\tikzfill.imag
e.sty
Package: tikzfill.image 2026/03/26 v1.1.0 Image filling library for TikZ

(C:\Users\RyanPC\AppData\Local\Programs\MiKTeX\tex/latex/tikzfill\tikzlibraryfi
ll.image.code.tex
File: tikzlibraryfill.image.code.tex 2026/03/26 v1.1.0 Image filling library
\l__tikzfill_tmpa_dim=\dimen325
\l__tikzfill_tmpb_dim=\dimen326
\l__tikzfill_img_box=\box90
))
(C:\Users\RyanPC\AppData\Local\Programs\MiKTeX\tex/latex/tcolorbox\tcbskinsjigs
aw.code.tex
Library (tcolorbox): 'tcbskinsjigsaw.code.tex' version '6.9.0'
))
Package hyperref Info: Option `colorlinks' set `true' on input line 166.
)
(C:\Users\RyanPC\AppData\Local\Programs\MiKTeX\tex/latex/cleveref\cleveref.sty
Package: cleveref 2018/03/27 v0.21.4 Intelligent cross-referencing
Package cleveref Info: `hyperref' support loaded on input line 2370.
LaTeX Info: Redefining \cref on input line 2370.
LaTeX Info: Redefining \Cref on input line 2370.
LaTeX Info: Redefining \crefrange on input line 2370.
LaTeX Info: Redefining \Crefrange on input line 2370.
LaTeX Info: Redefining \cpageref on input line 2370.
LaTeX Info: Redefining \Cpageref on input line 2370.
LaTeX Info: Redefining \cpagerefrange on input line 2370.
LaTeX Info: Redefining \Cpagerefrange on input line 2370.
LaTeX Info: Redefining \labelcref on input line 2370.
LaTeX Info: Redefining \labelcpageref on input line 2370.
Package cleveref Info: `amsthm' support loaded on input line 3026.
)
==> First Aid for cleveref.sty applied!

(C:\Users\RyanPC\AppData\Local\Programs\MiKTeX\tex/latex/l3backend\l3backend-pd
ftex.def
File: l3backend-pdftex.def 2025-10-09 L3 backend support: PDF output (pdfTeX)
\l__color_backend_stack_int=\count359
) (main.aux)
\openout1 = `main.aux'.

LaTeX Font Info:    Checking defaults for OML/cmm/m/it on input line 4.
LaTeX Font Info:    ... okay on input line 4.
LaTeX Font Info:    Checking defaults for OMS/cmsy/m/n on input line 4.
LaTeX Font Info:    ... okay on input line 4.
LaTeX Font Info:    Checking defaults for OT1/cmr/m/n on input line 4.
LaTeX Font Info:    ... okay on input line 4.
LaTeX Font Info:    Checking defaults for T1/cmr/m/n on input line 4.
LaTeX Font Info:    ... okay on input line 4.
LaTeX Font Info:    Checking defaults for TS1/cmr/m/n on input line 4.
LaTeX Font Info:    ... okay on input line 4.
LaTeX Font Info:    Checking defaults for OMX/cmex/m/n on input line 4.
LaTeX Font Info:    ... okay on input line 4.
LaTeX Font Info:    Checking defaults for U/cmr/m/n on input line 4.
LaTeX Font Info:    ... okay on input line 4.
LaTeX Font Info:    Checking defaults for PD1/pdf/m/n on input line 4.
LaTeX Font Info:    ... okay on input line 4.
LaTeX Font Info:    Checking defaults for PU/pdf/m/n on input line 4.
LaTeX Font Info:    ... okay on input line 4.

*geometry* driver: auto-detecting
*geometry* detected driver: pdftex
*geometry* verbose mode - [ preamble ] result:
* driver: pdftex
* paper: a4paper
* layout: <same size as paper>
* layoutoffset:(h,v)=(0.0pt,0.0pt)
* modes: 
* h-part:(L,W,R)=(71.13188pt, 455.24411pt, 71.13188pt)
* v-part:(T,H,B)=(71.13188pt, 702.78308pt, 71.13188pt)
* \paperwidth=597.50787pt
* \paperheight=845.04684pt
* \textwidth=455.24411pt
* \textheight=702.78308pt
* \oddsidemargin=-1.1381pt
* \evensidemargin=-1.1381pt
* \topmargin=-40.1381pt
* \headheight=14.0pt
* \headsep=25.0pt
* \topskip=11.0pt
* \footskip=30.0pt
* \marginparwidth=50.0pt
* \marginparsep=10.0pt
* \columnsep=10.0pt
* \skip\footins=10.0pt plus 4.0pt minus 2.0pt
* \hoffset=0.0pt
* \voffset=0.0pt
* \mag=1000
* \@twocolumnfalse
* \@twosidefalse
* \@mparswitchfalse
* \@reversemarginfalse
* (1in=72.27pt=25.4mm, 1cm=28.453pt)

Package hyperref Info: Link coloring ON on input line 4.
(main.out) (main.out)
\@outlinefile=\write4
\openout4 = `main.out'.


(C:\Users\RyanPC\AppData\Local\Programs\MiKTeX\tex/context/base/mkii\supp-pdf.m
kii
[Loading MPS to PDF converter (version 2006.09.02).]
\scratchcounter=\count360
\scratchdimen=\dimen327
\scratchbox=\box91
\nofMPsegments=\count361
\nofMParguments=\count362
\everyMPshowfont=\toks56
\MPscratchCnt=\count363
\MPscratchDim=\dimen328
\MPnumerator=\count364
\makeMPintoPDFobject=\count365
\everyMPtoPDFconversion=\toks57
)
(C:\Users\RyanPC\AppData\Local\Programs\MiKTeX\tex/latex/epstopdf-pkg\epstopdf-
base.sty
Package: epstopdf-base 2020-01-24 v2.11 Base part for package epstopdf
Package epstopdf-base Info: Redefining graphics rule for `.eps' on input line 4
85.

(C:\Users\RyanPC\AppData\Local\Programs\MiKTeX\tex/latex/00miktex\epstopdf-sys.
cfg
File: epstopdf-sys.cfg 2021/03/18 v2.0 Configuration of epstopdf for MiKTeX
))
Couldn't patch \deferred@thm@head!
Package pgfplots notification 'compat/show suggested version=true': document ha
s been generated with the most recent feature set (\pgfplotsset{compat=1.18}).

[1

{C:/Users/RyanPC/AppData/Local/MiKTeX/fonts/map/pdftex/pdftex.map}] (main.toc
LaTeX Font Info:    Trying to load font information for U+msa on input line 3.
(C:\Users\RyanPC\AppData\Local\Programs\MiKTeX\tex/latex/amsfonts\umsa.fd
File: umsa.fd 2013/01/14 v3.01 AMS symbols A
)
LaTeX Font Info:    Trying to load font information for U+msb on input line 3.

(C:\Users\RyanPC\AppData\Local\Programs\MiKTeX\tex/latex/amsfonts\umsb.fd
File: umsb.fd 2013/01/14 v3.01 AMS symbols B
)
pdfTeX warning (ext4): destination with the same identifier (name{page.1}) has 
been already used, duplicate ignored
<to be read again> 
                   \relax 
l.48 ...{3.5.1}Construction}{41}{subsection.3.5.1}
                                                  % [1

] [2] [3] [4] [5]
[6] [7] [8])
\tf@toc=\write5
\openout5 = `main.toc'.

 [9] [10

] (chapters/01-returns-variance-volatility.tex
Chapter 1.
[11

] [12] [13]
Overfull \hbox (4.93845pt too wide) in paragraph at lines 195--198
 []\OT1/cmr/bx/n/10.95 Portfolio con-struc-tion.[] \OT1/cmr/m/n/10.95 Mean-vari
ance op-ti-miza-tion ([][]Markowitz[][], [][]1952[][]) and risk-parity strate-
 []

[14]
Overfull \hbox (3.92194pt too wide) in paragraph at lines 349--353
 [][] 
 []

[15] [16] [17] [18] [19] [20]
Underfull \hbox (badness 10000) in paragraph at lines 754--754
[]|\OT1/cmr/m/n/10.95 First ev-i-dence that
 []


Underfull \hbox (badness 10000) in paragraph at lines 754--754
\OT1/cmr/m/n/10.95 normal-distribution
 []


Underfull \hbox (badness 10000) in paragraph at lines 754--754
\OT1/cmr/m/n/10.95 as-sump-tions fail for
 []


Underfull \hbox (badness 4144) in paragraph at lines 761--761
[]|\OT1/cmr/m/n/10.95 Documented neg-a-tive cor-re-la-tion
 []


Underfull \hbox (badness 10000) in paragraph at lines 762--762
[]|\OT1/cmr/m/n/10.95 Motivates asym-met-ric
 []


Underfull \hbox (badness 10000) in paragraph at lines 770--771
[]|\OT1/cmr/m/n/10.95 Benchmark ref-er-ence
 []


Underfull \hbox (badness 10000) in paragraph at lines 770--771
\OT1/cmr/m/n/10.95 er-ties any volatil-ity
 []

) (chapters/02-realized-volatility.tex [21] [22]
Chapter 2.
[23

] [24] [25]
Overfull \hbox (7.03128pt too wide) in paragraph at lines 334--340
 [][] 
 []

[26] [27] [28] [29] [30] [31] [32]
Underfull \hbox (badness 10000) in paragraph at lines 686--686
[]|\OT1/cmr/m/n/10.95 Realized vari-ance con-verges to
 []


Underfull \hbox (badness 10000) in paragraph at lines 687--687
[]|\OT1/cmr/m/n/10.95 Foundational re-sult
 []


Underfull \hbox (badness 2707) in paragraph at lines 687--687
\OT1/cmr/m/n/10.95 es-tab-lish-ing RV as a
 []


Underfull \hbox (badness 10000) in paragraph at lines 687--687
\OT1/cmr/m/n/10.95 con-sis-tent, model-free
 []


Underfull \hbox (badness 1052) in paragraph at lines 690--690
\OT1/cmr/m/n/10.95 men-ta-tion with 5-minute FX re-
 []


Underfull \hbox (badness 1320) in paragraph at lines 691--691
\OT1/cmr/m/n/10.95 RV and demon-strated
 []


Underfull \hbox (badness 1102) in paragraph at lines 691--691
\OT1/cmr/m/n/10.95 that drop-ping the in-
 []


Underfull \hbox (badness 10000) in paragraph at lines 693--693
[]|[][]\OT1/cmr/m/n/10.95 Barndorff-Nielsen and
 []


Underfull \hbox (badness 10000) in paragraph at lines 695--695
[]|\OT1/cmr/m/n/10.95 Second foun-da-tional
 []


Underfull \hbox (badness 5939) in paragraph at lines 695--695
\OT1/cmr/m/n/10.95 pa-pers) is the ba-sis
 []


Underfull \hbox (badness 1102) in paragraph at lines 695--695
\OT1/cmr/m/n/10.95 for jump de-tec-tion in
 []

) (chapters/03-microstructure-noise.tex [33] [34]
Chapter 3.
[35

]
Overfull \hbox (7.03886pt too wide) in paragraph at lines 123--126
 []\OT1/cmr/bx/n/10.95 Source 4: Ad-verse se-lec-tion (in-for-ma-tion asym-me-t
ry).[] \OT1/cmr/m/n/10.95 Be-yond me-chan-i-cal noise, spreads
 []

[36] [37] [38] [39]
Underfull \hbox (badness 6204) in paragraph at lines 335--339
[]\OT1/cmr/m/n/10.95 Both $[][]$ and $[][]$ con-tain a noise bias pro-por-tiona
l to $2\OML/cmm/m/it/10.95 ![] \OMS/cmsy/m/n/10.95 ^^B
 []


Overfull \hbox (10.05359pt too wide) in paragraph at lines 407--411
 [][] 
 []

[40] [41] [42]
Overfull \hbox (0.76245pt too wide) in paragraph at lines 587--588
[]\OT1/cmr/bx/n/10.95 Kernel weight-ing\OT1/cmr/m/n/10.95 : By in-clud-ing thes
e neg-a-tive au-to-co-vari-ances with ap-pro-pri-ate weights,
 []

[43] [44]
Underfull \hbox (badness 6157) in paragraph at lines 841--841
\OT1/cmr/m/n/10.95 fore-cast-ing ([][]Liu et al.[][],
 []


Underfull \hbox (badness 7944) in paragraph at lines 844--844
\OT1/cmr/m/n/10.95 ker-nel stan-dard; band-
 []

[45] [46] [47]
Underfull \hbox (badness 3849) in paragraph at lines 959--959
[]|\OT1/cmr/m/n/10.95 Characterized the ef-fect of mi-
 []


Underfull \hbox (badness 1701) in paragraph at lines 959--959
\OT1/cmr/m/n/10.95 gence as sam-pling fre-quency in-
 []


Underfull \hbox (badness 3260) in paragraph at lines 960--960
\OT1/cmr/m/n/10.95 anal-y-sis of the noise
 []


Underfull \hbox (badness 1584) in paragraph at lines 964--964
[]|\OT1/cmr/m/n/10.95 Theoretical foun-da-tion
 []


Underfull \hbox (badness 10000) in paragraph at lines 968--968
[]|\OT1/cmr/m/n/10.95 The sim-plest noise-
 []


Underfull \hbox (badness 10000) in paragraph at lines 968--968
\OT1/cmr/m/n/10.95 robust es-ti-ma-tor;
 []


Underfull \hbox (badness 2503) in paragraph at lines 972--972
[]|\OT1/cmr/m/n/10.95 Proved the $\OML/cmm/m/it/10.95 n[]$ \OT1/cmr/m/n/10.95 e
f-
 []


Underfull \hbox (badness 10000) in paragraph at lines 972--972
\OT1/cmr/m/n/10.95 fi-ciency bound for
 []


Underfull \hbox (badness 10000) in paragraph at lines 972--972
\OT1/cmr/m/n/10.95 noise-contaminated
 []


Underfull \hbox (badness 10000) in paragraph at lines 974--974
[]|[][]\OT1/cmr/m/n/10.95 Barndorff-Nielsen et al.[][]
 []


Underfull \hbox (badness 5893) in paragraph at lines 976--976
\OT1/cmr/m/n/10.95 noise-robust es-ti-ma-tor
 []


Underfull \hbox (badness 1248) in paragraph at lines 984--984
[]|\OT1/cmr/m/n/10.95 Useful when you also
 []


Underfull \hbox (badness 2088) in paragraph at lines 988--989
[]|\OT1/cmr/m/n/10.95 Key prac-ti-cal find-ing:
 []

) (chapters/04-jumps-continuous-variation.tex [48] [49]
Chapter 4.
[50

] [51]

Package hyperref Warning: Token not allowed in a PDF string (Unicode):
(hyperref)                removing `math shift' on input line 177.


Package hyperref Warning: Token not allowed in a PDF string (Unicode):
(hyperref)                removing `\pi' on input line 177.


Package hyperref Warning: Token not allowed in a PDF string (Unicode):
(hyperref)                removing `math shift' on input line 177.

[52] [53] [54] [55]
Overfull \hbox (3.97453pt too wide) in paragraph at lines 554--560
 [][] 
 []

[56] [57] [58] [59] [60]
Underfull \hbox (badness 10000) in paragraph at lines 795--795
[]|[][]\OT1/cmr/m/n/10.95 Barndorff-Nielsen and
 []


Underfull \hbox (badness 10000) in paragraph at lines 797--797
[]|\OT1/cmr/m/n/10.95 Foundational es-ti-ma-tor
 []


Underfull \hbox (badness 10000) in paragraph at lines 799--799
[]|[][]\OT1/cmr/m/n/10.95 Barndorff-Nielsen and
 []


Underfull \hbox (badness 4391) in paragraph at lines 807--807
[]|[][]\OT1/cmr/m/n/10.95 A^^?^^Pt-Sahalia and Ja-cod[][]
 []


Underfull \hbox (badness 1226) in paragraph at lines 809--809
[]|\OT1/cmr/m/n/10.95 Alternative to BNS for
 []


Underfull \hbox (badness 10000) in paragraph at lines 809--809
\OT1/cmr/m/n/10.95 noisy high-frequency
 []


Underfull \hbox (badness 1521) in paragraph at lines 812--812
[]|\OT1/cmr/m/n/10.95 Threshold-based HAR-CJ de-com-
 []


Underfull \hbox (badness 2096) in paragraph at lines 812--812
\OT1/cmr/m/n/10.95 po-si-tion im-proves volatil-ity fore-
 []


Underfull \hbox (badness 2142) in paragraph at lines 816--816
\OT1/cmr/m/n/10.95 zero per-sis-tence; fore-cast-ing im-
 []


Underfull \hbox (badness 10000) in paragraph at lines 817--818
[]|\OT1/cmr/m/n/10.95 Motivates the jump-
 []


Underfull \hbox (badness 10000) in paragraph at lines 817--818
\OT1/cmr/m/n/10.95 continuous de-com-po-si-
 []

) [61] [62

] (chapters/05-garch-family.tex
Chapter 5.
[63

] [64] [65] [66] [67] [68]
Overfull \hbox (0.91876pt too wide) in paragraph at lines 590--591
 [] 
 []

[69] [70]
Underfull \hbox (badness 10000) in paragraph at lines 748--748
[]|\OT1/cmr/bx/n/10.95 Realized
 []


Underfull \hbox (badness 7415) in paragraph at lines 752--753
[]|\OT1/cmr/m/n/10.95 Daily re-turns $+$
 []


Underfull \hbox (badness 7415) in paragraph at lines 753--753
[]|\OT1/cmr/m/n/10.95 Daily re-turns $+$
 []


Underfull \hbox (badness 1048) in paragraph at lines 760--761
[][]$ \OT1/cmr/m/n/10.95 via mea-sure-
 []


Underfull \hbox (badness 7203) in paragraph at lines 761--761
[]|\OT1/cmr/m/n/10.95 Two: $\OML/cmm/m/it/10.95 ^^[[]$ \OT1/cmr/m/n/10.95 (re-
 []


Underfull \hbox (badness 8019) in paragraph at lines 761--761
\OT1/cmr/m/n/10.95 turns) and $\OML/cmm/m/it/10.95 ^^V[]$
 []


Underfull \hbox (badness 10000) in paragraph at lines 763--764
\OT1/cmr/m/n/10.95 needs GJR or
 []


Underfull \hbox (badness 10000) in paragraph at lines 773--773
[]|\OT1/cmr/m/n/10.95 Equation-by-
 []


Underfull \hbox (badness 2744) in paragraph at lines 773--773
\OT1/cmr/m/n/10.95 equation or joint
 []


Underfull \hbox (badness 1442) in paragraph at lines 775--776
[]|\OT1/cmr/m/n/10.95 No in-tra-day data
 []


Underfull \hbox (badness 10000) in paragraph at lines 776--777
[]|\OT1/cmr/m/n/10.95 Intraday data
 []


Underfull \hbox (badness 1303) in paragraph at lines 776--777
\OT1/cmr/m/n/10.95 avail-able; want a
 []


Underfull \hbox (badness 10000) in paragraph at lines 776--777
\OT1/cmr/m/n/10.95 sin-gle in-te-grated
 []


Underfull \hbox (badness 10000) in paragraph at lines 777--778
[]|\OT1/cmr/m/n/10.95 Intraday data
 []


Underfull \hbox (badness 10000) in paragraph at lines 777--778
\OT1/cmr/m/n/10.95 avail-able; want
 []


Underfull \hbox (badness 10000) in paragraph at lines 777--778
\OT1/cmr/m/n/10.95 fast re-sponse to
 []

[71]
Overfull \hbox (3.61467pt too wide) in paragraph at lines 808--810
[]\OT1/cmr/m/n/10.95 Higher-order GARCH($\OML/cmm/m/it/10.95 p; q$\OT1/cmr/m/n/
10.95 ) rarely im-proves on GARCH(1,1) in prac-tice ([][]Hansen and Lunde[][],
 []

[72]
Underfull \hbox (badness 1168) in paragraph at lines 854--856
[]|\OT1/cmr/m/n/10.95 Single mem-ory term re-places many
 []


Underfull \hbox (badness 3396) in paragraph at lines 858--860
[]|\OT1/cmr/m/n/10.95 Negative re-turns in-crease volatil-ity
 []


Underfull \hbox (badness 2707) in paragraph at lines 870--872
[]|\OT1/cmr/m/n/10.95 Among 330 mod-els, no sig-nif-i-cant
 []


Underfull \hbox (badness 1248) in paragraph at lines 878--880
[]|\OT1/cmr/m/n/10.95 Incorporating $[][]$ via mea-sure-ment
 []


Underfull \hbox (badness 10000) in paragraph at lines 878--880
\OT1/cmr/m/n/10.95 equa-tion sub-stan-tially out-per-forms
 []


Underfull \hbox (badness 1831) in paragraph at lines 882--884
\OT1/cmr/m/n/10.95 ment to regime changes; strongest
 []


Overfull \hbox (2.38614pt too wide) in paragraph at lines 844--886
 [] 
 []

) (chapters/06-har-model.tex [73]
Chapter 6.
[74

] [75] [76]
Overfull \hbox (62.18364pt too wide) in paragraph at lines 237--241
 [][] 
 []

[77] [78] [79] [80] [81] [82] [83] [84] [85] [86]
Overfull \hbox (21.74892pt too wide) in paragraph at lines 838--851
 [][] 
 []


Package hyperref Warning: Token not allowed in a PDF string (Unicode):
(hyperref)                removing `math shift' on input line 861.


Package hyperref Warning: Token not allowed in a PDF string (Unicode):
(hyperref)                removing `subscript' on input line 861.


Package hyperref Warning: Token not allowed in a PDF string (Unicode):
(hyperref)                removing `math shift' on input line 861.


Package hyperref Warning: Token not allowed in a PDF string (Unicode):
(hyperref)                removing `math shift' on input line 861.


Package hyperref Warning: Token not allowed in a PDF string (Unicode):
(hyperref)                removing `subscript' on input line 861.


Package hyperref Warning: Token not allowed in a PDF string (Unicode):
(hyperref)                removing `math shift' on input line 861.

[87] [88] [89] [90] [91]
Underfull \hbox (badness 10000) in paragraph at lines 1101--1103
\OT1/cmr/m/n/10.95 monthly RV) ap-prox-i-mate long-
 []


Underfull \hbox (badness 1742) in paragraph at lines 1110--1111
[]|\OT1/cmr/m/n/10.95 Full con-tin-u-ous/jump de-com-po-si-tion
 []


Underfull \hbox (badness 10000) in paragraph at lines 1112--1113
[]|\OT1/cmr/m/n/10.95 SHAR (semi-vari-
 []


Underfull \hbox (badness 10000) in paragraph at lines 1116--1117
[]|\OT1/cmr/m/n/10.95 HARQ (mea-sure-
 []


Underfull \hbox (badness 4266) in paragraph at lines 1118--1119
[]|\OT1/cmr/m/n/10.95 Varying the daily co-ef-fi-cient with
 []


Underfull \hbox (badness 2050) in paragraph at lines 1122--1123
\OT1/cmr/m/n/10.95 dic-tors while pre-serv-ing core HAR
 []


Underfull \hbox (badness 2020) in paragraph at lines 1122--1123
\OT1/cmr/m/n/10.95 struc-ture; pre-vents over-fit-ting with
 []


Underfull \hbox (badness 10000) in paragraph at lines 1126--1128
[]|\OT1/cmr/m/n/10.95 Large-scale HAR-X with
 []


Underfull \hbox (badness 6758) in paragraph at lines 1126--1128
\OT1/cmr/m/n/10.95 macro/market pre-dic-tors; con-firms
 []

[92]) (chapters/07-rough-volatility.tex [93]
Chapter 7.
[94

] [95]

Package hyperref Warning: Token not allowed in a PDF string (Unicode):
(hyperref)                removing `math shift' on input line 269.


Package hyperref Warning: Token not allowed in a PDF string (Unicode):
(hyperref)                removing `math shift' on input line 269.

[96] [97] [98] [99] [100] [101] [102]
Overfull \hbox (6.10167pt too wide) in paragraph at lines 663--664
[][][]\OT1/cmr/m/n/10.95 Cont and Das[][] ([][]2024[][]) ar-gue that ob-served 
rough-ness ($\OML/cmm/m/it/10.95 H \OMS/cmsy/m/n/10.95 ^^Y \OT1/cmr/m/n/10.95 0
\OML/cmm/m/it/10.95 :\OT1/cmr/m/n/10.95 1$) is \OT1/cmr/bx/n/10.95 partly a mic
rostructure-
 []


Underfull \hbox (badness 10000) in paragraph at lines 690--691
[]|\OT1/cmr/m/n/10.95 Cross-asset uni-ver-
 []


Underfull \hbox (badness 1097) in paragraph at lines 692--693
[]|$\OML/cmm/m/it/10.95 H \OMS/cmsy/m/n/10.95 ^^Y \OT1/cmr/m/n/10.95 0\OML/cmm/
m/it/10.95 :\OT1/cmr/m/n/10.95 1$ is uni-ver-sal across as-set
 []


Underfull \hbox (badness 1590) in paragraph at lines 698--699
[]|\OT1/cmr/m/n/10.95 Roughness as arte-
 []

[103]) [104] [105

] (chapters/08-options-vol-surface.tex
Chapter 8.
[106

] [107] [108] [109] [110] [111] [112] [113]
Overfull \hbox (9.68346pt too wide) in paragraph at lines 577--581
 [][] 
 []

[114] [115] [116] [117] [118] [119] [120] [121] [122] [123] [124] [125]
Underfull \hbox (badness 10000) in paragraph at lines 1222--1222
[]|$\OML/cmm/m/it/10.95 C \OT1/cmr/m/n/10.95 = \OML/cmm/m/it/10.95 S\OT1/cmr/m/
n/10.95 ^^H(\OML/cmm/m/it/10.95 d[]\OT1/cmr/m/n/10.95 ) \OMS/cmsy/m/n/10.95 ^^@

 []


Underfull \hbox (badness 10000) in paragraph at lines 1224--1225
[]|\OT1/cmr/m/n/10.95 Market-priced, forward-
 []


Underfull \hbox (badness 4144) in paragraph at lines 1224--1225
\OT1/cmr/m/n/10.95 looking mea-sure of un-cer-
 []


Underfull \hbox (badness 10000) in paragraph at lines 1226--1227
[]|\OT1/cmr/m/n/10.95 Reveals crash-risk pric-ing,
 []


Underfull \hbox (badness 3291) in paragraph at lines 1226--1227
\OT1/cmr/m/n/10.95 fat-tail be-liefs, and mean-
 []


Underfull \hbox (badness 6910) in paragraph at lines 1228--1228
[]|$[][] \OT1/cmr/m/n/10.95 = [](\OML/cmm/m/it/10.95 ^^[[] \OT1/cmr/m/n/10.95 +

 []


Underfull \hbox (badness 7595) in paragraph at lines 1228--1229
\OT1/cmr/m/n/10.95 thog-o-nal to skew; crisis-
 []


Underfull \hbox (badness 4531) in paragraph at lines 1232--1233
[]|\OT1/cmr/m/n/10.95 Extracts ex-pected vari-ance
 []

) (chapters/09-variance-risk-premium.tex [126] [127]
Chapter 9.
[128

] [129] [130] [131] [132] [133] [134] [135] [136] [137] [138]

Package hyperref Warning: Token not allowed in a PDF string (Unicode):
(hyperref)                removing `math shift' on input line 647.


Package hyperref Warning: Token not allowed in a PDF string (Unicode):
(hyperref)                removing `math shift' on input line 647.

[139] [140]
Underfull \hbox (badness 7740) in paragraph at lines 777--777
[]|[][]\OT1/cmr/m/n/10.95 Drechsler and Yaron[][]
 []


Underfull \hbox (badness 10000) in paragraph at lines 778--778
[]|\OT1/cmr/m/n/10.95 Long-run risk model with
 []


Underfull \hbox (badness 3240) in paragraph at lines 778--778
\OT1/cmr/m/n/10.95 Epstein-Zin pref-er-ences gen-er-
 []


Underfull \hbox (badness 1168) in paragraph at lines 778--778
\OT1/cmr/m/n/10.95 ates a pos-i-tive VRP in equi-
 []


Underfull \hbox (badness 10000) in paragraph at lines 778--778
\OT1/cmr/m/n/10.95 lib-rium through time-varying
 []


Underfull \hbox (badness 5637) in paragraph at lines 779--779
[]|\OT1/cmr/m/n/10.95 Provides the the-o-ret-i-cal
 []


Underfull \hbox (badness 4739) in paragraph at lines 781--781
[]|[][]\OT1/cmr/m/n/10.95 Bekaert and Ho-erova[][]
 []


Underfull \hbox (badness 1057) in paragraph at lines 783--783
\OT1/cmr/m/n/10.95 drives re-turn pre-dictabil-
 []


Underfull \hbox (badness 1152) in paragraph at lines 786--786
[]|\OT1/cmr/m/n/10.95 Decompose VRP into normal-
 []


Underfull \hbox (badness 1259) in paragraph at lines 786--786
\OT1/cmr/m/n/10.95 the tail pre-mium drives most
 []


Underfull \hbox (badness 1062) in paragraph at lines 790--790
\OT1/cmr/m/n/10.95 work for vari-ance risk pre-mia
 []


Underfull \hbox (badness 2837) in paragraph at lines 791--791
[]|\OT1/cmr/m/n/10.95 Quantifies the fre-quency
 []


Underfull \hbox (badness 7221) in paragraph at lines 794--794
\OT1/cmr/m/n/10.95 to-RV-to-VRP pipeline; ML-
 []


Underfull \hbox (badness 1137) in paragraph at lines 794--794
\OT1/cmr/m/n/10.95 based $\U/msb/m/n/10.95 P$\OT1/cmr/m/n/10.95 -measure fore-c
asts im-
 []


Underfull \hbox (badness 7291) in paragraph at lines 795--796
[]|\OT1/cmr/m/n/10.95 Connects VRP to ML
 []


Underfull \hbox (badness 2932) in paragraph at lines 795--796
\OT1/cmr/m/n/10.95 meth-ods used in Chap-
 []

) [141] [142

] (chapters/10-feature-engineering.tex
Chapter 10.

Overfull \hbox (13.38208pt too wide) in paragraph at lines 89--90
 [][] 
 []

[143

] [144] [145] [146] [147] [148] [149] [150] [151] [152] [153] [154]
[155] [156] [157] [158] [159] [160] [161]
Overfull \hbox (4.90732pt too wide) detected at line 937
\OML/cmm/m/it/10.95 w[] \OT1/cmr/m/n/10.95 = 1\OML/cmm/m/it/10.95 ;  w[] \OT1/c
mr/m/n/10.95 = \OMS/cmsy/m/n/10.95 ^^@\OT1/cmr/m/n/10.95 0\OML/cmm/m/it/10.95 :
\OT1/cmr/m/n/10.95 4\OML/cmm/m/it/10.95 ;  w[] \OT1/cmr/m/n/10.95 = [] = 0\OML/
cmm/m/it/10.95 :\OT1/cmr/m/n/10.95 28\OML/cmm/m/it/10.95 ;  w[] \OT1/cmr/m/n/10
.95 = [] = \OMS/cmsy/m/n/10.95 ^^@\OT1/cmr/m/n/10.95 0\OML/cmm/m/it/10.95 :\OT1
/cmr/m/n/10.95 224\OML/cmm/m/it/10.95 ;  []
 []

[162]
Overfull \hbox (10.34494pt too wide) in paragraph at lines 1002--1006
\OT1/cmr/m/n/10.95 prints are as-so-ci-ated with el-e-vated re-al-ized volatil-
ity. En-code these as bi-nary dum-mies: $\OT1/cmr/bx/n/10.95 1\OT1/cmr/m/n/10.9
5 ([][])$,
 []

[163] [164] [165] [166] [167] [168] [169]
Overfull \hbox (21.08702pt too wide) in paragraph at lines 1364--1364
[]\OT1/cmr/bx/n/14.4 Proving a Fea-ture Adds Value: The Incremental-Information

 []

[170] [171] [172]
Overfull \hbox (151.7292pt too wide) in paragraph at lines 1444--1454
 [][] 
 []

[173]
Overfull \hbox (1.11612pt too wide) in paragraph at lines 1569--1578
 [][] 
 []

[174] [175]
Underfull \hbox (badness 4036) in paragraph at lines 1640--1640
[]|\OT1/cmr/m/n/10.95 Leverage ef-fect, $[][]$ $\OMS/cmsy/m/n/10.95 ^^Y$ \OT1/c
mr/m/n/10.95 2$\OMS/cmsy/m/n/10.95 ^^B$
 []


Underfull \hbox (badness 5077) in paragraph at lines 1644--1644
[]|\OT1/cmr/m/n/10.95 Forward-looking; VRP, skew,
 []


Underfull \hbox (badness 10000) in paragraph at lines 1646--1646
[]|\OT1/cmr/m/n/10.95 Stationarity with mem-ory
 []

) (chapters/11-tree-methods-vol.tex [176]
Chapter 11.
[177

] [178] [179]

Package amsmath Warning: Foreign command \atop;
(amsmath)                \frac or \genfrac should be used instead
(amsmath)                 on input line 257.

[180] [181] [182] [183] [184] [185]
Underfull \hbox (badness 10000) in paragraph at lines 724--725
[]|\OT1/cmr/bx/n/10.95 Beeswarm
 []


Underfull \hbox (badness 10000) in paragraph at lines 725--726
[]|\OT1/cmr/m/n/10.95 Global, all
 []


Underfull \hbox (badness 2012) in paragraph at lines 726--728
\OT1/cmr/m/n/10.95 (red high, blue low);
 []


Underfull \hbox (badness 10000) in paragraph at lines 728--729
\OT1/cmr/m/n/10.95 which di-rec-tion (does
 []


Underfull \hbox (badness 10000) in paragraph at lines 731--732
[]|\OT1/cmr/m/n/10.95 Per-
 []


Underfull \hbox (badness 10000) in paragraph at lines 731--732
\OT1/cmr/m/n/10.95 observation
 []


Underfull \hbox (badness 10000) in paragraph at lines 734--735
[]|\OT1/cmr/m/n/10.95 Reveal non-lin-ear-
 []


Underfull \hbox (badness 10000) in paragraph at lines 734--735
\OT1/cmr/m/n/10.95 ity/thresholds in a
 []


Underfull \hbox (badness 10000) in paragraph at lines 734--735
\OT1/cmr/m/n/10.95 way in-ter-ac-tions (e.g.
 []


Underfull \hbox (badness 4254) in paragraph at lines 734--735
\OT1/cmr/m/n/10.95 lagged $[]$ $\OMS/cmsy/m/n/10.95 ^^B$ \OT1/cmr/m/n/10.95 im-
plied
 []


Underfull \hbox (badness 1231) in paragraph at lines 738--740
\OT1/cmr/m/n/10.95 base value $\U/msb/m/n/10.95 E\OT1/cmr/m/n/10.95 [\OML/cmm/m
/it/10.95 f\OT1/cmr/m/n/10.95 (\OT1/cmr/bx/n/10.95 x\OT1/cmr/m/n/10.95 )]$ to
 []


Underfull \hbox (badness 1783) in paragraph at lines 740--741
[]|\OT1/cmr/m/n/10.95 Explain \OT1/cmr/m/it/10.95 one \OT1/cmr/m/n/10.95 pre-di
c-tion
 []


Underfull \hbox (badness 2426) in paragraph at lines 744--745
[]|\OT1/cmr/m/n/10.95 The same de-com-po-si-
 []


Underfull \hbox (badness 1874) in paragraph at lines 744--745
\OT1/cmr/m/n/10.95 tion as the wa-ter-fall,
 []

[186]
Overfull \hbox (1.92499pt too wide) in paragraph at lines 782--782
[]|\OT1/cmr/bx/n/10.95 Granularity| 
 []


Underfull \hbox (badness 10000) in paragraph at lines 785--786
[]|\OT1/cmr/m/n/10.95 Local (per
 []


Underfull \hbox (badness 10000) in paragraph at lines 785--786
\OT1/cmr/m/n/10.95 day), sums
 []


Underfull \hbox (badness 3088) in paragraph at lines 785--786
\OT1/cmr/m/n/10.95 to the pre-
 []


Underfull \hbox (badness 1968) in paragraph at lines 788--789
[]|\OT1/cmr/m/n/10.95 Presentation charts, de-
 []


Underfull \hbox (badness 1540) in paragraph at lines 788--789
\OT1/cmr/m/n/10.95 bug-ging sin-gle fore-casts,
 []


Underfull \hbox (badness 10000) in paragraph at lines 791--792
[]|\OT1/cmr/m/n/10.95 Global,
 []


Underfull \hbox (badness 5119) in paragraph at lines 791--792
\OT1/cmr/m/n/10.95 in units of
 []


Overfull \hbox (1.7354pt too wide) in paragraph at lines 791--792
[]$\OT1/cmr/m/n/10.95 /MSE
 []


Underfull \hbox (badness 10000) in paragraph at lines 792--795
[]|\OT1/cmr/m/n/10.95 Model-agnostic, un-bi-ased
 []


Underfull \hbox (badness 5403) in paragraph at lines 792--795
\OT1/cmr/m/n/10.95 the right rank-ing when
 []


Underfull \hbox (badness 4156) in paragraph at lines 792--795
\OT1/cmr/m/n/10.95 with each other); costs
 []


Underfull \hbox (badness 2671) in paragraph at lines 797--798
[]|\OT1/cmr/m/n/10.95 Global, free
 []


Underfull \hbox (badness 10000) in paragraph at lines 798--801
[]|\OT1/cmr/m/n/10.95 Biased to-ward high-
 []


Underfull \hbox (badness 2065) in paragraph at lines 798--801
\OT1/cmr/m/n/10.95 vs. a yes/no jump flag)
 []

[187] [188] [189] [190] [191] [192] [193]
Underfull \hbox (badness 3601) in paragraph at lines 1265--1266
[]|\OT1/cmr/m/n/10.95 Randomly re-moves \OT1/cmr/m/it/10.95 en-tire trees
 []


Overfull \hbox (10.39236pt too wide) in paragraph at lines 1259--1277
 [] 
 []


Overfull \hbox (15.0639pt too wide) in paragraph at lines 1279--1283
[]\OT1/cmr/m/n/10.95 Shrinkage and DART are not mu-tu-ally ex-clu-sive. In Ligh
t-GBM, you can set \OT1/cmtt/m/n/10.95 boosting[]type='dart'
 []

[194] [195]
Underfull \hbox (badness 5050) in paragraph at lines 1387--1389
[]|\OT1/cmr/m/n/10.95 Primary ev-i-dence for
 []


Underfull \hbox (badness 2197) in paragraph at lines 1390--1391
[]|\OT1/cmr/m/n/10.95 Linear mod-els com-pet-i-tive when
 []


Underfull \hbox (badness 10000) in paragraph at lines 1395--1396
[]|[][]\OT1/cmr/m/n/10.95 Rahimikia and Poon[][]
 []


Underfull \hbox (badness 5050) in paragraph at lines 1404--1405
[]|\OT1/cmr/m/n/10.95 Canonical ML horse-
 []


Underfull \hbox (badness 10000) in paragraph at lines 1405--1406
[]|[][]\OT1/cmr/m/n/10.95 Vinayak and Gilad-
 []


Underfull \hbox (badness 10000) in paragraph at lines 1408--1409
[]|\OT1/cmr/m/n/10.95 Regularization tech-
 []

) (chapters/12-rashomon-interpretable-trees.tex [196]
Chapter 12.
[197

] [198] [199] [200] [201] [202] [203] [204] [205] [206] [207] [208]
[209]) (chapters/12-deep-learning-vol.tex [210]
Chapter 13.
[211

] [212] [213] [214] [215] [216] [217] [218] [219] [220] [221] [222]
Overfull \hbox (12.19974pt too wide) in paragraph at lines 797--798
[]\OT1/cmr/m/n/10.95 Modern time-series ar-chi-tec-tures (N-BEATS, PatchTST, Ti
DE, TSMixer) are well-engineered
 []


Overfull \hbox (144.03479pt too wide) in paragraph at lines 811--861
 [] 
 []

[223]) (chapters/13-hybrid-ensemble.tex [224]
Chapter 14.
[225

]
Overfull \hbox (58.40714pt too wide) in paragraph at lines 171--173
 [][] 
 []

[226] [227]
Overfull \hbox (33.36179pt too wide) in paragraph at lines 367--369
 [][] 
 []

[228] [229] [230]
Overfull \hbox (9.12653pt too wide) in paragraph at lines 594--601
\OT1/cmr/m/n/10.95 weighted av-er-age (Equa-tion []) and a ridge meta-learner o
n OOS pre-dic-tions (Equa-tion []).
 []

[231] [232] [233]
Underfull \hbox (badness 5274) in paragraph at lines 833--834
[]|\OT1/cmr/bx/n/10 Residual Stack-
 []


Underfull \hbox (badness 10000) in paragraph at lines 834--835
[]|\OT1/cmr/bx/n/10 Prediction Blend-
 []


Underfull \hbox (badness 2310) in paragraph at lines 837--838
[]|\OT1/cmr/m/n/10 High (joint train-
 []


Underfull \hbox (badness 10000) in paragraph at lines 837--838
\OT1/cmr/m/n/10 ing, em-bed-ding
 []


Underfull \hbox (badness 1264) in paragraph at lines 838--839
[]|\OT1/cmr/m/n/10 Moderate (se-quen-
 []


Underfull \hbox (badness 10000) in paragraph at lines 839--840
[]|\OT1/cmr/m/n/10 Low (in-de-pen-dent
 []


Underfull \hbox (badness 1817) in paragraph at lines 842--843
[]|\OT1/cmr/m/n/10 Broken (tree can-
 []


Underfull \hbox (badness 1038) in paragraph at lines 842--843
\OT1/cmr/m/n/10 not back-prop into
 []


Underfull \hbox (badness 1571) in paragraph at lines 843--844
[]|\OT1/cmr/m/n/10 Clean (each stage
 []


Underfull \hbox (badness 1137) in paragraph at lines 844--845
[]|\OT1/cmr/m/n/10 N/A (no cross-model
 []


Underfull \hbox (badness 10000) in paragraph at lines 847--848
[]|\OT1/cmr/m/n/10 Opaque (em-bed-
 []


Underfull \hbox (badness 10000) in paragraph at lines 847--848
\OT1/cmr/m/n/10 ding di-men-sions
 []


Underfull \hbox (badness 10000) in paragraph at lines 849--850
[]|\OT1/cmr/m/n/10 Clear (in-di-vid-ual
 []


Underfull \hbox (badness 10000) in paragraph at lines 849--850
\OT1/cmr/m/n/10 model fore-casts are
 []


Underfull \hbox (badness 2285) in paragraph at lines 851--852
[]|\OT1/cmr/m/n/10 Fallback strat-
 []


Underfull \hbox (badness 2644) in paragraph at lines 852--853
[]|\OT1/cmr/m/n/10 Must re-train tree
 []


Underfull \hbox (badness 1158) in paragraph at lines 853--854
[]|\OT1/cmr/m/n/10 Drop later stages;
 []


Underfull \hbox (badness 10000) in paragraph at lines 854--855
[]|\OT1/cmr/m/n/10 Drop one model;
 []


Underfull \hbox (badness 10000) in paragraph at lines 857--858
\OT1/cmr/m/n/10 per demon-strates
 []


Underfull \hbox (badness 10000) in paragraph at lines 858--859
[]|\OT1/cmr/m/n/10 Strong (HARQ-X
 []


Underfull \hbox (badness 10000) in paragraph at lines 859--860
[]|\OT1/cmr/m/n/10 Strong ([][]Op-tiver[][],
 []

[234] [235] [236] [237] [238]
Overfull \hbox (47.25047pt too wide) detected at line 1147
\OMS/cmsy/m/n/10.95 k\OT1/cmr/bx/n/10.95 x[] \OMS/cmsy/m/n/10.95 ^^@ \OML/cmm/b
/it/10.95 ^^V[]\OMS/cmsy/m/n/10.95 k[] \OT1/cmr/m/n/10.95 = 0\OML/cmm/m/it/10.9
5 :\OT1/cmr/m/n/10.95 01 + 0\OML/cmm/m/it/10.95 :\OT1/cmr/m/n/10.95 01 = 0\OML/
cmm/m/it/10.95 :\OT1/cmr/m/n/10.95 02\OML/cmm/m/it/10.95 ;  \OMS/cmsy/m/n/10.95
 k\OT1/cmr/bx/n/10.95 x[] \OMS/cmsy/m/n/10.95 ^^@ \OML/cmm/b/it/10.95 ^^V[]\OMS
/cmsy/m/n/10.95 k[] \OT1/cmr/m/n/10.95 = 1\OML/cmm/m/it/10.95 :\OT1/cmr/m/n/10.
95 21 + 0\OML/cmm/m/it/10.95 :\OT1/cmr/m/n/10.95 49 = 1\OML/cmm/m/it/10.95 :\OT
1/cmr/m/n/10.95 70\OML/cmm/m/it/10.95 ;  \OMS/cmsy/m/n/10.95 k\OT1/cmr/bx/n/10.
95 x[] \OMS/cmsy/m/n/10.95 ^^@ \OML/cmm/b/it/10.95 ^^V[]\OMS/cmsy/m/n/10.95 k[]
 \OT1/cmr/m/n/10.95 = 10\OML/cmm/m/it/10.95 :\OT1/cmr/m/n/10.95 24 + 5\OML/cmm/
m/it/10.95 :\OT1/cmr/m/n/10.95 76 = 16\OML/cmm/m/it/10.95 :\OT1/cmr/m/n/10.95 0
\OML/cmm/m/it/10.95 :
 []

[239]
LaTeX Font Info:    Font shape `OT1/cmtt/bx/n' in size <10.95> not available
(Font)              Font shape `OT1/cmtt/m/n' tried instead on input line 1229.

 [240] [241]
Underfull \hbox (badness 1838) in paragraph at lines 1403--1404
\OT1/cmr/m/n/10 de-pen-dently, so la-bels can
 []


Underfull \hbox (badness 1817) in paragraph at lines 1408--1409
[]|\OT1/cmr/m/n/10 EM on the mix-ture (fast,
 []


Underfull \hbox (badness 1142) in paragraph at lines 1413--1415
[]|\OT1/cmr/m/n/10 Filtered $[](\OML/cmm/m/it/10 s[] \OMS/cmsy/m/n/10 j \OT1/cm
r/bx/n/10 x[]\OT1/cmr/m/n/10 )$ and
 []


Overfull \hbox (34.71118pt too wide) in paragraph at lines 1417--1418
[]|\OT1/cmtt/m/n/10 sklearn.mixture.GaussianMixture| 
 []


Overfull \hbox (38.49113pt too wide) in paragraph at lines 1418--1419
[]|\OT1/cmtt/m/n/10 statsmodels.tsa.regime[]switching| 
 []

[242]
Overfull \hbox (2.67049pt too wide) in paragraph at lines 1485--1487
[]\OT1/cmr/bx/n/10.95 Regime-dependent weight-ing \OT1/cmr/m/n/10.95 as-signs d
if-fer-ent blend weights de-pend-ing on the cur-rent volatil-
 []

[243]
Underfull \hbox (badness 10000) in paragraph at lines 1549--1550
[]|\OT1/cmr/m/n/10.95 Quick bench-mark;
 []


Underfull \hbox (badness 10000) in paragraph at lines 1552--1553
[]|\OT1/cmr/m/n/10.95 Rich fea-tures
 []


Underfull \hbox (badness 10000) in paragraph at lines 1552--1553
\OT1/cmr/m/n/10.95 weekly hori-zon;
 []


Underfull \hbox (badness 10000) in paragraph at lines 1554--1555
[]|\OT1/cmr/m/n/10.95 Production fore-
 []


Underfull \hbox (badness 10000) in paragraph at lines 1554--1555
\OT1/cmr/m/n/10.95 casts; re-search
 []


Underfull \hbox (badness 10000) in paragraph at lines 1556--1557
[]|\OT1/cmr/m/n/10.95 Pure trees
 []


Underfull \hbox (badness 10000) in paragraph at lines 1557--1558
[]|\OT1/cmr/m/n/10.95 Rich fea-tures;
 []


Underfull \hbox (badness 10000) in paragraph at lines 1557--1558
\OT1/cmr/m/n/10.95 in-tra-day hori-
 []


Underfull \hbox (badness 10000) in paragraph at lines 1559--1560
[]|\OT1/cmr/m/n/10.95 High-frequency
 []


Underfull \hbox (badness 3460) in paragraph at lines 1559--1560
\OT1/cmr/m/n/10.95 desks; fea-ture im-
 []


Underfull \hbox (badness 10000) in paragraph at lines 1562--1563
[]|\OT1/cmr/m/n/10.95 Raw se-quen-tial
 []


Underfull \hbox (badness 10000) in paragraph at lines 1562--1563
\OT1/cmr/m/n/10.95 data; cross-asset
 []


Underfull \hbox (badness 10000) in paragraph at lines 1564--1565
[]|\OT1/cmr/m/n/10.95 Multi-asset plat-
 []


Underfull \hbox (badness 10000) in paragraph at lines 1564--1565
\OT1/cmr/m/n/10.95 forms; rep-re-sen-ta-
 []

[244]
Overfull \hbox (2.60336pt too wide) in paragraph at lines 1666--1669
[]\OT1/cmr/m/n/10.95 Hybrid mod-els de-com-pose the fore-cast-ing prob-lem into
 a lin-ear com-po-nent (HAR, GARCH)
 []

[245]
Underfull \hbox (badness 10000) in paragraph at lines 1736--1738
[]|\OT1/cmr/m/n/10.95 1--3% $[]$ gain, con-cen-trated in
 []

[246]) [247] [248

] (chapters/14-multivariate-volatility.tex
Chapter 15.
[249

] [250]
Overfull \hbox (46.94188pt too wide) detected at line 227
[]
 []

[251]
Overfull \hbox (44.2239pt too wide) in paragraph at lines 338--340
 [][] 
 []

[252] [253] [254] [255] [256] [257] [258] [259]
Overfull \hbox (8.32892pt too wide) in paragraph at lines 935--955
 [][] 
 []

[260]
Underfull \hbox (badness 10000) in paragraph at lines 1030--1030
[]|\OT1/cmr/m/n/10.95 Realized co-vari-
 []


Underfull \hbox (badness 10000) in paragraph at lines 1030--1030
[]|\OT1/cmr/m/n/10.95 Theoretically
 []


Underfull \hbox (badness 10000) in paragraph at lines 1031--1031
[]|\OT1/cmr/m/n/10.95 Realized co-vari-
 []


Underfull \hbox (badness 10000) in paragraph at lines 1031--1031
[]|\OT1/cmr/m/n/10.95 Best ac-cu-racy
 []


Underfull \hbox (badness 10000) in paragraph at lines 1031--1031
\OT1/cmr/m/n/10.95 (BPQ 2018);
 []


Underfull \hbox (badness 10000) in paragraph at lines 1032--1032
[]|\OT1/cmr/m/n/10.95 Realized co-vari-
 []


Underfull \hbox (badness 10000) in paragraph at lines 1033--1033
[]|\OT1/cmr/m/n/10.95 Graph-HAR /
 []


Underfull \hbox (badness 6364) in paragraph at lines 1033--1034
[]|\OT1/cmr/m/n/10.95 Graph con-struc-
 []


Underfull \hbox (badness 1286) in paragraph at lines 1033--1034
\OT1/cmr/m/n/10.95 tion is a de-sign
 []


Underfull \hbox (badness 10000) in paragraph at lines 1034--1034
[]|\OT1/cmr/m/n/10.95 Detects block
 []


Underfull \hbox (badness 3281) in paragraph at lines 1035--1035
[]|\OT1/cmr/m/n/10.95 PSD by de-sign;
 []


Underfull \hbox (badness 10000) in paragraph at lines 1035--1036
\OT1/cmr/m/n/10.95 em-pir-i-cal ev-i-
 []

) (chapters/15-spillovers-connectedness.tex [261]
Chapter 16.
[262

] [263] [264] [265] [266] [267] [268] [269] [270] [271] [272] [273]
[274]
Overfull \hbox (1.97859pt too wide) in paragraph at lines 1008--1011
[][][]\OT1/cmr/m/n/10.95 Demirer et al.[][] ([][]2018[][]) ap-plied the DY fram
e-work to a global net-work of banks and sovereigns,
 []


Underfull \hbox (badness 1412) in paragraph at lines 1045--1045
[]|\OT1/cmr/m/n/10 Identifies trans-mit-ters (eq-uity, credit) vs. re-ceivers
 []


Underfull \hbox (badness 3838) in paragraph at lines 1046--1047
[]|\OT1/cmr/m/n/10 Rolling win-dow vs. TVP-
 []

) [275] [276

] (chapters/16-forecast-evaluation.tex
Chapter 17.
[277

] [278] [279] [280] [281] [282] [283] [284] [285] [286] [287] [288]
[289] [290] [291] [292] [293] [294] [295] [296] [297] [298] [299] [300]
[301] [302] [303] [304] [305]
Overfull \hbox (2.26526pt too wide) in paragraph at lines 1594--1595
[]|\OT1/cmr/m/n/10 Microstructure| 
 []


Underfull \hbox (badness 10000) in paragraph at lines 1598--1599
[]|\OT1/cmr/m/n/10 Options sur-
 []


Underfull \hbox (badness 10000) in paragraph at lines 1599--1600
[]|\OT1/cmr/m/n/10 Intraday IV changes re-flect
 []


Underfull \hbox (badness 10000) in paragraph at lines 1599--1600
\OT1/cmr/m/n/10 target-day in-for-ma-tion (e.g.,
 []


Underfull \hbox (badness 4886) in paragraph at lines 1603--1604
[]|\OT1/cmr/m/n/10 Mixed fre-quen-cies and time-
 []

[306] [307]
Underfull \hbox (badness 10000) in paragraph at lines 1722--1722
[]|\OT1/cmr/m/n/10.95 Primary loss func-tion;
 []


Underfull \hbox (badness 10000) in paragraph at lines 1722--1722
\OT1/cmr/m/n/10.95 proxy-robust, outlier-
 []


Underfull \hbox (badness 10000) in paragraph at lines 1723--1723
[]|\OT1/cmr/m/n/10.95 Secondary loss; proxy-
 []


Underfull \hbox (badness 10000) in paragraph at lines 1724--1724
[]|\OT1/cmr/m/n/10.95 Diagnoses fore-cast bias
 []


Underfull \hbox (badness 2409) in paragraph at lines 1726--1726
[]|\OT1/cmr/m/n/10.95 Model Con-fi-dence
 []


Underfull \hbox (badness 10000) in paragraph at lines 1726--1726
[]|\OT1/cmr/m/n/10.95 Multi-model com-par-i-son;
 []


Underfull \hbox (badness 4739) in paragraph at lines 1727--1727
[]|\OT1/cmr/m/n/10.95 Time-series CV with-out
 []


Underfull \hbox (badness 10000) in paragraph at lines 1728--1728
[]|\OT1/cmr/m/n/10.95 Deflated Sharpe
 []


Underfull \hbox (badness 10000) in paragraph at lines 1729--1729
[]|\OT1/cmr/m/n/10.95 Alternative multiple-
 []

[308]) (chapters/17-applications-projects.tex [309] [310]
Chapter 18.
[311

] [312] [313] [314] [315]
Overfull \hbox (5.08543pt too wide) in paragraph at lines 266--267
\OT1/cmr/bx/n/10.95 Sharpe-vs-cost curve\OT1/cmr/m/n/10.95 : net Sharpe eval-u-
ated across a grid of cost lev-els, $\OML/cmm/m/it/10.95 c \OMS/cmsy/m/n/10.95 
2 f\OT1/cmr/m/n/10.95 0\OML/cmm/m/it/10.95 ; \OT1/cmr/m/n/10.95 1\OML/cmm/m/it/
10.95 ; \OT1/cmr/m/n/10.95 2\OML/cmm/m/it/10.95 ; \OT1/cmr/m/n/10.95 5\OML/cmm/
m/it/10.95 ; \OT1/cmr/m/n/10.95 10\OML/cmm/m/it/10.95 ; \OT1/cmr/m/n/10.95 20\O
MS/cmsy/m/n/10.95 g$ \OT1/cmr/m/n/10.95 bp,
 []

[316]
Underfull \hbox (badness 10000) in paragraph at lines 356--357
[]|\OT1/cmr/m/n/10.95 Risk-adjusted re-turn;
 []


Underfull \hbox (badness 10000) in paragraph at lines 358--359
[]|\OT1/cmr/m/n/10.95 Like Sharpe but
 []


Underfull \hbox (badness 6625) in paragraph at lines 358--359
\OML/cmm/m/it/10.95 ^^[[]$ \OT1/cmr/m/n/10.95 counts only
 []


Underfull \hbox (badness 3826) in paragraph at lines 360--361
[]|\OT1/cmr/m/n/10.95 Fraction of prof-itable
 []


Underfull \hbox (badness 10000) in paragraph at lines 364--365
[]|\OT1/cmr/m/n/10.95 Return per unit of
 []


Underfull \hbox (badness 1490) in paragraph at lines 368--369
[]|\OT1/cmr/m/n/10.95 Tradeability thresh-old;
 []

[317] [318] [319] [320] [321]
Overfull \hbox (5.23773pt too wide) in paragraph at lines 526--527
[]\OT1/cmr/bx/n/10.95 Methodology \OT1/cmr/m/n/10.95 ($2$--$3$ pages). QLIKE lo
ss (Sec-tion [][]17.3[][]), purged cross-validation (Sec-tion [][]17.7[][]),
 []

[322] [323]) (chapters/18-ivrv-straddle.tex [324]
Chapter 19.
[325

] [326] [327] [328] [329] [330] [331]
Package pgfplots info on input line 301: Using 'lua backend=false' for axis: x 
coord trafo unsupported.
 [332] [333] [334]

Package hyperref Warning: Token not allowed in a PDF string (Unicode):
(hyperref)                removing `math shift' on input line 421.


Package hyperref Warning: Token not allowed in a PDF string (Unicode):
(hyperref)                removing `\kappa' on input line 421.


Package hyperref Warning: Token not allowed in a PDF string (Unicode):
(hyperref)                removing `math shift' on input line 421.

[335] [336] [337]
Overfull \hbox (23.40472pt too wide) detected at line 522
[][][][][] \OT1/cmr/m/n/10.95 = ^^H  [] \OML/cmm/m/it/10.95 ;  [][] \OT1/cmr/m/
n/10.95 = [] [](1 \OMS/cmsy/m/n/10.95 ^^@ \OML/cmm/m/it/10.95 ^^M[]\OT1/cmr/m/n
/10.95 ) \OML/cmm/m/it/10.95 Z[] []\OT1/cmr/m/n/10.95 1 \OMS/cmsy/m/n/10.95 ^^@
 [][] \OT1/cmr/m/n/10.95 + \OML/cmm/m/it/10.95 ^^M[] Z[] []\OT1/cmr/m/n/10.95 1
 \OMS/cmsy/m/n/10.95 ^^@ [][][]\OML/cmm/m/it/10.95 ;
 []

[338] [339]) (chapters/19-gsvivs01.tex [340]
Chapter 20.
[341

] [342] [343] [344] [345] [346] [347] [348] [349]
Overfull \hbox (4.37709pt too wide) in paragraph at lines 371--371
[]\OT1/cmr/bx/n/14.4 The Draw-down Mech-a-nism: When Re-al-ized Vari-ance Beats

 []

[350] [351] [352] [353] [354] [355] [356] [357]) (main.bbl [358] [359

] [360]
[361] [362] [363] [364] [365] [366] [367]) [368] (main.aux)
 ***********
LaTeX2e <2025-11-01>
L3 programming layer <2025-12-24>
 ***********


LaTeX Warning: Label(s) may have changed. Rerun to get cross-references right.

Package rerunfilecheck Info: File `main.out' has not changed.
(rerunfilecheck)             Checksum: D0093EFB3B17D92A8D13026120F2F248;89235.
 ) 
Here is how much of TeX's memory you used:
 48706 strings out of 467870
 1102519 string characters out of 5417872
 1716237 words of memory out of 5000000
 75259 multiletter control sequences out of 15000+600000
 652331 words of font info for 128 fonts, out of 8000000 for 9000
 1141 hyphenation exceptions out of 8191
 121i,19n,124p,1298b,2670s stack positions out of 10000i,1000n,20000p,200000b,200000s
 <C:\Users\RyanPC\AppData\Local\MiKTeX\fonts/pk/ljfour/jknappen/ec/dpi600\tcr
m0900.pk> <C:\Users\RyanPC\AppData\Local\MiKTeX\fonts/pk/ljfour/jknappen/ec/dpi
600\tcrm0800.pk> <C:\Users\RyanPC\AppData\Local\MiKTeX\fonts/pk/ljfour/jknappen
/ec/dpi600\tcrm1000.pk> <C:\Users\RyanPC\AppData\Local\MiKTeX\fonts/pk/ljfour/j
knappen/ec/dpi600\tcbx1095.pk> <C:\Users\RyanPC\AppData\Local\MiKTeX\fonts/pk/l
jfour/jknappen/ec/dpi600\tcrm1095.pk><C:/Users/RyanPC/AppData/Local/Programs/Mi
KTeX/fonts/type1/public/amsfonts/cm/cmbx10.pfb><C:/Users/RyanPC/AppData/Local/P
rograms/MiKTeX/fonts/type1/public/amsfonts/cm/cmbx12.pfb><C:/Users/RyanPC/AppDa
ta/Local/Programs/MiKTeX/fonts/type1/public/amsfonts/cm/cmbx8.pfb><C:/Users/Rya
nPC/AppData/Local/Programs/MiKTeX/fonts/type1/public/amsfonts/cm/cmbx9.pfb><C:/
Users/RyanPC/AppData/Local/Programs/MiKTeX/fonts/type1/public/amsfonts/cm/cmbxt
i10.pfb><C:/Users/RyanPC/AppData/Local/Programs/MiKTeX/fonts/type1/public/amsfo
nts/cm/cmex10.pfb><C:/Users/RyanPC/AppData/Local/Programs/MiKTeX/fonts/type1/pu
blic/amsfonts/cmextra/cmex8.pfb><C:/Users/RyanPC/AppData/Local/Programs/MiKTeX/
fonts/type1/public/amsfonts/cmextra/cmex9.pfb><C:/Users/RyanPC/AppData/Local/Pr
ograms/MiKTeX/fonts/type1/public/amsfonts/cm/cmmi10.pfb><C:/Users/RyanPC/AppDat
a/Local/Programs/MiKTeX/fonts/type1/public/amsfonts/cm/cmmi12.pfb><C:/Users/Rya
nPC/AppData/Local/Programs/MiKTeX/fonts/type1/public/amsfonts/cm/cmmi5.pfb><C:/
Users/RyanPC/AppData/Local/Programs/MiKTeX/fonts/type1/public/amsfonts/cm/cmmi6
.pfb><C:/Users/RyanPC/AppData/Local/Programs/MiKTeX/fonts/type1/public/amsfonts
/cm/cmmi7.pfb><C:/Users/RyanPC/AppData/Local/Programs/MiKTeX/fonts/type1/public
/amsfonts/cm/cmmi8.pfb><C:/Users/RyanPC/AppData/Local/Programs/MiKTeX/fonts/typ
e1/public/amsfonts/cm/cmmi9.pfb><C:/Users/RyanPC/AppData/Local/Programs/MiKTeX/
fonts/type1/public/amsfonts/cm/cmmib10.pfb><C:/Users/RyanPC/AppData/Local/Progr
ams/MiKTeX/fonts/type1/public/amsfonts/cmextra/cmmib7.pfb><C:/Users/RyanPC/AppD
ata/Local/Programs/MiKTeX/fonts/type1/public/amsfonts/cmextra/cmmib8.pfb><C:/Us
ers/RyanPC/AppData/Local/Programs/MiKTeX/fonts/type1/public/amsfonts/cmextra/cm
mib9.pfb><C:/Users/RyanPC/AppData/Local/Programs/MiKTeX/fonts/type1/public/amsf
onts/cm/cmr10.pfb><C:/Users/RyanPC/AppData/Local/Programs/MiKTeX/fonts/type1/pu
blic/amsfonts/cm/cmr12.pfb><C:/Users/RyanPC/AppData/Local/Programs/MiKTeX/fonts
/type1/public/amsfonts/cm/cmr6.pfb><C:/Users/RyanPC/AppData/Local/Programs/MiKT
eX/fonts/type1/public/amsfonts/cm/cmr7.pfb><C:/Users/RyanPC/AppData/Local/Progr
ams/MiKTeX/fonts/type1/public/amsfonts/cm/cmr8.pfb><C:/Users/RyanPC/AppData/Loc
al/Programs/MiKTeX/fonts/type1/public/amsfonts/cm/cmr9.pfb><C:/Users/RyanPC/App
Data/Local/Programs/MiKTeX/fonts/type1/public/amsfonts/cm/cmsy10.pfb><C:/Users/
RyanPC/AppData/Local/Programs/MiKTeX/fonts/type1/public/amsfonts/cm/cmsy6.pfb><
C:/Users/RyanPC/AppData/Local/Programs/MiKTeX/fonts/type1/public/amsfonts/cm/cm
sy7.pfb><C:/Users/RyanPC/AppData/Local/Programs/MiKTeX/fonts/type1/public/amsfo
nts/cm/cmsy8.pfb><C:/Users/RyanPC/AppData/Local/Programs/MiKTeX/fonts/type1/pub
lic/amsfonts/cm/cmsy9.pfb><C:/Users/RyanPC/AppData/Local/Programs/MiKTeX/fonts/
type1/public/amsfonts/cm/cmti10.pfb><C:/Users/RyanPC/AppData/Local/Programs/MiK
TeX/fonts/type1/public/amsfonts/cm/cmti7.pfb><C:/Users/RyanPC/AppData/Local/Pro
grams/MiKTeX/fonts/type1/public/amsfonts/cm/cmti8.pfb><C:/Users/RyanPC/AppData/
Local/Programs/MiKTeX/fonts/type1/public/amsfonts/cm/cmti9.pfb><C:/Users/RyanPC
/AppData/Local/Programs/MiKTeX/fonts/type1/public/amsfonts/cm/cmtt10.pfb><C:/Us
ers/RyanPC/AppData/Local/Programs/MiKTeX/fonts/type1/public/amsfonts/symbols/ms
am10.pfb><C:/Users/RyanPC/AppData/Local/Programs/MiKTeX/fonts/type1/public/amsf
onts/symbols/msbm10.pfb><C:/Users/RyanPC/AppData/Local/Programs/MiKTeX/fonts/ty
pe1/public/amsfonts/symbols/msbm7.pfb>
Output written on main.pdf (369 pages, 3103665 bytes).
PDF statistics:
 7145 PDF objects out of 7423 (max. 8388607)
 1648 named destinations out of 1728 (max. 500000)
 3339 words of extra memory for PDF output out of 10000 (max. 10000000)

