This is pdfTeX, Version 3.141592653-2.6-1.40.28 (MiKTeX 25.12) (preloaded format=pdflatex.fmt)
 restricted \write18 enabled.
entering extended mode
(main.tex
LaTeX2e <2025-11-01>
L3 programming layer <2025-12-24>
(C:\Users\ryanv\AppData\Local\Programs\MiKTeX\tex/latex/base\report.cls
Document Class: report 2025/01/22 v1.4n Standard LaTeX document class
(C:\Users\ryanv\AppData\Local\Programs\MiKTeX\tex/latex/base\size11.clo))
(preamble.tex
(C:\Users\ryanv\AppData\Local\Programs\MiKTeX\tex/latex/geometry\geometry.sty
(C:\Users\ryanv\AppData\Local\Programs\MiKTeX\tex/latex/graphics\keyval.sty)
(C:\Users\ryanv\AppData\Local\Programs\MiKTeX\tex/generic/iftex\ifvtex.sty
(C:\Users\ryanv\AppData\Local\Programs\MiKTeX\tex/generic/iftex\iftex.sty))
(C:\Users\ryanv\AppData\Local\Programs\MiKTeX\tex/latex/geometry\geometry.cfg))
(C:\Users\ryanv\AppData\Local\Programs\MiKTeX\tex/latex/amsmath\amsmath.sty
For additional information on amsmath, use the `?' option.
(C:\Users\ryanv\AppData\Local\Programs\MiKTeX\tex/latex/amsmath\amstext.sty
(C:\Users\ryanv\AppData\Local\Programs\MiKTeX\tex/latex/amsmath\amsgen.sty))
(C:\Users\ryanv\AppData\Local\Programs\MiKTeX\tex/latex/amsmath\amsbsy.sty)
(C:\Users\ryanv\AppData\Local\Programs\MiKTeX\tex/latex/amsmath\amsopn.sty))
(C:\Users\ryanv\AppData\Local\Programs\MiKTeX\tex/latex/amsfonts\amssymb.sty
(C:\Users\ryanv\AppData\Local\Programs\MiKTeX\tex/latex/amsfonts\amsfonts.sty))
 (C:\Users\ryanv\AppData\Local\Programs\MiKTeX\tex/latex/amscls\amsthm.sty)
(C:\Users\ryanv\AppData\Local\Programs\MiKTeX\tex/latex/mathtools\mathtools.sty
(C:\Users\ryanv\AppData\Local\Programs\MiKTeX\tex/latex/tools\calc.sty)
(C:\Users\ryanv\AppData\Local\Programs\MiKTeX\tex/latex/mathtools\mhsetup.sty))
 (C:\Users\ryanv\AppData\Local\Programs\MiKTeX\tex/latex/cancel\cancel.sty)
(C:\Users\ryanv\AppData\Local\Programs\MiKTeX\tex/latex/tools\bm.sty)
(C:\Users\ryanv\AppData\Local\Programs\MiKTeX\tex/latex/enumitem\enumitem.sty)
(C:\Users\ryanv\AppData\Local\Programs\MiKTeX\tex/latex/hyperref\hyperref.sty
(C:\Users\ryanv\AppData\Local\Programs\MiKTeX\tex/latex/kvsetkeys\kvsetkeys.sty
)
(C:\Users\ryanv\AppData\Local\Programs\MiKTeX\tex/generic/kvdefinekeys\kvdefine
keys.sty)
(C:\Users\ryanv\AppData\Local\Programs\MiKTeX\tex/generic/pdfescape\pdfescape.s
ty
(C:\Users\ryanv\AppData\Local\Programs\MiKTeX\tex/generic/ltxcmds\ltxcmds.sty)
(C:\Users\ryanv\AppData\Local\Programs\MiKTeX\tex/generic/pdftexcmds\pdftexcmds
.sty
(C:\Users\ryanv\AppData\Local\Programs\MiKTeX\tex/generic/infwarerr\infwarerr.s
ty)))
(C:\Users\ryanv\AppData\Local\Programs\MiKTeX\tex/latex/hycolor\hycolor.sty)
(C:\Users\ryanv\AppData\Local\Programs\MiKTeX\tex/latex/hyperref\nameref.sty
(C:\Users\ryanv\AppData\Local\Programs\MiKTeX\tex/latex/refcount\refcount.sty)
(C:\Users\ryanv\AppData\Local\Programs\MiKTeX\tex/generic/gettitlestring\gettit
lestring.sty
(C:\Users\ryanv\AppData\Local\Programs\MiKTeX\tex/latex/kvoptions\kvoptions.sty
)))
(C:\Users\ryanv\AppData\Local\Programs\MiKTeX\tex/latex/etoolbox\etoolbox.sty)
(C:\Users\ryanv\AppData\Local\Programs\MiKTeX\tex/generic/stringenc\stringenc.s
ty) (C:\Users\ryanv\AppData\Local\Programs\MiKTeX\tex/latex/hyperref\pd1enc.def
) (C:\Users\ryanv\AppData\Local\Programs\MiKTeX\tex/generic/intcalc\intcalc.sty
) (C:\Users\ryanv\AppData\Local\Programs\MiKTeX\tex/latex/hyperref\puenc.def)
(C:\Users\ryanv\AppData\Local\Programs\MiKTeX\tex/latex/url\url.sty)
(C:\Users\ryanv\AppData\Local\Programs\MiKTeX\tex/generic/bitset\bitset.sty
(C:\Users\ryanv\AppData\Local\Programs\MiKTeX\tex/generic/bigintcalc\bigintcalc
.sty)))
(C:\Users\ryanv\AppData\Local\Programs\MiKTeX\tex/latex/hyperref\hpdftex.def
(C:\Users\ryanv\AppData\Local\Programs\MiKTeX\tex/latex/rerunfilecheck\rerunfil
echeck.sty
(C:\Users\ryanv\AppData\Local\Programs\MiKTeX\tex/generic/uniquecounter\uniquec
ounter.sty)))
(C:\Users\ryanv\AppData\Local\Programs\MiKTeX\tex/latex/xcolor\xcolor.sty
(C:\Users\ryanv\AppData\Local\Programs\MiKTeX\tex/latex/graphics-cfg\color.cfg)

(C:\Users\ryanv\AppData\Local\Programs\MiKTeX\tex/latex/graphics-def\pdftex.def
)
(C:\Users\ryanv\AppData\Local\Programs\MiKTeX\tex/latex/graphics\mathcolor.ltx)
)
(C:\Users\ryanv\AppData\Local\Programs\MiKTeX\tex/latex/tcolorbox\tcolorbox.sty

(C:\Users\ryanv\AppData\Local\Programs\MiKTeX\tex/latex/pgf/frontendlayer\tikz.
sty
(C:\Users\ryanv\AppData\Local\Programs\MiKTeX\tex/latex/pgf/basiclayer\pgf.sty
(C:\Users\ryanv\AppData\Local\Programs\MiKTeX\tex/latex/pgf/utilities\pgfrcs.st
y
(C:\Users\ryanv\AppData\Local\Programs\MiKTeX\tex/generic/pgf/utilities\pgfutil
-common.tex)
(C:\Users\ryanv\AppData\Local\Programs\MiKTeX\tex/generic/pgf/utilities\pgfutil
-latex.def)
(C:\Users\ryanv\AppData\Local\Programs\MiKTeX\tex/generic/pgf/utilities\pgfrcs.
code.tex
(C:\Users\ryanv\AppData\Local\Programs\MiKTeX\tex/generic/pgf\pgf.revision.tex)
))
(C:\Users\ryanv\AppData\Local\Programs\MiKTeX\tex/latex/pgf/basiclayer\pgfcore.
sty
(C:\Users\ryanv\AppData\Local\Programs\MiKTeX\tex/latex/graphics\graphicx.sty
(C:\Users\ryanv\AppData\Local\Programs\MiKTeX\tex/latex/graphics\graphics.sty
(C:\Users\ryanv\AppData\Local\Programs\MiKTeX\tex/latex/graphics\trig.sty)
(C:\Users\ryanv\AppData\Local\Programs\MiKTeX\tex/latex/graphics-cfg\graphics.c
fg)))
(C:\Users\ryanv\AppData\Local\Programs\MiKTeX\tex/latex/pgf/systemlayer\pgfsys.
sty
(C:\Users\ryanv\AppData\Local\Programs\MiKTeX\tex/generic/pgf/systemlayer\pgfsy
s.code.tex
(C:\Users\ryanv\AppData\Local\Programs\MiKTeX\tex/generic/pgf/utilities\pgfkeys
.code.tex
(C:\Users\ryanv\AppData\Local\Programs\MiKTeX\tex/generic/pgf/utilities\pgfkeys
libraryfiltered.code.tex))
(C:\Users\ryanv\AppData\Local\Programs\MiKTeX\tex/generic/pgf/systemlayer\pgf.c
fg)
(C:\Users\ryanv\AppData\Local\Programs\MiKTeX\tex/generic/pgf/systemlayer\pgfsy
s-pdftex.def
(C:\Users\ryanv\AppData\Local\Programs\MiKTeX\tex/generic/pgf/systemlayer\pgfsy
s-common-pdf.def)))
(C:\Users\ryanv\AppData\Local\Programs\MiKTeX\tex/generic/pgf/systemlayer\pgfsy
ssoftpath.code.tex)
(C:\Users\ryanv\AppData\Local\Programs\MiKTeX\tex/generic/pgf/systemlayer\pgfsy
sprotocol.code.tex))
(C:\Users\ryanv\AppData\Local\Programs\MiKTeX\tex/generic/pgf/basiclayer\pgfcor
e.code.tex
(C:\Users\ryanv\AppData\Local\Programs\MiKTeX\tex/generic/pgf/math\pgfmath.code
.tex
(C:\Users\ryanv\AppData\Local\Programs\MiKTeX\tex/generic/pgf/math\pgfmathutil.
code.tex)
(C:\Users\ryanv\AppData\Local\Programs\MiKTeX\tex/generic/pgf/math\pgfmathparse
r.code.tex)
(C:\Users\ryanv\AppData\Local\Programs\MiKTeX\tex/generic/pgf/math\pgfmathfunct
ions.code.tex)
(C:\Users\ryanv\AppData\Local\Programs\MiKTeX\tex/generic/pgf/math\pgfmathfunct
ions.basic.code.tex)
(C:\Users\ryanv\AppData\Local\Programs\MiKTeX\tex/generic/pgf/math\pgfmathfunct
ions.trigonometric.code.tex)
(C:\Users\ryanv\AppData\Local\Programs\MiKTeX\tex/generic/pgf/math\pgfmathfunct
ions.random.code.tex)
(C:\Users\ryanv\AppData\Local\Programs\MiKTeX\tex/generic/pgf/math\pgfmathfunct
ions.comparison.code.tex)
(C:\Users\ryanv\AppData\Local\Programs\MiKTeX\tex/generic/pgf/math\pgfmathfunct
ions.base.code.tex)
(C:\Users\ryanv\AppData\Local\Programs\MiKTeX\tex/generic/pgf/math\pgfmathfunct
ions.round.code.tex)
(C:\Users\ryanv\AppData\Local\Programs\MiKTeX\tex/generic/pgf/math\pgfmathfunct
ions.misc.code.tex)
(C:\Users\ryanv\AppData\Local\Programs\MiKTeX\tex/generic/pgf/math\pgfmathfunct
ions.integerarithmetics.code.tex)
(C:\Users\ryanv\AppData\Local\Programs\MiKTeX\tex/generic/pgf/math\pgfmathcalc.
code.tex)
(C:\Users\ryanv\AppData\Local\Programs\MiKTeX\tex/generic/pgf/math\pgfmathfloat
.code.tex))
(C:\Users\ryanv\AppData\Local\Programs\MiKTeX\tex/generic/pgf/math\pgfint.code.
tex)
(C:\Users\ryanv\AppData\Local\Programs\MiKTeX\tex/generic/pgf/basiclayer\pgfcor
epoints.code.tex)
(C:\Users\ryanv\AppData\Local\Programs\MiKTeX\tex/generic/pgf/basiclayer\pgfcor
epathconstruct.code.tex)
(C:\Users\ryanv\AppData\Local\Programs\MiKTeX\tex/generic/pgf/basiclayer\pgfcor
epathusage.code.tex)
(C:\Users\ryanv\AppData\Local\Programs\MiKTeX\tex/generic/pgf/basiclayer\pgfcor
escopes.code.tex)
(C:\Users\ryanv\AppData\Local\Programs\MiKTeX\tex/generic/pgf/basiclayer\pgfcor
egraphicstate.code.tex)
(C:\Users\ryanv\AppData\Local\Programs\MiKTeX\tex/generic/pgf/basiclayer\pgfcor
etransformations.code.tex)
(C:\Users\ryanv\AppData\Local\Programs\MiKTeX\tex/generic/pgf/basiclayer\pgfcor
equick.code.tex)
(C:\Users\ryanv\AppData\Local\Programs\MiKTeX\tex/generic/pgf/basiclayer\pgfcor
eobjects.code.tex)
(C:\Users\ryanv\AppData\Local\Programs\MiKTeX\tex/generic/pgf/basiclayer\pgfcor
epathprocessing.code.tex)
(C:\Users\ryanv\AppData\Local\Programs\MiKTeX\tex/generic/pgf/basiclayer\pgfcor
earrows.code.tex)
(C:\Users\ryanv\AppData\Local\Programs\MiKTeX\tex/generic/pgf/basiclayer\pgfcor
eshade.code.tex)
(C:\Users\ryanv\AppData\Local\Programs\MiKTeX\tex/generic/pgf/basiclayer\pgfcor
eimage.code.tex)
(C:\Users\ryanv\AppData\Local\Programs\MiKTeX\tex/generic/pgf/basiclayer\pgfcor
eexternal.code.tex)
(C:\Users\ryanv\AppData\Local\Programs\MiKTeX\tex/generic/pgf/basiclayer\pgfcor
elayers.code.tex)
(C:\Users\ryanv\AppData\Local\Programs\MiKTeX\tex/generic/pgf/basiclayer\pgfcor
etransparency.code.tex)
(C:\Users\ryanv\AppData\Local\Programs\MiKTeX\tex/generic/pgf/basiclayer\pgfcor
epatterns.code.tex)
(C:\Users\ryanv\AppData\Local\Programs\MiKTeX\tex/generic/pgf/basiclayer\pgfcor
erdf.code.tex)))
(C:\Users\ryanv\AppData\Local\Programs\MiKTeX\tex/generic/pgf/modules\pgfmodule
shapes.code.tex)
(C:\Users\ryanv\AppData\Local\Programs\MiKTeX\tex/generic/pgf/modules\pgfmodule
plot.code.tex)
(C:\Users\ryanv\AppData\Local\Programs\MiKTeX\tex/latex/pgf/compatibility\pgfco
mp-version-0-65.sty)
(C:\Users\ryanv\AppData\Local\Programs\MiKTeX\tex/latex/pgf/compatibility\pgfco
mp-version-1-18.sty))
(C:\Users\ryanv\AppData\Local\Programs\MiKTeX\tex/latex/pgf/utilities\pgffor.st
y
(C:\Users\ryanv\AppData\Local\Programs\MiKTeX\tex/latex/pgf/utilities\pgfkeys.s
ty
(C:\Users\ryanv\AppData\Local\Programs\MiKTeX\tex/generic/pgf/utilities\pgfkeys
.code.tex))
(C:\Users\ryanv\AppData\Local\Programs\MiKTeX\tex/latex/pgf/math\pgfmath.sty
(C:\Users\ryanv\AppData\Local\Programs\MiKTeX\tex/generic/pgf/math\pgfmath.code
.tex))
(C:\Users\ryanv\AppData\Local\Programs\MiKTeX\tex/generic/pgf/utilities\pgffor.
code.tex))
(C:\Users\ryanv\AppData\Local\Programs\MiKTeX\tex/generic/pgf/frontendlayer/tik
z\tikz.code.tex
(C:\Users\ryanv\AppData\Local\Programs\MiKTeX\tex/generic/pgf/libraries\pgflibr
aryplothandlers.code.tex)
(C:\Users\ryanv\AppData\Local\Programs\MiKTeX\tex/generic/pgf/modules\pgfmodule
matrix.code.tex)
(C:\Users\ryanv\AppData\Local\Programs\MiKTeX\tex/generic/pgf/frontendlayer/tik
z/libraries\tikzlibrarytopaths.code.tex)))
(C:\Users\ryanv\AppData\Local\Programs\MiKTeX\tex/latex/tools\verbatim.sty)
(C:\Users\ryanv\AppData\Local\Programs\MiKTeX\tex/latex/environ\environ.sty
(C:\Users\ryanv\AppData\Local\Programs\MiKTeX\tex/latex/trimspaces\trimspaces.s
ty)))
(C:\Users\ryanv\AppData\Local\Programs\MiKTeX\tex/latex/fancyhdr\fancyhdr.sty)
(C:\Users\ryanv\AppData\Local\Programs\MiKTeX\tex/latex/parskip\parskip.sty)
(C:\Users\ryanv\AppData\Local\Programs\MiKTeX\tex/latex/pgfplots\pgfplots.sty
(C:\Users\ryanv\AppData\Local\Programs\MiKTeX\tex/generic/pgfplots\pgfplots.rev
ision.tex)
(C:\Users\ryanv\AppData\Local\Programs\MiKTeX\tex/generic/pgfplots\pgfplots.cod
e.tex
(C:\Users\ryanv\AppData\Local\Programs\MiKTeX\tex/generic/pgfplots\pgfplotscore
.code.tex
(C:\Users\ryanv\AppData\Local\Programs\MiKTeX\tex/generic/pgfplots/sys\pgfplots
sysgeneric.code.tex))
(C:\Users\ryanv\AppData\Local\Programs\MiKTeX\tex/generic/pgfplots/libs\pgfplot
slibrary.code.tex)
(C:\Users\ryanv\AppData\Local\Programs\MiKTeX\tex/generic/pgfplots/oldpgfcompat
ib\pgfplotsoldpgfsupp_loader.code.tex
(C:\Users\ryanv\AppData\Local\Programs\MiKTeX\tex/generic/pgf/libraries\pgflibr
aryfpu.code.tex)
Package pgfplots: loading complementary utilities for your pgf version...

(C:\Users\ryanv\AppData\Local\Programs\MiKTeX\tex/generic/pgfplots/oldpgfcompat
ib\pgfplotsoldpgfsupp_pgfutil-common-lists.tex))
(C:\Users\ryanv\AppData\Local\Programs\MiKTeX\tex/generic/pgfplots/util\pgfplot
sutil.code.tex
(C:\Users\ryanv\AppData\Local\Programs\MiKTeX\tex/generic/pgfplots/liststructur
e\pgfplotsliststructure.code.tex)
(C:\Users\ryanv\AppData\Local\Programs\MiKTeX\tex/generic/pgfplots/liststructur
e\pgfplotsliststructureext.code.tex)
(C:\Users\ryanv\AppData\Local\Programs\MiKTeX\tex/generic/pgfplots/liststructur
e\pgfplotsarray.code.tex)
(C:\Users\ryanv\AppData\Local\Programs\MiKTeX\tex/generic/pgfplots/liststructur
e\pgfplotsmatrix.code.tex)
(C:\Users\ryanv\AppData\Local\Programs\MiKTeX\tex/generic/pgfplots/numtable\pgf
plotstableshared.code.tex)
(C:\Users\ryanv\AppData\Local\Programs\MiKTeX\tex/generic/pgfplots/liststructur
e\pgfplotsdeque.code.tex)
(C:\Users\ryanv\AppData\Local\Programs\MiKTeX\tex/generic/pgfplots/util\pgfplot
sbinary.code.tex
(C:\Users\ryanv\AppData\Local\Programs\MiKTeX\tex/generic/pgfplots/util\pgfplot
sbinary.data.code.tex))
(C:\Users\ryanv\AppData\Local\Programs\MiKTeX\tex/generic/pgfplots/util\pgfplot
sutil.verb.code.tex)
(C:\Users\ryanv\AppData\Local\Programs\MiKTeX\tex/generic/pgfplots/libs\pgflibr
arypgfplots.surfshading.code.tex
(C:\Users\ryanv\AppData\Local\Programs\MiKTeX\tex/generic/pgfplots/sys\pgflibra
rypgfplots.surfshading.pgfsys-pdftex.def)))
(C:\Users\ryanv\AppData\Local\Programs\MiKTeX\tex/generic/pgfplots/util\pgfplot
scolormap.code.tex
(C:\Users\ryanv\AppData\Local\Programs\MiKTeX\tex/generic/pgfplots/util\pgfplot
scolor.code.tex))
(C:\Users\ryanv\AppData\Local\Programs\MiKTeX\tex/generic/pgfplots\pgfplotsstac
kedplots.code.tex)
(C:\Users\ryanv\AppData\Local\Programs\MiKTeX\tex/generic/pgfplots\pgfplotsplot
handlers.code.tex
(C:\Users\ryanv\AppData\Local\Programs\MiKTeX\tex/generic/pgfplots\pgfplotsmesh
plothandler.code.tex
(C:\Users\ryanv\AppData\Local\Programs\MiKTeX\tex/generic/pgfplots\pgfplotsmesh
plotimage.code.tex)))
(C:\Users\ryanv\AppData\Local\Programs\MiKTeX\tex/generic/pgfplots\pgfplots.sca
ling.code.tex)
(C:\Users\ryanv\AppData\Local\Programs\MiKTeX\tex/generic/pgfplots\pgfplotscoor
dprocessing.code.tex)
(C:\Users\ryanv\AppData\Local\Programs\MiKTeX\tex/generic/pgfplots\pgfplots.err
orbars.code.tex)
(C:\Users\ryanv\AppData\Local\Programs\MiKTeX\tex/generic/pgfplots\pgfplots.mar
kers.code.tex)
(C:\Users\ryanv\AppData\Local\Programs\MiKTeX\tex/generic/pgfplots\pgfplotstick
s.code.tex)
(C:\Users\ryanv\AppData\Local\Programs\MiKTeX\tex/generic/pgfplots\pgfplots.pat
hs.code.tex)
(C:\Users\ryanv\AppData\Local\Programs\MiKTeX\tex/generic/pgf/frontendlayer/tik
z/libraries\tikzlibrarydecorations.code.tex
(C:\Users\ryanv\AppData\Local\Programs\MiKTeX\tex/generic/pgf/modules\pgfmodule
decorations.code.tex))
(C:\Users\ryanv\AppData\Local\Programs\MiKTeX\tex/generic/pgf/frontendlayer/tik
z/libraries\tikzlibrarydecorations.pathmorphing.code.tex
(C:\Users\ryanv\AppData\Local\Programs\MiKTeX\tex/generic/pgf/libraries/decorat
ions\pgflibrarydecorations.pathmorphing.code.tex))
(C:\Users\ryanv\AppData\Local\Programs\MiKTeX\tex/generic/pgf/frontendlayer/tik
z/libraries\tikzlibrarydecorations.pathreplacing.code.tex
(C:\Users\ryanv\AppData\Local\Programs\MiKTeX\tex/generic/pgf/libraries/decorat
ions\pgflibrarydecorations.pathreplacing.code.tex))
(C:\Users\ryanv\AppData\Local\Programs\MiKTeX\tex/generic/pgfplots/libs\tikzlib
rarypgfplots.contourlua.code.tex))
(C:\Users\ryanv\AppData\Local\Programs\MiKTeX\tex/generic/pgf/frontendlayer/tik
z/libraries\tikzlibraryplotmarks.code.tex
(C:\Users\ryanv\AppData\Local\Programs\MiKTeX\tex/generic/pgf/libraries\pgflibr
aryplotmarks.code.tex)))
(C:\Users\ryanv\AppData\Local\Programs\MiKTeX\tex/latex/booktabs\booktabs.sty)
(C:\Users\ryanv\AppData\Local\Programs\MiKTeX\tex/latex/truncate\truncate.sty)
(C:\Users\ryanv\AppData\Local\Programs\MiKTeX\tex/latex/multirow\multirow.sty)
(C:\Users\ryanv\AppData\Local\Programs\MiKTeX\tex/latex/tools\array.sty)
(C:\Users\ryanv\AppData\Local\Programs\MiKTeX\tex/latex/tools\longtable.sty)
(C:\Users\ryanv\AppData\Local\Programs\MiKTeX\tex/latex/natbib\natbib.sty)
(C:\Users\ryanv\AppData\Local\Programs\MiKTeX\tex/generic/pgf/libraries\pgflibr
aryarrows.meta.code.tex)
(C:\Users\ryanv\AppData\Local\Programs\MiKTeX\tex/generic/pgf/frontendlayer/tik
z/libraries\tikzlibrarypositioning.code.tex)
(C:\Users\ryanv\AppData\Local\Programs\MiKTeX\tex/generic/pgf/frontendlayer/tik
z/libraries\tikzlibraryfit.code.tex)
(C:\Users\ryanv\AppData\Local\Programs\MiKTeX\tex/generic/pgf/frontendlayer/tik
z/libraries\tikzlibrarybackgrounds.code.tex)
(C:\Users\ryanv\AppData\Local\Programs\MiKTeX\tex/generic/pgf/frontendlayer/tik
z/libraries\tikzlibrarycalc.code.tex)
(C:\Users\ryanv\AppData\Local\Programs\MiKTeX\tex/generic/pgf/frontendlayer/tik
z/libraries\tikzlibraryshapes.geometric.code.tex
(C:\Users\ryanv\AppData\Local\Programs\MiKTeX\tex/generic/pgf/libraries/shapes\
pgflibraryshapes.geometric.code.tex))
(C:\Users\ryanv\AppData\Local\Programs\MiKTeX\tex/generic/pgf/frontendlayer/tik
z/libraries\tikzlibrarypatterns.code.tex
(C:\Users\ryanv\AppData\Local\Programs\MiKTeX\tex/generic/pgf/libraries\pgflibr
arypatterns.code.tex))
(C:\Users\ryanv\AppData\Local\Programs\MiKTeX\tex/latex/tcolorbox\tcbbreakable.
code.tex
Library (tcolorbox): 'tcbbreakable.code.tex' version '6.9.0'
(C:\Users\ryanv\AppData\Local\Programs\MiKTeX\tex/latex/pdfcol\pdfcol.sty))
(C:\Users\ryanv\AppData\Local\Programs\MiKTeX\tex/latex/tcolorbox\tcbskins.code
.tex
Library (tcolorbox): 'tcbskins.code.tex' version '6.9.0'

(C:\Users\ryanv\AppData\Local\Programs\MiKTeX\tex/latex/tikzfill\tikzfill.image
.sty
(C:\Users\ryanv\AppData\Local\Programs\MiKTeX\tex/latex/tikzfill\tikzfill-commo
n.sty)
(C:\Users\ryanv\AppData\Local\Programs\MiKTeX\tex/latex/tikzfill\tikzlibraryfil
l.image.code.tex))
(C:\Users\ryanv\AppData\Local\Programs\MiKTeX\tex/latex/tcolorbox\tcbskinsjigsa
w.code.tex
Library (tcolorbox): 'tcbskinsjigsaw.code.tex' version '6.9.0'
)))
(C:\Users\ryanv\AppData\Local\Programs\MiKTeX\tex/latex/cleveref\cleveref.sty)
==> First Aid for cleveref.sty applied!

(C:\Users\ryanv\AppData\Local\Programs\MiKTeX\tex/latex/l3backend\l3backend-pdf
tex.def) (main.aux)
*geometry* driver: auto-detecting
*geometry* detected driver: pdftex
(main.out) (main.out)
(C:\Users\ryanv\AppData\Local\Programs\MiKTeX\tex/context/base/mkii\supp-pdf.mk
ii
[Loading MPS to PDF converter (version 2006.09.02).]
)
(C:\Users\ryanv\AppData\Local\Programs\MiKTeX\tex/latex/epstopdf-pkg\epstopdf-b
ase.sty
(C:\Users\ryanv\AppData\Local\Programs\MiKTeX\tex/latex/00miktex\epstopdf-sys.c
fg))
Couldn't patch \deferred@thm@head!
Package pgfplots notification 'compat/show suggested version=true': document ha
s been generated with the most recent feature set (\pgfplotsset{compat=1.18}).

[1{C:/Users/ryanv/AppData/Local/MiKTeX/fonts/map/pdftex/pdftex.map}] (main.toc
(C:\Users\ryanv\AppData\Local\Programs\MiKTeX\tex/latex/amsfonts\umsa.fd)
(C:\Users\ryanv\AppData\Local\Programs\MiKTeX\tex/latex/amsfonts\umsb.fd)
pdfTeX warning (ext4): destination with the same identifier (name{page.1}) has 
been already used, duplicate ignored
<to be read again> 
                   \relax 
l.48 ...{3.5.1}Construction}{45}{subsection.3.5.1}
                                                  % [1] [2] [3] [4] [5]
[6] [7] [8]) [9] [10] (chapters/01-returns-variance-volatility.tex
Chapter 1.
[11] [12] [13] [14] [15]
Overfull \hbox (4.93845pt too wide) in paragraph at lines 259--262
 []\OT1/cmr/bx/n/10.95 Portfolio con-struc-tion.[] \OT1/cmr/m/n/10.95 Mean-vari
ance op-ti-miza-tion ([][]Markowitz[][], [][]1952[][]) and risk-parity strate-
[16]
Overfull \hbox (3.92194pt too wide) in paragraph at lines 413--417
 [][] 
[17] [18] [19] [20] [21] [22]
Underfull \hbox (badness 10000) in paragraph at lines 831--831
[]|\OT1/cmr/m/n/10.95 First ev-i-dence that

Underfull \hbox (badness 10000) in paragraph at lines 831--831
\OT1/cmr/m/n/10.95 normal-distribution

Underfull \hbox (badness 10000) in paragraph at lines 831--831
\OT1/cmr/m/n/10.95 as-sump-tions fail for

Underfull \hbox (badness 4144) in paragraph at lines 838--838
[]|\OT1/cmr/m/n/10.95 Documented neg-a-tive cor-re-la-tion

Underfull \hbox (badness 10000) in paragraph at lines 839--839
[]|\OT1/cmr/m/n/10.95 Motivates asym-met-ric

Underfull \hbox (badness 10000) in paragraph at lines 847--848
[]|\OT1/cmr/m/n/10.95 Benchmark ref-er-ence

Underfull \hbox (badness 10000) in paragraph at lines 847--848
\OT1/cmr/m/n/10.95 er-ties any volatil-ity
) (chapters/02-realized-volatility.tex [23]
Chapter 2.
[24] [25] [26] [27] [28]
Overfull \hbox (7.03128pt too wide) in paragraph at lines 384--390
 [][] 
[29] [30] [31] [32] [33] [34] [35]
Underfull \hbox (badness 10000) in paragraph at lines 759--759
[]|\OT1/cmr/m/n/10.95 Realized vari-ance con-verges to

Underfull \hbox (badness 10000) in paragraph at lines 760--760
[]|\OT1/cmr/m/n/10.95 Foundational re-sult

Underfull \hbox (badness 2707) in paragraph at lines 760--760
\OT1/cmr/m/n/10.95 es-tab-lish-ing RV as a

Underfull \hbox (badness 10000) in paragraph at lines 760--760
\OT1/cmr/m/n/10.95 con-sis-tent, model-free

Underfull \hbox (badness 1052) in paragraph at lines 763--763
\OT1/cmr/m/n/10.95 men-ta-tion with 5-minute FX re-

Underfull \hbox (badness 1320) in paragraph at lines 764--764
\OT1/cmr/m/n/10.95 RV and demon-strated

Underfull \hbox (badness 1102) in paragraph at lines 764--764
\OT1/cmr/m/n/10.95 that drop-ping the in-

Underfull \hbox (badness 10000) in paragraph at lines 766--766
[]|[][]\OT1/cmr/m/n/10.95 Barndorff-Nielsen and

Underfull \hbox (badness 10000) in paragraph at lines 768--768
[]|\OT1/cmr/m/n/10.95 Second foun-da-tional

Underfull \hbox (badness 5939) in paragraph at lines 768--768
\OT1/cmr/m/n/10.95 pa-pers) is the ba-sis

Underfull \hbox (badness 1102) in paragraph at lines 768--768
\OT1/cmr/m/n/10.95 for jump de-tec-tion in
) (chapters/03-microstructure-noise.tex [36]
Chapter 3.
[37]
Overfull \hbox (7.03886pt too wide) in paragraph at lines 128--131
 []\OT1/cmr/bx/n/10.95 Source 4: Ad-verse se-lec-tion (in-for-ma-tion asym-me-t
ry).[] \OT1/cmr/m/n/10.95 Be-yond me-chan-i-cal noise, spreads
[38] [39] [40] [41]
Underfull \hbox (badness 6204) in paragraph at lines 341--345
[]\OT1/cmr/m/n/10.95 Both $[][]$ and $[][]$ con-tain a noise bias pro-por-tiona
l to $2\OML/cmm/m/it/10.95 ![] \OMS/cmsy/m/n/10.95 ^^B

Overfull \hbox (10.05359pt too wide) in paragraph at lines 420--424
 [][] 
[42] [43] [44] [45]
Overfull \hbox (0.76245pt too wide) in paragraph at lines 645--646
[]\OT1/cmr/bx/n/10.95 Kernel weight-ing\OT1/cmr/m/n/10.95 : By in-clud-ing thes
e neg-a-tive au-to-co-vari-ances with ap-pro-pri-ate weights,
[46] [47] [48]
Underfull \hbox (badness 6157) in paragraph at lines 913--913
\OT1/cmr/m/n/10.95 fore-cast-ing ([][]Liu et al.[][],

Underfull \hbox (badness 7944) in paragraph at lines 916--916
\OT1/cmr/m/n/10.95 ker-nel stan-dard; band-
[49] [50] [51]
Underfull \hbox (badness 3849) in paragraph at lines 1041--1041
[]|\OT1/cmr/m/n/10.95 Characterized the ef-fect of mi-

Underfull \hbox (badness 1701) in paragraph at lines 1041--1041
\OT1/cmr/m/n/10.95 gence as sam-pling fre-quency in-

Underfull \hbox (badness 3260) in paragraph at lines 1042--1042
\OT1/cmr/m/n/10.95 anal-y-sis of the noise

Underfull \hbox (badness 1584) in paragraph at lines 1046--1046
[]|\OT1/cmr/m/n/10.95 Theoretical foun-da-tion

Underfull \hbox (badness 10000) in paragraph at lines 1050--1050
[]|\OT1/cmr/m/n/10.95 The sim-plest noise-

Underfull \hbox (badness 10000) in paragraph at lines 1050--1050
\OT1/cmr/m/n/10.95 robust es-ti-ma-tor;

Underfull \hbox (badness 2503) in paragraph at lines 1054--1054
[]|\OT1/cmr/m/n/10.95 Proved the $\OML/cmm/m/it/10.95 n[]$ \OT1/cmr/m/n/10.95 e
f-

Underfull \hbox (badness 10000) in paragraph at lines 1054--1054
\OT1/cmr/m/n/10.95 fi-ciency bound for

Underfull \hbox (badness 10000) in paragraph at lines 1054--1054
\OT1/cmr/m/n/10.95 noise-contaminated

Underfull \hbox (badness 10000) in paragraph at lines 1056--1056
[]|[][]\OT1/cmr/m/n/10.95 Barndorff-Nielsen et al.[][]

Underfull \hbox (badness 5893) in paragraph at lines 1058--1058
\OT1/cmr/m/n/10.95 noise-robust es-ti-ma-tor

Underfull \hbox (badness 1248) in paragraph at lines 1066--1066
[]|\OT1/cmr/m/n/10.95 Useful when you also

Underfull \hbox (badness 2088) in paragraph at lines 1070--1071
[]|\OT1/cmr/m/n/10.95 Key prac-ti-cal find-ing:
) (chapters/04-jumps-continuous-variation.tex [52] [53]
Chapter 4.
[54] [55]

Package hyperref Warning: Token not allowed in a PDF string (Unicode):
(hyperref)                removing `math shift' on input line 193.


Package hyperref Warning: Token not allowed in a PDF string (Unicode):
(hyperref)                removing `\pi' on input line 193.


Package hyperref Warning: Token not allowed in a PDF string (Unicode):
(hyperref)                removing `math shift' on input line 193.

[56] [57] [58] [59] [60] [61]
Overfull \hbox (3.97453pt too wide) in paragraph at lines 625--631
 [][] 
[62] [63] [64] [65] [66]
Underfull \hbox (badness 10000) in paragraph at lines 890--890
[]|[][]\OT1/cmr/m/n/10.95 Barndorff-Nielsen and

Underfull \hbox (badness 10000) in paragraph at lines 892--892
[]|\OT1/cmr/m/n/10.95 Foundational es-ti-ma-tor

Underfull \hbox (badness 10000) in paragraph at lines 894--894
[]|[][]\OT1/cmr/m/n/10.95 Barndorff-Nielsen and

Underfull \hbox (badness 4391) in paragraph at lines 902--902
[]|[][]\OT1/cmr/m/n/10.95 A^^?^^Pt-Sahalia and Ja-cod[][]

Underfull \hbox (badness 1226) in paragraph at lines 904--904
[]|\OT1/cmr/m/n/10.95 Alternative to BNS for

Underfull \hbox (badness 10000) in paragraph at lines 904--904
\OT1/cmr/m/n/10.95 noisy high-frequency

Underfull \hbox (badness 1521) in paragraph at lines 907--907
[]|\OT1/cmr/m/n/10.95 Threshold-based HAR-CJ de-com-

Underfull \hbox (badness 2096) in paragraph at lines 907--907
\OT1/cmr/m/n/10.95 po-si-tion im-proves volatil-ity fore-

Underfull \hbox (badness 2142) in paragraph at lines 911--911
\OT1/cmr/m/n/10.95 zero per-sis-tence; fore-cast-ing im-

Underfull \hbox (badness 10000) in paragraph at lines 912--913
[]|\OT1/cmr/m/n/10.95 Motivates the jump-

Underfull \hbox (badness 10000) in paragraph at lines 912--913
\OT1/cmr/m/n/10.95 continuous de-com-po-si-
) [67] [68] (chapters/05-garch-family.tex
Chapter 5.
[69] [70] [71] [72] [73] [74] [75] [76]
Overfull \hbox (5.75015pt too wide) in paragraph at lines 666--669
[]\OT1/cmr/m/n/10.95 The fol-low-ing di-a-gram shows how in-for-ma-tion flows i
n Re-al-ized GARCH ver-sus stan-dard GARCH.

Overfull \hbox (0.91876pt too wide) in paragraph at lines 710--711
 [] 
[77] [78]
Underfull \hbox (badness 10000) in paragraph at lines 870--870
[]|\OT1/cmr/bx/n/10.95 Realized

Underfull \hbox (badness 7415) in paragraph at lines 874--875
[]|\OT1/cmr/m/n/10.95 Daily re-turns $+$

Underfull \hbox (badness 7415) in paragraph at lines 875--875
[]|\OT1/cmr/m/n/10.95 Daily re-turns $+$

Underfull \hbox (badness 1048) in paragraph at lines 882--883
[][]$ \OT1/cmr/m/n/10.95 via mea-sure-

Underfull \hbox (badness 7203) in paragraph at lines 883--883
[]|\OT1/cmr/m/n/10.95 Two: $\OML/cmm/m/it/10.95 ^^[[]$ \OT1/cmr/m/n/10.95 (re-

Underfull \hbox (badness 8019) in paragraph at lines 883--883
\OT1/cmr/m/n/10.95 turns) and $\OML/cmm/m/it/10.95 ^^V[]$

Underfull \hbox (badness 10000) in paragraph at lines 885--886
\OT1/cmr/m/n/10.95 needs GJR or

Underfull \hbox (badness 10000) in paragraph at lines 895--895
[]|\OT1/cmr/m/n/10.95 Equation-by-

Underfull \hbox (badness 2744) in paragraph at lines 895--895
\OT1/cmr/m/n/10.95 equation or joint

Underfull \hbox (badness 1442) in paragraph at lines 897--898
[]|\OT1/cmr/m/n/10.95 No in-tra-day data

Underfull \hbox (badness 10000) in paragraph at lines 898--899
[]|\OT1/cmr/m/n/10.95 Intraday data

Underfull \hbox (badness 1303) in paragraph at lines 898--899
\OT1/cmr/m/n/10.95 avail-able; want a

Underfull \hbox (badness 10000) in paragraph at lines 898--899
\OT1/cmr/m/n/10.95 sin-gle in-te-grated

Underfull \hbox (badness 10000) in paragraph at lines 899--900
[]|\OT1/cmr/m/n/10.95 Intraday data

Underfull \hbox (badness 10000) in paragraph at lines 899--900
\OT1/cmr/m/n/10.95 avail-able; want

Underfull \hbox (badness 10000) in paragraph at lines 899--900
\OT1/cmr/m/n/10.95 fast re-sponse to
[79]
Overfull \hbox (3.61467pt too wide) in paragraph at lines 930--932
[]\OT1/cmr/m/n/10.95 Higher-order GARCH($\OML/cmm/m/it/10.95 p; q$\OT1/cmr/m/n/
10.95 ) rarely im-proves on GARCH(1,1) in prac-tice ([][]Hansen and Lunde[][],
[80]
Underfull \hbox (badness 1168) in paragraph at lines 976--978
[]|\OT1/cmr/m/n/10.95 Single mem-ory term re-places many

Underfull \hbox (badness 3396) in paragraph at lines 980--982
[]|\OT1/cmr/m/n/10.95 Negative re-turns in-crease volatil-ity

Underfull \hbox (badness 2707) in paragraph at lines 992--994
[]|\OT1/cmr/m/n/10.95 Among 330 mod-els, no sig-nif-i-cant

Underfull \hbox (badness 1248) in paragraph at lines 1000--1002
[]|\OT1/cmr/m/n/10.95 Incorporating $[][]$ via mea-sure-ment

Underfull \hbox (badness 10000) in paragraph at lines 1000--1002
\OT1/cmr/m/n/10.95 equa-tion sub-stan-tially out-per-forms

Underfull \hbox (badness 1831) in paragraph at lines 1004--1006
\OT1/cmr/m/n/10.95 ment to regime changes; strongest

Overfull \hbox (2.38614pt too wide) in paragraph at lines 966--1008
 [] 
) (chapters/06-har-model.tex [81]
Chapter 6.
[82] [83] [84]
Overfull \hbox (47.61804pt too wide) detected at line 241
[][] \OT1/cmr/m/n/10.95 = []([][] + [][] + [][] + [][] + [][]) = [] = [] = 2\OM
L/cmm/m/it/10.95 :\OT1/cmr/m/n/10.95 06
[85]
Overfull \hbox (62.18364pt too wide) in paragraph at lines 316--320
 [][] 
[86] [87] [88] [89] [90] [91] [92] [93] [94] [95] [96] [97] [98]
Overfull \hbox (21.74892pt too wide) in paragraph at lines 1031--1044
 [][] 
[99]

Package hyperref Warning: Token not allowed in a PDF string (Unicode):
(hyperref)                removing `math shift' on input line 1054.


Package hyperref Warning: Token not allowed in a PDF string (Unicode):
(hyperref)                removing `subscript' on input line 1054.


Package hyperref Warning: Token not allowed in a PDF string (Unicode):
(hyperref)                removing `math shift' on input line 1054.


Package hyperref Warning: Token not allowed in a PDF string (Unicode):
(hyperref)                removing `math shift' on input line 1054.


Package hyperref Warning: Token not allowed in a PDF string (Unicode):
(hyperref)                removing `subscript' on input line 1054.


Package hyperref Warning: Token not allowed in a PDF string (Unicode):
(hyperref)                removing `math shift' on input line 1054.

[100] [101] [102] [103] [104]
Underfull \hbox (badness 10000) in paragraph at lines 1318--1320
\OT1/cmr/m/n/10.95 monthly RV) ap-prox-i-mate long-

Underfull \hbox (badness 1742) in paragraph at lines 1327--1328
[]|\OT1/cmr/m/n/10.95 Full con-tin-u-ous/jump de-com-po-si-tion

Underfull \hbox (badness 10000) in paragraph at lines 1329--1330
[]|\OT1/cmr/m/n/10.95 SHAR (semi-vari-

Underfull \hbox (badness 10000) in paragraph at lines 1333--1334
[]|\OT1/cmr/m/n/10.95 HARQ (mea-sure-

Underfull \hbox (badness 4266) in paragraph at lines 1335--1336
[]|\OT1/cmr/m/n/10.95 Varying the daily co-ef-fi-cient with

Underfull \hbox (badness 2050) in paragraph at lines 1339--1340
\OT1/cmr/m/n/10.95 dic-tors while pre-serv-ing core HAR

Underfull \hbox (badness 2020) in paragraph at lines 1339--1340
\OT1/cmr/m/n/10.95 struc-ture; pre-vents over-fit-ting with

Underfull \hbox (badness 10000) in paragraph at lines 1343--1345
[]|\OT1/cmr/m/n/10.95 Large-scale HAR-X with

Underfull \hbox (badness 6758) in paragraph at lines 1343--1345
\OT1/cmr/m/n/10.95 macro/market pre-dic-tors; con-firms
) (chapters/07-rough-volatility.tex [105]
Chapter 7.
[106] [107] [108] [109]

Package hyperref Warning: Token not allowed in a PDF string (Unicode):
(hyperref)                removing `math shift' on input line 303.


Package hyperref Warning: Token not allowed in a PDF string (Unicode):
(hyperref)                removing `math shift' on input line 303.

[110] [111]
Underfull \hbox (badness 1460) in paragraph at lines 462--465
[]\OT1/cmr/m/n/10.95 If $(\OML/cmm/m/it/10.95 X[]; [] ; X[]; X[]\OT1/cmr/m/n/10
.95 )$ is jointly Gaus-sian, the con-di-tional ex-pec-ta-tion $\U/msb/m/n/10.95
 E\OT1/cmr/m/n/10.95 [\OML/cmm/m/it/10.95 X[] \OMS/cmsy/m/n/10.95 j
[112] [113] [114] [115] [116]
Overfull \hbox (6.10167pt too wide) in paragraph at lines 770--771
[][][]\OT1/cmr/m/n/10.95 Cont and Das[][] ([][]2024[][]) ar-gue that ob-served 
rough-ness ($\OML/cmm/m/it/10.95 H \OMS/cmsy/m/n/10.95 ^^Y \OT1/cmr/m/n/10.95 0
\OML/cmm/m/it/10.95 :\OT1/cmr/m/n/10.95 1$) is \OT1/cmr/bx/n/10.95 partly a mic
rostructure-

Underfull \hbox (badness 10000) in paragraph at lines 797--798
[]|\OT1/cmr/m/n/10.95 Cross-asset uni-ver-

Underfull \hbox (badness 1097) in paragraph at lines 799--800
[]|$\OML/cmm/m/it/10.95 H \OMS/cmsy/m/n/10.95 ^^Y \OT1/cmr/m/n/10.95 0\OML/cmm/
m/it/10.95 :\OT1/cmr/m/n/10.95 1$ is uni-ver-sal across as-set

Underfull \hbox (badness 1590) in paragraph at lines 805--806
[]|\OT1/cmr/m/n/10.95 Roughness as arte-
[117]) [118] [119] (chapters/08-options-vol-surface.tex
Chapter 8.
[120] [121] [122] [123] [124] [125] [126] [127] [128]
Overfull \hbox (9.68346pt too wide) in paragraph at lines 611--615
 [][] 
[129] [130] [131] [132] [133] [134] [135] [136] [137] [138] [139] [140]
[141] [142]
Underfull \hbox (badness 10000) in paragraph at lines 1354--1354
[]|$\OML/cmm/m/it/10.95 C \OT1/cmr/m/n/10.95 = \OML/cmm/m/it/10.95 S\OT1/cmr/m/
n/10.95 ^^H(\OML/cmm/m/it/10.95 d[]\OT1/cmr/m/n/10.95 ) \OMS/cmsy/m/n/10.95 ^^@


Underfull \hbox (badness 10000) in paragraph at lines 1356--1357
[]|\OT1/cmr/m/n/10.95 Market-priced, forward-

Underfull \hbox (badness 4144) in paragraph at lines 1356--1357
\OT1/cmr/m/n/10.95 looking mea-sure of un-cer-

Underfull \hbox (badness 10000) in paragraph at lines 1358--1359
[]|\OT1/cmr/m/n/10.95 Reveals crash-risk pric-ing,

Underfull \hbox (badness 3291) in paragraph at lines 1358--1359
\OT1/cmr/m/n/10.95 fat-tail be-liefs, and mean-

Underfull \hbox (badness 6910) in paragraph at lines 1360--1360
[]|$[][] \OT1/cmr/m/n/10.95 = [](\OML/cmm/m/it/10.95 ^^[[] \OT1/cmr/m/n/10.95 +


Underfull \hbox (badness 7595) in paragraph at lines 1360--1361
\OT1/cmr/m/n/10.95 thog-o-nal to skew; crisis-

Underfull \hbox (badness 4531) in paragraph at lines 1364--1365
[]|\OT1/cmr/m/n/10.95 Extracts ex-pected vari-ance
) (chapters/09-variance-risk-premium.tex [143] [144]
Chapter 9.
[145] [146] [147] [148] [149] [150] [151] [152] [153] [154] [155] [156]

Package hyperref Warning: Token not allowed in a PDF string (Unicode):
(hyperref)                removing `math shift' on input line 740.


Package hyperref Warning: Token not allowed in a PDF string (Unicode):
(hyperref)                removing `math shift' on input line 740.

[157] [158] [159]
Underfull \hbox (badness 7740) in paragraph at lines 878--878
[]|[][]\OT1/cmr/m/n/10.95 Drechsler and Yaron[][]

Underfull \hbox (badness 10000) in paragraph at lines 879--879
[]|\OT1/cmr/m/n/10.95 Long-run risk model with

Underfull \hbox (badness 3240) in paragraph at lines 879--879
\OT1/cmr/m/n/10.95 Epstein-Zin pref-er-ences gen-er-

Underfull \hbox (badness 1168) in paragraph at lines 879--879
\OT1/cmr/m/n/10.95 ates a pos-i-tive VRP in equi-

Underfull \hbox (badness 10000) in paragraph at lines 879--879
\OT1/cmr/m/n/10.95 lib-rium through time-varying

Underfull \hbox (badness 5637) in paragraph at lines 880--880
[]|\OT1/cmr/m/n/10.95 Provides the the-o-ret-i-cal

Underfull \hbox (badness 4739) in paragraph at lines 882--882
[]|[][]\OT1/cmr/m/n/10.95 Bekaert and Ho-erova[][]

Underfull \hbox (badness 1057) in paragraph at lines 884--884
\OT1/cmr/m/n/10.95 drives re-turn pre-dictabil-

Underfull \hbox (badness 1152) in paragraph at lines 887--887
[]|\OT1/cmr/m/n/10.95 Decompose VRP into normal-

Underfull \hbox (badness 1259) in paragraph at lines 887--887
\OT1/cmr/m/n/10.95 the tail pre-mium drives most

Underfull \hbox (badness 1062) in paragraph at lines 891--891
\OT1/cmr/m/n/10.95 work for vari-ance risk pre-mia

Underfull \hbox (badness 2837) in paragraph at lines 892--892
[]|\OT1/cmr/m/n/10.95 Quantifies the fre-quency

Underfull \hbox (badness 7221) in paragraph at lines 895--895
\OT1/cmr/m/n/10.95 to-RV-to-VRP pipeline; ML-

Underfull \hbox (badness 1137) in paragraph at lines 895--895
\OT1/cmr/m/n/10.95 based $\U/msb/m/n/10.95 P$\OT1/cmr/m/n/10.95 -measure fore-c
asts im-

Underfull \hbox (badness 7291) in paragraph at lines 896--897
[]|\OT1/cmr/m/n/10.95 Connects VRP to ML

Underfull \hbox (badness 2932) in paragraph at lines 896--897
\OT1/cmr/m/n/10.95 meth-ods used in Chap-
) [160] [161] [162] (chapters/10-feature-engineering.tex
Chapter 10.

Overfull \hbox (364.59528pt too wide) in paragraph at lines 59--60
 [][] 
[163]
Overfull \hbox (13.38208pt too wide) in paragraph at lines 89--90
 [][] 
[164] [165] [166] [167] [168] [169] [170] [171] [172] [173] [174] [175]
[176] [177] [178] [179] [180] [181] [182]
Overfull \hbox (4.90732pt too wide) detected at line 1001
\OML/cmm/m/it/10.95 w[] \OT1/cmr/m/n/10.95 = 1\OML/cmm/m/it/10.95 ;  w[] \OT1/c
mr/m/n/10.95 = \OMS/cmsy/m/n/10.95 ^^@\OT1/cmr/m/n/10.95 0\OML/cmm/m/it/10.95 :
\OT1/cmr/m/n/10.95 4\OML/cmm/m/it/10.95 ;  w[] \OT1/cmr/m/n/10.95 = [] = 0\OML/
cmm/m/it/10.95 :\OT1/cmr/m/n/10.95 28\OML/cmm/m/it/10.95 ;  w[] \OT1/cmr/m/n/10
.95 = [] = \OMS/cmsy/m/n/10.95 ^^@\OT1/cmr/m/n/10.95 0\OML/cmm/m/it/10.95 :\OT1
/cmr/m/n/10.95 224\OML/cmm/m/it/10.95 ;  []
[183] [184] [185]
Overfull \hbox (10.34494pt too wide) in paragraph at lines 1075--1079
\OT1/cmr/m/n/10.95 prints are as-so-ci-ated with el-e-vated re-al-ized volatil-
ity. En-code these as bi-nary dum-mies: $\OT1/cmr/bx/n/10.95 1\OT1/cmr/m/n/10.9
5 ([][])$,
[186] [187] [188] [189] [190] [191]
Overfull \hbox (21.08702pt too wide) in paragraph at lines 1448--1448
[]\OT1/cmr/bx/n/14.4 Proving a Fea-ture Adds Value: The Incremental-Information

[192] [193] [194]
Overfull \hbox (151.7292pt too wide) in paragraph at lines 1532--1542
 [][] 
[195] [196]
Overfull \hbox (1.11612pt too wide) in paragraph at lines 1657--1666
 [][] 
[197] [198]
Underfull \hbox (badness 4036) in paragraph at lines 1737--1737
[]|\OT1/cmr/m/n/10.95 Leverage ef-fect, $[][]$ $\OMS/cmsy/m/n/10.95 ^^Y$ \OT1/c
mr/m/n/10.95 2$\OMS/cmsy/m/n/10.95 ^^B$

Underfull \hbox (badness 5077) in paragraph at lines 1741--1741
[]|\OT1/cmr/m/n/10.95 Forward-looking; VRP, skew,

Underfull \hbox (badness 10000) in paragraph at lines 1743--1743
[]|\OT1/cmr/m/n/10.95 Stationarity with mem-ory
) (chapters/11-tree-methods-vol.tex [199]
Chapter 11.
[200] [201] [202]

Package amsmath Warning: Foreign command \atop;
(amsmath)                \frac or \genfrac should be used instead
(amsmath)                 on input line 286.

[203] [204] [205] [206] [207] [208] [209]
Underfull \hbox (badness 6141) in paragraph at lines 778--785
[]\OT1/cmr/m/n/10.95 TreeSHAP makes the SHAP feature-importance plot in Fig-ure
 [][]10.6[][] (Chap-

Underfull \hbox (badness 5637) in paragraph at lines 778--785
\OT1/cmr/m/n/10.95 ter [][]10[][]) a one-line, seconds-long com-pu-ta-tion on y
our Light-GBM fore-caster:
[210]
Underfull \hbox (badness 10000) in paragraph at lines 812--813
[]|\OT1/cmr/bx/n/10.95 Beeswarm

Underfull \hbox (badness 10000) in paragraph at lines 813--814
[]|\OT1/cmr/m/n/10.95 Global, all

Underfull \hbox (badness 2012) in paragraph at lines 814--816
\OT1/cmr/m/n/10.95 (red high, blue low);

Underfull \hbox (badness 10000) in paragraph at lines 816--817
\OT1/cmr/m/n/10.95 which di-rec-tion (does

Underfull \hbox (badness 10000) in paragraph at lines 819--820
[]|\OT1/cmr/m/n/10.95 Per-

Underfull \hbox (badness 10000) in paragraph at lines 819--820
\OT1/cmr/m/n/10.95 observation

Underfull \hbox (badness 10000) in paragraph at lines 822--823
[]|\OT1/cmr/m/n/10.95 Reveal non-lin-ear-

Underfull \hbox (badness 10000) in paragraph at lines 822--823
\OT1/cmr/m/n/10.95 ity/thresholds in a

Underfull \hbox (badness 10000) in paragraph at lines 822--823
\OT1/cmr/m/n/10.95 way in-ter-ac-tions (e.g.

Underfull \hbox (badness 4254) in paragraph at lines 822--823
\OT1/cmr/m/n/10.95 lagged $[]$ $\OMS/cmsy/m/n/10.95 ^^B$ \OT1/cmr/m/n/10.95 im-
plied

Underfull \hbox (badness 1231) in paragraph at lines 826--828
\OT1/cmr/m/n/10.95 base value $\U/msb/m/n/10.95 E\OT1/cmr/m/n/10.95 [\OML/cmm/m
/it/10.95 f\OT1/cmr/m/n/10.95 (\OT1/cmr/bx/n/10.95 x\OT1/cmr/m/n/10.95 )]$ to

Underfull \hbox (badness 1783) in paragraph at lines 828--829
[]|\OT1/cmr/m/n/10.95 Explain \OT1/cmr/m/it/10.95 one \OT1/cmr/m/n/10.95 pre-di
c-tion

Underfull \hbox (badness 2426) in paragraph at lines 832--833
[]|\OT1/cmr/m/n/10.95 The same de-com-po-si-

Underfull \hbox (badness 1874) in paragraph at lines 832--833
\OT1/cmr/m/n/10.95 tion as the wa-ter-fall,

Overfull \hbox (1.92499pt too wide) in paragraph at lines 870--870
[]|\OT1/cmr/bx/n/10.95 Granularity| 

Underfull \hbox (badness 10000) in paragraph at lines 873--874
[]|\OT1/cmr/m/n/10.95 Local (per

Underfull \hbox (badness 10000) in paragraph at lines 873--874
\OT1/cmr/m/n/10.95 day), sums

Underfull \hbox (badness 3088) in paragraph at lines 873--874
\OT1/cmr/m/n/10.95 to the pre-

Underfull \hbox (badness 1968) in paragraph at lines 876--877
[]|\OT1/cmr/m/n/10.95 Presentation charts, de-

Underfull \hbox (badness 1540) in paragraph at lines 876--877
\OT1/cmr/m/n/10.95 bug-ging sin-gle fore-casts,

Underfull \hbox (badness 10000) in paragraph at lines 879--880
[]|\OT1/cmr/m/n/10.95 Global,

Underfull \hbox (badness 5119) in paragraph at lines 879--880
\OT1/cmr/m/n/10.95 in units of

Overfull \hbox (1.7354pt too wide) in paragraph at lines 879--880
[]$\OT1/cmr/m/n/10.95 /MSE

Underfull \hbox (badness 10000) in paragraph at lines 880--883
[]|\OT1/cmr/m/n/10.95 Model-agnostic, un-bi-ased

Underfull \hbox (badness 5403) in paragraph at lines 880--883
\OT1/cmr/m/n/10.95 the right rank-ing when

Underfull \hbox (badness 4156) in paragraph at lines 880--883
\OT1/cmr/m/n/10.95 with each other); costs

Underfull \hbox (badness 2671) in paragraph at lines 885--886
[]|\OT1/cmr/m/n/10.95 Global, free

Underfull \hbox (badness 10000) in paragraph at lines 886--889
[]|\OT1/cmr/m/n/10.95 Biased to-ward high-

Underfull \hbox (badness 2065) in paragraph at lines 886--889
\OT1/cmr/m/n/10.95 vs. a yes/no jump flag)
[211] [212] [213] [214] [215] [216] [217] [218]
Underfull \hbox (badness 3601) in paragraph at lines 1397--1398
[]|\OT1/cmr/m/n/10.95 Randomly re-moves \OT1/cmr/m/it/10.95 en-tire trees

Overfull \hbox (10.39236pt too wide) in paragraph at lines 1391--1409
 [] 
[219]
Overfull \hbox (15.0639pt too wide) in paragraph at lines 1411--1415
[]\OT1/cmr/m/n/10.95 Shrinkage and DART are not mu-tu-ally ex-clu-sive. In Ligh
t-GBM, you can set \OT1/cmtt/m/n/10.95 boosting[]type='dart'
[220]
Underfull \hbox (badness 5050) in paragraph at lines 1519--1521
[]|\OT1/cmr/m/n/10.95 Primary ev-i-dence for

Underfull \hbox (badness 2197) in paragraph at lines 1522--1523
[]|\OT1/cmr/m/n/10.95 Linear mod-els com-pet-i-tive when

Underfull \hbox (badness 10000) in paragraph at lines 1527--1528
[]|[][]\OT1/cmr/m/n/10.95 Rahimikia and Poon[][]

Underfull \hbox (badness 5050) in paragraph at lines 1536--1537
[]|\OT1/cmr/m/n/10.95 Canonical ML horse-

Underfull \hbox (badness 10000) in paragraph at lines 1537--1538
[]|[][]\OT1/cmr/m/n/10.95 Vinayak and Gilad-

Underfull \hbox (badness 10000) in paragraph at lines 1540--1541
[]|\OT1/cmr/m/n/10.95 Regularization tech-
) (chapters/12-rashomon-interpretable-trees.tex [221]
Chapter 12.
[222] [223] [224] [225] [226] [227] [228] [229] [230] [231] [232] [233]
[234] [235]) (chapters/12-deep-learning-vol.tex [236]
Chapter 13.
[237] [238] [239] [240] [241] [242] [243] [244] [245] [246] [247] [248]
[249]
Overfull \hbox (12.19974pt too wide) in paragraph at lines 850--851
[]\OT1/cmr/m/n/10.95 Modern time-series ar-chi-tec-tures (N-BEATS, PatchTST, Ti
DE, TSMixer) are well-engineered

Overfull \hbox (144.03479pt too wide) in paragraph at lines 864--914
 [] 
[250]) (chapters/13-hybrid-ensemble.tex [251]
Chapter 14.
[252]
Overfull \hbox (58.40714pt too wide) in paragraph at lines 174--176
 [][] 
[253] [254] [255]
Overfull \hbox (33.36179pt too wide) in paragraph at lines 427--429
 [][] 
[256] [257] [258] [259]
Overfull \hbox (9.12653pt too wide) in paragraph at lines 732--740
\OT1/cmr/m/n/10.95 weighted av-er-age (Equa-tion []) and a ridge meta-learner o
n OOS pre-dic-tions (Equa-tion []).
[260] [261] [262] [263]
Underfull \hbox (badness 5274) in paragraph at lines 1005--1006
[]|\OT1/cmr/bx/n/10 Residual Stack-

Underfull \hbox (badness 10000) in paragraph at lines 1006--1007
[]|\OT1/cmr/bx/n/10 Prediction Blend-

Underfull \hbox (badness 2310) in paragraph at lines 1009--1010
[]|\OT1/cmr/m/n/10 High (joint train-

Underfull \hbox (badness 10000) in paragraph at lines 1009--1010
\OT1/cmr/m/n/10 ing, em-bed-ding

Underfull \hbox (badness 1264) in paragraph at lines 1010--1011
[]|\OT1/cmr/m/n/10 Moderate (se-quen-

Underfull \hbox (badness 10000) in paragraph at lines 1011--1012
[]|\OT1/cmr/m/n/10 Low (in-de-pen-dent

Underfull \hbox (badness 1817) in paragraph at lines 1014--1015
[]|\OT1/cmr/m/n/10 Broken (tree can-

Underfull \hbox (badness 1038) in paragraph at lines 1014--1015
\OT1/cmr/m/n/10 not back-prop into

Underfull \hbox (badness 1571) in paragraph at lines 1015--1016
[]|\OT1/cmr/m/n/10 Clean (each stage

Underfull \hbox (badness 1137) in paragraph at lines 1016--1017
[]|\OT1/cmr/m/n/10 N/A (no cross-model

Underfull \hbox (badness 10000) in paragraph at lines 1019--1020
[]|\OT1/cmr/m/n/10 Opaque (em-bed-

Underfull \hbox (badness 10000) in paragraph at lines 1019--1020
\OT1/cmr/m/n/10 ding di-men-sions

Underfull \hbox (badness 10000) in paragraph at lines 1021--1022
[]|\OT1/cmr/m/n/10 Clear (in-di-vid-ual

Underfull \hbox (badness 10000) in paragraph at lines 1021--1022
\OT1/cmr/m/n/10 model fore-casts are

Underfull \hbox (badness 2285) in paragraph at lines 1023--1024
[]|\OT1/cmr/m/n/10 Fallback strat-

Underfull \hbox (badness 2644) in paragraph at lines 1024--1025
[]|\OT1/cmr/m/n/10 Must re-train tree

Underfull \hbox (badness 1158) in paragraph at lines 1025--1026
[]|\OT1/cmr/m/n/10 Drop later stages;

Underfull \hbox (badness 10000) in paragraph at lines 1026--1027
[]|\OT1/cmr/m/n/10 Drop one model;

Underfull \hbox (badness 10000) in paragraph at lines 1029--1030
\OT1/cmr/m/n/10 per demon-strates

Underfull \hbox (badness 10000) in paragraph at lines 1030--1031
[]|\OT1/cmr/m/n/10 Strong (HARQ-X

Underfull \hbox (badness 10000) in paragraph at lines 1031--1032
[]|\OT1/cmr/m/n/10 Strong ([][]Op-tiver[][],
[264] [265] [266] [267]
Overfull \hbox (47.25047pt too wide) detected at line 1330
\OMS/cmsy/m/n/10.95 k\OT1/cmr/bx/n/10.95 x[] \OMS/cmsy/m/n/10.95 ^^@ \OML/cmm/b
/it/10.95 ^^V[]\OMS/cmsy/m/n/10.95 k[] \OT1/cmr/m/n/10.95 = 0\OML/cmm/m/it/10.9
5 :\OT1/cmr/m/n/10.95 01 + 0\OML/cmm/m/it/10.95 :\OT1/cmr/m/n/10.95 01 = 0\OML/
cmm/m/it/10.95 :\OT1/cmr/m/n/10.95 02\OML/cmm/m/it/10.95 ;  \OMS/cmsy/m/n/10.95
 k\OT1/cmr/bx/n/10.95 x[] \OMS/cmsy/m/n/10.95 ^^@ \OML/cmm/b/it/10.95 ^^V[]\OMS
/cmsy/m/n/10.95 k[] \OT1/cmr/m/n/10.95 = 1\OML/cmm/m/it/10.95 :\OT1/cmr/m/n/10.
95 21 + 0\OML/cmm/m/it/10.95 :\OT1/cmr/m/n/10.95 49 = 1\OML/cmm/m/it/10.95 :\OT
1/cmr/m/n/10.95 70\OML/cmm/m/it/10.95 ;  \OMS/cmsy/m/n/10.95 k\OT1/cmr/bx/n/10.
95 x[] \OMS/cmsy/m/n/10.95 ^^@ \OML/cmm/b/it/10.95 ^^V[]\OMS/cmsy/m/n/10.95 k[]
 \OT1/cmr/m/n/10.95 = 10\OML/cmm/m/it/10.95 :\OT1/cmr/m/n/10.95 24 + 5\OML/cmm/
m/it/10.95 :\OT1/cmr/m/n/10.95 76 = 16\OML/cmm/m/it/10.95 :\OT1/cmr/m/n/10.95 0
\OML/cmm/m/it/10.95 :
[268] [269] [270] [271]
Underfull \hbox (badness 1817) in paragraph at lines 1606--1607
[]|\OT1/cmr/m/n/10 EM on the mix-ture (fast,

Underfull \hbox (badness 1142) in paragraph at lines 1611--1613
[]|\OT1/cmr/m/n/10 Filtered $[](\OML/cmm/m/it/10 s[] \OMS/cmsy/m/n/10 j \OT1/cm
r/bx/n/10 x[]\OT1/cmr/m/n/10 )$ and

Overfull \hbox (34.71118pt too wide) in paragraph at lines 1615--1616
[]|\OT1/cmtt/m/n/10 sklearn.mixture.GaussianMixture| 

Overfull \hbox (38.49113pt too wide) in paragraph at lines 1616--1617
[]|\OT1/cmtt/m/n/10 statsmodels.tsa.regime[]switching| 
[272] [273]
Overfull \hbox (2.67049pt too wide) in paragraph at lines 1683--1685
[]\OT1/cmr/bx/n/10.95 Regime-dependent weight-ing \OT1/cmr/m/n/10.95 as-signs d
if-fer-ent blend weights de-pend-ing on the cur-rent volatil-

Underfull \hbox (badness 10000) in paragraph at lines 1757--1758
[]|\OT1/cmr/m/n/10.95 Quick bench-mark;

Underfull \hbox (badness 10000) in paragraph at lines 1760--1761
[]|\OT1/cmr/m/n/10.95 Rich fea-tures

Underfull \hbox (badness 10000) in paragraph at lines 1760--1761
\OT1/cmr/m/n/10.95 weekly hori-zon;

Underfull \hbox (badness 10000) in paragraph at lines 1762--1763
[]|\OT1/cmr/m/n/10.95 Production fore-

Underfull \hbox (badness 10000) in paragraph at lines 1762--1763
\OT1/cmr/m/n/10.95 casts; re-search

Underfull \hbox (badness 10000) in paragraph at lines 1764--1765
[]|\OT1/cmr/m/n/10.95 Pure trees

Underfull \hbox (badness 10000) in paragraph at lines 1765--1766
[]|\OT1/cmr/m/n/10.95 Rich fea-tures;

Underfull \hbox (badness 10000) in paragraph at lines 1765--1766
\OT1/cmr/m/n/10.95 in-tra-day hori-

Underfull \hbox (badness 10000) in paragraph at lines 1767--1768
[]|\OT1/cmr/m/n/10.95 High-frequency

Underfull \hbox (badness 3460) in paragraph at lines 1767--1768
\OT1/cmr/m/n/10.95 desks; fea-ture im-

Underfull \hbox (badness 10000) in paragraph at lines 1770--1771
[]|\OT1/cmr/m/n/10.95 Raw se-quen-tial

Underfull \hbox (badness 10000) in paragraph at lines 1770--1771
\OT1/cmr/m/n/10.95 data; cross-asset

Underfull \hbox (badness 10000) in paragraph at lines 1772--1773
[]|\OT1/cmr/m/n/10.95 Multi-asset plat-

Underfull \hbox (badness 10000) in paragraph at lines 1772--1773
\OT1/cmr/m/n/10.95 forms; rep-re-sen-ta-
[274]
Overfull \hbox (2.60336pt too wide) in paragraph at lines 1876--1879
[]\OT1/cmr/m/n/10.95 Hybrid mod-els de-com-pose the fore-cast-ing prob-lem into
 a lin-ear com-po-nent (HAR, GARCH)
[275] [276]
Underfull \hbox (badness 10000) in paragraph at lines 1946--1948
[]|\OT1/cmr/m/n/10.95 1--3% $[]$ gain, con-cen-trated in
) [277] [278] (chapters/14-multivariate-volatility.tex
Chapter 15.
[279] [280] [281] [282] [283] [284] [285] [286] [287] [288] [289] [290]
[291]
Overfull \hbox (8.32892pt too wide) in paragraph at lines 1038--1058
 [][] 
[292]
Underfull \hbox (badness 10000) in paragraph at lines 1133--1133
[]|\OT1/cmr/m/n/10.95 Realized co-vari-

Underfull \hbox (badness 10000) in paragraph at lines 1133--1133
[]|\OT1/cmr/m/n/10.95 Theoretically

Underfull \hbox (badness 10000) in paragraph at lines 1134--1134
[]|\OT1/cmr/m/n/10.95 Realized co-vari-

Underfull \hbox (badness 10000) in paragraph at lines 1134--1134
[]|\OT1/cmr/m/n/10.95 Best ac-cu-racy

Underfull \hbox (badness 10000) in paragraph at lines 1134--1134
\OT1/cmr/m/n/10.95 (BPQ 2018);

Underfull \hbox (badness 10000) in paragraph at lines 1135--1135
[]|\OT1/cmr/m/n/10.95 Realized co-vari-

Underfull \hbox (badness 10000) in paragraph at lines 1136--1136
[]|\OT1/cmr/m/n/10.95 Graph-HAR /

Underfull \hbox (badness 6364) in paragraph at lines 1136--1137
[]|\OT1/cmr/m/n/10.95 Graph con-struc-

Underfull \hbox (badness 1286) in paragraph at lines 1136--1137
\OT1/cmr/m/n/10.95 tion is a de-sign

Underfull \hbox (badness 10000) in paragraph at lines 1137--1137
[]|\OT1/cmr/m/n/10.95 Detects block

Underfull \hbox (badness 3281) in paragraph at lines 1138--1138
[]|\OT1/cmr/m/n/10.95 PSD by de-sign;

Underfull \hbox (badness 10000) in paragraph at lines 1138--1139
\OT1/cmr/m/n/10.95 em-pir-i-cal ev-i-
) (chapters/15-spillovers-connectedness.tex [293]
Chapter 16.
[294] [295] [296] [297] [298] [299] [300] [301] [302] [303] [304] [305]
[306] [307] [308]
Overfull \hbox (1.97859pt too wide) in paragraph at lines 1112--1115
[][][]\OT1/cmr/m/n/10.95 Demirer et al.[][] ([][]2018[][]) ap-plied the DY fram
e-work to a global net-work of banks and sovereigns,

Underfull \hbox (badness 1412) in paragraph at lines 1149--1149
[]|\OT1/cmr/m/n/10 Identifies trans-mit-ters (eq-uity, credit) vs. re-ceivers

Underfull \hbox (badness 3838) in paragraph at lines 1150--1151
[]|\OT1/cmr/m/n/10 Rolling win-dow vs. TVP-
) [309] [310] (chapters/16-forecast-evaluation.tex
Chapter 17.
[311] [312] [313] [314] [315] [316] [317] [318] [319] [320] [321] [322]
[323] [324] [325] [326] [327] [328] [329] [330] [331] [332] [333] [334]
[335] [336] [337] [338] [339] [340] [341] [342]
Overfull \hbox (2.26526pt too wide) in paragraph at lines 1731--1732
[]|\OT1/cmr/m/n/10 Microstructure| 

Underfull \hbox (badness 10000) in paragraph at lines 1735--1736
[]|\OT1/cmr/m/n/10 Options sur-

Underfull \hbox (badness 10000) in paragraph at lines 1736--1737
[]|\OT1/cmr/m/n/10 Intraday IV changes re-flect

Underfull \hbox (badness 10000) in paragraph at lines 1736--1737
\OT1/cmr/m/n/10 target-day in-for-ma-tion (e.g.,

Underfull \hbox (badness 4886) in paragraph at lines 1740--1741
[]|\OT1/cmr/m/n/10 Mixed fre-quen-cies and time-
[343]

Package pgf Warning: Returning node center instead of a point on node border. D
id you specify a point identical to the center of node ``dsr''? on input line 1
794.

[344] [345]
Underfull \hbox (badness 10000) in paragraph at lines 1867--1867
[]|\OT1/cmr/m/n/10.95 Primary loss func-tion;

Underfull \hbox (badness 10000) in paragraph at lines 1867--1867
\OT1/cmr/m/n/10.95 proxy-robust, outlier-

Underfull \hbox (badness 10000) in paragraph at lines 1868--1868
[]|\OT1/cmr/m/n/10.95 Secondary loss; proxy-

Underfull \hbox (badness 10000) in paragraph at lines 1869--1869
[]|\OT1/cmr/m/n/10.95 Diagnoses fore-cast bias

Underfull \hbox (badness 2409) in paragraph at lines 1871--1871
[]|\OT1/cmr/m/n/10.95 Model Con-fi-dence

Underfull \hbox (badness 10000) in paragraph at lines 1871--1871
[]|\OT1/cmr/m/n/10.95 Multi-model com-par-i-son;

Underfull \hbox (badness 4739) in paragraph at lines 1872--1872
[]|\OT1/cmr/m/n/10.95 Time-series CV with-out

Underfull \hbox (badness 10000) in paragraph at lines 1873--1873
[]|\OT1/cmr/m/n/10.95 Deflated Sharpe

Underfull \hbox (badness 10000) in paragraph at lines 1874--1874
[]|\OT1/cmr/m/n/10.95 Alternative multiple-
) (chapters/17-applications-projects.tex [346]
Chapter 18.
[347] [348] [349] [350] [351] [352]
Overfull \hbox (5.08543pt too wide) in paragraph at lines 311--312
\OT1/cmr/bx/n/10.95 Sharpe-vs-cost curve\OT1/cmr/m/n/10.95 : net Sharpe eval-u-
ated across a grid of cost lev-els, $\OML/cmm/m/it/10.95 c \OMS/cmsy/m/n/10.95 
2 f\OT1/cmr/m/n/10.95 0\OML/cmm/m/it/10.95 ; \OT1/cmr/m/n/10.95 1\OML/cmm/m/it/
10.95 ; \OT1/cmr/m/n/10.95 2\OML/cmm/m/it/10.95 ; \OT1/cmr/m/n/10.95 5\OML/cmm/
m/it/10.95 ; \OT1/cmr/m/n/10.95 10\OML/cmm/m/it/10.95 ; \OT1/cmr/m/n/10.95 20\O
MS/cmsy/m/n/10.95 g$ \OT1/cmr/m/n/10.95 bp,
[353] [354]
Underfull \hbox (badness 10000) in paragraph at lines 401--402
[]|\OT1/cmr/m/n/10.95 Risk-adjusted re-turn;

Underfull \hbox (badness 10000) in paragraph at lines 403--404
[]|\OT1/cmr/m/n/10.95 Like Sharpe but

Underfull \hbox (badness 6625) in paragraph at lines 403--404
\OML/cmm/m/it/10.95 ^^[[]$ \OT1/cmr/m/n/10.95 counts only

Underfull \hbox (badness 3826) in paragraph at lines 405--406
[]|\OT1/cmr/m/n/10.95 Fraction of prof-itable

Underfull \hbox (badness 1005) in paragraph at lines 407--408
\OT1/cmr/m/n/10.95 pre-vi-ous point --- the

Underfull \hbox (badness 10000) in paragraph at lines 409--410
[]|\OT1/cmr/m/n/10.95 Return per unit of

Underfull \hbox (badness 1490) in paragraph at lines 413--414
[]|\OT1/cmr/m/n/10.95 Tradeability thresh-old;
[355] [356] [357] [358] [359] [360]
Overfull \hbox (5.23773pt too wide) in paragraph at lines 578--579
[]\OT1/cmr/bx/n/10.95 Methodology \OT1/cmr/m/n/10.95 ($2$--$3$ pages). QLIKE lo
ss (Sec-tion [][]17.3[][]), purged cross-validation (Sec-tion [][]17.7[][]),
[361]) (chapters/18-ivrv-straddle.tex [362]
Chapter 19.
[363]

LaTeX Warning: Reference `sec:ivrv:signal' on page 1 undefined on input line 47
.


LaTeX Warning: Reference `sec:ivrv:breaks' on page 1 undefined on input line 47
.


LaTeX Warning: Reference `sec:ivrv:pnl-engine' on page 1 undefined on input lin
e 47.


LaTeX Warning: Reference `sec:ivrv:leland' on page 1 undefined on input line 47
.


LaTeX Warning: Reference `sec:ivrv:option-costs' on page 1 undefined on input l
ine 47.


LaTeX Warning: Reference `sec:ivrv:hedging-error' on page 1 undefined on input 
line 47.


LaTeX Warning: Reference `sec:ivrv:kurtosis' on page 1 undefined on input line 
47.


LaTeX Warning: Reference `sec:ivrv:algorithm' on page 1 undefined on input line
 47.


LaTeX Warning: Reference `sec:ivrv:evaluation' on page 1 undefined on input lin
e 47.

) (main.bbl [364] [365] [366] [367] [368] [369] [370] [371] [372] [373])
[374] (main.aux)

LaTeX Warning: There were undefined references.

 )
(see the transcript file for additional information) <C:\Users\ryanv\AppData\Lo
cal\MiKTeX\fonts/pk/ljfour/jknappen/ec/dpi600\tcrm0900.pk> <C:\Users\ryanv\AppD
ata\Local\MiKTeX\fonts/pk/ljfour/jknappen/ec/dpi600\tcrm0800.pk> <C:\Users\ryan
v\AppData\Local\MiKTeX\fonts/pk/ljfour/jknappen/ec/dpi600\tcrm1000.pk> <C:\User
s\ryanv\AppData\Local\MiKTeX\fonts/pk/ljfour/jknappen/ec/dpi600\tcbx1095.pk> <C
:\Users\ryanv\AppData\Local\MiKTeX\fonts/pk/ljfour/jknappen/ec/dpi600\tcrm1095.
pk><C:/Users/ryanv/AppData/Local/Programs/MiKTeX/fonts/type1/public/amsfonts/cm
/cmbx10.pfb><C:/Users/ryanv/AppData/Local/Programs/MiKTeX/fonts/type1/public/am
sfonts/cm/cmbx12.pfb><C:/Users/ryanv/AppData/Local/Programs/MiKTeX/fonts/type1/
public/amsfonts/cm/cmbx8.pfb><C:/Users/ryanv/AppData/Local/Programs/MiKTeX/font
s/type1/public/amsfonts/cm/cmbx9.pfb><C:/Users/ryanv/AppData/Local/Programs/MiK
TeX/fonts/type1/public/amsfonts/cm/cmex10.pfb><C:/Users/ryanv/AppData/Local/Pro
grams/MiKTeX/fonts/type1/public/amsfonts/cmextra/cmex8.pfb><C:/Users/ryanv/AppD
ata/Local/Programs/MiKTeX/fonts/type1/public/amsfonts/cmextra/cmex9.pfb><C:/Use
rs/ryanv/AppData/Local/Programs/MiKTeX/fonts/type1/public/amsfonts/cm/cmmi10.pf
b><C:/Users/ryanv/AppData/Local/Programs/MiKTeX/fonts/type1/public/amsfonts/cm/
cmmi12.pfb><C:/Users/ryanv/AppData/Local/Programs/MiKTeX/fonts/type1/public/ams
fonts/cm/cmmi5.pfb><C:/Users/ryanv/AppData/Local/Programs/MiKTeX/fonts/type1/pu
blic/amsfonts/cm/cmmi6.pfb><C:/Users/ryanv/AppData/Local/Programs/MiKTeX/fonts/
type1/public/amsfonts/cm/cmmi7.pfb><C:/Users/ryanv/AppData/Local/Programs/MiKTe
X/fonts/type1/public/amsfonts/cm/cmmi8.pfb><C:/Users/ryanv/AppData/Local/Progra
ms/MiKTeX/fonts/type1/public/amsfonts/cm/cmmi9.pfb><C:/Users/ryanv/AppData/Loca
l/Programs/MiKTeX/fonts/type1/public/amsfonts/cm/cmmib10.pfb><C:/Users/ryanv/Ap
pData/Local/Programs/MiKTeX/fonts/type1/public/amsfonts/cmextra/cmmib7.pfb><C:/
Users/ryanv/AppData/Local/Programs/MiKTeX/fonts/type1/public/amsfonts/cmextra/c
mmib8.pfb><C:/Users/ryanv/AppData/Local/Programs/MiKTeX/fonts/type1/public/amsf
onts/cmextra/cmmib9.pfb><C:/Users/ryanv/AppData/Local/Programs/MiKTeX/fonts/typ
e1/public/amsfonts/cm/cmr10.pfb><C:/Users/ryanv/AppData/Local/Programs/MiKTeX/f
onts/type1/public/amsfonts/cm/cmr12.pfb><C:/Users/ryanv/AppData/Local/Programs/
MiKTeX/fonts/type1/public/amsfonts/cm/cmr6.pfb><C:/Users/ryanv/AppData/Local/Pr
ograms/MiKTeX/fonts/type1/public/amsfonts/cm/cmr7.pfb><C:/Users/ryanv/AppData/L
ocal/Programs/MiKTeX/fonts/type1/public/amsfonts/cm/cmr8.pfb><C:/Users/ryanv/Ap
pData/Local/Programs/MiKTeX/fonts/type1/public/amsfonts/cm/cmr9.pfb><C:/Users/r
yanv/AppData/Local/Programs/MiKTeX/fonts/type1/public/amsfonts/cm/cmsy10.pfb><C
:/Users/ryanv/AppData/Local/Programs/MiKTeX/fonts/type1/public/amsfonts/cm/cmsy
6.pfb><C:/Users/ryanv/AppData/Local/Programs/MiKTeX/fonts/type1/public/amsfonts
/cm/cmsy7.pfb><C:/Users/ryanv/AppData/Local/Programs/MiKTeX/fonts/type1/public/
amsfonts/cm/cmsy8.pfb><C:/Users/ryanv/AppData/Local/Programs/MiKTeX/fonts/type1
/public/amsfonts/cm/cmsy9.pfb><C:/Users/ryanv/AppData/Local/Programs/MiKTeX/fon
ts/type1/public/amsfonts/cm/cmti10.pfb><C:/Users/ryanv/AppData/Local/Programs/M
iKTeX/fonts/type1/public/amsfonts/cm/cmti7.pfb><C:/Users/ryanv/AppData/Local/Pr
ograms/MiKTeX/fonts/type1/public/amsfonts/cm/cmti8.pfb><C:/Users/ryanv/AppData/
Local/Programs/MiKTeX/fonts/type1/public/amsfonts/cm/cmti9.pfb><C:/Users/ryanv/
AppData/Local/Programs/MiKTeX/fonts/type1/public/amsfonts/cm/cmtt10.pfb><C:/Use
rs/ryanv/AppData/Local/Programs/MiKTeX/fonts/type1/public/amsfonts/symbols/msam
10.pfb><C:/Users/ryanv/AppData/Local/Programs/MiKTeX/fonts/type1/public/amsfont
s/symbols/msbm10.pfb><C:/Users/ryanv/AppData/Local/Programs/MiKTeX/fonts/type1/
public/amsfonts/symbols/msbm7.pfb>
Output written on main.pdf (375 pages, 3019554 bytes).
Transcript written on main.log.
pdflatex: major issue: So far, you have not checked for MiKTeX updates.
