\BOOKMARK [-1][-]{part.1}{\376\377\000I\000\040\000W\000h\000a\000t\000\040\000I\000s\000\040\000V\000o\000l\000a\000t\000i\000l\000i\000t\000y\000\040\000a\000n\000d\000\040\000H\000o\000w\000\040\000D\000o\000\040\000Y\000o\000u\000\040\000M\000e\000a\000s\000u\000r\000e\000\040\000I\000t\000?}{}% 1
\BOOKMARK [0][-]{chapter.1}{\376\377\000R\000e\000t\000u\000r\000n\000s\000,\000\040\000V\000a\000r\000i\000a\000n\000c\000e\000,\000\040\000a\000n\000d\000\040\000W\000h\000y\000\040\000V\000o\000l\000a\000t\000i\000l\000i\000t\000y\000\040\000M\000a\000t\000t\000e\000r\000s}{part.1}% 2
\BOOKMARK [1][-]{section.1.1}{\376\377\000W\000h\000a\000t\000\040\000A\000r\000e\000\040\000R\000e\000t\000u\000r\000n\000s\000?}{chapter.1}% 3
\BOOKMARK [2][-]{subsection.1.1.1}{\376\377\000S\000i\000m\000p\000l\000e\000\040\000R\000e\000t\000u\000r\000n\000s}{section.1.1}% 4
\BOOKMARK [2][-]{subsection.1.1.2}{\376\377\000L\000o\000g\000\040\000R\000e\000t\000u\000r\000n\000s}{section.1.1}% 5
\BOOKMARK [1][-]{section.1.2}{\376\377\000V\000a\000r\000i\000a\000n\000c\000e\000\040\000a\000n\000d\000\040\000S\000t\000a\000n\000d\000a\000r\000d\000\040\000D\000e\000v\000i\000a\000t\000i\000o\000n}{chapter.1}% 6
\BOOKMARK [2][-]{subsection.1.2.1}{\376\377\000A\000n\000n\000u\000a\000l\000i\000z\000i\000n\000g\000\040\000V\000o\000l\000a\000t\000i\000l\000i\000t\000y}{section.1.2}% 7
\BOOKMARK [1][-]{section.1.3}{\376\377\000W\000h\000y\000\040\000V\000o\000l\000a\000t\000i\000l\000i\000t\000y\000\040\000M\000a\000t\000t\000e\000r\000s}{chapter.1}% 8
\BOOKMARK [1][-]{section.1.4}{\376\377\000S\000t\000y\000l\000i\000z\000e\000d\000\040\000F\000a\000c\000t\000s\000\040\000o\000f\000\040\000F\000i\000n\000a\000n\000c\000i\000a\000l\000\040\000R\000e\000t\000u\000r\000n\000s}{chapter.1}% 9
\BOOKMARK [2][-]{subsection.1.4.1}{\376\377\000F\000a\000c\000t\000\040\0001\000:\000\040\000R\000e\000t\000u\000r\000n\000s\000\040\000A\000r\000e\000\040\000A\000p\000p\000r\000o\000x\000i\000m\000a\000t\000e\000l\000y\000\040\000U\000n\000c\000o\000r\000r\000e\000l\000a\000t\000e\000d}{section.1.4}% 10
\BOOKMARK [2][-]{subsection.1.4.2}{\376\377\000F\000a\000c\000t\000\040\0002\000:\000\040\000V\000o\000l\000a\000t\000i\000l\000i\000t\000y\000\040\000C\000l\000u\000s\000t\000e\000r\000s}{section.1.4}% 11
\BOOKMARK [2][-]{subsection.1.4.3}{\376\377\000F\000a\000c\000t\000\040\0003\000:\000\040\000F\000a\000t\000\040\000T\000a\000i\000l\000s}{section.1.4}% 12
\BOOKMARK [2][-]{subsection.1.4.4}{\376\377\000F\000a\000c\000t\000\040\0004\000:\000\040\000T\000h\000e\000\040\000L\000e\000v\000e\000r\000a\000g\000e\000\040\000E\000f\000f\000e\000c\000t}{section.1.4}% 13
\BOOKMARK [2][-]{subsection.1.4.5}{\376\377\000S\000u\000m\000m\000a\000r\000y\000\040\000o\000f\000\040\000S\000t\000y\000l\000i\000z\000e\000d\000\040\000F\000a\000c\000t\000s}{section.1.4}% 14
\BOOKMARK [1][-]{section.1.5}{\376\377\000C\000o\000n\000d\000i\000t\000i\000o\000n\000a\000l\000\040\000v\000s\000.\000\040\000U\000n\000c\000o\000n\000d\000i\000t\000i\000o\000n\000a\000l\000\040\000V\000o\000l\000a\000t\000i\000l\000i\000t\000y}{chapter.1}% 15
\BOOKMARK [1][-]{section*.6}{\376\377\000S\000u\000m\000m\000a\000r\000y}{chapter.1}% 16
\BOOKMARK [0][-]{chapter.2}{\376\377\000R\000e\000a\000l\000i\000z\000e\000d\000\040\000V\000o\000l\000a\000t\000i\000l\000i\000t\000y}{part.1}% 17
\BOOKMARK [1][-]{section.2.1}{\376\377\000T\000h\000e\000\040\000T\000h\000e\000o\000r\000e\000t\000i\000c\000a\000l\000\040\000T\000a\000r\000g\000e\000t\000:\000\040\000I\000n\000t\000e\000g\000r\000a\000t\000e\000d\000\040\000V\000a\000r\000i\000a\000n\000c\000e}{chapter.2}% 18
\BOOKMARK [1][-]{section.2.2}{\376\377\000R\000e\000a\000l\000i\000z\000e\000d\000\040\000V\000a\000r\000i\000a\000n\000c\000e\000\040\000a\000s\000\040\000a\000n\000\040\000E\000s\000t\000i\000m\000a\000t\000o\000r}{chapter.2}% 19
\BOOKMARK [2][-]{subsection.2.2.1}{\376\377\000C\000o\000n\000s\000t\000r\000u\000c\000t\000i\000o\000n}{section.2.2}% 20
\BOOKMARK [2][-]{subsection.2.2.2}{\376\377\000W\000h\000y\000\040\000I\000t\000\040\000W\000o\000r\000k\000s\000:\000\040\000C\000o\000n\000v\000e\000r\000g\000e\000n\000c\000e\000\040\000t\000o\000\040\000Q\000u\000a\000d\000r\000a\000t\000i\000c\000\040\000V\000a\000r\000i\000a\000t\000i\000o\000n}{section.2.2}% 21
\BOOKMARK [2][-]{subsection.2.2.3}{\376\377\000D\000i\000a\000g\000r\000a\000m\000:\000\040\000B\000u\000i\000l\000d\000i\000n\000g\000\040\000R\000V\000\040\000f\000r\000o\000m\000\040\000a\000\040\000P\000r\000i\000c\000e\000\040\000P\000a\000t\000h}{section.2.2}% 22
\BOOKMARK [1][-]{section.2.3}{\376\377\000H\000o\000w\000\040\000F\000r\000e\000q\000u\000e\000n\000t\000l\000y\000\040\000t\000o\000\040\000S\000a\000m\000p\000l\000e}{chapter.2}% 23
\BOOKMARK [2][-]{subsection.2.3.1}{\376\377\000T\000h\000e\000\040\000T\000h\000e\000o\000r\000y\000:\000\040\000M\000o\000r\000e\000\040\000I\000s\000\040\000B\000e\000t\000t\000e\000r}{section.2.3}% 24
\BOOKMARK [2][-]{subsection.2.3.2}{\376\377\000T\000h\000e\000\040\000P\000r\000a\000c\000t\000i\000c\000e\000:\000\040\000M\000i\000c\000r\000o\000s\000t\000r\000u\000c\000t\000u\000r\000e\000\040\000N\000o\000i\000s\000e}{section.2.3}% 25
\BOOKMARK [2][-]{subsection.2.3.3}{\376\377\000T\000h\000e\000\040\000B\000i\000a\000s\000-\000V\000a\000r\000i\000a\000n\000c\000e\000\040\000T\000r\000a\000d\000e\000o\000f\000f}{section.2.3}% 26
\BOOKMARK [2][-]{subsection.2.3.4}{\376\377\000T\000h\000e\000\040\000V\000o\000l\000a\000t\000i\000l\000i\000t\000y\000\040\000S\000i\000g\000n\000a\000t\000u\000r\000e\000\040\000P\000l\000o\000t}{section.2.3}% 27
\BOOKMARK [1][-]{section.2.4}{\376\377\0005\000-\000M\000i\000n\000u\000t\000e\000\040\000R\000V\000:\000\040\000T\000h\000e\000\040\000P\000r\000a\000c\000t\000i\000c\000a\000l\000\040\000W\000o\000r\000k\000h\000o\000r\000s\000e}{chapter.2}% 28
\BOOKMARK [1][-]{section.2.5}{\376\377\000R\000e\000a\000l\000i\000z\000e\000d\000\040\000V\000o\000l\000a\000t\000i\000l\000i\000t\000y\000\040\000v\000s\000.\000\040\000R\000e\000a\000l\000i\000z\000e\000d\000\040\000V\000a\000r\000i\000a\000n\000c\000e}{chapter.2}% 29
\BOOKMARK [1][-]{section*.7}{\376\377\000S\000u\000m\000m\000a\000r\000y}{chapter.2}% 30
\BOOKMARK [0][-]{chapter.3}{\376\377\000M\000i\000c\000r\000o\000s\000t\000r\000u\000c\000t\000u\000r\000e\000\040\000N\000o\000i\000s\000e\000\040\000a\000n\000d\000\040\000R\000o\000b\000u\000s\000t\000\040\000E\000s\000t\000i\000m\000a\000t\000o\000r\000s}{part.1}% 31
\BOOKMARK [1][-]{section.3.1}{\376\377\000T\000h\000e\000\040\000M\000i\000c\000r\000o\000s\000t\000r\000u\000c\000t\000u\000r\000e\000\040\000N\000o\000i\000s\000e\000\040\000P\000r\000o\000b\000l\000e\000m}{chapter.3}% 32
\BOOKMARK [2][-]{subsection.3.1.1}{\376\377\000Q\000u\000a\000n\000t\000i\000f\000y\000i\000n\000g\000\040\000t\000h\000e\000\040\000B\000i\000a\000s}{section.3.1}% 33
\BOOKMARK [1][-]{section.3.2}{\376\377\000T\000h\000e\000\040\000V\000o\000l\000a\000t\000i\000l\000i\000t\000y\000\040\000S\000i\000g\000n\000a\000t\000u\000r\000e\000\040\000P\000l\000o\000t}{chapter.3}% 34
\BOOKMARK [1][-]{section.3.3}{\376\377\000T\000w\000o\000-\000S\000c\000a\000l\000e\000s\000\040\000R\000e\000a\000l\000i\000z\000e\000d\000\040\000V\000o\000l\000a\000t\000i\000l\000i\000t\000y\000\040\000\050\000T\000S\000R\000V\000\051}{chapter.3}% 35
\BOOKMARK [2][-]{subsection.3.3.1}{\376\377\000C\000o\000n\000s\000t\000r\000u\000c\000t\000i\000o\000n}{section.3.3}% 36
\BOOKMARK [2][-]{subsection.3.3.2}{\376\377\000C\000o\000n\000v\000e\000r\000g\000e\000n\000c\000e\000\040\000R\000a\000t\000e}{section.3.3}% 37
\BOOKMARK [1][-]{section.3.4}{\376\377\000M\000u\000l\000t\000i\000-\000S\000c\000a\000l\000e\000\040\000R\000e\000a\000l\000i\000z\000e\000d\000\040\000V\000o\000l\000a\000t\000i\000l\000i\000t\000y\000\040\000\050\000M\000S\000R\000V\000\051}{chapter.3}% 38
\BOOKMARK [1][-]{section.3.5}{\376\377\000T\000h\000e\000\040\000R\000e\000a\000l\000i\000z\000e\000d\000\040\000K\000e\000r\000n\000e\000l}{chapter.3}% 39
\BOOKMARK [2][-]{subsection.3.5.1}{\376\377\000C\000o\000n\000s\000t\000r\000u\000c\000t\000i\000o\000n}{section.3.5}% 40
\BOOKMARK [2][-]{subsection.3.5.2}{\376\377\000W\000h\000y\000\040\000I\000t\000\040\000W\000o\000r\000k\000s}{section.3.5}% 41
\BOOKMARK [2][-]{subsection.3.5.3}{\376\377\000B\000a\000n\000d\000w\000i\000d\000t\000h\000\040\000S\000e\000l\000e\000c\000t\000i\000o\000n}{section.3.5}% 42
\BOOKMARK [1][-]{section.3.6}{\376\377\000P\000r\000e\000-\000A\000v\000e\000r\000a\000g\000i\000n\000g}{chapter.3}% 43
\BOOKMARK [2][-]{subsection.3.6.1}{\376\377\000C\000o\000n\000s\000t\000r\000u\000c\000t\000i\000o\000n}{section.3.6}% 44
\BOOKMARK [1][-]{section.3.7}{\376\377\000O\000t\000h\000e\000r\000\040\000E\000s\000t\000i\000m\000a\000t\000o\000r\000s}{chapter.3}% 45
\BOOKMARK [1][-]{section.3.8}{\376\377\000W\000h\000i\000c\000h\000\040\000E\000s\000t\000i\000m\000a\000t\000o\000r\000\040\000t\000o\000\040\000U\000s\000e}{chapter.3}% 46
\BOOKMARK [2][-]{subsection.3.8.1}{\376\377\000C\000o\000m\000p\000a\000r\000i\000s\000o\000n\000\040\000T\000a\000b\000l\000e}{section.3.8}% 47
\BOOKMARK [2][-]{subsection.3.8.2}{\376\377\000D\000e\000c\000i\000s\000i\000o\000n\000\040\000F\000l\000o\000w\000c\000h\000a\000r\000t}{section.3.8}% 48
\BOOKMARK [1][-]{section*.15}{\376\377\000S\000u\000m\000m\000a\000r\000y}{chapter.3}% 49
\BOOKMARK [0][-]{chapter.4}{\376\377\000J\000u\000m\000p\000s\000\040\000a\000n\000d\000\040\000C\000o\000n\000t\000i\000n\000u\000o\000u\000s\000\040\000V\000a\000r\000i\000a\000t\000i\000o\000n}{part.1}% 50
\BOOKMARK [1][-]{section.4.1}{\376\377\000W\000h\000y\000\040\000P\000r\000i\000c\000e\000s\000\040\000J\000u\000m\000p}{chapter.4}% 51
\BOOKMARK [2][-]{subsection.4.1.1}{\376\377\000D\000i\000a\000g\000r\000a\000m\000:\000\040\000C\000o\000n\000t\000i\000n\000u\000o\000u\000s\000\040\000v\000s\000.\000\040\000J\000u\000m\000p\000\040\000P\000r\000i\000c\000e\000\040\000P\000a\000t\000h\000s}{section.4.1}% 52
\BOOKMARK [1][-]{section.4.2}{\376\377\000B\000i\000p\000o\000w\000e\000r\000\040\000V\000a\000r\000i\000a\000t\000i\000o\000n}{chapter.4}% 53
\BOOKMARK [2][-]{subsection.4.2.1}{\376\377\000W\000h\000y\000\040\000t\000h\000e\000\040\000/\0002\000\040\000S\000c\000a\000l\000i\000n\000g\000\040\000F\000a\000c\000t\000o\000r}{section.4.2}% 54
\BOOKMARK [2][-]{subsection.4.2.2}{\376\377\000D\000i\000a\000g\000r\000a\000m\000:\000\040\000H\000o\000w\000\040\000R\000V\000\040\000a\000n\000d\000\040\000B\000P\000V\000\040\000R\000e\000s\000p\000o\000n\000d\000\040\000t\000o\000\040\000a\000\040\000J\000u\000m\000p}{section.4.2}% 55
\BOOKMARK [1][-]{section.4.3}{\376\377\000T\000h\000e\000\040\000B\000N\000S\000\040\000J\000u\000m\000p\000\040\000T\000e\000s\000t}{chapter.4}% 56
\BOOKMARK [1][-]{section.4.4}{\376\377\000L\000e\000e\000-\000M\000y\000k\000l\000a\000n\000d\000:\000\040\000D\000e\000t\000e\000c\000t\000i\000n\000g\000\040\000I\000n\000d\000i\000v\000i\000d\000u\000a\000l\000\040\000J\000u\000m\000p\000s}{chapter.4}% 57
\BOOKMARK [2][-]{subsection.4.4.1}{\376\377\000D\000i\000a\000g\000r\000a\000m\000:\000\040\000I\000n\000t\000r\000a\000d\000a\000y\000\040\000J\000u\000m\000p\000\040\000D\000e\000t\000e\000c\000t\000i\000o\000n}{section.4.4}% 58
\BOOKMARK [1][-]{section.4.5}{\376\377\000A\000\357\000t\000-\000S\000a\000h\000a\000l\000i\000a\000-\000J\000a\000c\000o\000d\000\040\000T\000e\000s\000t}{chapter.4}% 59
\BOOKMARK [1][-]{section.4.6}{\376\377\000T\000h\000r\000e\000s\000h\000o\000l\000d\000\040\000a\000n\000d\000\040\000T\000r\000u\000n\000c\000a\000t\000i\000o\000n\000\040\000M\000e\000t\000h\000o\000d\000s}{chapter.4}% 60
\BOOKMARK [1][-]{section.4.7}{\376\377\000W\000h\000y\000\040\000t\000h\000e\000\040\000D\000e\000c\000o\000m\000p\000o\000s\000i\000t\000i\000o\000n\000\040\000M\000a\000t\000t\000e\000r\000s\000\040\000f\000o\000r\000\040\000F\000o\000r\000e\000c\000a\000s\000t\000i\000n\000g}{chapter.4}% 61
\BOOKMARK [2][-]{subsection.4.7.1}{\376\377\000D\000i\000a\000g\000r\000a\000m\000:\000\040\000T\000h\000e\000\040\000D\000e\000c\000o\000m\000p\000o\000s\000i\000t\000i\000o\000n\000\040\000P\000i\000p\000e\000l\000i\000n\000e}{section.4.7}% 62
\BOOKMARK [1][-]{section*.16}{\376\377\000S\000u\000m\000m\000a\000r\000y}{chapter.4}% 63
\BOOKMARK [-1][-]{part.2}{\376\377\000I\000I\000\040\000F\000o\000r\000e\000c\000a\000s\000t\000i\000n\000g\000\040\000V\000o\000l\000a\000t\000i\000l\000i\000t\000y\000\040\000w\000i\000t\000h\000\040\000C\000l\000a\000s\000s\000i\000c\000a\000l\000\040\000M\000o\000d\000e\000l\000s}{}% 64
\BOOKMARK [0][-]{chapter.5}{\376\377\000T\000h\000e\000\040\000G\000A\000R\000C\000H\000\040\000F\000a\000m\000i\000l\000y}{part.2}% 65
\BOOKMARK [1][-]{section.5.1}{\376\377\000T\000h\000e\000\040\000A\000R\000C\000H\000\040\000M\000o\000d\000e\000l}{chapter.5}% 66
\BOOKMARK [1][-]{section.5.2}{\376\377\000G\000A\000R\000C\000H\000\050\0001\000,\0001\000\051\000:\000\040\000T\000h\000e\000\040\000W\000o\000r\000k\000h\000o\000r\000s\000e\000\040\000M\000o\000d\000e\000l}{chapter.5}% 67
\BOOKMARK [1][-]{section.5.3}{\376\377\000T\000h\000e\000\040\000L\000e\000v\000e\000r\000a\000g\000e\000\040\000E\000f\000f\000e\000c\000t}{chapter.5}% 68
\BOOKMARK [1][-]{section.5.4}{\376\377\000G\000J\000R\000-\000G\000A\000R\000C\000H\000:\000\040\000A\000\040\000S\000i\000m\000p\000l\000e\000\040\000A\000s\000y\000m\000m\000e\000t\000r\000i\000c\000\040\000E\000x\000t\000e\000n\000s\000i\000o\000n}{chapter.5}% 69
\BOOKMARK [1][-]{section.5.5}{\376\377\000E\000G\000A\000R\000C\000H\000:\000\040\000L\000o\000g\000-\000V\000a\000r\000i\000a\000n\000c\000e\000\040\000a\000n\000d\000\040\000G\000u\000a\000r\000a\000n\000t\000e\000e\000d\000\040\000P\000o\000s\000i\000t\000i\000v\000i\000t\000y}{chapter.5}% 70
\BOOKMARK [1][-]{section.5.6}{\376\377\000L\000o\000n\000g\000\040\000M\000e\000m\000o\000r\000y\000\040\000i\000n\000\040\000V\000o\000l\000a\000t\000i\000l\000i\000t\000y\000:\000\040\000F\000I\000G\000A\000R\000C\000H}{chapter.5}% 71
\BOOKMARK [1][-]{section.5.7}{\376\377\000R\000e\000a\000l\000i\000z\000e\000d\000\040\000G\000A\000R\000C\000H\000:\000\040\000B\000r\000i\000n\000g\000i\000n\000g\000\040\000I\000n\000t\000r\000a\000d\000a\000y\000\040\000D\000a\000t\000a\000\040\000i\000n\000t\000o\000\040\000G\000A\000R\000C\000H}{chapter.5}% 72
\BOOKMARK [1][-]{section.5.8}{\376\377\000T\000h\000e\000\040\000H\000E\000A\000V\000Y\000\040\000M\000o\000d\000e\000l}{chapter.5}% 73
\BOOKMARK [1][-]{section.5.9}{\376\377\000C\000o\000m\000p\000a\000r\000i\000s\000o\000n\000:\000\040\000G\000A\000R\000C\000H\000\040\000v\000s\000.\000\040\000R\000e\000a\000l\000i\000z\000e\000d\000\040\000G\000A\000R\000C\000H\000\040\000v\000s\000.\000\040\000H\000E\000A\000V\000Y}{chapter.5}% 74
\BOOKMARK [1][-]{section.5.10}{\376\377\000S\000u\000m\000m\000a\000r\000y}{chapter.5}% 75
\BOOKMARK [0][-]{chapter.6}{\376\377\000T\000h\000e\000\040\000H\000A\000R\000\040\000M\000o\000d\000e\000l\000\040\000a\000n\000d\000\040\000I\000t\000s\000\040\000E\000x\000t\000e\000n\000s\000i\000o\000n\000s}{part.2}% 76
\BOOKMARK [1][-]{section.6.1}{\376\377\000T\000h\000e\000\040\000H\000e\000t\000e\000r\000o\000g\000e\000n\000e\000o\000u\000s\000\040\000M\000a\000r\000k\000e\000t\000\040\000H\000y\000p\000o\000t\000h\000e\000s\000i\000s}{chapter.6}% 77
\BOOKMARK [1][-]{section.6.2}{\376\377\000T\000h\000e\000\040\000H\000A\000R\000\040\000M\000o\000d\000e\000l}{chapter.6}% 78
\BOOKMARK [2][-]{subsection.6.2.1}{\376\377\000T\000y\000p\000i\000c\000a\000l\000\040\000C\000o\000e\000f\000f\000i\000c\000i\000e\000n\000t\000\040\000V\000a\000l\000u\000e\000s}{section.6.2}% 79
\BOOKMARK [1][-]{section.6.3}{\376\377\000H\000A\000R\000-\000J\000\040\000a\000n\000d\000\040\000H\000A\000R\000-\000C\000J\000:\000\040\000A\000d\000d\000i\000n\000g\000\040\000J\000u\000m\000p\000s}{chapter.6}% 80
\BOOKMARK [2][-]{subsection.6.3.1}{\376\377\000H\000A\000R\000-\000J}{section.6.3}% 81
\BOOKMARK [2][-]{subsection.6.3.2}{\376\377\000H\000A\000R\000-\000C\000J}{section.6.3}% 82
\BOOKMARK [1][-]{section.6.4}{\376\377\000S\000H\000A\000R\000:\000\040\000G\000o\000o\000d\000\040\000V\000o\000l\000a\000t\000i\000l\000i\000t\000y\000,\000\040\000B\000a\000d\000\040\000V\000o\000l\000a\000t\000i\000l\000i\000t\000y}{chapter.6}% 83
\BOOKMARK [1][-]{section.6.5}{\376\377\000H\000A\000R\000Q\000:\000\040\000H\000a\000n\000d\000l\000i\000n\000g\000\040\000M\000e\000a\000s\000u\000r\000e\000m\000e\000n\000t\000\040\000E\000r\000r\000o\000r}{chapter.6}% 84
\BOOKMARK [1][-]{section.6.6}{\376\377\000H\000A\000R\000-\000X\000\040\000a\000n\000d\000\040\000B\000e\000y\000o\000n\000d\000:\000\040\000A\000d\000d\000i\000n\000g\000\040\000E\000x\000o\000g\000e\000n\000o\000u\000s\000\040\000P\000r\000e\000d\000i\000c\000t\000o\000r\000s}{chapter.6}% 85
\BOOKMARK [1][-]{section.6.7}{\376\377\000W\000h\000y\000\040\000H\000A\000R\000\040\000I\000s\000\040\000H\000a\000r\000d\000\040\000t\000o\000\040\000B\000e\000a\000t}{chapter.6}% 86
\BOOKMARK [1][-]{section*.18}{\376\377\000S\000u\000m\000m\000a\000r\000y}{chapter.6}% 87
\BOOKMARK [1][-]{section*.19}{\376\377\000K\000e\000y\000\040\000R\000e\000s\000u\000l\000t\000s}{chapter.6}% 88
\BOOKMARK [0][-]{chapter.7}{\376\377\000R\000o\000u\000g\000h\000\040\000V\000o\000l\000a\000t\000i\000l\000i\000t\000y}{part.2}% 89
\BOOKMARK [1][-]{section.7.1}{\376\377\000W\000h\000y\000\040\000P\000a\000t\000h\000\040\000S\000h\000a\000p\000e\000\040\000M\000a\000t\000t\000e\000r\000s\000:\000\040\000A\000\040\000H\000e\000d\000g\000i\000n\000g\000\040\000M\000o\000t\000i\000v\000a\000t\000i\000o\000n}{chapter.7}% 90
\BOOKMARK [1][-]{section.7.2}{\376\377\000W\000h\000a\000t\000\040\000I\000s\000\040\000R\000o\000u\000g\000h\000n\000e\000s\000s\000?}{chapter.7}% 91
\BOOKMARK [1][-]{section.7.3}{\376\377\000V\000o\000l\000a\000t\000i\000l\000i\000t\000y\000\040\000I\000s\000\040\000R\000o\000u\000g\000h}{chapter.7}% 92
\BOOKMARK [2][-]{subsection.7.3.1}{\376\377\000H\000o\000w\000\040\000t\000o\000\040\000E\000s\000t\000i\000m\000a\000t\000e\000\040\000H\000:\000\040\000T\000h\000e\000\040\000V\000a\000r\000i\000o\000g\000r\000a\000m\000\040\000M\000e\000t\000h\000o\000d}{section.7.3}% 93
\BOOKMARK [1][-]{section.7.4}{\376\377\000T\000h\000e\000\040\000R\000F\000S\000V\000\040\000F\000o\000r\000e\000c\000a\000s\000t\000i\000n\000g\000\040\000F\000o\000r\000m\000u\000l\000a}{chapter.7}% 94
\BOOKMARK [1][-]{section.7.5}{\376\377\000R\000o\000u\000g\000h\000\040\000V\000o\000l\000a\000t\000i\000l\000i\000t\000y\000\040\000f\000o\000r\000\040\000P\000r\000i\000c\000i\000n\000g}{chapter.7}% 95
\BOOKMARK [1][-]{section.7.6}{\376\377\000F\000a\000c\000t\000\040\000o\000r\000\040\000A\000r\000t\000e\000f\000a\000c\000t\000?}{chapter.7}% 96
\BOOKMARK [1][-]{section.7.7}{\376\377\000T\000h\000e\000\040\000U\000n\000i\000v\000e\000r\000s\000a\000l\000\040\000L\000S\000T\000M\000\040\000C\000o\000n\000n\000e\000c\000t\000i\000o\000n}{chapter.7}% 97
\BOOKMARK [1][-]{section*.20}{\376\377\000S\000u\000m\000m\000a\000r\000y}{chapter.7}% 98
\BOOKMARK [1][-]{section*.21}{\376\377\000K\000e\000y\000\040\000R\000e\000s\000u\000l\000t\000s}{chapter.7}% 99
\BOOKMARK [-1][-]{part.3}{\376\377\000I\000I\000I\000\040\000T\000h\000e\000\040\000V\000o\000l\000a\000t\000i\000l\000i\000t\000y\000\040\000S\000u\000r\000f\000a\000c\000e\000\040\000a\000n\000d\000\040\000O\000p\000t\000i\000o\000n\000s\000-\000I\000m\000p\000l\000i\000e\000d\000\040\000I\000n\000f\000o\000r\000m\000a\000t\000i\000o\000n}{}% 100
\BOOKMARK [0][-]{chapter.8}{\376\377\000O\000p\000t\000i\000o\000n\000s\000\040\000B\000a\000s\000i\000c\000s\000\040\000a\000n\000d\000\040\000t\000h\000e\000\040\000V\000o\000l\000a\000t\000i\000l\000i\000t\000y\000\040\000S\000u\000r\000f\000a\000c\000e}{part.3}% 101
\BOOKMARK [1][-]{section.8.1}{\376\377\000W\000h\000a\000t\000\040\000I\000s\000\040\000a\000n\000\040\000O\000p\000t\000i\000o\000n\000?}{chapter.8}% 102
\BOOKMARK [2][-]{subsection.8.1.1}{\376\377\000P\000a\000y\000o\000f\000f\000\040\000a\000t\000\040\000E\000x\000p\000i\000r\000y}{section.8.1}% 103
\BOOKMARK [2][-]{subsection.8.1.2}{\376\377\000M\000o\000n\000e\000y\000n\000e\000s\000s}{section.8.1}% 104
\BOOKMARK [1][-]{section.8.2}{\376\377\000B\000l\000a\000c\000k\000-\000S\000c\000h\000o\000l\000e\000s\000\040\000i\000n\000\040\000O\000n\000e\000\040\000P\000a\000g\000e}{chapter.8}% 105
\BOOKMARK [2][-]{subsection.8.2.1}{\376\377\000T\000h\000e\000\040\000G\000r\000e\000e\000k\000s\000:\000\040\000S\000e\000n\000s\000i\000t\000i\000v\000i\000t\000y\000\040\000t\000o\000\040\000I\000n\000p\000u\000t\000s}{section.8.2}% 106
\BOOKMARK [1][-]{section.8.3}{\376\377\000I\000m\000p\000l\000i\000e\000d\000\040\000V\000o\000l\000a\000t\000i\000l\000i\000t\000y}{chapter.8}% 107
\BOOKMARK [1][-]{section.8.4}{\376\377\000T\000h\000e\000\040\000I\000m\000p\000l\000i\000e\000d\000\040\000V\000o\000l\000a\000t\000i\000l\000i\000t\000y\000\040\000S\000u\000r\000f\000a\000c\000e}{chapter.8}% 108
\BOOKMARK [2][-]{subsection.8.4.1}{\376\377\000T\000h\000e\000\040\000V\000o\000l\000a\000t\000i\000l\000i\000t\000y\000\040\000S\000m\000i\000l\000e\000\040\000a\000n\000d\000\040\000S\000k\000e\000w}{section.8.4}% 109
\BOOKMARK [2][-]{subsection.8.4.2}{\376\377\000T\000h\000e\000\040\000T\000e\000r\000m\000\040\000S\000t\000r\000u\000c\000t\000u\000r\000e\000\040\000o\000f\000\040\000I\000m\000p\000l\000i\000e\000d\000\040\000V\000o\000l\000a\000t\000i\000l\000i\000t\000y}{section.8.4}% 110
\BOOKMARK [2][-]{subsection.8.4.3}{\376\377\000T\000h\000e\000\040\000B\000u\000t\000t\000e\000r\000f\000l\000y\000\040\000S\000p\000r\000e\000a\000d}{section.8.4}% 111
\BOOKMARK [2][-]{subsection.8.4.4}{\376\377\000T\000h\000e\000\040\000F\000u\000l\000l\000\040\000S\000u\000r\000f\000a\000c\000e}{section.8.4}% 112
\BOOKMARK [2][-]{subsection.8.4.5}{\376\377\000F\000i\000t\000t\000i\000n\000g\000\040\000t\000h\000e\000\040\000S\000u\000r\000f\000a\000c\000e\000:\000\040\000T\000h\000e\000\040\000S\000V\000I\000\040\000P\000a\000r\000a\000m\000e\000t\000r\000i\000z\000a\000t\000i\000o\000n}{section.8.4}% 113
\BOOKMARK [1][-]{section.8.5}{\376\377\000P\000C\000A\000\040\000o\000f\000\040\000t\000h\000e\000\040\000V\000o\000l\000a\000t\000i\000l\000i\000t\000y\000\040\000S\000u\000r\000f\000a\000c\000e}{chapter.8}% 114
\BOOKMARK [1][-]{section.8.6}{\376\377\000L\000o\000c\000a\000l\000\040\000V\000o\000l\000a\000t\000i\000l\000i\000t\000y}{chapter.8}% 115
\BOOKMARK [1][-]{section.8.7}{\376\377\000M\000o\000d\000e\000l\000-\000F\000r\000e\000e\000\040\000I\000m\000p\000l\000i\000e\000d\000\040\000V\000a\000r\000i\000a\000n\000c\000e\000\040\000a\000n\000d\000\040\000t\000h\000e\000\040\000V\000I\000X}{chapter.8}% 116
\BOOKMARK [2][-]{subsection.8.7.1}{\376\377\000M\000o\000d\000e\000l\000-\000F\000r\000e\000e\000\040\000I\000m\000p\000l\000i\000e\000d\000\040\000V\000a\000r\000i\000a\000n\000c\000e}{section.8.7}% 117
\BOOKMARK [2][-]{subsection.8.7.2}{\376\377\000T\000h\000e\000\040\000V\000I\000X\000\040\000I\000n\000d\000e\000x}{section.8.7}% 118
\BOOKMARK [1][-]{section.8.8}{\376\377\000V\000a\000r\000i\000a\000n\000c\000e\000\040\000S\000w\000a\000p\000s\000:\000\040\000T\000r\000a\000d\000i\000n\000g\000\040\000R\000e\000a\000l\000i\000z\000e\000d\000\040\000V\000o\000l\000a\000t\000i\000l\000i\000t\000y}{chapter.8}% 119
\BOOKMARK [2][-]{subsection.8.8.1}{\376\377\000D\000e\000f\000i\000n\000i\000t\000i\000o\000n\000\040\000a\000n\000d\000\040\000P\000a\000y\000o\000f\000f}{section.8.8}% 120
\BOOKMARK [2][-]{subsection.8.8.2}{\376\377\000L\000o\000g\000-\000C\000o\000n\000t\000r\000a\000c\000t\000\040\000R\000e\000p\000l\000i\000c\000a\000t\000i\000o\000n}{section.8.8}% 121
\BOOKMARK [1][-]{section.8.9}{\376\377\000C\000o\000n\000n\000e\000c\000t\000i\000n\000g\000\040\000t\000h\000e\000\040\000V\000o\000l\000\040\000S\000u\000r\000f\000a\000c\000e\000\040\000t\000o\000\040\000V\000o\000l\000a\000t\000i\000l\000i\000t\000y\000\040\000F\000o\000r\000e\000c\000a\000s\000t\000i\000n\000g}{chapter.8}% 122
\BOOKMARK [1][-]{section.8.10}{\376\377\000S\000u\000m\000m\000a\000r\000y}{chapter.8}% 123
\BOOKMARK [0][-]{chapter.9}{\376\377\000T\000h\000e\000\040\000V\000a\000r\000i\000a\000n\000c\000e\000\040\000R\000i\000s\000k\000\040\000P\000r\000e\000m\000i\000u\000m}{part.3}% 124
\BOOKMARK [1][-]{section.9.1}{\376\377\000W\000h\000a\000t\000\040\000I\000s\000\040\000t\000h\000e\000\040\000V\000a\000r\000i\000a\000n\000c\000e\000\040\000R\000i\000s\000k\000\040\000P\000r\000e\000m\000i\000u\000m\000?}{chapter.9}% 125
\BOOKMARK [1][-]{section.9.2}{\376\377\000W\000h\000y\000\040\000V\000R\000P\000\040\000E\000x\000i\000s\000t\000s}{chapter.9}% 126
\BOOKMARK [2][-]{subsection.9.2.1}{\376\377\000R\000i\000s\000k\000\040\000A\000v\000e\000r\000s\000i\000o\000n\000\040\000a\000n\000d\000\040\000D\000o\000w\000n\000s\000i\000d\000e\000\040\000P\000r\000o\000t\000e\000c\000t\000i\000o\000n\000\040\000D\000e\000m\000a\000n\000d}{section.9.2}% 127
\BOOKMARK [2][-]{subsection.9.2.2}{\376\377\000T\000h\000e\000\040\000I\000n\000s\000u\000r\000a\000n\000c\000e\000\040\000A\000n\000a\000l\000o\000g\000y\000,\000\040\000F\000o\000r\000m\000a\000l\000i\000z\000e\000d}{section.9.2}% 128
\BOOKMARK [2][-]{subsection.9.2.3}{\376\377\000E\000q\000u\000i\000l\000i\000b\000r\000i\000u\000m\000\040\000A\000c\000c\000o\000u\000n\000t\000:\000\040\000L\000o\000n\000g\000-\000R\000u\000n\000\040\000R\000i\000s\000k}{section.9.2}% 129
\BOOKMARK [1][-]{section.9.3}{\376\377\000V\000R\000P\000\040\000P\000r\000e\000d\000i\000c\000t\000s\000\040\000R\000e\000t\000u\000r\000n\000s}{chapter.9}% 130
\BOOKMARK [1][-]{section.9.4}{\376\377\000V\000R\000P\000\040\000P\000r\000e\000d\000i\000c\000t\000s\000\040\000F\000u\000t\000u\000r\000e\000\040\000V\000o\000l\000a\000t\000i\000l\000i\000t\000y}{chapter.9}% 131
\BOOKMARK [1][-]{section.9.5}{\376\377\000D\000e\000c\000o\000m\000p\000o\000s\000i\000n\000g\000\040\000V\000R\000P}{chapter.9}% 132
\BOOKMARK [2][-]{subsection.9.5.1}{\376\377\000U\000n\000c\000e\000r\000t\000a\000i\000n\000t\000y\000\040\000v\000s\000.\000\040\000R\000i\000s\000k\000\040\000A\000v\000e\000r\000s\000i\000o\000n}{section.9.5}% 133
\BOOKMARK [2][-]{subsection.9.5.2}{\376\377\000N\000o\000r\000m\000a\000l\000-\000T\000i\000m\000e\000s\000\040\000v\000s\000.\000\040\000J\000u\000m\000p\000-\000T\000a\000i\000l\000\040\000V\000R\000P}{section.9.5}% 134
\BOOKMARK [1][-]{section.9.6}{\376\377\000T\000h\000e\000\040\000G\000a\000m\000m\000a\000\040\000P\000\046\000L\000\040\000F\000o\000r\000m\000u\000l\000a\000:\000\040\000F\000r\000o\000m\000\040\000F\000o\000r\000e\000c\000a\000s\000t\000\040\000t\000o\000\040\000M\000o\000n\000e\000y}{chapter.9}% 135
\BOOKMARK [2][-]{subsection.9.6.1}{\376\377\000S\000e\000t\000u\000p\000:\000\040\000D\000e\000l\000t\000a\000-\000H\000e\000d\000g\000e\000d\000\040\000O\000p\000t\000i\000o\000n\000\040\000P\000\046\000L}{section.9.6}% 136
\BOOKMARK [2][-]{subsection.9.6.2}{\376\377\000D\000e\000r\000i\000v\000a\000t\000i\000o\000n\000\040\000f\000r\000o\000m\000\040\000t\000h\000e\000\040\000B\000l\000a\000c\000k\040\023\000S\000c\000h\000o\000l\000e\000s\000\040\000P\000D\000E}{section.9.6}% 137
\BOOKMARK [1][-]{section.9.7}{\376\377\000V\000o\000l\000-\000o\000f\000-\000V\000o\000l}{chapter.9}% 138
\BOOKMARK [2][-]{subsection.9.7.1}{\376\377\000V\000V\000I\000X\000:\000\040\000T\000h\000e\000\040\000V\000o\000l\000a\000t\000i\000l\000i\000t\000y\000\040\000o\000f\000\040\000V\000I\000X}{section.9.7}% 139
\BOOKMARK [2][-]{subsection.9.7.2}{\376\377\000R\000e\000a\000l\000i\000z\000e\000d\000\040\000V\000o\000l\000-\000o\000f\000-\000V\000o\000l}{section.9.7}% 140
\BOOKMARK [2][-]{subsection.9.7.3}{\376\377\000J\000u\000m\000p\000s\000\040\000i\000n\000\040\000V\000I\000X}{section.9.7}% 141
\BOOKMARK [2][-]{subsection.9.7.4}{\376\377\000D\000i\000a\000g\000r\000a\000m\000:\000\040\000V\000I\000X\000\040\000v\000s\000.\000\040\000R\000e\000a\000l\000i\000z\000e\000d\000\040\000V\000o\000l}{section.9.7}% 142
\BOOKMARK [1][-]{section.9.8}{\376\377\000M\000L\000\040\000A\000p\000p\000r\000o\000a\000c\000h\000e\000s\000\040\000t\000o\000\040\000V\000R\000P}{chapter.9}% 143
\BOOKMARK [2][-]{subsection.9.8.1}{\376\377\000I\000m\000p\000r\000o\000v\000e\000d\000\040\000P\000-\000M\000e\000a\000s\000u\000r\000e\000\040\000F\000o\000r\000e\000c\000a\000s\000t\000s}{section.9.8}% 144
\BOOKMARK [2][-]{subsection.9.8.2}{\376\377\000V\000R\000P\000\040\000a\000s\000\040\000a\000\040\000T\000r\000a\000d\000i\000n\000g\000\040\000S\000i\000g\000n\000a\000l}{section.9.8}% 145
\BOOKMARK [1][-]{section*.24}{\376\377\000S\000u\000m\000m\000a\000r\000y}{chapter.9}% 146
\BOOKMARK [-1][-]{part.4}{\376\377\000I\000V\000\040\000M\000L\000\040\000M\000e\000t\000h\000o\000d\000s\000\040\000f\000o\000r\000\040\000V\000o\000l\000a\000t\000i\000l\000i\000t\000y}{}% 147
\BOOKMARK [0][-]{chapter.10}{\376\377\000F\000e\000a\000t\000u\000r\000e\000\040\000E\000n\000g\000i\000n\000e\000e\000r\000i\000n\000g\000\040\000f\000o\000r\000\040\000V\000o\000l\000a\000t\000i\000l\000i\000t\000y}{part.4}% 148
\BOOKMARK [1][-]{section.10.1}{\376\377\000F\000e\000a\000t\000u\000r\000e\000\040\000T\000a\000x\000o\000n\000o\000m\000y}{chapter.10}% 149
\BOOKMARK [1][-]{section.10.2}{\376\377\000T\000r\000i\000p\000l\000e\000\040\000E\000x\000p\000a\000n\000s\000i\000o\000n\000:\000\040\000L\000e\000v\000e\000l\000,\000\040\000C\000h\000a\000n\000g\000e\000,\000\040\000Z\000-\000S\000c\000o\000r\000e}{chapter.10}% 150
\BOOKMARK [1][-]{section.10.3}{\376\377\000L\000a\000g\000g\000e\000d\000\040\000R\000V\000\040\000T\000r\000a\000n\000s\000f\000o\000r\000m\000s}{chapter.10}% 151
\BOOKMARK [1][-]{section.10.4}{\376\377\000R\000e\000a\000l\000i\000z\000e\000d\000\040\000Q\000u\000a\000r\000t\000i\000c\000i\000t\000y\000\040\000a\000n\000d\000\040\000t\000h\000e\000\040\000H\000A\000R\000Q\000\040\000F\000e\000a\000t\000u\000r\000e}{chapter.10}% 152
\BOOKMARK [1][-]{section.10.5}{\376\377\000S\000i\000g\000n\000e\000d\000\040\000a\000n\000d\000\040\000A\000s\000y\000m\000m\000e\000t\000r\000i\000c\000\040\000F\000e\000a\000t\000u\000r\000e\000s}{chapter.10}% 153
\BOOKMARK [1][-]{section.10.6}{\376\377\000H\000i\000g\000h\000e\000r\000\040\000M\000o\000m\000e\000n\000t\000s}{chapter.10}% 154
\BOOKMARK [1][-]{section.10.7}{\376\377\000M\000i\000c\000r\000o\000s\000t\000r\000u\000c\000t\000u\000r\000e\000\040\000a\000n\000d\000\040\000L\000i\000m\000i\000t\000\040\000O\000r\000d\000e\000r\000\040\000B\000o\000o\000k\000\040\000F\000e\000a\000t\000u\000r\000e\000s}{chapter.10}% 155
\BOOKMARK [2][-]{subsection.10.7.1}{\376\377\000V\000P\000I\000N\000\040\000a\000n\000d\000\040\000K\000y\000l\000e\000'\000s\000\040\000L\000a\000m\000b\000d\000a}{section.10.7}% 156
\BOOKMARK [2][-]{subsection.10.7.2}{\376\377\000A\000m\000i\000h\000u\000d\000\040\000I\000l\000l\000i\000q\000u\000i\000d\000i\000t\000y\000\040\000R\000a\000t\000i\000o}{section.10.7}% 157
\BOOKMARK [2][-]{subsection.10.7.3}{\376\377\000M\000i\000c\000r\000o\000p\000r\000i\000c\000e\000\040\000a\000n\000d\000\040\000V\000o\000l\000u\000m\000e\000\040\000F\000e\000a\000t\000u\000r\000e\000s}{section.10.7}% 158
\BOOKMARK [2][-]{subsection.10.7.4}{\376\377\000O\000r\000d\000e\000r\000\040\000F\000l\000o\000w\000\040\000I\000m\000b\000a\000l\000a\000n\000c\000e\000\040\000a\000n\000d\000\040\000D\000e\000p\000t\000h\000\040\000F\000e\000a\000t\000u\000r\000e\000s}{section.10.7}% 159
\BOOKMARK [1][-]{section.10.8}{\376\377\000O\000p\000t\000i\000o\000n\000s\000-\000I\000m\000p\000l\000i\000e\000d\000\040\000F\000e\000a\000t\000u\000r\000e\000s}{chapter.10}% 160
\BOOKMARK [1][-]{section.10.9}{\376\377\000C\000r\000o\000s\000s\000-\000A\000s\000s\000e\000t\000\040\000F\000e\000a\000t\000u\000r\000e\000s}{chapter.10}% 161
\BOOKMARK [1][-]{section.10.10}{\376\377\000L\000o\000n\000g\000-\000M\000e\000m\000o\000r\000y\000\040\000F\000e\000a\000t\000u\000r\000e\000s}{chapter.10}% 162
\BOOKMARK [2][-]{subsection.10.10.1}{\376\377\000V\000o\000l\000-\000o\000f\000-\000V\000o\000l\000\040\000a\000n\000d\000\040\000R\000e\000g\000i\000m\000e\000\040\000D\000u\000r\000a\000t\000i\000o\000n}{section.10.10}% 163
\BOOKMARK [1][-]{section.10.11}{\376\377\000C\000a\000l\000e\000n\000d\000a\000r\000\040\000a\000n\000d\000\040\000E\000v\000e\000n\000t\000\040\000F\000e\000a\000t\000u\000r\000e\000s}{chapter.10}% 164
\BOOKMARK [2][-]{subsection.10.11.1}{\376\377\000E\000v\000e\000n\000t\000-\000D\000r\000i\000v\000e\000n\000\040\000V\000o\000l\000a\000t\000i\000l\000i\000t\000y\000:\000\040\000B\000e\000y\000o\000n\000d\000\040\000B\000i\000n\000a\000r\000y\000\040\000D\000u\000m\000m\000i\000e\000s}{section.10.11}% 165
\BOOKMARK [2][-]{subsection.10.11.2}{\376\377\000C\000a\000l\000e\000n\000d\000a\000r\000\040\000P\000r\000o\000x\000i\000m\000i\000t\000y\000\040\000M\000e\000a\000s\000u\000r\000e\000s}{section.10.11}% 166
\BOOKMARK [1][-]{section.10.12}{\376\377\000S\000e\000n\000t\000i\000m\000e\000n\000t\000\040\000a\000n\000d\000\040\000T\000e\000x\000t\000\040\000F\000e\000a\000t\000u\000r\000e\000s}{chapter.10}% 167
\BOOKMARK [1][-]{section.10.13}{\376\377\000F\000e\000a\000t\000u\000r\000e\000\040\000I\000m\000p\000o\000r\000t\000a\000n\000c\000e\000\040\000a\000n\000d\000\040\000S\000e\000l\000e\000c\000t\000i\000o\000n}{chapter.10}% 168
\BOOKMARK [1][-]{section.10.14}{\376\377\000T\000h\000e\000\040\000D\000i\000m\000i\000n\000i\000s\000h\000i\000n\000g\000\040\000R\000e\000t\000u\000r\000n\000s\000\040\000C\000u\000r\000v\000e}{chapter.10}% 169
\BOOKMARK [1][-]{section.10.15}{\376\377\000S\000u\000m\000m\000a\000r\000y}{chapter.10}% 170
\BOOKMARK [0][-]{chapter.11}{\376\377\000T\000r\000e\000e\000-\000B\000a\000s\000e\000d\000\040\000M\000e\000t\000h\000o\000d\000s\000\040\000f\000o\000r\000\040\000V\000o\000l\000a\000t\000i\000l\000i\000t\000y}{part.4}% 171
\BOOKMARK [1][-]{section.11.1}{\376\377\000W\000h\000y\000\040\000T\000r\000e\000e\000s\000\040\000f\000o\000r\000\040\000V\000o\000l\000a\000t\000i\000l\000i\000t\000y}{chapter.11}% 172
\BOOKMARK [1][-]{section.11.2}{\376\377\000L\000i\000g\000h\000t\000G\000B\000M\000\040\000a\000n\000d\000\040\000X\000G\000B\000o\000o\000s\000t}{chapter.11}% 173
\BOOKMARK [1][-]{section.11.3}{\376\377\000H\000y\000p\000e\000r\000p\000a\000r\000a\000m\000e\000t\000e\000r\000s\000\040\000f\000o\000r\000\040\000V\000o\000l\000a\000t\000i\000l\000i\000t\000y\000\040\000D\000a\000t\000a}{chapter.11}% 174
\BOOKMARK [1][-]{section.11.4}{\376\377\000T\000h\000e\000\040\000C\000h\000r\000i\000s\000t\000e\000n\000s\000e\000n\040\023\000S\000i\000g\000g\000a\000a\000r\000d\040\023\000V\000e\000l\000i\000y\000e\000v\000\040\000E\000v\000i\000d\000e\000n\000c\000e}{chapter.11}% 175
\BOOKMARK [1][-]{section.11.5}{\376\377\000T\000h\000e\000\040\000O\000p\000t\000i\000v\000e\000r\000\040\000K\000a\000g\000g\000l\000e\000\040\000E\000v\000i\000d\000e\000n\000c\000e}{chapter.11}% 176
\BOOKMARK [1][-]{section.11.6}{\376\377\000T\000h\000e\000\040\000H\000o\000n\000e\000s\000t\000\040\000A\000s\000s\000e\000s\000s\000m\000e\000n\000t}{chapter.11}% 177
\BOOKMARK [1][-]{section.11.7}{\376\377\000E\000n\000s\000e\000m\000b\000l\000e\000\040\000w\000i\000t\000h\000\040\000H\000A\000R}{chapter.11}% 178
\BOOKMARK [1][-]{section.11.8}{\376\377\000D\000A\000R\000T\000:\000\040\000D\000r\000o\000p\000o\000u\000t\000\040\000R\000e\000g\000u\000l\000a\000r\000i\000z\000a\000t\000i\000o\000n\000\040\000f\000o\000r\000\040\000B\000o\000o\000s\000t\000e\000d\000\040\000T\000r\000e\000e\000s}{chapter.11}% 179
\BOOKMARK [1][-]{section.11.9}{\376\377\000S\000u\000m\000m\000a\000r\000y}{chapter.11}% 180
\BOOKMARK [0][-]{chapter.12}{\376\377\000R\000a\000s\000h\000o\000m\000o\000n\000\040\000S\000e\000t\000s\000\040\000a\000n\000d\000\040\000I\000n\000t\000e\000r\000p\000r\000e\000t\000a\000b\000l\000e\000\040\000T\000r\000e\000e\000s}{part.4}% 181
\BOOKMARK [1][-]{section.12.1}{\376\377\000T\000h\000e\000\040\000P\000r\000o\000b\000l\000e\000m\000\040\000w\000i\000t\000h\000\040\000S\000i\000n\000g\000l\000e\000-\000M\000o\000d\000e\000l\000\040\000E\000x\000p\000l\000a\000n\000a\000t\000i\000o\000n\000s}{chapter.12}% 182
\BOOKMARK [2][-]{subsection.12.1.1}{\376\377\000W\000h\000y\000\040\000S\000H\000A\000P\000\040\000I\000m\000p\000o\000r\000t\000a\000n\000c\000e\000\040\000I\000s\000\040\000U\000n\000r\000e\000l\000i\000a\000b\000l\000e\000\040\000w\000i\000t\000h\000\040\000N\000e\000a\000r\000-\000S\000u\000b\000s\000t\000i\000t\000u\000t\000e\000\040\000F\000e\000a\000t\000u\000r\000e\000s}{section.12.1}% 183
\BOOKMARK [2][-]{subsection.12.1.2}{\376\377\000I\000m\000p\000o\000r\000t\000a\000n\000c\000e\000\040\000I\000n\000s\000t\000a\000b\000i\000l\000i\000t\000y\000\040\000i\000n\000\040\000P\000r\000a\000c\000t\000i\000c\000e}{section.12.1}% 184
\BOOKMARK [1][-]{section.12.2}{\376\377\000T\000h\000e\000\040\000R\000a\000s\000h\000o\000m\000o\000n\000\040\000S\000e\000t}{chapter.12}% 185
\BOOKMARK [2][-]{subsection.12.2.1}{\376\377\000F\000o\000r\000m\000a\000l\000\040\000D\000e\000f\000i\000n\000i\000t\000i\000o\000n}{section.12.2}% 186
\BOOKMARK [2][-]{subsection.12.2.2}{\376\377\000H\000o\000w\000\040\000L\000a\000r\000g\000e\000\040\000I\000s\000\040\000t\000h\000e\000\040\000R\000a\000s\000h\000o\000m\000o\000n\000\040\000S\000e\000t\000?}{section.12.2}% 187
\BOOKMARK [1][-]{section.12.3}{\376\377\000O\000p\000t\000i\000m\000a\000l\000\040\000S\000p\000a\000r\000s\000e\000\040\000D\000e\000c\000i\000s\000i\000o\000n\000\040\000T\000r\000e\000e\000s}{chapter.12}% 188
\BOOKMARK [2][-]{subsection.12.3.1}{\376\377\000W\000h\000y\000\040\000N\000o\000t\000\040\000J\000u\000s\000t\000\040\000U\000s\000e\000\040\000C\000A\000R\000T\000?}{section.12.3}% 189
\BOOKMARK [2][-]{subsection.12.3.2}{\376\377\000B\000r\000a\000n\000c\000h\000-\000a\000n\000d\000-\000B\000o\000u\000n\000d\000\040\000w\000i\000t\000h\000\040\000D\000y\000n\000a\000m\000i\000c\000\040\000P\000r\000o\000g\000r\000a\000m\000m\000i\000n\000g}{section.12.3}% 190
\BOOKMARK [2][-]{subsection.12.3.3}{\376\377\000S\000P\000L\000I\000T\000:\000\040\000G\000r\000e\000e\000d\000y\000\040\000W\000h\000e\000r\000e\000\040\000I\000t\000\040\000D\000o\000e\000s\000n\000'\000t\000\040\000M\000a\000t\000t\000e\000r\000,\000\040\000O\000p\000t\000i\000m\000a\000l\000\040\000W\000h\000e\000r\000e\000\040\000I\000t\000\040\000D\000o\000e\000s}{section.12.3}% 191
\BOOKMARK [2][-]{subsection.12.3.4}{\376\377\000S\000T\000r\000e\000e\000D\000:\000\040\000P\000i\000e\000c\000e\000w\000i\000s\000e\000-\000L\000i\000n\000e\000a\000r\000\040\000R\000e\000g\000r\000e\000s\000s\000i\000o\000n\000\040\000T\000r\000e\000e\000s}{section.12.3}% 192
\BOOKMARK [1][-]{section.12.4}{\376\377\000E\000n\000u\000m\000e\000r\000a\000t\000i\000n\000g\000\040\000t\000h\000e\000\040\000R\000a\000s\000h\000o\000m\000o\000n\000\040\000S\000e\000t}{chapter.12}% 193
\BOOKMARK [2][-]{subsection.12.4.1}{\376\377\000T\000r\000e\000e\000F\000A\000R\000M\000S\000:\000\040\000E\000x\000a\000c\000t\000\040\000E\000n\000u\000m\000e\000r\000a\000t\000i\000o\000n}{section.12.4}% 194
\BOOKMARK [2][-]{subsection.12.4.2}{\376\377\000R\000E\000S\000P\000L\000I\000T\000:\000\040\000F\000a\000s\000t\000\040\000A\000p\000p\000r\000o\000x\000i\000m\000a\000t\000i\000o\000n\000\040\000v\000i\000a\000\040\000G\000r\000e\000e\000d\000y\000\040\000L\000e\000a\000v\000e\000s}{section.12.4}% 195
\BOOKMARK [2][-]{subsection.12.4.3}{\376\377\000L\000i\000c\000k\000e\000t\000y\000R\000E\000S\000P\000L\000I\000T\000:\000\040\000P\000o\000l\000y\000n\000o\000m\000i\000a\000l\000-\000T\000i\000m\000e\000\040\000A\000p\000p\000r\000o\000x\000i\000m\000a\000t\000i\000o\000n}{section.12.4}% 196
\BOOKMARK [1][-]{section.12.5}{\376\377\000W\000h\000a\000t\000\040\000t\000h\000e\000\040\000R\000a\000s\000h\000o\000m\000o\000n\000\040\000S\000e\000t\000\040\000R\000e\000v\000e\000a\000l\000s}{chapter.12}% 197
\BOOKMARK [2][-]{subsection.12.5.1}{\376\377\000M\000o\000d\000e\000l\000\040\000C\000l\000a\000s\000s\000\040\000R\000e\000l\000i\000a\000n\000c\000e\000\040\000\050\000M\000C\000R\000\051}{section.12.5}% 198
\BOOKMARK [2][-]{subsection.12.5.2}{\376\377\000V\000a\000r\000i\000a\000b\000l\000e\000\040\000I\000m\000p\000o\000r\000t\000a\000n\000c\000e\000\040\000C\000l\000o\000u\000d\000s\000\040\000\050\000V\000I\000C\000\051}{section.12.5}% 199
\BOOKMARK [2][-]{subsection.12.5.3}{\376\377\000R\000a\000s\000h\000o\000m\000o\000n\000\040\000I\000m\000p\000o\000r\000t\000a\000n\000c\000e\000\040\000D\000i\000s\000t\000r\000i\000b\000u\000t\000i\000o\000n\000s\000\040\000\050\000R\000I\000D\000\051}{section.12.5}% 200
\BOOKMARK [1][-]{section.12.6}{\376\377\000R\000a\000s\000h\000o\000m\000o\000n\000\040\000A\000n\000a\000l\000y\000s\000i\000s\000\040\000f\000o\000r\000\040\000V\000o\000l\000a\000t\000i\000l\000i\000t\000y\000\040\000F\000o\000r\000e\000c\000a\000s\000t\000i\000n\000g}{chapter.12}% 201
\BOOKMARK [2][-]{subsection.12.6.1}{\376\377\000R\000e\000g\000i\000m\000e\000-\000S\000t\000a\000b\000l\000e\000\040\000F\000e\000a\000t\000u\000r\000e\000\040\000S\000e\000l\000e\000c\000t\000i\000o\000n}{section.12.6}% 202
\BOOKMARK [2][-]{subsection.12.6.2}{\376\377\000P\000r\000e\000d\000i\000c\000t\000i\000o\000n\000\040\000M\000u\000l\000t\000i\000p\000l\000i\000c\000i\000t\000y\000:\000\040\000Q\000u\000a\000n\000t\000i\000f\000y\000i\000n\000g\000\040\000M\000o\000d\000e\000l\000-\000C\000h\000o\000i\000c\000e\000\040\000U\000n\000c\000e\000r\000t\000a\000i\000n\000t\000y}{section.12.6}% 203
\BOOKMARK [2][-]{subsection.12.6.3}{\376\377\000D\000e\000f\000e\000n\000s\000i\000b\000l\000e\000\040\000P\000r\000e\000s\000e\000n\000t\000a\000t\000i\000o\000n\000s}{section.12.6}% 204
\BOOKMARK [1][-]{section.12.7}{\376\377\000S\000u\000m\000m\000a\000r\000y\000\040\000a\000n\000d\000\040\000C\000o\000n\000n\000e\000c\000t\000i\000o\000n\000s}{chapter.12}% 205
\BOOKMARK [0][-]{chapter.13}{\376\377\000D\000e\000e\000p\000\040\000L\000e\000a\000r\000n\000i\000n\000g\000\040\000f\000o\000r\000\040\000V\000o\000l\000a\000t\000i\000l\000i\000t\000y}{part.4}% 206
\BOOKMARK [1][-]{section.13.1}{\376\377\000L\000S\000T\000M\000s\000\040\000a\000n\000d\000\040\000G\000R\000U\000s}{chapter.13}% 207
\BOOKMARK [2][-]{subsection.13.1.1}{\376\377\000L\000S\000T\000M\000\040\000C\000e\000l\000l\000\040\000A\000r\000c\000h\000i\000t\000e\000c\000t\000u\000r\000e}{section.13.1}% 208
\BOOKMARK [2][-]{subsection.13.1.2}{\376\377\000L\000S\000T\000M\000s\000\040\000f\000o\000r\000\040\000R\000e\000a\000l\000i\000z\000e\000d\000\040\000V\000o\000l\000a\000t\000i\000l\000i\000t\000y}{section.13.1}% 209
\BOOKMARK [1][-]{section.13.2}{\376\377\000T\000e\000m\000p\000o\000r\000a\000l\000\040\000C\000o\000n\000v\000o\000l\000u\000t\000i\000o\000n\000a\000l\000\040\000N\000e\000t\000w\000o\000r\000k\000s}{chapter.13}% 210
\BOOKMARK [2][-]{subsection.13.2.1}{\376\377\000D\000i\000l\000a\000t\000e\000d\000\040\000C\000a\000u\000s\000a\000l\000\040\000C\000o\000n\000v\000o\000l\000u\000t\000i\000o\000n\000s}{section.13.2}% 211
\BOOKMARK [2][-]{subsection.13.2.2}{\376\377\000D\000e\000e\000p\000V\000o\000l}{section.13.2}% 212
\BOOKMARK [1][-]{section.13.3}{\376\377\000D\000e\000e\000p\000L\000O\000B\000:\000\040\000L\000e\000a\000r\000n\000i\000n\000g\000\040\000f\000r\000o\000m\000\040\000L\000i\000m\000i\000t\000\040\000O\000r\000d\000e\000r\000\040\000B\000o\000o\000k\000s}{chapter.13}% 213
\BOOKMARK [2][-]{subsection.13.3.1}{\376\377\000A\000r\000c\000h\000i\000t\000e\000c\000t\000u\000r\000e}{section.13.3}% 214
\BOOKMARK [1][-]{section.13.4}{\376\377\000T\000r\000a\000n\000s\000f\000o\000r\000m\000e\000r\000s\000\040\000a\000n\000d\000\040\000A\000t\000t\000e\000n\000t\000i\000o\000n}{chapter.13}% 215
\BOOKMARK [2][-]{subsection.13.4.1}{\376\377\000G\000r\000a\000p\000h\000\040\000T\000r\000a\000n\000s\000f\000o\000r\000m\000e\000r\000s\000\040\000f\000o\000r\000\040\000C\000r\000o\000s\000s\000-\000A\000s\000s\000e\000t\000\040\000V\000o\000l\000a\000t\000i\000l\000i\000t\000y}{section.13.4}% 216
\BOOKMARK [1][-]{section.13.5}{\376\377\000M\000o\000d\000e\000r\000n\000\040\000T\000i\000m\000e\000-\000S\000e\000r\000i\000e\000s\000\040\000A\000r\000c\000h\000i\000t\000e\000c\000t\000u\000r\000e\000s}{chapter.13}% 217
\BOOKMARK [1][-]{section.13.6}{\376\377\000G\000e\000n\000e\000r\000a\000t\000i\000v\000e\000\040\000a\000n\000d\000\040\000L\000a\000t\000e\000n\000t\000-\000V\000a\000r\000i\000a\000b\000l\000e\000\040\000A\000p\000p\000r\000o\000a\000c\000h\000e\000s}{chapter.13}% 218
\BOOKMARK [2][-]{subsection.13.6.1}{\376\377\000N\000e\000u\000r\000a\000l\000\040\000S\000D\000E\000s\000\040\000a\000n\000d\000\040\000C\000D\000E\000s}{section.13.6}% 219
\BOOKMARK [2][-]{subsection.13.6.2}{\376\377\000A\000u\000t\000o\000e\000n\000c\000o\000d\000e\000r\000s\000\040\000f\000o\000r\000\040\000t\000h\000e\000\040\000I\000m\000p\000l\000i\000e\000d\000\040\000V\000o\000l\000a\000t\000i\000l\000i\000t\000y\000\040\000S\000u\000r\000f\000a\000c\000e}{section.13.6}% 220
\BOOKMARK [2][-]{subsection.13.6.3}{\376\377\000D\000e\000e\000p\000\040\000S\000t\000o\000c\000h\000a\000s\000t\000i\000c\000\040\000V\000o\000l\000a\000t\000i\000l\000i\000t\000y}{section.13.6}% 221
\BOOKMARK [2][-]{subsection.13.6.4}{\376\377\000N\000o\000r\000m\000a\000l\000i\000z\000i\000n\000g\000\040\000F\000l\000o\000w\000s\000\040\000f\000o\000r\000\040\000R\000V\000\040\000D\000i\000s\000t\000r\000i\000b\000u\000t\000i\000o\000n}{section.13.6}% 222
\BOOKMARK [1][-]{section.13.7}{\376\377\000T\000h\000e\000\040\000H\000o\000n\000e\000s\000t\000\040\000B\000o\000t\000t\000o\000m\000\040\000L\000i\000n\000e}{chapter.13}% 223
\BOOKMARK [1][-]{section.13.8}{\376\377\000S\000u\000m\000m\000a\000r\000y}{chapter.13}% 224
\BOOKMARK [0][-]{chapter.14}{\376\377\000H\000y\000b\000r\000i\000d\000\040\000a\000n\000d\000\040\000E\000n\000s\000e\000m\000b\000l\000e\000\040\000M\000o\000d\000e\000l\000s}{part.4}% 225
\BOOKMARK [1][-]{section.14.1}{\376\377\000W\000h\000y\000\040\000T\000h\000i\000s\000\040\000C\000h\000a\000p\000t\000e\000r\000\040\000M\000a\000t\000t\000e\000r\000s}{chapter.14}% 226
\BOOKMARK [1][-]{section.14.2}{\376\377\000W\000h\000y\000\040\000H\000y\000b\000r\000i\000d\000s\000\040\000W\000i\000n}{chapter.14}% 227
\BOOKMARK [2][-]{subsection.14.2.1}{\376\377\000T\000h\000e\000\040\000V\000a\000r\000i\000a\000n\000c\000e\000\040\000B\000u\000d\000g\000e\000t\000\040\000A\000r\000g\000u\000m\000e\000n\000t}{section.14.2}% 228
\BOOKMARK [2][-]{subsection.14.2.2}{\376\377\000V\000a\000r\000i\000a\000n\000c\000e\000\040\000D\000e\000c\000o\000m\000p\000o\000s\000i\000t\000i\000o\000n}{section.14.2}% 229
\BOOKMARK [2][-]{subsection.14.2.3}{\376\377\000A\000r\000c\000h\000i\000t\000e\000c\000t\000u\000r\000e\000\040\000D\000i\000a\000g\000r\000a\000m}{section.14.2}% 230
\BOOKMARK [1][-]{section.14.3}{\376\377\000H\000A\000R\000-\000S\000V\000R\000:\000\040\000S\000u\000p\000p\000o\000r\000t\000\040\000V\000e\000c\000t\000o\000r\000\040\000R\000e\000g\000r\000e\000s\000s\000i\000o\000n\000\040\000o\000n\000\040\000H\000A\000R\000\040\000R\000e\000s\000i\000d\000u\000a\000l\000s}{chapter.14}% 231
\BOOKMARK [2][-]{subsection.14.3.1}{\376\377\000I\000n\000t\000u\000i\000t\000i\000o\000n}{section.14.3}% 232
\BOOKMARK [2][-]{subsection.14.3.2}{\376\377\000P\000r\000o\000c\000e\000d\000u\000r\000e}{section.14.3}% 233
\BOOKMARK [1][-]{section.14.4}{\376\377\000G\000A\000R\000C\000H\000-\000I\000n\000f\000o\000r\000m\000e\000d\000\040\000N\000e\000u\000r\000a\000l\000\040\000N\000e\000t\000w\000o\000r\000k\000s}{chapter.14}% 234
\BOOKMARK [2][-]{subsection.14.4.1}{\376\377\000M\000o\000t\000i\000v\000a\000t\000i\000o\000n}{section.14.4}% 235
\BOOKMARK [2][-]{subsection.14.4.2}{\376\377\000A\000r\000c\000h\000i\000t\000e\000c\000t\000u\000r\000e}{section.14.4}% 236
\BOOKMARK [2][-]{subsection.14.4.3}{\376\377\000W\000h\000y\000\040\000T\000h\000i\000s\000\040\000W\000o\000r\000k\000s}{section.14.4}% 237
\BOOKMARK [1][-]{section.14.5}{\376\377\000N\000L\000P\000-\000A\000u\000g\000m\000e\000n\000t\000e\000d\000\040\000V\000o\000l\000a\000t\000i\000l\000i\000t\000y\000\040\000M\000o\000d\000e\000l\000s}{chapter.14}% 238
\BOOKMARK [2][-]{subsection.14.5.1}{\376\377\000M\000o\000t\000i\000v\000a\000t\000i\000o\000n}{section.14.5}% 239
\BOOKMARK [2][-]{subsection.14.5.2}{\376\377\000T\000h\000e\000\040\000R\000a\000h\000i\000m\000i\000k\000i\000a\000-\000Z\000o\000h\000r\000e\000n\000-\000P\000o\000o\000n\000\040\000P\000i\000p\000e\000l\000i\000n\000e}{section.14.5}% 240
\BOOKMARK [2][-]{subsection.14.5.3}{\376\377\000W\000h\000a\000t\000\040\000t\000h\000e\000\040\000L\000i\000t\000e\000r\000a\000t\000u\000r\000e\000\040\000F\000i\000n\000d\000s}{section.14.5}% 241
\BOOKMARK [1][-]{section.14.6}{\376\377\000E\000n\000s\000e\000m\000b\000l\000e\000:\000\040\000H\000A\000R\000\040\000+\000\040\000L\000i\000g\000h\000t\000G\000B\000M}{chapter.14}% 242
\BOOKMARK [2][-]{subsection.14.6.1}{\376\377\000T\000h\000e\000\040\000S\000a\000f\000e\000s\000t\000\040\000P\000e\000r\000f\000o\000r\000m\000e\000r}{section.14.6}% 243
\BOOKMARK [2][-]{subsection.14.6.2}{\376\377\000A\000r\000c\000h\000i\000t\000e\000c\000t\000u\000r\000e\000\040\000D\000i\000a\000g\000r\000a\000m}{section.14.6}% 244
\BOOKMARK [1][-]{section.14.7}{\376\377\000C\000o\000m\000p\000a\000r\000i\000n\000g\000\040\000E\000n\000s\000e\000m\000b\000l\000e\000\040\000A\000r\000c\000h\000i\000t\000e\000c\000t\000u\000r\000e\000s}{chapter.14}% 245
\BOOKMARK [2][-]{subsection.14.7.1}{\376\377\000A\000r\000c\000h\000i\000t\000e\000c\000t\000u\000r\000e\000\040\000A\000:\000\040\000F\000e\000a\000t\000u\000r\000e\000\040\000S\000t\000a\000c\000k\000i\000n\000g}{section.14.7}% 246
\BOOKMARK [2][-]{subsection.14.7.2}{\376\377\000A\000r\000c\000h\000i\000t\000e\000c\000t\000u\000r\000e\000\040\000B\000:\000\040\000R\000e\000s\000i\000d\000u\000a\000l\000\040\000S\000t\000a\000c\000k\000i\000n\000g\000\040\000\050\000T\000h\000r\000e\000e\000-\000S\000t\000a\000g\000e\000\040\000P\000i\000p\000e\000l\000i\000n\000e\000\051}{section.14.7}% 247
\BOOKMARK [2][-]{subsection.14.7.3}{\376\377\000A\000r\000c\000h\000i\000t\000e\000c\000t\000u\000r\000e\000\040\000C\000:\000\040\000P\000r\000e\000d\000i\000c\000t\000i\000o\000n\000\040\000B\000l\000e\000n\000d\000i\000n\000g}{section.14.7}% 248
\BOOKMARK [2][-]{subsection.14.7.4}{\376\377\000A\000r\000c\000h\000i\000t\000e\000c\000t\000u\000r\000e\000\040\000C\000o\000m\000p\000a\000r\000i\000s\000o\000n}{section.14.7}% 249
\BOOKMARK [2][-]{subsection.14.7.5}{\376\377\000S\000t\000a\000t\000i\000c\000\040\000v\000s\000.\000\040\000R\000e\000g\000i\000m\000e\000-\000D\000e\000p\000e\000n\000d\000e\000n\000t\000\040\000W\000e\000i\000g\000h\000t\000s}{section.14.7}% 250
\BOOKMARK [1][-]{section.14.8}{\376\377\000W\000h\000e\000n\000\040\000t\000o\000\040\000U\000s\000e\000\040\000P\000u\000r\000e\000\040\000M\000L\000\040\000v\000s\000.\000\040\000H\000y\000b\000r\000i\000d}{chapter.14}% 251
\BOOKMARK [2][-]{subsection.14.8.1}{\376\377\000P\000r\000a\000c\000t\000i\000c\000a\000l\000\040\000C\000h\000e\000c\000k\000l\000i\000s\000t}{section.14.8}% 252
\BOOKMARK [2][-]{subsection.14.8.2}{\376\377\000S\000t\000a\000n\000d\000a\000l\000o\000n\000e\000\040\000v\000s\000.\000\040\000H\000y\000b\000r\000i\000d\000:\000\040\000A\000\040\000V\000i\000s\000u\000a\000l\000\040\000C\000o\000m\000p\000a\000r\000i\000s\000o\000n}{section.14.8}% 253
\BOOKMARK [1][-]{section.14.9}{\376\377\000S\000u\000m\000m\000a\000r\000y}{chapter.14}% 254
\BOOKMARK [-1][-]{part.5}{\376\377\000V\000\040\000M\000u\000l\000t\000i\000v\000a\000r\000i\000a\000t\000e\000\040\000V\000o\000l\000a\000t\000i\000l\000i\000t\000y\000\040\000a\000n\000d\000\040\000C\000o\000n\000n\000e\000c\000t\000e\000d\000n\000e\000s\000s}{}% 255
\BOOKMARK [0][-]{chapter.15}{\376\377\000R\000e\000a\000l\000i\000z\000e\000d\000\040\000C\000o\000v\000a\000r\000i\000a\000n\000c\000e\000\040\000a\000n\000d\000\040\000M\000u\000l\000t\000i\000v\000a\000r\000i\000a\000t\000e\000\040\000F\000o\000r\000e\000c\000a\000s\000t\000i\000n\000g}{part.5}% 256
\BOOKMARK [1][-]{section.15.1}{\376\377\000R\000e\000a\000l\000i\000z\000e\000d\000\040\000C\000o\000v\000a\000r\000i\000a\000n\000c\000e}{chapter.15}% 257
\BOOKMARK [2][-]{subsection.15.1.1}{\376\377\000T\000h\000e\000\040\000S\000y\000n\000c\000h\000r\000o\000n\000i\000c\000i\000t\000y\000\040\000P\000r\000o\000b\000l\000e\000m}{section.15.1}% 258
\BOOKMARK [2][-]{subsection.15.1.2}{\376\377\000R\000e\000f\000r\000e\000s\000h\000-\000T\000i\000m\000e\000\040\000S\000a\000m\000p\000l\000i\000n\000g}{section.15.1}% 259
\BOOKMARK [2][-]{subsection.15.1.3}{\376\377\000H\000a\000y\000a\000s\000h\000i\040\023\000Y\000o\000s\000h\000i\000d\000a\000\040\000E\000s\000t\000i\000m\000a\000t\000o\000r}{section.15.1}% 260
\BOOKMARK [1][-]{section.15.2}{\376\377\000M\000u\000l\000t\000i\000v\000a\000r\000i\000a\000t\000e\000\040\000R\000e\000a\000l\000i\000z\000e\000d\000\040\000K\000e\000r\000n\000e\000l}{chapter.15}% 261
\BOOKMARK [1][-]{section.15.3}{\376\377\000D\000C\000C\000-\000G\000A\000R\000C\000H}{chapter.15}% 262
\BOOKMARK [1][-]{section.15.4}{\376\377\000W\000i\000s\000h\000a\000r\000t\000\040\000A\000u\000t\000o\000r\000e\000g\000r\000e\000s\000s\000i\000v\000e\000\040\000\050\000W\000A\000R\000\051\000\040\000M\000o\000d\000e\000l}{chapter.15}% 263
\BOOKMARK [1][-]{section.15.5}{\376\377\000H\000A\000R\000-\000D\000R\000D\000\040\000a\000n\000d\000\040\000M\000u\000l\000t\000i\000v\000a\000r\000i\000a\000t\000e\000\040\000H\000A\000R\000Q}{chapter.15}% 264
\BOOKMARK [1][-]{section.15.6}{\376\377\000C\000h\000o\000l\000e\000s\000k\000y\000-\000H\000A\000R}{chapter.15}% 265
\BOOKMARK [1][-]{section.15.7}{\376\377\000G\000r\000a\000p\000h\000-\000B\000a\000s\000e\000d\000\040\000M\000e\000t\000h\000o\000d\000s}{chapter.15}% 266
\BOOKMARK [1][-]{section.15.8}{\376\377\000C\000N\000N\000-\000R\000C\000O\000V}{chapter.15}% 267
\BOOKMARK [1][-]{section.15.9}{\376\377\000G\000e\000o\000m\000e\000t\000r\000i\000c\000\040\000D\000e\000e\000p\000\040\000L\000e\000a\000r\000n\000i\000n\000g\000\040\000o\000n\000\040\000t\000h\000e\000\040\000S\000P\000D\000\040\000M\000a\000n\000i\000f\000o\000l\000d}{chapter.15}% 268
\BOOKMARK [1][-]{section.15.10}{\376\377\000T\000h\000e\000\040\000P\000S\000D\000\040\000C\000o\000n\000s\000t\000r\000a\000i\000n\000t}{chapter.15}% 269
\BOOKMARK [1][-]{section.15.11}{\376\377\000S\000u\000m\000m\000a\000r\000y}{chapter.15}% 270
\BOOKMARK [0][-]{chapter.16}{\376\377\000V\000o\000l\000a\000t\000i\000l\000i\000t\000y\000\040\000S\000p\000i\000l\000l\000o\000v\000e\000r\000s\000\040\000a\000n\000d\000\040\000C\000o\000n\000n\000e\000c\000t\000e\000d\000n\000e\000s\000s}{part.5}% 271
\BOOKMARK [1][-]{section.16.1}{\376\377\000D\000i\000e\000b\000o\000l\000d\040\023\000Y\000i\000l\000m\000a\000z\000\040\000S\000p\000i\000l\000l\000o\000v\000e\000r\000\040\000I\000n\000d\000i\000c\000e\000s}{chapter.16}% 272
\BOOKMARK [2][-]{subsection.16.1.1}{\376\377\000S\000e\000t\000u\000p\000:\000\040\000V\000A\000R\000\040\000o\000n\000\040\000R\000e\000a\000l\000i\000z\000e\000d\000\040\000V\000o\000l\000a\000t\000i\000l\000i\000t\000i\000e\000s}{section.16.1}% 273
\BOOKMARK [2][-]{subsection.16.1.2}{\376\377\000G\000e\000n\000e\000r\000a\000l\000i\000z\000e\000d\000\040\000F\000o\000r\000e\000c\000a\000s\000t\000\040\000E\000r\000r\000o\000r\000\040\000V\000a\000r\000i\000a\000n\000c\000e\000\040\000D\000e\000c\000o\000m\000p\000o\000s\000i\000t\000i\000o\000n}{section.16.1}% 274
\BOOKMARK [2][-]{subsection.16.1.3}{\376\377\000S\000p\000i\000l\000l\000o\000v\000e\000r\000\040\000M\000e\000a\000s\000u\000r\000e\000s}{section.16.1}% 275
\BOOKMARK [2][-]{subsection.16.1.4}{\376\377\000S\000p\000i\000l\000l\000o\000v\000e\000r\000\040\000N\000e\000t\000w\000o\000r\000k\000\040\000D\000i\000a\000g\000r\000a\000m}{section.16.1}% 276
\BOOKMARK [2][-]{subsection.16.1.5}{\376\377\000W\000o\000r\000k\000e\000d\000\040\000E\000x\000a\000m\000p\000l\000e\000:\000\040\0003\000-\000A\000s\000s\000e\000t\000\040\000V\000A\000R\000\050\0001\000\051}{section.16.1}% 277
\BOOKMARK [1][-]{section.16.2}{\376\377\000T\000i\000m\000e\000-\000V\000a\000r\000y\000i\000n\000g\000\040\000S\000p\000i\000l\000l\000o\000v\000e\000r\000s}{chapter.16}% 278
\BOOKMARK [2][-]{subsection.16.2.1}{\376\377\000R\000o\000l\000l\000i\000n\000g\000-\000W\000i\000n\000d\000o\000w\000\040\000A\000p\000p\000r\000o\000a\000c\000h}{section.16.2}% 279
\BOOKMARK [2][-]{subsection.16.2.2}{\376\377\000T\000V\000P\000-\000V\000A\000R\000\040\000C\000o\000n\000n\000e\000c\000t\000e\000d\000n\000e\000s\000s}{section.16.2}% 280
\BOOKMARK [1][-]{section.16.3}{\376\377\000N\000e\000t\000w\000o\000r\000k\000\040\000V\000i\000s\000u\000a\000l\000i\000z\000a\000t\000i\000o\000n\000\040\000a\000n\000d\000\040\000I\000n\000t\000e\000r\000p\000r\000e\000t\000a\000t\000i\000o\000n}{chapter.16}% 281
\BOOKMARK [2][-]{subsection.16.3.1}{\376\377\000V\000i\000s\000u\000a\000l\000\040\000E\000n\000c\000o\000d\000i\000n\000g}{section.16.3}% 282
\BOOKMARK [2][-]{subsection.16.3.2}{\376\377\000C\000a\000l\000m\000\040\000v\000s\000.\000\040\000C\000r\000i\000s\000i\000s\000\040\000N\000e\000t\000w\000o\000r\000k\000s}{section.16.3}% 283
\BOOKMARK [1][-]{section.16.4}{\376\377\000C\000r\000o\000s\000s\000-\000A\000s\000s\000e\000t\000\040\000U\000n\000i\000v\000e\000r\000s\000a\000l\000i\000t\000y}{chapter.16}% 284
\BOOKMARK [1][-]{section.16.5}{\376\377\000S\000p\000i\000l\000l\000o\000v\000e\000r\000\040\000I\000n\000d\000i\000c\000e\000s\000\040\000a\000s\000\040\000P\000r\000e\000d\000i\000c\000t\000i\000v\000e\000\040\000F\000e\000a\000t\000u\000r\000e\000s}{chapter.16}% 285
\BOOKMARK [2][-]{subsection.16.5.1}{\376\377\000T\000h\000r\000e\000e\000\040\000F\000e\000a\000t\000u\000r\000e\000\040\000F\000a\000m\000i\000l\000i\000e\000s}{section.16.5}% 286
\BOOKMARK [2][-]{subsection.16.5.2}{\376\377\000P\000r\000a\000c\000t\000i\000c\000a\000l\000\040\000C\000o\000n\000s\000i\000d\000e\000r\000a\000t\000i\000o\000n\000s}{section.16.5}% 287
\BOOKMARK [1][-]{section.16.6}{\376\377\000S\000u\000m\000m\000a\000r\000y}{chapter.16}% 288
\BOOKMARK [-1][-]{part.6}{\376\377\000V\000I\000\040\000E\000v\000a\000l\000u\000a\000t\000i\000o\000n\000\040\000a\000n\000d\000\040\000P\000r\000a\000c\000t\000i\000c\000e}{}% 289
\BOOKMARK [0][-]{chapter.17}{\376\377\000F\000o\000r\000e\000c\000a\000s\000t\000\040\000E\000v\000a\000l\000u\000a\000t\000i\000o\000n}{part.6}% 290
\BOOKMARK [1][-]{section.17.1}{\376\377\000W\000h\000y\000\040\000E\000v\000a\000l\000u\000a\000t\000i\000o\000n\000\040\000M\000e\000t\000h\000o\000d\000o\000l\000o\000g\000y\000\040\000M\000a\000t\000t\000e\000r\000s}{chapter.17}% 291
\BOOKMARK [1][-]{section.17.2}{\376\377\000M\000S\000E\000\040\000a\000n\000d\000\040\000I\000t\000s\000\040\000L\000i\000m\000i\000t\000a\000t\000i\000o\000n\000s\000\040\000f\000o\000r\000\040\000V\000o\000l\000a\000t\000i\000l\000i\000t\000y}{chapter.17}% 292
\BOOKMARK [2][-]{subsection.17.2.1}{\376\377\000T\000h\000e\000\040\000M\000S\000E\000\040\000F\000o\000r\000m\000u\000l\000a}{section.17.2}% 293
\BOOKMARK [2][-]{subsection.17.2.2}{\376\377\000T\000h\000e\000\040\000P\000r\000o\000x\000y\000\040\000P\000r\000o\000b\000l\000e\000m}{section.17.2}% 294
\BOOKMARK [2][-]{subsection.17.2.3}{\376\377\000W\000h\000y\000\040\000M\000S\000E\000\040\000I\000s\000\040\000S\000t\000i\000l\000l\000\040\000N\000o\000t\000\040\000E\000n\000o\000u\000g\000h}{section.17.2}% 295
\BOOKMARK [1][-]{section.17.3}{\376\377\000Q\000L\000I\000K\000E\000:\000\040\000T\000h\000e\000\040\000P\000r\000e\000f\000e\000r\000r\000e\000d\000\040\000L\000o\000s\000s\000\040\000F\000u\000n\000c\000t\000i\000o\000n}{chapter.17}% 296
\BOOKMARK [2][-]{subsection.17.3.1}{\376\377\000I\000n\000t\000u\000i\000t\000i\000o\000n}{section.17.3}% 297
\BOOKMARK [2][-]{subsection.17.3.2}{\376\377\000T\000h\000e\000\040\000Q\000L\000I\000K\000E\000\040\000F\000o\000r\000m\000u\000l\000a}{section.17.3}% 298
\BOOKMARK [2][-]{subsection.17.3.3}{\376\377\000W\000o\000r\000k\000e\000d\000\040\000E\000x\000a\000m\000p\000l\000e\000:\000\040\000M\000S\000E\000\040\000v\000s\000.\000\040\000Q\000L\000I\000K\000E\000\040\000R\000a\000n\000k\000i\000n\000g\000s}{section.17.3}% 299
\BOOKMARK [2][-]{subsection.17.3.4}{\376\377\000R\000e\000t\000r\000a\000n\000s\000f\000o\000r\000m\000a\000t\000i\000o\000n\000\040\000B\000i\000a\000s}{section.17.3}% 300
\BOOKMARK [1][-]{section.17.4}{\376\377\000M\000i\000n\000c\000e\000r\040\023\000Z\000a\000r\000n\000o\000w\000i\000t\000z\000\040\000R\000e\000g\000r\000e\000s\000s\000i\000o\000n\000s}{chapter.17}% 301
\BOOKMARK [2][-]{subsection.17.4.1}{\376\377\000T\000h\000e\000\040\000R\000e\000g\000r\000e\000s\000s\000i\000o\000n}{section.17.4}% 302
\BOOKMARK [2][-]{subsection.17.4.2}{\376\377\000I\000n\000t\000e\000r\000p\000r\000e\000t\000i\000n\000g\000\040\000D\000e\000v\000i\000a\000t\000i\000o\000n\000s}{section.17.4}% 303
\BOOKMARK [1][-]{section.17.5}{\376\377\000T\000h\000e\000\040\000D\000i\000e\000b\000o\000l\000d\040\023\000M\000a\000r\000i\000a\000n\000o\000\040\000T\000e\000s\000t}{chapter.17}% 304
\BOOKMARK [2][-]{subsection.17.5.1}{\376\377\000S\000e\000t\000u\000p}{section.17.5}% 305
\BOOKMARK [2][-]{subsection.17.5.2}{\376\377\000T\000h\000e\000\040\000T\000e\000s\000t\000\040\000S\000t\000a\000t\000i\000s\000t\000i\000c}{section.17.5}% 306
\BOOKMARK [2][-]{subsection.17.5.3}{\376\377\000W\000o\000r\000k\000e\000d\000\040\000E\000x\000a\000m\000p\000l\000e}{section.17.5}% 307
\BOOKMARK [1][-]{section.17.6}{\376\377\000T\000h\000e\000\040\000M\000o\000d\000e\000l\000\040\000C\000o\000n\000f\000i\000d\000e\000n\000c\000e\000\040\000S\000e\000t}{chapter.17}% 308
\BOOKMARK [2][-]{subsection.17.6.1}{\376\377\000I\000n\000t\000u\000i\000t\000i\000o\000n}{section.17.6}% 309
\BOOKMARK [2][-]{subsection.17.6.2}{\376\377\000T\000h\000e\000\040\000P\000r\000o\000c\000e\000d\000u\000r\000e}{section.17.6}% 310
\BOOKMARK [2][-]{subsection.17.6.3}{\376\377\000P\000r\000a\000c\000t\000i\000c\000a\000l\000\040\000U\000s\000e}{section.17.6}% 311
\BOOKMARK [1][-]{section.17.7}{\376\377\000P\000u\000r\000g\000e\000d\000\040\000K\000-\000F\000o\000l\000d\000\040\000C\000r\000o\000s\000s\000-\000V\000a\000l\000i\000d\000a\000t\000i\000o\000n\000\040\000w\000i\000t\000h\000\040\000E\000m\000b\000a\000r\000g\000o}{chapter.17}% 312
\BOOKMARK [2][-]{subsection.17.7.1}{\376\377\000W\000h\000y\000\040\000S\000t\000a\000n\000d\000a\000r\000d\000\040\000K\000-\000F\000o\000l\000d\000\040\000F\000a\000i\000l\000s}{section.17.7}% 313
\BOOKMARK [2][-]{subsection.17.7.2}{\376\377\000T\000h\000e\000\040\000F\000i\000x\000:\000\040\000P\000u\000r\000g\000i\000n\000g\000\040\000a\000n\000d\000\040\000E\000m\000b\000a\000r\000g\000o}{section.17.7}% 314
\BOOKMARK [2][-]{subsection.17.7.3}{\376\377\000W\000o\000r\000k\000e\000d\000\040\000E\000x\000a\000m\000p\000l\000e}{section.17.7}% 315
\BOOKMARK [1][-]{section.17.8}{\376\377\000T\000h\000e\000\040\000D\000e\000f\000l\000a\000t\000e\000d\000\040\000S\000h\000a\000r\000p\000e\000\040\000R\000a\000t\000i\000o}{chapter.17}% 316
\BOOKMARK [2][-]{subsection.17.8.1}{\376\377\000T\000h\000e\000\040\000M\000u\000l\000t\000i\000p\000l\000e\000\040\000T\000e\000s\000t\000i\000n\000g\000\040\000P\000r\000o\000b\000l\000e\000m}{section.17.8}% 317
\BOOKMARK [2][-]{subsection.17.8.2}{\376\377\000T\000h\000e\000\040\000D\000S\000R\000\040\000F\000o\000r\000m\000u\000l\000a}{section.17.8}% 318
\BOOKMARK [2][-]{subsection.17.8.3}{\376\377\000W\000o\000r\000k\000e\000d\000\040\000E\000x\000a\000m\000p\000l\000e}{section.17.8}% 319
\BOOKMARK [1][-]{section.17.9}{\376\377\000W\000h\000a\000t\000\040\000D\000o\000e\000s\000n\000'\000t\000\040\000W\000o\000r\000k}{chapter.17}% 320
\BOOKMARK [2][-]{subsection.17.9.1}{\376\377\000L\000o\000o\000k\000a\000h\000e\000a\000d\000\040\000B\000i\000a\000s\000:\000\040\000A\000\040\000T\000a\000x\000o\000n\000o\000m\000y\000\040\000o\000f\000\040\000F\000o\000u\000r\000\040\000S\000o\000u\000r\000c\000e\000s}{section.17.9}% 321
\BOOKMARK [1][-]{section.17.10}{\376\377\000P\000u\000t\000t\000i\000n\000g\000\040\000I\000t\000\040\000A\000l\000l\000\040\000T\000o\000g\000e\000t\000h\000e\000r\000:\000\040\000A\000n\000\040\000E\000v\000a\000l\000u\000a\000t\000i\000o\000n\000\040\000W\000o\000r\000k\000f\000l\000o\000w}{chapter.17}% 322
\BOOKMARK [1][-]{section.17.11}{\376\377\000S\000u\000m\000m\000a\000r\000y}{chapter.17}% 323
\BOOKMARK [2][-]{subsection.17.11.1}{\376\377\000K\000e\000y\000\040\000R\000e\000s\000u\000l\000t\000s\000\040\000R\000e\000c\000a\000p}{section.17.11}% 324
\BOOKMARK [0][-]{chapter.18}{\376\377\000P\000r\000a\000c\000t\000i\000c\000a\000l\000\040\000A\000p\000p\000l\000i\000c\000a\000t\000i\000o\000n\000s\000\040\000a\000n\000d\000\040\000P\000r\000o\000j\000e\000c\000t\000\040\000D\000i\000r\000e\000c\000t\000i\000o\000n\000s}{part.6}% 325
\BOOKMARK [1][-]{section.18.1}{\376\377\000V\000o\000l\000a\000t\000i\000l\000i\000t\000y\000\040\000T\000a\000r\000g\000e\000t\000i\000n\000g\000:\000\040\000T\000h\000e\000\040\000S\000i\000m\000p\000l\000e\000s\000t\000\040\000E\000c\000o\000n\000o\000m\000i\000c\000\040\000V\000a\000l\000u\000e\000\040\000T\000e\000s\000t}{chapter.18}% 326
\BOOKMARK [2][-]{subsection.18.1.1}{\376\377\000T\000h\000e\000\040\000E\000W\000M\000A\000\040\000B\000a\000s\000e\000l\000i\000n\000e}{section.18.1}% 327
\BOOKMARK [2][-]{subsection.18.1.2}{\376\377\000T\000h\000e\000\040\000V\000o\000l\000a\000t\000i\000l\000i\000t\000y\000-\000T\000a\000r\000g\000e\000t\000i\000n\000g\000\040\000F\000o\000r\000m\000u\000l\000a}{section.18.1}% 328
\BOOKMARK [2][-]{subsection.18.1.3}{\376\377\000W\000o\000r\000k\000e\000d\000\040\000E\000x\000a\000m\000p\000l\000e\000:\000\040\000V\000o\000l\000-\000T\000a\000r\000g\000e\000t\000i\000n\000g\000\040\000t\000h\000e\000\040\000S\000\046\000P\000\040\0005\0000\0000}{section.18.1}% 329
\BOOKMARK [2][-]{subsection.18.1.4}{\376\377\000C\000o\000n\000n\000e\000c\000t\000i\000o\000n\000\040\000t\000o\000\040\000T\000i\000m\000e\000-\000S\000e\000r\000i\000e\000s\000\040\000M\000o\000m\000e\000n\000t\000u\000m}{section.18.1}% 330
\BOOKMARK [1][-]{section.18.2}{\376\377\000D\000e\000a\000l\000e\000r\000\040\000G\000a\000m\000m\000a\000\040\000a\000n\000d\000\040\000S\000t\000r\000u\000c\000t\000u\000r\000e\000d\000\040\000P\000r\000o\000d\000u\000c\000t\000s\000\040\000F\000e\000e\000d\000b\000a\000c\000k}{chapter.18}% 331
\BOOKMARK [2][-]{subsection.18.2.1}{\376\377\000H\000o\000w\000\040\000D\000e\000a\000l\000e\000r\000\040\000H\000e\000d\000g\000i\000n\000g\000\040\000A\000m\000p\000l\000i\000f\000i\000e\000s\000\040\000o\000r\000\040\000S\000u\000p\000p\000r\000e\000s\000s\000e\000s\000\040\000V\000o\000l}{section.18.2}% 332
\BOOKMARK [2][-]{subsection.18.2.2}{\376\377\000S\000t\000r\000u\000c\000t\000u\000r\000e\000d\000\040\000P\000r\000o\000d\000u\000c\000t\000s\000\040\000a\000n\000d\000\040\000t\000h\000e\000\040\000S\000h\000o\000r\000t\000-\000G\000a\000m\000m\000a\000\040\000O\000v\000e\000r\000h\000a\000n\000g}{section.18.2}% 333
\BOOKMARK [2][-]{subsection.18.2.3}{\376\377\000P\000i\000n\000\040\000R\000i\000s\000k\000\040\000a\000t\000\040\000E\000x\000p\000i\000r\000y}{section.18.2}% 334
