\BOOKMARK [0][-]{chapter*.1}{\376\377\000C\000o\000n\000t\000e\000n\000t\000s}{}% 1
\BOOKMARK [-1][-]{part.1}{\376\377\000P\000r\000e\000l\000i\000m\000i\000n\000a\000r\000i\000e\000s}{}% 2
\BOOKMARK [0][-]{chapter.1}{\376\377\000H\000o\000w\000\040\000t\000o\000\040\000R\000e\000a\000d\000\040\000T\000h\000i\000s\000\040\000B\000o\000o\000k}{part.1}% 3
\BOOKMARK [1][-]{section.1.1}{\376\377\000W\000h\000o\000\040\000t\000h\000i\000s\000\040\000b\000o\000o\000k\000\040\000i\000s\000\040\000f\000o\000r}{chapter.1}% 4
\BOOKMARK [1][-]{section.1.2}{\376\377\000T\000h\000r\000e\000e\000\040\000r\000e\000a\000d\000i\000n\000g\000\040\000p\000a\000t\000h\000s}{chapter.1}% 5
\BOOKMARK [1][-]{section.1.3}{\376\377\000C\000h\000a\000p\000t\000e\000r\000\040\000d\000e\000p\000e\000n\000d\000e\000n\000c\000y\000\040\000m\000a\000p}{chapter.1}% 6
\BOOKMARK [1][-]{section.1.4}{\376\377\000N\000o\000t\000a\000t\000i\000o\000n}{chapter.1}% 7
\BOOKMARK [1][-]{section.1.5}{\376\377\000C\000a\000l\000l\000o\000u\000t\000\040\000b\000o\000x\000e\000s}{chapter.1}% 8
\BOOKMARK [1][-]{section.1.6}{\376\377\000H\000o\000w\000\040\000t\000o\000\040\000r\000e\000a\000d\000\040\000a\000\040\000h\000a\000r\000d\000\040\000c\000h\000a\000p\000t\000e\000r}{chapter.1}% 9
\BOOKMARK [-1][-]{part.2}{\376\377\000F\000o\000u\000n\000d\000a\000t\000i\000o\000n\000s\000\040\000o\000f\000\040\000M\000a\000r\000k\000e\000t\000s}{}% 10
\BOOKMARK [0][-]{chapter.2}{\376\377\000E\000x\000c\000h\000a\000n\000g\000e\000s\000,\000\040\000O\000r\000d\000e\000r\000\040\000T\000y\000p\000e\000s\000,\000\040\000a\000n\000d\000\040\000t\000h\000e\000\040\000L\000i\000m\000i\000t\000\040\000O\000r\000d\000e\000r\000\040\000B\000o\000o\000k}{part.2}% 11
\BOOKMARK [1][-]{section.2.1}{\376\377\000D\000o\000u\000b\000l\000e\000-\000s\000i\000d\000e\000d\000\040\000a\000u\000c\000t\000i\000o\000n\000s}{chapter.2}% 12
\BOOKMARK [1][-]{section.2.2}{\376\377\000O\000r\000d\000e\000r\000\040\000t\000y\000p\000e\000s}{chapter.2}% 13
\BOOKMARK [1][-]{section.2.3}{\376\377\000T\000h\000e\000\040\000l\000i\000m\000i\000t\000\040\000o\000r\000d\000e\000r\000\040\000b\000o\000o\000k\000\040\000a\000s\000\040\000a\000\040\000d\000a\000t\000a\000\040\000s\000t\000r\000u\000c\000t\000u\000r\000e}{chapter.2}% 14
\BOOKMARK [1][-]{section.2.4}{\376\377\000T\000h\000e\000\040\000m\000a\000t\000c\000h\000i\000n\000g\000\040\000e\000n\000g\000i\000n\000e\000:\000\040\000a\000\040\000w\000o\000r\000k\000e\000d\000\040\000e\000x\000a\000m\000p\000l\000e}{chapter.2}% 15
\BOOKMARK [1][-]{section.2.5}{\376\377\000A\000\040\000P\000y\000t\000h\000o\000n\000\040\000m\000a\000t\000c\000h\000i\000n\000g\000\040\000e\000n\000g\000i\000n\000e}{chapter.2}% 16
\BOOKMARK [1][-]{section.2.6}{\376\377\000T\000h\000e\000\040\000o\000r\000d\000e\000r\000\040\000l\000i\000f\000e\000c\000y\000c\000l\000e}{chapter.2}% 17
\BOOKMARK [1][-]{section.2.7}{\376\377\000M\000a\000k\000e\000r\000s\000\040\000a\000n\000d\000\040\000t\000a\000k\000e\000r\000s}{chapter.2}% 18
\BOOKMARK [1][-]{section.2.8}{\376\377\000T\000i\000c\000k\000\040\000s\000i\000z\000e\000s\000\040\000a\000n\000d\000\040\000l\000o\000t\000\040\000s\000i\000z\000e\000s}{chapter.2}% 19
\BOOKMARK [1][-]{section.2.9}{\376\377\000A\000\040\000f\000i\000r\000s\000t\000\040\000l\000o\000o\000k\000\040\000a\000t\000\040\000a\000\040\000r\000e\000a\000l\000\040\000e\000x\000c\000h\000a\000n\000g\000e\000\040\000A\000P\000I}{chapter.2}% 20
\BOOKMARK [1][-]{section.2.10}{\376\377\000S\000e\000l\000l\000-\000s\000i\000d\000e\000\040\000q\000u\000o\000t\000i\000n\000g\000\040\000v\000s\000\040\000a\000n\000\040\000e\000x\000c\000h\000a\000n\000g\000e\000\040\000b\000o\000o\000k}{chapter.2}% 21
\BOOKMARK [1][-]{section.2.11}{\376\377\000K\000e\000y\000\040\000f\000a\000c\000t\000s\000\040\000t\000o\000\040\000m\000e\000m\000o\000r\000i\000s\000e}{chapter.2}% 22
\BOOKMARK [0][-]{chapter.3}{\376\377\000M\000a\000r\000k\000e\000t\000\040\000P\000a\000r\000t\000i\000c\000i\000p\000a\000n\000t\000s\000\040\000a\000n\000d\000\040\000T\000h\000e\000i\000r\000\040\000I\000n\000c\000e\000n\000t\000i\000v\000e\000s}{part.2}% 23
\BOOKMARK [1][-]{section.3.1}{\376\377\000T\000h\000e\000\040\000t\000r\000a\000d\000e\000r\000\040\000t\000a\000x\000o\000n\000o\000m\000y}{chapter.3}% 24
\BOOKMARK [1][-]{section.3.2}{\376\377\000I\000n\000f\000o\000r\000m\000e\000d\000\040\000v\000s\000\040\000u\000n\000i\000n\000f\000o\000r\000m\000e\000d\000:\000\040\000t\000h\000e\000\040\000s\000i\000n\000g\000l\000e\000\040\000m\000o\000s\000t\000\040\000i\000m\000p\000o\000r\000t\000a\000n\000t\000\040\000d\000i\000s\000t\000i\000n\000c\000t\000i\000o\000n}{chapter.3}% 25
\BOOKMARK [1][-]{section.3.3}{\376\377\000M\000a\000k\000e\000r\000/\000t\000a\000k\000e\000r\000\040\000e\000c\000o\000n\000o\000m\000i\000c\000s\000\040\000i\000n\000\040\000f\000u\000l\000l}{chapter.3}% 26
\BOOKMARK [1][-]{section.3.4}{\376\377\000D\000e\000a\000l\000e\000r\000\040\000m\000a\000r\000k\000e\000t\000s\000\040\000v\000s\000\040\000e\000x\000c\000h\000a\000n\000g\000e\000\040\000m\000a\000r\000k\000e\000t\000s}{chapter.3}% 27
\BOOKMARK [1][-]{section.3.5}{\376\377\000T\000h\000e\000\040\000O\000l\000i\000v\000i\000a\000\040\000s\000t\000o\000r\000y\000:\000\040\000a\000n\000\040\000i\000n\000f\000o\000r\000m\000e\000d\000\040\000t\000r\000a\000d\000e\000r\000\040\000i\000n\000\040\000t\000h\000e\000\040\000w\000i\000l\000d}{chapter.3}% 28
\BOOKMARK [1][-]{section.3.6}{\376\377\000K\000e\000y\000\040\000f\000a\000c\000t\000s\000\040\000t\000o\000\040\000m\000e\000m\000o\000r\000i\000s\000e}{chapter.3}% 29
\BOOKMARK [0][-]{chapter.4}{\376\377\000P\000r\000i\000c\000e\000,\000\040\000V\000a\000l\000u\000e\000,\000\040\000a\000n\000d\000\040\000t\000h\000e\000\040\000M\000a\000n\000y\000\040\000D\000e\000f\000i\000n\000i\000t\000i\000o\000n\000s\000\040\000o\000f\000\040\000t\000h\000e\000\040\000P\000r\000i\000c\000e}{part.2}% 30
\BOOKMARK [1][-]{section.4.1}{\376\377\000B\000i\000d\000,\000\040\000a\000s\000k\000,\000\040\000s\000p\000r\000e\000a\000d\000,\000\040\000m\000i\000d\000\040\040\024\000\040\000f\000o\000r\000m\000a\000l\000l\000y}{chapter.4}% 31
\BOOKMARK [1][-]{section.4.2}{\376\377\000B\000e\000y\000o\000n\000d\000\040\000t\000h\000e\000\040\000m\000i\000d\000:\000\040\000t\000h\000r\000e\000e\000\040\000m\000o\000r\000e\000\040\000p\000r\000i\000c\000e\000\040\000m\000e\000a\000s\000u\000r\000e\000s}{chapter.4}% 32
\BOOKMARK [1][-]{section.4.3}{\376\377\000W\000a\000l\000l\000\040\000M\000i\000d\000:\000\040\000a\000\040\000P\000r\000o\000s\000p\000e\000r\000i\000t\000y\000-\000s\000p\000e\000c\000i\000f\000i\000c\000\040\000f\000a\000i\000r\000\040\000v\000a\000l\000u\000e}{chapter.4}% 33
\BOOKMARK [1][-]{section.4.4}{\376\377\000A\000\040\000r\000u\000n\000n\000i\000n\000g\000\040\000n\000u\000m\000e\000r\000i\000c\000a\000l\000\040\000e\000x\000a\000m\000p\000l\000e}{chapter.4}% 34
\BOOKMARK [1][-]{section.4.5}{\376\377\000F\000a\000i\000r\000\040\000v\000a\000l\000u\000e\000,\000\040\000i\000n\000f\000o\000r\000m\000a\000l\000l\000y}{chapter.4}% 35
\BOOKMARK [1][-]{section.4.6}{\376\377\000K\000e\000y\000\040\000f\000a\000c\000t\000s\000\040\000t\000o\000\040\000m\000e\000m\000o\000r\000i\000s\000e}{chapter.4}% 36
\BOOKMARK [-1][-]{part.3}{\376\377\000M\000a\000r\000k\000e\000t\000\040\000M\000i\000c\000r\000o\000s\000t\000r\000u\000c\000t\000u\000r\000e}{}% 37
\BOOKMARK [0][-]{chapter.5}{\376\377\000W\000h\000y\000\040\000S\000p\000r\000e\000a\000d\000s\000\040\000E\000x\000i\000s\000t\000:\000\040\000T\000h\000r\000e\000e\000\040\000C\000a\000u\000s\000e\000s\000\040\000a\000n\000d\000\040\000t\000h\000e\000\040\000R\000o\000l\000l\000\040\000M\000o\000d\000e\000l}{part.3}% 38
\BOOKMARK [1][-]{section.5.1}{\376\377\000T\000h\000r\000e\000e\000\040\000r\000e\000a\000s\000o\000n\000s\000\040\000t\000h\000e\000\040\000s\000p\000r\000e\000a\000d\000\040\000i\000s\000\040\000p\000o\000s\000i\000t\000i\000v\000e}{chapter.5}% 39
\BOOKMARK [1][-]{section.5.2}{\376\377\000T\000h\000e\000\040\000R\000o\000l\000l\000\040\000\050\0001\0009\0008\0004\000\051\000\040\000m\000o\000d\000e\000l}{chapter.5}% 40
\BOOKMARK [1][-]{section.5.3}{\376\377\000W\000h\000e\000n\000\040\000R\000o\000l\000l\000\040\000w\000o\000r\000k\000s\000,\000\040\000a\000n\000d\000\040\000w\000h\000e\000n\000\040\000i\000t\000\040\000d\000o\000e\000s\000n\000'\000t}{chapter.5}% 41
\BOOKMARK [1][-]{section.5.4}{\376\377\000A\000\040\000P\000r\000o\000s\000p\000e\000r\000i\000t\000y\000\040\000a\000p\000p\000l\000i\000c\000a\000t\000i\000o\000n}{chapter.5}% 42
\BOOKMARK [1][-]{section.5.5}{\376\377\000K\000e\000y\000\040\000f\000a\000c\000t\000s\000\040\000t\000o\000\040\000m\000e\000m\000o\000r\000i\000s\000e}{chapter.5}% 43
\BOOKMARK [0][-]{chapter.6}{\376\377\000I\000n\000f\000o\000r\000m\000e\000d\000\040\000T\000r\000a\000d\000i\000n\000g\000:\000\040\000G\000l\000o\000s\000t\000e\000n\040\023\000M\000i\000l\000g\000r\000o\000m\000\040\000a\000n\000d\000\040\000K\000y\000l\000e}{part.3}% 44
\BOOKMARK [1][-]{section.6.1}{\376\377\000G\000l\000o\000s\000t\000e\000n\040\023\000M\000i\000l\000g\000r\000o\000m\000:\000\040\000t\000h\000e\000\040\000s\000e\000q\000u\000e\000n\000t\000i\000a\000l\000\040\000t\000r\000a\000d\000e\000\040\000m\000o\000d\000e\000l}{chapter.6}% 45
\BOOKMARK [1][-]{section.6.2}{\376\377\000K\000y\000l\000e\000\040\000\050\0001\0009\0008\0005\000\051\000:\000\040\000t\000h\000e\000\040\000o\000n\000e\000-\000s\000h\000o\000t\000\040\000s\000t\000r\000a\000t\000e\000g\000i\000c\000\040\000i\000n\000s\000i\000d\000e\000r}{chapter.6}% 46
\BOOKMARK [1][-]{section.6.3}{\376\377\000C\000o\000n\000n\000e\000c\000t\000i\000n\000g\000\040\000G\000l\000o\000s\000t\000e\000n\040\023\000M\000i\000l\000g\000r\000o\000m\000\040\000a\000n\000d\000\040\000K\000y\000l\000e}{chapter.6}% 47
\BOOKMARK [1][-]{section.6.4}{\376\377\000K\000e\000y\000\040\000f\000a\000c\000t\000s\000\040\000t\000o\000\040\000m\000e\000m\000o\000r\000i\000s\000e}{chapter.6}% 48
\BOOKMARK [0][-]{chapter.7}{\376\377\000M\000a\000r\000k\000e\000t\000\040\000I\000m\000p\000a\000c\000t\000\040\000a\000n\000d\000\040\000t\000h\000e\000\040\000S\000q\000u\000a\000r\000e\000-\000R\000o\000o\000t\000\040\000L\000a\000w}{part.3}% 49
\BOOKMARK [1][-]{section.7.1}{\376\377\000D\000e\000f\000i\000n\000i\000n\000g\000\040\000m\000a\000r\000k\000e\000t\000\040\000i\000m\000p\000a\000c\000t}{chapter.7}% 50
\BOOKMARK [1][-]{section.7.2}{\376\377\000T\000h\000e\000\040\000s\000q\000u\000a\000r\000e\000-\000r\000o\000o\000t\000\040\000l\000a\000w}{chapter.7}% 51
\BOOKMARK [1][-]{section.7.3}{\376\377\000T\000h\000r\000e\000e\000\040\000t\000h\000e\000o\000r\000e\000t\000i\000c\000a\000l\000\040\000j\000u\000s\000t\000i\000f\000i\000c\000a\000t\000i\000o\000n\000s}{chapter.7}% 52
\BOOKMARK [1][-]{section.7.4}{\376\377\000T\000h\000e\000\040\000c\000o\000n\000t\000r\000a\000d\000i\000c\000t\000i\000o\000n\000\040\000w\000i\000t\000h\000\040\000K\000y\000l\000e\000\040\000a\000n\000d\000\040\000A\000l\000m\000g\000r\000e\000n\040\023\000C\000h\000r\000i\000s\000s}{chapter.7}% 53
\BOOKMARK [1][-]{section.7.5}{\376\377\000T\000e\000m\000p\000o\000r\000a\000r\000y\000\040\000v\000e\000r\000s\000u\000s\000\040\000p\000e\000r\000m\000a\000n\000e\000n\000t\000\040\000i\000m\000p\000a\000c\000t\000\040\000a\000n\000d\000\040\000t\000h\000e\000\040\000r\000e\000v\000e\000r\000s\000i\000o\000n\000\040\000p\000r\000o\000f\000i\000l\000e}{chapter.7}% 54
\BOOKMARK [1][-]{section.7.6}{\376\377\000M\000e\000a\000s\000u\000r\000i\000n\000g\000\040\000i\000m\000p\000a\000c\000t\000:\000\040\000a\000\040\000s\000h\000o\000r\000t\000\040\000P\000y\000t\000h\000o\000n\000\040\000s\000k\000e\000t\000c\000h}{chapter.7}% 55
\BOOKMARK [1][-]{section.7.7}{\376\377\000K\000e\000y\000\040\000f\000a\000c\000t\000s\000\040\000t\000o\000\040\000m\000e\000m\000o\000r\000i\000s\000e}{chapter.7}% 56
\BOOKMARK [0][-]{chapter.8}{\376\377\000O\000r\000d\000e\000r\000\040\000F\000l\000o\000w\000\040\000D\000y\000n\000a\000m\000i\000c\000s\000:\000\040\000I\000m\000b\000a\000l\000a\000n\000c\000e\000,\000\040\000Q\000u\000e\000u\000e\000,\000\040\000L\000a\000t\000e\000n\000c\000y}{part.3}% 57
\BOOKMARK [1][-]{section.8.1}{\376\377\000O\000r\000d\000e\000r\000\040\000f\000l\000o\000w\000\040\000i\000m\000b\000a\000l\000a\000n\000c\000e\000\040\000\050\000O\000F\000I\000\051}{chapter.8}% 58
\BOOKMARK [1][-]{section.8.2}{\376\377\000Q\000u\000e\000u\000e\000\040\000p\000o\000s\000i\000t\000i\000o\000n\000\040\000a\000n\000d\000\040\000t\000h\000e\000\040\000v\000a\000l\000u\000e\000\040\000o\000f\000\040\000p\000r\000i\000o\000r\000i\000t\000y}{chapter.8}% 59
\BOOKMARK [1][-]{section.8.3}{\376\377\000H\000a\000w\000k\000e\000s\000\040\000p\000r\000o\000c\000e\000s\000s\000e\000s\000:\000\040\000c\000l\000u\000s\000t\000e\000r\000e\000d\000\040\000a\000r\000r\000i\000v\000a\000l\000s}{chapter.8}% 60
\BOOKMARK [1][-]{section.8.4}{\376\377\000L\000a\000t\000e\000n\000c\000y\000\040\000e\000c\000o\000n\000o\000m\000i\000c\000s}{chapter.8}% 61
\BOOKMARK [1][-]{section.8.5}{\376\377\000P\000u\000t\000t\000i\000n\000g\000\040\000i\000t\000\040\000t\000o\000g\000e\000t\000h\000e\000r\000:\000\040\000a\000n\000\040\000O\000F\000I\000-\000d\000r\000i\000v\000e\000n\000\040\000t\000r\000a\000d\000i\000n\000g\000\040\000l\000o\000o\000p}{chapter.8}% 62
\BOOKMARK [1][-]{section.8.6}{\376\377\000K\000e\000y\000\040\000f\000a\000c\000t\000s\000\040\000t\000o\000\040\000m\000e\000m\000o\000r\000i\000s\000e}{chapter.8}% 63
\BOOKMARK [-1][-]{part.4}{\376\377\000C\000o\000r\000e\000\040\000S\000t\000r\000a\000t\000e\000g\000i\000e\000s}{}% 64
\BOOKMARK [0][-]{chapter.9}{\376\377\000M\000a\000r\000k\000e\000t\000\040\000M\000a\000k\000i\000n\000g\000:\000\040\000Q\000u\000o\000t\000i\000n\000g\000,\000\040\000I\000n\000v\000e\000n\000t\000o\000r\000y\000,\000\040\000a\000n\000d\000\040\000A\000v\000e\000l\000l\000a\000n\000e\000d\000a\040\023\000S\000t\000o\000i\000k\000o\000v}{part.4}% 65
\BOOKMARK [1][-]{section.9.1}{\376\377\000T\000h\000e\000\040\000n\000a\000i\000v\000e\000\040\000s\000y\000m\000m\000e\000t\000r\000i\000c\000\040\000m\000a\000r\000k\000e\000t\000\040\000m\000a\000k\000e\000r}{chapter.9}% 66
\BOOKMARK [1][-]{section.9.2}{\376\377\000I\000n\000v\000e\000n\000t\000o\000r\000y\000-\000a\000w\000a\000r\000e\000\040\000q\000u\000o\000t\000i\000n\000g\000:\000\040\000t\000h\000e\000\040\000r\000e\000s\000e\000r\000v\000a\000t\000i\000o\000n\000\040\000p\000r\000i\000c\000e}{chapter.9}% 67
\BOOKMARK [1][-]{section.9.3}{\376\377\000T\000h\000e\000\040\000o\000p\000t\000i\000m\000a\000l\000\040\000b\000i\000d\000\040\000a\000n\000d\000\040\000a\000s\000k}{chapter.9}% 68
\BOOKMARK [1][-]{section.9.4}{\376\377\000T\000h\000e\000\040\000f\000u\000l\000l\000\040\000A\040\023\000S\000\040\000q\000u\000o\000t\000i\000n\000g\000\040\000r\000u\000l\000e}{chapter.9}% 69
\BOOKMARK [1][-]{section.9.5}{\376\377\000P\000a\000r\000a\000m\000e\000t\000e\000r\000\040\000i\000n\000t\000u\000i\000t\000i\000o\000n\000\040\000a\000n\000d\000\040\000t\000u\000n\000i\000n\000g}{chapter.9}% 70
\BOOKMARK [1][-]{section.9.6}{\376\377\000A\000\040\000s\000h\000o\000r\000t\000\040\000r\000e\000f\000e\000r\000e\000n\000c\000e\000\040\000i\000m\000p\000l\000e\000m\000e\000n\000t\000a\000t\000i\000o\000n}{chapter.9}% 71
\BOOKMARK [1][-]{section.9.7}{\376\377\000A\040\023\000S\000\040\000o\000n\000\040\000P\000r\000o\000s\000p\000e\000r\000i\000t\000y\000\040\000a\000n\000d\000\040\000o\000n\000\040\000a\000\040\000G\000o\000l\000d\000m\000a\000n\000\040\000d\000e\000s\000k}{chapter.9}% 72
\BOOKMARK [1][-]{section.9.8}{\376\377\000E\000x\000t\000e\000n\000s\000i\000o\000n\000s\000,\000\040\000l\000i\000m\000i\000t\000a\000t\000i\000o\000n\000s\000,\000\040\000a\000n\000d\000\040\000w\000h\000e\000n\000\040\000A\040\023\000S\000\040\000b\000r\000e\000a\000k\000s}{chapter.9}% 73
\BOOKMARK [1][-]{section.9.9}{\376\377\000K\000e\000y\000\040\000f\000a\000c\000t\000s\000\040\000t\000o\000\040\000m\000e\000m\000o\000r\000i\000s\000e}{chapter.9}% 74
\BOOKMARK [0][-]{chapter.10}{\376\377\000M\000e\000a\000n\000\040\000R\000e\000v\000e\000r\000s\000i\000o\000n\000\040\000a\000n\000d\000\040\000t\000h\000e\000\040\000O\000r\000n\000s\000t\000e\000i\000n\040\023\000U\000h\000l\000e\000n\000b\000e\000c\000k\000\040\000P\000r\000o\000c\000e\000s\000s}{part.4}% 75
\BOOKMARK [1][-]{section.10.1}{\376\377\000T\000h\000e\000\040\000O\000r\000n\000s\000t\000e\000i\000n\040\023\000U\000h\000l\000e\000n\000b\000e\000c\000k\000\040\000p\000r\000o\000c\000e\000s\000s}{chapter.10}% 76
\BOOKMARK [1][-]{section.10.2}{\376\377\000T\000e\000s\000t\000i\000n\000g\000\040\000f\000o\000r\000\040\000m\000e\000a\000n\000\040\000r\000e\000v\000e\000r\000s\000i\000o\000n}{chapter.10}% 77
\BOOKMARK [1][-]{section.10.3}{\376\377\000E\000s\000t\000i\000m\000a\000t\000i\000n\000g\000\040\000O\000U\000\040\000p\000a\000r\000a\000m\000e\000t\000e\000r\000s\000\040\000f\000r\000o\000m\000\040\000d\000a\000t\000a}{chapter.10}% 78
\BOOKMARK [1][-]{section.10.4}{\376\377\000T\000h\000e\000\040\000z\000-\000s\000c\000o\000r\000e\000\040\000e\000n\000t\000r\000y\000/\000e\000x\000i\000t\000\040\000r\000u\000l\000e}{chapter.10}% 79
\BOOKMARK [1][-]{section.10.5}{\376\377\000W\000a\000l\000k\000-\000f\000o\000r\000w\000a\000r\000d\000\040\000e\000s\000t\000i\000m\000a\000t\000i\000o\000n}{chapter.10}% 80
\BOOKMARK [1][-]{section.10.6}{\376\377\000A\000\040\000s\000h\000o\000r\000t\000\040\000r\000e\000f\000e\000r\000e\000n\000c\000e\000\040\000i\000m\000p\000l\000e\000m\000e\000n\000t\000a\000t\000i\000o\000n}{chapter.10}% 81
\BOOKMARK [1][-]{section.10.7}{\376\377\000L\000i\000m\000i\000t\000a\000t\000i\000o\000n\000s\000\040\000a\000n\000d\000\040\000w\000h\000e\000n\000\040\000O\000U\000\040\000b\000r\000e\000a\000k\000s}{chapter.10}% 82
\BOOKMARK [1][-]{section.10.8}{\376\377\000K\000e\000y\000\040\000f\000a\000c\000t\000s\000\040\000t\000o\000\040\000m\000e\000m\000o\000r\000i\000s\000e}{chapter.10}% 83
\BOOKMARK [0][-]{chapter.11}{\376\377\000P\000a\000i\000r\000s\000\040\000T\000r\000a\000d\000i\000n\000g\000\040\000a\000n\000d\000\040\000C\000o\000i\000n\000t\000e\000g\000r\000a\000t\000i\000o\000n}{part.4}% 84
\BOOKMARK [1][-]{section.11.1}{\376\377\000C\000o\000r\000r\000e\000l\000a\000t\000i\000o\000n\000\040\000v\000s\000\040\000c\000o\000i\000n\000t\000e\000g\000r\000a\000t\000i\000o\000n\000:\000\040\000t\000h\000e\000\040\000c\000a\000n\000o\000n\000i\000c\000a\000l\000\040\000c\000o\000u\000n\000t\000e\000r\000-\000e\000x\000a\000m\000p\000l\000e}{chapter.11}% 85
\BOOKMARK [1][-]{section.11.2}{\376\377\000T\000h\000e\000\040\000E\000n\000g\000l\000e\040\023\000G\000r\000a\000n\000g\000e\000r\000\040\000t\000w\000o\000-\000s\000t\000e\000p}{chapter.11}% 86
\BOOKMARK [1][-]{section.11.3}{\376\377\000T\000h\000e\000\040\000J\000o\000h\000a\000n\000s\000e\000n\000\040\000t\000e\000s\000t\000\040\000\050\000s\000t\000a\000t\000e\000d\000\051}{chapter.11}% 87
\BOOKMARK [1][-]{section.11.4}{\376\377\000T\000r\000a\000d\000i\000n\000g\000\040\000t\000h\000e\000\040\000r\000e\000s\000i\000d\000u\000a\000l\000\040\000a\000s\000\040\000a\000n\000\040\000O\000U\000\040\000p\000r\000o\000c\000e\000s\000s}{chapter.11}% 88
\BOOKMARK [1][-]{section.11.5}{\376\377\000A\000\040\000s\000h\000o\000r\000t\000\040\000r\000e\000f\000e\000r\000e\000n\000c\000e\000\040\000i\000m\000p\000l\000e\000m\000e\000n\000t\000a\000t\000i\000o\000n}{chapter.11}% 89
\BOOKMARK [1][-]{section.11.6}{\376\377\000F\000a\000i\000l\000u\000r\000e\000\040\000m\000o\000d\000e\000s\000\040\000a\000n\000d\000\040\000w\000h\000e\000n\000\040\000p\000a\000i\000r\000s\000\040\000t\000r\000a\000d\000i\000n\000g\000\040\000d\000i\000e\000s}{chapter.11}% 90
\BOOKMARK [1][-]{section.11.7}{\376\377\000K\000e\000y\000\040\000f\000a\000c\000t\000s\000\040\000t\000o\000\040\000m\000e\000m\000o\000r\000i\000s\000e}{chapter.11}% 91
\BOOKMARK [0][-]{chapter.12}{\376\377\000B\000a\000s\000k\000e\000t\000\040\000a\000n\000d\000\040\000E\000T\000F\000\040\000A\000r\000b\000i\000t\000r\000a\000g\000e}{part.4}% 92
\BOOKMARK [1][-]{section.12.1}{\376\377\000E\000T\000F\000s\000\040\000a\000n\000d\000\040\000t\000h\000e\000\040\000c\000r\000e\000a\000t\000i\000o\000n\000/\000r\000e\000d\000e\000m\000p\000t\000i\000o\000n\000\040\000m\000e\000c\000h\000a\000n\000i\000s\000m}{chapter.12}% 93
\BOOKMARK [1][-]{section.12.2}{\376\377\000T\000h\000e\000\040\000b\000a\000s\000k\000e\000t\000\040\000s\000p\000r\000e\000a\000d\000\040\000f\000o\000r\000m\000u\000l\000a}{chapter.12}% 94
\BOOKMARK [1][-]{section.12.3}{\376\377\000S\000t\000a\000t\000i\000c\000\040\000v\000s\000\040\000d\000y\000n\000a\000m\000i\000c\000\040\000h\000e\000d\000g\000e\000\040\000r\000a\000t\000i\000o\000s}{chapter.12}% 95
\BOOKMARK [1][-]{section.12.4}{\376\377\000C\000a\000s\000e\000\040\000s\000t\000u\000d\000y\000:\000\040\000F\000r\000a\000n\000k\000f\000u\000r\000t\000\040\000H\000e\000d\000g\000e\000h\000o\000g\000s\000\040\000a\000n\000d\000\040\000P\000I\000C\000N\000I\000C\000\137\000B\000A\000S\000K\000E\000T}{chapter.12}% 96
\BOOKMARK [1][-]{section.12.5}{\376\377\000A\000v\000e\000l\000l\000a\000n\000e\000d\000a\040\023\000L\000e\000e\000\040\000P\000C\000A\000\040\000s\000t\000a\000t\000-\000a\000r\000b}{chapter.12}% 97
\BOOKMARK [1][-]{section.12.6}{\376\377\000A\000\040\000s\000h\000o\000r\000t\000\040\000r\000e\000f\000e\000r\000e\000n\000c\000e\000\040\000i\000m\000p\000l\000e\000m\000e\000n\000t\000a\000t\000i\000o\000n}{chapter.12}% 98
\BOOKMARK [1][-]{section.12.7}{\376\377\000K\000e\000y\000\040\000f\000a\000c\000t\000s\000\040\000t\000o\000\040\000m\000e\000m\000o\000r\000i\000s\000e}{chapter.12}% 99
\BOOKMARK [0][-]{chapter.13}{\376\377\000M\000o\000m\000e\000n\000t\000u\000m\000\040\000a\000n\000d\000\040\000T\000r\000e\000n\000d\000\040\000F\000o\000l\000l\000o\000w\000i\000n\000g}{part.4}% 100
\BOOKMARK [1][-]{section.13.1}{\376\377\000T\000i\000m\000e\000\040\000s\000e\000r\000i\000e\000s\000\040\000m\000o\000m\000e\000n\000t\000u\000m\000\040\000\050\000T\000S\000M\000O\000M\000\051}{chapter.13}% 101
\BOOKMARK [1][-]{section.13.2}{\376\377\000C\000r\000o\000s\000s\000-\000s\000e\000c\000t\000i\000o\000n\000a\000l\000\040\000v\000s\000\040\000t\000i\000m\000e\000-\000s\000e\000r\000i\000e\000s\000\040\000m\000o\000m\000e\000n\000t\000u\000m}{chapter.13}% 102
\BOOKMARK [1][-]{section.13.3}{\376\377\000W\000h\000y\000\040\000m\000o\000m\000e\000n\000t\000u\000m\000\040\000w\000o\000r\000k\000s\000\040\000o\000n\000\040\000m\000o\000n\000t\000h\000l\000y\000\040\000h\000o\000r\000i\000z\000o\000n\000s\000\040\000b\000u\000t\000\040\000n\000o\000t\000\040\000m\000i\000c\000r\000o\000s\000e\000c\000o\000n\000d\000s}{chapter.13}% 103
\BOOKMARK [1][-]{section.13.4}{\376\377\000M\000o\000m\000e\000n\000t\000u\000m\000\040\000c\000r\000a\000s\000h\000e\000s}{chapter.13}% 104
\BOOKMARK [1][-]{section.13.5}{\376\377\000A\000\040\000s\000h\000o\000r\000t\000\040\000r\000e\000f\000e\000r\000e\000n\000c\000e\000\040\000i\000m\000p\000l\000e\000m\000e\000n\000t\000a\000t\000i\000o\000n}{chapter.13}% 105
\BOOKMARK [1][-]{section.13.6}{\376\377\000K\000e\000y\000\040\000f\000a\000c\000t\000s\000\040\000t\000o\000\040\000m\000e\000m\000o\000r\000i\000s\000e}{chapter.13}% 106
\BOOKMARK [0][-]{chapter.14}{\376\377\000T\000h\000e\000\040\000A\000r\000b\000i\000t\000r\000a\000g\000e\000\040\000Z\000o\000o}{part.4}% 107
\BOOKMARK [1][-]{section.14.1}{\376\377\000T\000h\000e\000\040\000a\000r\000b\000i\000t\000r\000a\000g\000e\000\040\000t\000e\000m\000p\000l\000a\000t\000e}{chapter.14}% 108
\BOOKMARK [1][-]{section.14.2}{\376\377\000T\000r\000i\000a\000n\000g\000u\000l\000a\000r\000\040\000F\000X\000\040\000a\000r\000b\000i\000t\000r\000a\000g\000e}{chapter.14}% 109
\BOOKMARK [1][-]{section.14.3}{\376\377\000L\000o\000c\000a\000t\000i\000o\000n\000a\000l\000\040\000a\000r\000b\000i\000t\000r\000a\000g\000e}{chapter.14}% 110
\BOOKMARK [1][-]{section.14.4}{\376\377\000C\000a\000s\000h\000-\000a\000n\000d\000-\000c\000a\000r\000r\000y\000\040\000a\000r\000b\000i\000t\000r\000a\000g\000e}{chapter.14}% 111
\BOOKMARK [1][-]{section.14.5}{\376\377\000P\000u\000t\000-\000c\000a\000l\000l\000\040\000p\000a\000r\000i\000t\000y\000\040\000a\000r\000b\000i\000t\000r\000a\000g\000e}{chapter.14}% 112
\BOOKMARK [1][-]{section.14.6}{\376\377\000I\000n\000d\000e\000x\000\040\000a\000r\000b\000i\000t\000r\000a\000g\000e}{chapter.14}% 113
\BOOKMARK [1][-]{section.14.7}{\376\377\000C\000a\000l\000e\000n\000d\000a\000r\000\040\000a\000r\000b\000i\000t\000r\000a\000g\000e}{chapter.14}% 114
\BOOKMARK [1][-]{section.14.8}{\376\377\000E\000T\000F\000\040\000c\000r\000e\000a\000t\000i\000o\000n\000/\000r\000e\000d\000e\000m\000p\000t\000i\000o\000n\000\040\000a\000r\000b\000i\000t\000r\000a\000g\000e}{chapter.14}% 115
\BOOKMARK [1][-]{section.14.9}{\376\377\000S\000t\000a\000t\000i\000s\000t\000i\000c\000a\000l\000\040\000a\000r\000b\000i\000t\000r\000a\000g\000e\000\040\040\024\000\040\000n\000o\000t\000\040\000a\000\040\000t\000r\000u\000e\000\040\000a\000r\000b\000i\000t\000r\000a\000g\000e}{chapter.14}% 116
\BOOKMARK [1][-]{section.14.10}{\376\377\000T\000h\000e\000\040\000a\000r\000b\000-\000d\000i\000a\000g\000n\000o\000s\000t\000i\000c\000\040\000f\000l\000o\000w\000c\000h\000a\000r\000t}{chapter.14}% 117
\BOOKMARK [1][-]{section.14.11}{\376\377\000K\000e\000y\000\040\000f\000a\000c\000t\000s\000\040\000t\000o\000\040\000m\000e\000m\000o\000r\000i\000s\000e}{chapter.14}% 118
\BOOKMARK [-1][-]{part.5}{\376\377\000O\000p\000t\000i\000o\000n\000s\000\040\000a\000n\000d\000\040\000V\000o\000l\000a\000t\000i\000l\000i\000t\000y}{}% 119
\BOOKMARK [0][-]{chapter.15}{\376\377\000O\000p\000t\000i\000o\000n\000s\000:\000\040\000P\000a\000y\000o\000f\000f\000s\000,\000\040\000N\000o\000-\000A\000r\000b\000i\000t\000r\000a\000g\000e\000\040\000B\000o\000u\000n\000d\000s\000,\000\040\000a\000n\000d\000\040\000P\000u\000t\040\023\000C\000a\000l\000l\000\040\000P\000a\000r\000i\000t\000y}{part.5}% 120
\BOOKMARK [1][-]{section.15.1}{\376\377\000C\000a\000l\000l\000s\000,\000\040\000p\000u\000t\000s\000,\000\040\000a\000n\000d\000\040\000p\000a\000y\000o\000f\000f\000s}{chapter.15}% 121
\BOOKMARK [1][-]{section.15.2}{\376\377\000N\000o\000-\000a\000r\000b\000i\000t\000r\000a\000g\000e\000\040\000b\000o\000u\000n\000d\000s\000\040\000b\000y\000\040\000p\000o\000r\000t\000f\000o\000l\000i\000o\000\040\000c\000o\000n\000s\000t\000r\000u\000c\000t\000i\000o\000n}{chapter.15}% 122
\BOOKMARK [1][-]{section.15.3}{\376\377\000P\000u\000t\040\023\000c\000a\000l\000l\000\040\000p\000a\000r\000i\000t\000y}{chapter.15}% 123
\BOOKMARK [1][-]{section.15.4}{\376\377\000A\000m\000e\000r\000i\000c\000a\000n\000\040\000o\000p\000t\000i\000o\000n\000s\000\040\000a\000n\000d\000\040\000e\000a\000r\000l\000y\000\040\000e\000x\000e\000r\000c\000i\000s\000e}{chapter.15}% 124
\BOOKMARK [1][-]{section.15.5}{\376\377\000A\000p\000p\000l\000i\000c\000a\000t\000i\000o\000n\000s\000\040\000a\000n\000d\000\040\000s\000y\000n\000t\000h\000e\000s\000i\000s}{chapter.15}% 125
\BOOKMARK [1][-]{section.15.6}{\376\377\000K\000e\000y\000\040\000f\000a\000c\000t\000s\000\040\000t\000o\000\040\000m\000e\000m\000o\000r\000i\000s\000e}{chapter.15}% 126
\BOOKMARK [0][-]{chapter.16}{\376\377\000B\000l\000a\000c\000k\040\023\000S\000c\000h\000o\000l\000e\000s\000\040\000f\000r\000o\000m\000\040\000F\000i\000r\000s\000t\000\040\000P\000r\000i\000n\000c\000i\000p\000l\000e\000s}{part.5}% 127
\BOOKMARK [1][-]{section.16.1}{\376\377\000T\000h\000e\000\040\000B\000l\000a\000c\000k\040\023\000S\000c\000h\000o\000l\000e\000s\000\040\000s\000e\000t\000u\000p}{chapter.16}% 128
\BOOKMARK [1][-]{section.16.2}{\376\377\000A\000\040\000t\000o\000y\000\040\000p\000r\000i\000c\000i\000n\000g\000\040\000e\000x\000a\000m\000p\000l\000e\000,\000\040\000b\000y\000\040\000h\000a\000n\000d}{chapter.16}% 129
\BOOKMARK [1][-]{section.16.3}{\376\377\000F\000r\000o\000m\000\040\000b\000i\000n\000o\000m\000i\000a\000l\000\040\000t\000o\000\040\000c\000o\000n\000t\000i\000n\000u\000o\000u\000s\000:\000\040\000t\000h\000e\000\040\000P\000D\000E\000\040\000d\000e\000r\000i\000v\000a\000t\000i\000o\000n}{chapter.16}% 130
\BOOKMARK [1][-]{section.16.4}{\376\377\000S\000o\000l\000v\000i\000n\000g\000\040\000t\000h\000e\000\040\000P\000D\000E\000:\000\040\000c\000h\000a\000n\000g\000e\000\040\000o\000f\000\040\000v\000a\000r\000i\000a\000b\000l\000e\000s\000\040\000t\000o\000\040\000t\000h\000e\000\040\000h\000e\000a\000t\000\040\000e\000q\000u\000a\000t\000i\000o\000n}{chapter.16}% 131
\BOOKMARK [1][-]{section.16.5}{\376\377\000T\000h\000e\000\040\000B\000l\000a\000c\000k\040\023\000S\000c\000h\000o\000l\000e\000s\000\040\000f\000o\000r\000m\000u\000l\000a}{chapter.16}% 132
\BOOKMARK [1][-]{section.16.6}{\376\377\000A\000\040\000s\000e\000c\000o\000n\000d\000\040\000d\000e\000r\000i\000v\000a\000t\000i\000o\000n\000:\000\040\000t\000h\000e\000\040\000m\000a\000r\000t\000i\000n\000g\000a\000l\000e\000\040\000r\000o\000u\000t\000e}{chapter.16}% 133
\BOOKMARK [1][-]{section.16.7}{\376\377\000W\000h\000a\000t\000\040\000e\000a\000c\000h\000\040\000a\000s\000s\000u\000m\000p\000t\000i\000o\000n\000\040\000b\000u\000y\000s\000\040\000a\000n\000d\000\040\000w\000h\000e\000n\000\040\000i\000t\000\040\000b\000r\000e\000a\000k\000s}{chapter.16}% 134
\BOOKMARK [1][-]{section.16.8}{\376\377\000K\000e\000y\000\040\000f\000a\000c\000t\000s\000\040\000t\000o\000\040\000m\000e\000m\000o\000r\000i\000s\000e}{chapter.16}% 135
\BOOKMARK [0][-]{chapter.17}{\376\377\000T\000h\000e\000\040\000G\000r\000e\000e\000k\000s\000\040\000a\000n\000d\000\040\000D\000e\000l\000t\000a\000\040\000H\000e\000d\000g\000i\000n\000g}{part.5}% 136
\BOOKMARK [1][-]{section.17.1}{\376\377\000T\000h\000e\000\040\000f\000i\000r\000s\000t\000-\000o\000r\000d\000e\000r\000\040\000G\000r\000e\000e\000k\000s\000:\000\040\000D\000e\000l\000t\000a\000\040\000a\000n\000d\000\040\000R\000h\000o}{chapter.17}% 137
\BOOKMARK [1][-]{section.17.2}{\376\377\000T\000h\000e\000\040\000s\000e\000c\000o\000n\000d\000-\000o\000r\000d\000e\000r\000\040\000G\000r\000e\000e\000k\000:\000\040\000G\000a\000m\000m\000a}{chapter.17}% 138
\BOOKMARK [1][-]{section.17.3}{\376\377\000T\000h\000e\000\040\000v\000o\000l\000\040\000G\000r\000e\000e\000k\000:\000\040\000V\000e\000g\000a}{chapter.17}% 139
\BOOKMARK [1][-]{section.17.4}{\376\377\000T\000h\000e\000\040\000t\000i\000m\000e\000\040\000G\000r\000e\000e\000k\000:\000\040\000T\000h\000e\000t\000a}{chapter.17}% 140
\BOOKMARK [1][-]{section.17.5}{\376\377\000T\000h\000e\000\040\000d\000y\000n\000a\000m\000i\000c\000-\000h\000e\000d\000g\000i\000n\000g\000\040\000P\000\046\000L\000\040\000i\000d\000e\000n\000t\000i\000t\000y}{chapter.17}% 141
\BOOKMARK [1][-]{section.17.6}{\376\377\000A\000g\000g\000r\000e\000g\000a\000t\000i\000o\000n\000:\000\040\000p\000o\000r\000t\000f\000o\000l\000i\000o\000\040\000G\000r\000e\000e\000k\000s}{chapter.17}% 142
\BOOKMARK [1][-]{section.17.7}{\376\377\000H\000i\000g\000h\000e\000r\000-\000o\000r\000d\000e\000r\000\040\000G\000r\000e\000e\000k\000s\000:\000\040\000v\000a\000n\000n\000a\000,\000\040\000v\000o\000l\000g\000a\000,\000\040\000c\000h\000a\000r\000m}{chapter.17}% 143
\BOOKMARK [1][-]{section.17.8}{\376\377\000D\000i\000s\000c\000r\000e\000t\000e\000-\000h\000e\000d\000g\000i\000n\000g\000\040\000e\000r\000r\000o\000r}{chapter.17}% 144
\BOOKMARK [1][-]{section.17.9}{\376\377\000A\000\040\000s\000h\000o\000r\000t\000\040\000r\000e\000f\000e\000r\000e\000n\000c\000e\000\040\000i\000m\000p\000l\000e\000m\000e\000n\000t\000a\000t\000i\000o\000n}{chapter.17}% 145
\BOOKMARK [1][-]{section.17.10}{\376\377\000K\000e\000y\000\040\000f\000a\000c\000t\000s\000\040\000t\000o\000\040\000m\000e\000m\000o\000r\000i\000s\000e}{chapter.17}% 146
\BOOKMARK [0][-]{chapter.18}{\376\377\000I\000m\000p\000l\000i\000e\000d\000\040\000V\000o\000l\000a\000t\000i\000l\000i\000t\000y\000,\000\040\000t\000h\000e\000\040\000V\000o\000l\000\040\000S\000u\000r\000f\000a\000c\000e\000,\000\040\000a\000n\000d\000\040\000G\000a\000m\000m\000a\000\040\000S\000c\000a\000l\000p\000i\000n\000g}{part.5}% 147
\BOOKMARK [1][-]{section.18.1}{\376\377\000I\000m\000p\000l\000i\000e\000d\000\040\000v\000o\000l\000a\000t\000i\000l\000i\000t\000y}{chapter.18}% 148
\BOOKMARK [1][-]{section.18.2}{\376\377\000T\000h\000e\000\040\000v\000o\000l\000\040\000s\000u\000r\000f\000a\000c\000e}{chapter.18}% 149
\BOOKMARK [1][-]{section.18.3}{\376\377\000S\000t\000i\000c\000k\000y\000\040\000s\000t\000r\000i\000k\000e\000\040\000v\000s\000\040\000s\000t\000i\000c\000k\000y\000\040\000d\000e\000l\000t\000a}{chapter.18}% 150
\BOOKMARK [1][-]{section.18.4}{\376\377\000V\000a\000r\000i\000a\000n\000c\000e\000\040\000s\000w\000a\000p\000s\000\040\000\050\000q\000u\000a\000l\000i\000t\000a\000t\000i\000v\000e\000\051}{chapter.18}% 151
\BOOKMARK [1][-]{section.18.5}{\376\377\000G\000a\000m\000m\000a\000\040\000s\000c\000a\000l\000p\000i\000n\000g\000\040\000a\000s\000\040\000a\000n\000\040\000e\000x\000p\000l\000i\000c\000i\000t\000\040\000s\000t\000r\000a\000t\000e\000g\000y}{chapter.18}% 152
\BOOKMARK [1][-]{section.18.6}{\376\377\000A\000\040\000s\000h\000o\000r\000t\000\040\000r\000e\000f\000e\000r\000e\000n\000c\000e\000\040\000i\000m\000p\000l\000e\000m\000e\000n\000t\000a\000t\000i\000o\000n}{chapter.18}% 153
\BOOKMARK [1][-]{section.18.7}{\376\377\000K\000e\000y\000\040\000f\000a\000c\000t\000s\000\040\000t\000o\000\040\000m\000e\000m\000o\000r\000i\000s\000e}{chapter.18}% 154
\BOOKMARK [-1][-]{part.6}{\376\377\000E\000x\000e\000c\000u\000t\000i\000o\000n\000,\000\040\000R\000i\000s\000k\000,\000\040\000a\000n\000d\000\040\000M\000e\000t\000h\000o\000d\000o\000l\000o\000g\000y}{}% 155
\BOOKMARK [0][-]{chapter.19}{\376\377\000O\000p\000t\000i\000m\000a\000l\000\040\000E\000x\000e\000c\000u\000t\000i\000o\000n\000:\000\040\000A\000l\000m\000g\000r\000e\000n\040\023\000C\000h\000r\000i\000s\000s}{part.6}% 156
\BOOKMARK [1][-]{section.19.1}{\376\377\000T\000h\000e\000\040\000l\000i\000q\000u\000i\000d\000a\000t\000i\000o\000n\000\040\000p\000r\000o\000b\000l\000e\000m}{chapter.19}% 157
\BOOKMARK [1][-]{section.19.2}{\376\377\000T\000h\000e\000\040\000m\000e\000a\000n\000-\000v\000a\000r\000i\000a\000n\000c\000e\000\040\000o\000b\000j\000e\000c\000t\000i\000v\000e}{chapter.19}% 158
\BOOKMARK [1][-]{section.19.3}{\376\377\000D\000e\000r\000i\000v\000i\000n\000g\000\040\000t\000h\000e\000\040\000d\000i\000s\000c\000r\000e\000t\000e\000\040\000o\000p\000t\000i\000m\000a\000l\000\040\000t\000r\000a\000j\000e\000c\000t\000o\000r\000y}{chapter.19}% 159
\BOOKMARK [1][-]{section.19.4}{\376\377\000C\000o\000n\000t\000i\000n\000u\000o\000u\000s\000-\000t\000i\000m\000e\000\040\000l\000i\000m\000i\000t}{chapter.19}% 160
\BOOKMARK [1][-]{section.19.5}{\376\377\000W\000o\000r\000k\000e\000d\000\040\000n\000u\000m\000e\000r\000i\000c\000a\000l\000\040\000e\000x\000a\000m\000p\000l\000e}{chapter.19}% 161
\BOOKMARK [1][-]{section.19.6}{\376\377\000T\000h\000e\000\040\000e\000x\000e\000c\000u\000t\000i\000o\000n\000\040\000e\000f\000f\000i\000c\000i\000e\000n\000t\000\040\000f\000r\000o\000n\000t\000i\000e\000r}{chapter.19}% 162
\BOOKMARK [1][-]{section.19.7}{\376\377\000V\000W\000A\000P\000,\000\040\000T\000W\000A\000P\000,\000\040\000P\000O\000V\000,\000\040\000a\000n\000d\000\040\000A\040\023\000C\000\040\000i\000n\000\040\000c\000o\000n\000t\000e\000x\000t}{chapter.19}% 163
\BOOKMARK [1][-]{section.19.8}{\376\377\000A\000l\000m\000g\000r\000e\000n\040\023\000C\000h\000r\000i\000s\000s\000\040\000v\000e\000r\000s\000u\000s\000\040\000s\000q\000u\000a\000r\000e\000-\000r\000o\000o\000t\000\040\000r\000e\000a\000l\000i\000t\000y}{chapter.19}% 164
\BOOKMARK [1][-]{section.19.9}{\376\377\000E\000x\000t\000e\000n\000s\000i\000o\000n\000s\000\040\000a\000n\000d\000\040\000b\000r\000e\000a\000k\000a\000g\000e\000s}{chapter.19}% 165
\BOOKMARK [1][-]{section.19.10}{\376\377\000P\000r\000o\000s\000p\000e\000r\000i\000t\000y\000\040\000a\000n\000d\000\040\000s\000e\000l\000l\000-\000s\000i\000d\000e\000\040\000a\000p\000p\000l\000i\000c\000a\000t\000i\000o\000n\000s}{chapter.19}% 166
\BOOKMARK [1][-]{section.19.11}{\376\377\000A\000\040\000s\000h\000o\000r\000t\000\040\000r\000e\000f\000e\000r\000e\000n\000c\000e\000\040\000i\000m\000p\000l\000e\000m\000e\000n\000t\000a\000t\000i\000o\000n}{chapter.19}% 167
\BOOKMARK [1][-]{section.19.12}{\376\377\000K\000e\000y\000\040\000f\000a\000c\000t\000s\000\040\000t\000o\000\040\000m\000e\000m\000o\000r\000i\000s\000e}{chapter.19}% 168
\BOOKMARK [0][-]{chapter.20}{\376\377\000R\000i\000s\000k\000\040\000M\000a\000n\000a\000g\000e\000m\000e\000n\000t\000:\000\040\000K\000e\000l\000l\000y\000,\000\040\000D\000r\000a\000w\000d\000o\000w\000n\000,\000\040\000a\000n\000d\000\040\000M\000e\000t\000r\000i\000c\000s}{part.6}% 169
\BOOKMARK [1][-]{section.20.1}{\376\377\000T\000h\000e\000\040\000K\000e\000l\000l\000y\000\040\000c\000r\000i\000t\000e\000r\000i\000o\000n\000:\000\040\000b\000i\000n\000a\000r\000y\000\040\000c\000a\000s\000e}{chapter.20}% 170
\BOOKMARK [1][-]{section.20.2}{\376\377\000T\000h\000e\000\040\000K\000e\000l\000l\000y\000\040\000c\000r\000i\000t\000e\000r\000i\000o\000n\000:\000\040\000l\000o\000g\000-\000n\000o\000r\000m\000a\000l\000\040\000r\000e\000t\000u\000r\000n\000s}{chapter.20}% 171
\BOOKMARK [1][-]{section.20.3}{\376\377\000F\000r\000a\000c\000t\000i\000o\000n\000a\000l\000\040\000K\000e\000l\000l\000y\000\040\000a\000n\000d\000\040\000w\000h\000y\000\040\000n\000o\000\040\000o\000n\000e\000\040\000t\000r\000a\000d\000e\000s\000\040\000f\000u\000l\000l\000\040\000K\000e\000l\000l\000y}{chapter.20}% 172
\BOOKMARK [1][-]{section.20.4}{\376\377\000P\000e\000r\000f\000o\000r\000m\000a\000n\000c\000e\000\040\000m\000e\000t\000r\000i\000c\000s}{chapter.20}% 173
\BOOKMARK [1][-]{section.20.5}{\376\377\000D\000r\000a\000w\000d\000o\000w\000n\000\040\000a\000r\000i\000t\000h\000m\000e\000t\000i\000c}{chapter.20}% 174
\BOOKMARK [1][-]{section.20.6}{\376\377\000V\000a\000R\000\040\000a\000n\000d\000\040\000E\000x\000p\000e\000c\000t\000e\000d\000\040\000S\000h\000o\000r\000t\000f\000a\000l\000l}{chapter.20}% 175
\BOOKMARK [1][-]{section.20.7}{\376\377\000A\000\040\000s\000h\000o\000r\000t\000\040\000r\000e\000f\000e\000r\000e\000n\000c\000e\000\040\000i\000m\000p\000l\000e\000m\000e\000n\000t\000a\000t\000i\000o\000n}{chapter.20}% 176
\BOOKMARK [1][-]{section.20.8}{\376\377\000K\000e\000y\000\040\000f\000a\000c\000t\000s\000\040\000t\000o\000\040\000m\000e\000m\000o\000r\000i\000s\000e}{chapter.20}% 177
\BOOKMARK [0][-]{chapter.21}{\376\377\000B\000a\000c\000k\000t\000e\000s\000t\000i\000n\000g\000\040\000D\000o\000n\000e\000\040\000R\000i\000g\000h\000t}{part.6}% 178
\BOOKMARK [1][-]{section.21.1}{\376\377\000T\000h\000e\000\040\000s\000e\000v\000e\000n\000\040\000l\000i\000e\000s\000\040\000a\000\040\000b\000a\000c\000k\000t\000e\000s\000t\000\040\000c\000a\000n\000\040\000t\000e\000l\000l\000\040\000y\000o\000u}{chapter.21}% 179
\BOOKMARK [1][-]{section.21.2}{\376\377\000W\000a\000l\000k\000-\000f\000o\000r\000w\000a\000r\000d\000\040\000v\000a\000l\000i\000d\000a\000t\000i\000o\000n}{chapter.21}% 180
\BOOKMARK [1][-]{section.21.3}{\376\377\000C\000o\000m\000b\000i\000n\000a\000t\000o\000r\000i\000a\000l\000\040\000P\000u\000r\000g\000e\000d\000\040\000C\000r\000o\000s\000s\000-\000V\000a\000l\000i\000d\000a\000t\000i\000o\000n}{chapter.21}% 181
\BOOKMARK [1][-]{section.21.4}{\376\377\000D\000e\000f\000l\000a\000t\000e\000d\000\040\000S\000h\000a\000r\000p\000e\000\040\000R\000a\000t\000i\000o}{chapter.21}% 182
\BOOKMARK [1][-]{section.21.5}{\376\377\000B\000a\000c\000k\000t\000e\000s\000t\000i\000n\000g\000-\000f\000r\000a\000m\000e\000w\000o\000r\000k\000\040\000c\000o\000m\000p\000a\000r\000i\000s\000o\000n}{chapter.21}% 183
\BOOKMARK [1][-]{section.21.6}{\376\377\000P\000r\000o\000s\000p\000e\000r\000i\000t\000y\000\040\000c\000a\000s\000e\000\040\000s\000t\000u\000d\000y\000:\000\040\000p\000l\000a\000t\000e\000a\000u\000,\000\040\000n\000o\000t\000\040\000p\000e\000a\000k}{chapter.21}% 184
\BOOKMARK [1][-]{section.21.7}{\376\377\000P\000r\000o\000d\000u\000c\000t\000i\000o\000n\000\040\000p\000i\000p\000e\000l\000i\000n\000e\000\040\000o\000n\000\040\000a\000\040\000s\000e\000l\000l\000-\000s\000i\000d\000e\000\040\000d\000e\000s\000k}{chapter.21}% 185
\BOOKMARK [1][-]{section.21.8}{\376\377\000A\000\040\000s\000h\000o\000r\000t\000\040\000r\000e\000f\000e\000r\000e\000n\000c\000e\000\040\000i\000m\000p\000l\000e\000m\000e\000n\000t\000a\000t\000i\000o\000n}{chapter.21}% 186
\BOOKMARK [1][-]{section.21.9}{\376\377\000K\000e\000y\000\040\000f\000a\000c\000t\000s\000\040\000t\000o\000\040\000m\000e\000m\000o\000r\000i\000s\000e}{chapter.21}% 187
\BOOKMARK [0][-]{chapter.22}{\376\377\000M\000a\000c\000h\000i\000n\000e\000\040\000L\000e\000a\000r\000n\000i\000n\000g\000\040\000f\000o\000r\000\040\000T\000r\000a\000d\000i\000n\000g}{part.6}% 188
\BOOKMARK [1][-]{section.22.1}{\376\377\000W\000h\000e\000r\000e\000\040\000M\000L\000\040\000h\000e\000l\000p\000s}{chapter.22}% 189
\BOOKMARK [1][-]{section.22.2}{\376\377\000W\000h\000e\000r\000e\000\040\000M\000L\000\040\000f\000a\000i\000l\000s}{chapter.22}% 190
\BOOKMARK [1][-]{section.22.3}{\376\377\000T\000r\000i\000p\000l\000e\000-\000b\000a\000r\000r\000i\000e\000r\000\040\000l\000a\000b\000e\000l\000i\000n\000g}{chapter.22}% 191
\BOOKMARK [1][-]{section.22.4}{\376\377\000F\000r\000a\000c\000t\000i\000o\000n\000a\000l\000\040\000d\000i\000f\000f\000e\000r\000e\000n\000t\000i\000a\000t\000i\000o\000n}{chapter.22}% 192
\BOOKMARK [1][-]{section.22.5}{\376\377\000I\000n\000f\000o\000r\000m\000a\000t\000i\000o\000n\000-\000d\000r\000i\000v\000e\000n\000\040\000b\000a\000r\000s}{chapter.22}% 193
\BOOKMARK [1][-]{section.22.6}{\376\377\000M\000e\000t\000a\000-\000l\000a\000b\000e\000l\000i\000n\000g\000:\000\040\000t\000h\000e\000\040\000s\000i\000n\000g\000l\000e\000\040\000b\000e\000s\000t\000\040\000M\000L\000-\000f\000o\000r\000-\000t\000r\000a\000d\000i\000n\000g\000\040\000i\000d\000e\000a}{chapter.22}% 194
\BOOKMARK [1][-]{section.22.7}{\376\377\000T\000h\000e\000\040\000h\000a\000r\000d\000e\000s\000t\000\040\000p\000r\000o\000b\000l\000e\000m\000\040\000i\000s\000\040\000n\000o\000t\000\040\000p\000r\000e\000d\000i\000c\000t\000i\000o\000n\000,\000\040\000i\000t\000\040\000i\000s\000\040\000v\000a\000l\000i\000d\000a\000t\000i\000o\000n}{chapter.22}% 195
\BOOKMARK [1][-]{section.22.8}{\376\377\000P\000r\000o\000s\000p\000e\000r\000i\000t\000y\000:\000\040\000M\000L\000\040\000p\000l\000a\000y\000s\000\040\000a\000\040\000n\000a\000r\000r\000o\000w\000\040\000r\000o\000l\000e}{chapter.22}% 196
\BOOKMARK [1][-]{section.22.9}{\376\377\000G\000o\000l\000d\000m\000a\000n\000\040\000S\000a\000c\000h\000s\000:\000\040\000w\000h\000i\000c\000h\000\040\000d\000e\000s\000k\000s\000\040\000a\000c\000t\000u\000a\000l\000l\000y\000\040\000u\000s\000e\000\040\000M\000L}{chapter.22}% 197
\BOOKMARK [1][-]{section.22.10}{\376\377\000A\000\040\000s\000h\000o\000r\000t\000\040\000r\000e\000f\000e\000r\000e\000n\000c\000e\000\040\000i\000m\000p\000l\000e\000m\000e\000n\000t\000a\000t\000i\000o\000n}{chapter.22}% 198
\BOOKMARK [1][-]{section.22.11}{\376\377\000K\000e\000y\000\040\000f\000a\000c\000t\000s\000\040\000t\000o\000\040\000m\000e\000m\000o\000r\000i\000s\000e}{chapter.22}% 199
\BOOKMARK [0][-]{chapter.23}{\376\377\000T\000h\000e\000\040\000W\000h\000i\000c\000h\000-\000S\000t\000r\000a\000t\000e\000g\000y\000-\000W\000h\000e\000n\000\040\000D\000e\000c\000i\000s\000i\000o\000n\000\040\000F\000r\000a\000m\000e\000w\000o\000r\000k}{part.6}% 200
\BOOKMARK [1][-]{section.23.1}{\376\377\000A\000\040\000c\000o\000n\000c\000r\000e\000t\000e\000\040\000m\000o\000r\000n\000i\000n\000g\000-\000o\000f\000-\000t\000r\000a\000d\000i\000n\000g\000\040\000d\000e\000c\000i\000s\000i\000o\000n}{chapter.23}% 201
\BOOKMARK [1][-]{section.23.2}{\376\377\000R\000e\000g\000i\000m\000e\000\040\000d\000e\000t\000e\000c\000t\000i\000o\000n\000\040\000v\000i\000a\000\040\000H\000i\000d\000d\000e\000n\000\040\000M\000a\000r\000k\000o\000v\000\040\000M\000o\000d\000e\000l\000s}{chapter.23}% 202
\BOOKMARK [1][-]{section.23.3}{\376\377\000W\000h\000a\000t\000\040\000r\000e\000g\000i\000m\000e\000s\000\040\000m\000e\000a\000n\000\040\000f\000o\000r\000\040\000s\000t\000r\000a\000t\000e\000g\000y\000\040\000s\000e\000l\000e\000c\000t\000i\000o\000n}{chapter.23}% 203
\BOOKMARK [1][-]{section.23.4}{\376\377\000T\000h\000e\000\040\000o\000p\000p\000o\000r\000t\000u\000n\000i\000t\000y\000-\000d\000i\000a\000g\000n\000o\000s\000i\000s\000\040\000d\000e\000c\000i\000s\000i\000o\000n\000\040\000t\000r\000e\000e}{chapter.23}% 204
\BOOKMARK [1][-]{section.23.5}{\376\377\000M\000e\000t\000a\000-\000l\000a\000b\000e\000l\000i\000n\000g\000\040\000f\000o\000r\000\040\000t\000r\000a\000d\000e\000-\000l\000e\000v\000e\000l\000\040\000s\000e\000l\000e\000c\000t\000i\000o\000n}{chapter.23}% 205
\BOOKMARK [1][-]{section.23.6}{\376\377\000F\000r\000o\000m\000\040\000o\000n\000e\000\040\000s\000t\000r\000a\000t\000e\000g\000y\000\040\000p\000e\000r\000\040\000p\000r\000o\000d\000u\000c\000t\000\040\000t\000o\000\040\000a\000\040\000p\000o\000r\000t\000f\000o\000l\000i\000o\000\040\000o\000f\000\040\000s\000t\000r\000a\000t\000e\000g\000i\000e\000s}{chapter.23}% 206
\BOOKMARK [1][-]{section.23.7}{\376\377\000P\000a\000r\000a\000m\000e\000t\000e\000r\000\040\000a\000d\000a\000p\000t\000a\000t\000i\000o\000n\000:\000\040\000C\000h\000a\000n\000'\000s\000\040\000C\000P\000O}{chapter.23}% 207
\BOOKMARK [1][-]{section.23.8}{\376\377\000T\000h\000e\000\040\000f\000u\000l\000l\000\040\000p\000i\000p\000e\000l\000i\000n\000e}{chapter.23}% 208
\BOOKMARK [1][-]{section.23.9}{\376\377\000A\000l\000t\000e\000r\000n\000a\000t\000i\000v\000e\000s\000\040\000a\000n\000d\000\040\000h\000o\000n\000e\000s\000t\000\040\000l\000i\000m\000i\000t\000a\000t\000i\000o\000n\000s}{chapter.23}% 209
\BOOKMARK [1][-]{section.23.10}{\376\377\000A\000\040\000s\000h\000o\000r\000t\000\040\000r\000e\000f\000e\000r\000e\000n\000c\000e\000\040\000i\000m\000p\000l\000e\000m\000e\000n\000t\000a\000t\000i\000o\000n}{chapter.23}% 210
\BOOKMARK [1][-]{section.23.11}{\376\377\000K\000e\000y\000\040\000f\000a\000c\000t\000s\000\040\000t\000o\000\040\000m\000e\000m\000o\000r\000i\000s\000e}{chapter.23}% 211
\BOOKMARK [-1][-]{part.7}{\376\377\000I\000M\000C\000\040\000P\000r\000o\000s\000p\000e\000r\000i\000t\000y\000\040\000P\000l\000a\000y\000b\000o\000o\000k}{}% 212
\BOOKMARK [0][-]{chapter.24}{\376\377\000I\000M\000C\000\040\000P\000r\000o\000s\000p\000e\000r\000i\000t\000y\000:\000\040\000C\000o\000m\000p\000e\000t\000i\000t\000i\000o\000n\000,\000\040\000M\000e\000c\000h\000a\000n\000i\000c\000s\000,\000\040\000T\000o\000o\000l\000i\000n\000g}{part.7}% 213
\BOOKMARK [1][-]{section.24.1}{\376\377\000W\000h\000a\000t\000\040\000i\000s\000\040\000I\000M\000C\000\040\000P\000r\000o\000s\000p\000e\000r\000i\000t\000y\000?}{chapter.24}% 214
\BOOKMARK [1][-]{section.24.2}{\376\377\000C\000o\000m\000p\000e\000t\000i\000t\000i\000o\000n\000\040\000s\000t\000r\000u\000c\000t\000u\000r\000e}{chapter.24}% 215
\BOOKMARK [1][-]{section.24.3}{\376\377\000T\000h\000e\000\040\000P\000y\000t\000h\000o\000n\000\040\000A\000P\000I}{chapter.24}% 216
\BOOKMARK [1][-]{section.24.4}{\376\377\000T\000o\000o\000l\000i\000n\000g}{chapter.24}% 217
\BOOKMARK [1][-]{section.24.5}{\376\377\000T\000h\000e\000\040\000s\000i\000m\000u\000l\000a\000t\000i\000o\000n\000\040\000m\000o\000d\000e\000l\000\040\000a\000n\000d\000\040\000b\000o\000t\000\040\000e\000c\000o\000s\000y\000s\000t\000e\000m}{chapter.24}% 218
\BOOKMARK [1][-]{section.24.6}{\376\377\000A\000\040\000d\000a\000y\000-\0001\000\040\000r\000e\000c\000i\000p\000e}{chapter.24}% 219
\BOOKMARK [1][-]{section.24.7}{\376\377\000P\000r\000e\000-\000c\000o\000m\000p\000e\000t\000i\000t\000i\000o\000n\000\040\000p\000r\000e\000p\000a\000r\000a\000t\000i\000o\000n\000\040\000c\000h\000e\000c\000k\000l\000i\000s\000t}{chapter.24}% 220
\BOOKMARK [1][-]{section.24.8}{\376\377\000T\000h\000e\000\040\000G\000o\000l\000d\000m\000a\000n\000\040\000S\000a\000c\000h\000s\000\040\000p\000a\000r\000a\000l\000l\000e\000l}{chapter.24}% 221
\BOOKMARK [1][-]{section.24.9}{\376\377\000K\000e\000y\000\040\000f\000a\000c\000t\000s\000\040\000t\000o\000\040\000m\000e\000m\000o\000r\000i\000s\000e}{chapter.24}% 222
\BOOKMARK [0][-]{chapter.25}{\376\377\000P\000r\000o\000s\000p\000e\000r\000i\000t\000y\000\040\000A\000l\000g\000o\000r\000i\000t\000h\000m\000i\000c\000\040\000R\000o\000u\000n\000d\000s\000:\000\040\000S\000t\000r\000a\000t\000e\000g\000i\000e\000s\000\040\000M\000a\000p\000p\000e\000d\000\040\000t\000o\000\040\000T\000h\000e\000o\000r\000y}{part.7}% 223
\BOOKMARK [1][-]{section.25.1}{\376\377\000A\000r\000c\000h\000e\000t\000y\000p\000e\000\040\0001\000:\000\040\000f\000i\000x\000e\000d\000-\000p\000r\000i\000c\000e\000\040\000m\000a\000r\000k\000e\000t\000\040\000m\000a\000k\000i\000n\000g}{chapter.25}% 224
\BOOKMARK [1][-]{section.25.2}{\376\377\000A\000r\000c\000h\000e\000t\000y\000p\000e\000\040\0002\000:\000\040\000t\000r\000e\000n\000d\000i\000n\000g\000\040\000/\000\040\000E\000M\000A\000\040\000/\000\040\000L\000R\000\040\000p\000r\000o\000d\000u\000c\000t\000s}{chapter.25}% 225
\BOOKMARK [1][-]{section.25.3}{\376\377\000A\000r\000c\000h\000e\000t\000y\000p\000e\000\040\0003\000:\000\040\000b\000a\000s\000k\000e\000t\000\040\000/\000\040\000E\000T\000F\000\040\000s\000t\000a\000t\000i\000s\000t\000i\000c\000a\000l\000\040\000a\000r\000b\000i\000t\000r\000a\000g\000e}{chapter.25}% 226
\BOOKMARK [1][-]{section.25.4}{\376\377\000A\000r\000c\000h\000e\000t\000y\000p\000e\000\040\0004\000:\000\040\000o\000p\000t\000i\000o\000n\000s\000\040\000/\000\040\000B\000l\000a\000c\000k\040\023\000S\000c\000h\000o\000l\000e\000s\000\040\000+\000\040\000I\000V\000\040\000h\000e\000d\000g\000i\000n\000g}{chapter.25}% 227
\BOOKMARK [1][-]{section.25.5}{\376\377\000A\000r\000c\000h\000e\000t\000y\000p\000e\000\040\0005\000:\000\040\000c\000r\000o\000s\000s\000-\000e\000x\000c\000h\000a\000n\000g\000e\000\040\000/\000\040\000l\000o\000c\000a\000t\000i\000o\000n\000a\000l\000\040\000a\000r\000b\000i\000t\000r\000a\000g\000e}{chapter.25}% 228
\BOOKMARK [1][-]{section.25.6}{\376\377\000A\000r\000c\000h\000e\000t\000y\000p\000e\000\040\0006\000:\000\040\000s\000i\000g\000n\000a\000l\000-\000d\000r\000i\000v\000e\000n\000\040\000/\000\040\000i\000n\000f\000o\000r\000m\000e\000d\000-\000f\000l\000o\000w\000\040\000e\000x\000p\000l\000o\000i\000t\000a\000t\000i\000o\000n}{chapter.25}% 229
\BOOKMARK [1][-]{section.25.7}{\376\377\000A\000r\000c\000h\000e\000t\000y\000p\000e\000-\000r\000e\000c\000o\000g\000n\000i\000t\000i\000o\000n\000\040\000f\000l\000o\000w\000c\000h\000a\000r\000t}{chapter.25}% 230
\BOOKMARK [1][-]{section.25.8}{\376\377\000K\000e\000y\000\040\000f\000a\000c\000t\000s\000\040\000t\000o\000\040\000m\000e\000m\000o\000r\000i\000s\000e}{chapter.25}% 231
\BOOKMARK [0][-]{chapter.26}{\376\377\000P\000r\000o\000s\000p\000e\000r\000i\000t\000y\000\040\000M\000a\000n\000u\000a\000l\000\040\000T\000r\000a\000d\000i\000n\000g\000\040\000C\000h\000a\000l\000l\000e\000n\000g\000e\000s}{part.7}% 232
\BOOKMARK [1][-]{section.26.1}{\376\377\000F\000X\000\040\000t\000r\000i\000a\000n\000g\000u\000l\000a\000r\000\040\000a\000r\000b\000i\000t\000r\000a\000g\000e}{chapter.26}% 233
\BOOKMARK [1][-]{section.26.2}{\376\377\000C\000o\000n\000t\000a\000i\000n\000e\000r\000\040\000a\000u\000c\000t\000i\000o\000n\000s}{chapter.26}% 234
\BOOKMARK [1][-]{section.26.3}{\376\377\000R\000e\000s\000e\000r\000v\000e\000\040\000p\000r\000i\000c\000e\000\040\000/\000\040\000v\000a\000l\000u\000a\000t\000i\000o\000n\000\040\000r\000o\000u\000n\000d\000s}{chapter.26}% 235
\BOOKMARK [1][-]{section.26.4}{\376\377\000S\000u\000i\000t\000c\000a\000s\000e\000\040\000/\000\040\000N\000a\000s\000h\000\040\000b\000a\000r\000g\000a\000i\000n\000i\000n\000g}{chapter.26}% 236
\BOOKMARK [1][-]{section.26.5}{\376\377\000N\000e\000w\000s\000\040\000t\000r\000a\000d\000i\000n\000g}{chapter.26}% 237
\BOOKMARK [1][-]{section.26.6}{\376\377\000C\000r\000o\000s\000s\000-\000c\000u\000t\000t\000i\000n\000g\000\040\000t\000h\000e\000m\000e\000s}{chapter.26}% 238
\BOOKMARK [1][-]{section.26.7}{\376\377\000K\000e\000y\000\040\000f\000a\000c\000t\000s\000\040\000t\000o\000\040\000m\000e\000m\000o\000r\000i\000s\000e}{chapter.26}% 239
\BOOKMARK [0][-]{chapter.27}{\376\377\000L\000e\000s\000s\000o\000n\000s\000\040\000f\000r\000o\000m\000\040\000t\000h\000e\000\040\000P\000r\000o\000s\000p\000e\000r\000i\000t\000y\000\040\000T\000o\000p\000\040\000T\000e\000a\000m\000s}{part.7}% 240
\BOOKMARK [1][-]{section.27.1}{\376\377\000W\000h\000a\000t\000\040\000e\000v\000e\000r\000y\000\040\000t\000o\000p\000\040\000t\000e\000a\000m\000\040\000d\000i\000d\000\040\000t\000h\000e\000\040\000s\000a\000m\000e}{chapter.27}% 241
\BOOKMARK [1][-]{section.27.2}{\376\377\000W\000h\000a\000t\000\040\000d\000i\000f\000f\000e\000r\000e\000n\000t\000i\000a\000t\000e\000d\000\040\000t\000h\000e\000\040\000t\000o\000p\000\040\0001\0000}{chapter.27}% 242
\BOOKMARK [1][-]{section.27.3}{\376\377\000T\000h\000e\000\040\000h\000a\000r\000d\000c\000o\000d\000i\000n\000g\000\040\000e\000x\000p\000l\000o\000i\000t}{chapter.27}% 243
\BOOKMARK [1][-]{section.27.4}{\376\377\000W\000h\000a\000t\000\040\000t\000o\000\040\000w\000a\000t\000c\000h\000\040\000f\000o\000r\000\040\000i\000n\000\040\000P\0004}{chapter.27}% 244
\BOOKMARK [1][-]{section.27.5}{\376\377\000H\000o\000n\000e\000s\000t\000:\000\040\000w\000h\000a\000t\000\040\000c\000a\000n\000n\000o\000t\000\040\000b\000e\000\040\000p\000l\000a\000n\000n\000e\000d}{chapter.27}% 245
\BOOKMARK [1][-]{section.27.6}{\376\377\000K\000e\000y\000\040\000f\000a\000c\000t\000s\000\040\000t\000o\000\040\000m\000e\000m\000o\000r\000i\000s\000e}{chapter.27}% 246
\BOOKMARK [-1][-]{part.8}{\376\377\000Q\000u\000a\000n\000t\000\040\000S\000t\000r\000a\000t\000s\000\040\000a\000t\000\040\000G\000o\000l\000d\000m\000a\000n\000\040\000S\000a\000c\000h\000s}{}% 247
\BOOKMARK [0][-]{chapter.28}{\376\377\000T\000h\000e\000\040\000Q\000u\000a\000n\000t\000\040\000S\000t\000r\000a\000t\000s\000\040\000R\000o\000l\000e}{part.8}% 248
\BOOKMARK [1][-]{section.28.1}{\376\377\000T\000h\000e\000\040\000s\000e\000l\000l\000-\000s\000i\000d\000e\000\040\000f\000l\000o\000o\000r\000\040\000m\000a\000p}{chapter.28}% 249
\BOOKMARK [1][-]{section.28.2}{\376\377\000S\000t\000r\000a\000t\000s\000\040\000a\000s\000\040\000t\000h\000e\000\040\000b\000r\000i\000d\000g\000e}{chapter.28}% 250
\BOOKMARK [1][-]{section.28.3}{\376\377\000A\000\040\000d\000a\000y\000\040\000i\000n\000\040\000t\000h\000e\000\040\000l\000i\000f\000e}{chapter.28}% 251
\BOOKMARK [1][-]{section.28.4}{\376\377\000C\000a\000r\000e\000e\000r\000\040\000a\000r\000c\000s}{chapter.28}% 252
\BOOKMARK [1][-]{section.28.5}{\376\377\000T\000e\000c\000h\000n\000o\000l\000o\000g\000y\000:\000\040\000S\000e\000c\000D\000B\000\040\000a\000n\000d\000\040\000S\000l\000a\000n\000g}{chapter.28}% 253
\BOOKMARK [0][-]{chapter.29}{\376\377\000F\000i\000x\000e\000d\000\040\000I\000n\000c\000o\000m\000e\000\040\000F\000o\000u\000n\000d\000a\000t\000i\000o\000n\000s}{part.8}% 254
\BOOKMARK [1][-]{section.29.1}{\376\377\000Z\000e\000r\000o\000\040\000r\000a\000t\000e\000s\000,\000\040\000d\000i\000s\000c\000o\000u\000n\000t\000\040\000f\000a\000c\000t\000o\000r\000s\000,\000\040\000a\000n\000d\000\040\000f\000o\000r\000w\000a\000r\000d\000\040\000r\000a\000t\000e\000s}{chapter.29}% 255
\BOOKMARK [1][-]{section.29.2}{\376\377\000D\000a\000y\000-\000c\000o\000u\000n\000t\000\040\000c\000o\000n\000v\000e\000n\000t\000i\000o\000n\000s}{chapter.29}% 256
\BOOKMARK [1][-]{section.29.3}{\376\377\000B\000o\000o\000t\000s\000t\000r\000a\000p\000p\000i\000n\000g\000\040\000t\000h\000e\000\040\000z\000e\000r\000o\000\040\000c\000u\000r\000v\000e}{chapter.29}% 257
\BOOKMARK [1][-]{section.29.4}{\376\377\000B\000o\000n\000d\000s\000:\000\040\000y\000i\000e\000l\000d\000,\000\040\000d\000u\000r\000a\000t\000i\000o\000n\000,\000\040\000c\000o\000n\000v\000e\000x\000i\000t\000y\000,\000\040\000a\000n\000d\000\040\000D\000V\0000\0001}{chapter.29}% 258
\BOOKMARK [1][-]{section.29.5}{\376\377\000R\000e\000p\000o}{chapter.29}% 259
\BOOKMARK [1][-]{section.29.6}{\376\377\000I\000n\000t\000e\000r\000e\000s\000t\000\040\000r\000a\000t\000e\000\040\000s\000w\000a\000p\000s}{chapter.29}% 260
\BOOKMARK [1][-]{section.29.7}{\376\377\000Y\000i\000e\000l\000d\000\040\000c\000u\000r\000v\000e\000\040\000s\000h\000a\000p\000e\000s\000\040\000a\000n\000d\000\040\000t\000e\000r\000m\000-\000s\000t\000r\000u\000c\000t\000u\000r\000e\000\040\000t\000h\000e\000o\000r\000i\000e\000s}{chapter.29}% 261
\BOOKMARK [1][-]{section.29.8}{\376\377\000O\000I\000S\000,\000\040\000b\000a\000s\000i\000s\000\040\000s\000w\000a\000p\000s\000,\000\040\000a\000n\000d\000\040\000t\000h\000e\000\040\000L\000I\000B\000O\000R\000\040\000t\000o\000\040\000S\000O\000F\000R\000\040\000t\000r\000a\000n\000s\000i\000t\000i\000o\000n}{chapter.29}% 262
\BOOKMARK [0][-]{chapter.30}{\376\377\000I\000n\000t\000e\000r\000e\000s\000t\000\040\000R\000a\000t\000e\000\040\000D\000e\000r\000i\000v\000a\000t\000i\000v\000e\000s\000\040\000a\000n\000d\000\040\000C\000u\000r\000v\000e\000\040\000M\000o\000d\000e\000l\000s}{part.8}% 263
\BOOKMARK [1][-]{section.30.1}{\376\377\000C\000a\000p\000s\000,\000\040\000f\000l\000o\000o\000r\000s\000,\000\040\000a\000n\000d\000\040\000s\000w\000a\000p\000t\000i\000o\000n\000s}{chapter.30}% 264
\BOOKMARK [1][-]{section.30.2}{\376\377\000B\000l\000a\000c\000k\000'\0007\0006\000\040\000c\000a\000p\000l\000e\000t\000\040\000p\000r\000i\000c\000i\000n\000g}{chapter.30}% 265
\BOOKMARK [1][-]{section.30.3}{\376\377\000H\000u\000l\000l\040\023\000W\000h\000i\000t\000e\000\040\000s\000h\000o\000r\000t\000-\000r\000a\000t\000e\000\040\000m\000o\000d\000e\000l\000\040\000\050\000o\000u\000t\000l\000i\000n\000e\000\051}{chapter.30}% 266
\BOOKMARK [1][-]{section.30.4}{\376\377\000T\000h\000e\000\040\000B\000G\000M\000\040\000/\000\040\000L\000i\000b\000o\000r\000\040\000M\000a\000r\000k\000e\000t\000\040\000M\000o\000d\000e\000l\000\040\000\050\000L\000M\000M\000\051\000\040\000a\000s\000\040\000a\000\040\000c\000o\000n\000c\000e\000p\000t}{chapter.30}% 267
\BOOKMARK [1][-]{section.30.5}{\376\377\000S\000A\000B\000R\000:\000\040\000s\000t\000o\000c\000h\000a\000s\000t\000i\000c\000\040\000v\000o\000l\000a\000t\000i\000l\000i\000t\000y\000\040\000f\000o\000r\000\040\000r\000a\000t\000e\000s}{chapter.30}% 268
\BOOKMARK [1][-]{section.30.6}{\376\377\000C\000o\000n\000n\000e\000c\000t\000i\000n\000g\000\040\000t\000h\000e\000\040\000m\000o\000d\000e\000l\000s}{chapter.30}% 269
\BOOKMARK [1][-]{section.30.7}{\376\377\000P\000r\000o\000s\000p\000e\000r\000i\000t\000y\000\040\000a\000n\000d\000\040\000i\000n\000d\000u\000s\000t\000r\000y\000\040\000c\000o\000n\000n\000e\000c\000t\000i\000o\000n\000s}{chapter.30}% 270
\BOOKMARK [0][-]{chapter.31}{\376\377\000E\000q\000u\000i\000t\000y\000\040\000D\000e\000r\000i\000v\000a\000t\000i\000v\000e\000s\000\040\000B\000e\000y\000o\000n\000d\000\040\000V\000a\000n\000i\000l\000l\000a}{part.8}% 271
\BOOKMARK [1][-]{section.31.1}{\376\377\000L\000o\000c\000a\000l\000\040\000v\000o\000l\000a\000t\000i\000l\000i\000t\000y\000\040\000\050\000D\000u\000p\000i\000r\000e\000\051}{chapter.31}% 272
\BOOKMARK [1][-]{section.31.2}{\376\377\000H\000e\000s\000t\000o\000n\000\040\000s\000t\000o\000c\000h\000a\000s\000t\000i\000c\000\040\000v\000o\000l\000a\000t\000i\000l\000i\000t\000y}{chapter.31}% 273
\BOOKMARK [1][-]{section.31.3}{\376\377\000L\000o\000c\000a\000l\000-\000s\000t\000o\000c\000h\000a\000s\000t\000i\000c\000\040\000v\000o\000l\000a\000t\000i\000l\000i\000t\000y\000\040\000\050\000L\000S\000V\000\051}{chapter.31}% 274
\BOOKMARK [1][-]{section.31.4}{\376\377\000V\000a\000r\000i\000a\000n\000c\000e\000\040\000s\000w\000a\000p\000\040\000r\000e\000p\000l\000i\000c\000a\000t\000i\000o\000n}{chapter.31}% 275
\BOOKMARK [1][-]{section.31.5}{\376\377\000D\000i\000v\000i\000d\000e\000n\000d\000s\000\040\000a\000n\000d\000\040\000s\000t\000r\000u\000c\000t\000u\000r\000e\000d\000\040\000e\000q\000u\000i\000t\000y\000\040\000p\000r\000o\000d\000u\000c\000t\000s}{chapter.31}% 276
\BOOKMARK [1][-]{section.31.6}{\376\377\000P\000r\000o\000s\000p\000e\000r\000i\000t\000y\000\040\000a\000n\000d\000\040\000i\000n\000d\000u\000s\000t\000r\000y\000\040\000c\000o\000n\000n\000e\000c\000t\000i\000o\000n\000s}{chapter.31}% 277
\BOOKMARK [0][-]{chapter.32}{\376\377\000F\000X\000\040\000D\000e\000r\000i\000v\000a\000t\000i\000v\000e\000s}{part.8}% 278
\BOOKMARK [1][-]{section.32.1}{\376\377\000F\000X\000\040\000j\000a\000r\000g\000o\000n\000\040\000d\000e\000c\000o\000d\000e\000r}{chapter.32}% 279
\BOOKMARK [1][-]{section.32.2}{\376\377\000S\000p\000o\000t\000\040\000a\000n\000d\000\040\000f\000o\000r\000w\000a\000r\000d\000s}{chapter.32}% 280
\BOOKMARK [1][-]{section.32.3}{\376\377\000C\000r\000o\000s\000s\000-\000c\000u\000r\000r\000e\000n\000c\000y\000\040\000b\000a\000s\000i\000s\000\040\000s\000w\000a\000p\000s}{chapter.32}% 281
\BOOKMARK [1][-]{section.32.4}{\376\377\000F\000X\000\040\000v\000a\000n\000i\000l\000l\000a\000s\000\040\000a\000n\000d\000\040\000q\000u\000a\000n\000t\000o}{chapter.32}% 282
\BOOKMARK [1][-]{section.32.5}{\376\377\000B\000a\000r\000r\000i\000e\000r\000s\000,\000\040\000d\000i\000g\000i\000t\000a\000l\000s\000,\000\040\000a\000n\000d\000\040\000T\000A\000R\000F\000s}{chapter.32}% 283
\BOOKMARK [1][-]{section.32.6}{\376\377\000D\000e\000l\000t\000a\000\040\000c\000o\000n\000v\000e\000n\000t\000i\000o\000n\000s\000:\000\040\000A\000T\000M\000F\000,\000\040\0002\0005\000-\000d\000e\000l\000t\000a\000\040\000R\000R\000,\000\040\0002\0005\000-\000d\000e\000l\000t\000a\000\040\000B\000F}{chapter.32}% 284
\BOOKMARK [1][-]{section.32.7}{\376\377\000F\000X\000\040\000m\000a\000r\000k\000e\000t\000\040\000s\000t\000r\000u\000c\000t\000u\000r\000e\000:\000\040\000C\000L\000S\000\040\000a\000n\000d\000\040\000d\000e\000a\000l\000e\000r\000\040\000t\000i\000e\000r\000i\000n\000g}{chapter.32}% 285
\BOOKMARK [1][-]{section.32.8}{\376\377\000V\000a\000n\000n\000a\040\023\000V\000o\000l\000g\000a\000\040\000a\000d\000j\000u\000s\000t\000m\000e\000n\000t\000s}{chapter.32}% 286
\BOOKMARK [1][-]{section.32.9}{\376\377\000D\000e\000s\000k\000\040\000a\000n\000d\000\040\000c\000o\000m\000p\000e\000t\000i\000t\000i\000o\000n\000\040\000c\000o\000n\000t\000e\000x\000t}{chapter.32}% 287
\BOOKMARK [1][-]{section.32.10}{\376\377\000K\000e\000y\000\040\000f\000a\000c\000t\000s\000\040\000t\000o\000\040\000m\000e\000m\000o\000r\000i\000s\000e}{chapter.32}% 288
\BOOKMARK [0][-]{chapter.33}{\376\377\000C\000r\000e\000d\000i\000t\000\040\000D\000e\000r\000i\000v\000a\000t\000i\000v\000e\000s}{part.8}% 289
\BOOKMARK [1][-]{section.33.1}{\376\377\000D\000e\000f\000a\000u\000l\000t\000\040\000p\000r\000o\000b\000a\000b\000i\000l\000i\000t\000y\000\040\000a\000n\000d\000\040\000r\000e\000c\000o\000v\000e\000r\000y\000\040\000r\000a\000t\000e}{chapter.33}% 290
\BOOKMARK [1][-]{section.33.2}{\376\377\000C\000r\000e\000d\000i\000t\000\040\000d\000e\000f\000a\000u\000l\000t\000\040\000s\000w\000a\000p\000s}{chapter.33}% 291
\BOOKMARK [1][-]{section.33.3}{\376\377\000H\000a\000z\000a\000r\000d\000\040\000r\000a\000t\000e\000s\000\040\000a\000n\000d\000\040\000s\000t\000r\000i\000p\000p\000i\000n\000g}{chapter.33}% 292
\BOOKMARK [1][-]{section.33.4}{\376\377\000C\000D\000X\000\040\000a\000n\000d\000\040\000i\000T\000r\000a\000x\000x\000\040\000i\000n\000d\000i\000c\000e\000s}{chapter.33}% 293
\BOOKMARK [1][-]{section.33.5}{\376\377\000C\000D\000O\000\040\000t\000r\000a\000n\000c\000h\000e\000s\000\040\000a\000n\000d\000\040\000t\000h\000e\000\040\000G\000a\000u\000s\000s\000i\000a\000n\000\040\000c\000o\000p\000u\000l\000a}{chapter.33}% 294
\BOOKMARK [1][-]{section.33.6}{\376\377\000P\000r\000o\000s\000p\000e\000r\000i\000t\000y\000\040\000a\000n\000d\000\040\000d\000e\000s\000k\000\040\000c\000o\000n\000n\000e\000c\000t\000i\000o\000n\000s}{chapter.33}% 295
\BOOKMARK [1][-]{section.33.7}{\376\377\000K\000e\000y\000\040\000f\000a\000c\000t\000s\000\040\000t\000o\000\040\000m\000e\000m\000o\000r\000i\000s\000e}{chapter.33}% 296
\BOOKMARK [0][-]{chapter.34}{\376\377\000C\000o\000m\000m\000o\000d\000i\000t\000i\000e\000s}{part.8}% 297
\BOOKMARK [1][-]{section.34.1}{\376\377\000F\000u\000t\000u\000r\000e\000s\000\040\000c\000u\000r\000v\000e\000s\000:\000\040\000c\000o\000n\000t\000a\000n\000g\000o\000\040\000a\000n\000d\000\040\000b\000a\000c\000k\000w\000a\000r\000d\000a\000t\000i\000o\000n}{chapter.34}% 298
\BOOKMARK [1][-]{section.34.2}{\376\377\000C\000o\000s\000t\000-\000o\000f\000-\000c\000a\000r\000r\000y\000\040\000w\000i\000t\000h\000\040\000s\000t\000o\000r\000a\000g\000e\000\040\000a\000n\000d\000\040\000c\000o\000n\000v\000e\000n\000i\000e\000n\000c\000e\000\040\000y\000i\000e\000l\000d}{chapter.34}% 299
\BOOKMARK [1][-]{section.34.3}{\376\377\000T\000h\000e\000\040\000S\000c\000h\000w\000a\000r\000t\000z\000\040\000o\000n\000e\000-\000f\000a\000c\000t\000o\000r\000\040\000m\000o\000d\000e\000l}{chapter.34}% 300
\BOOKMARK [1][-]{section.34.4}{\376\377\000C\000o\000m\000m\000o\000d\000i\000t\000y\000\040\000o\000p\000t\000i\000o\000n\000s\000\040\000o\000n\000\040\000f\000u\000t\000u\000r\000e\000s\000:\000\040\000B\000l\000a\000c\000k\000'\000s\000\040\000m\000o\000d\000e\000l}{chapter.34}% 301
\BOOKMARK [1][-]{section.34.5}{\376\377\000S\000e\000a\000s\000o\000n\000a\000l\000i\000t\000y}{chapter.34}% 302
\BOOKMARK [1][-]{section.34.6}{\376\377\000P\000h\000y\000s\000i\000c\000a\000l\000\040\000v\000s\000\040\000f\000i\000n\000a\000n\000c\000i\000a\000l\000\040\000s\000e\000t\000t\000l\000e\000m\000e\000n\000t}{chapter.34}% 303
\BOOKMARK [1][-]{section.34.7}{\376\377\000C\000a\000s\000e\000\040\000s\000t\000u\000d\000i\000e\000s\000\040\000f\000r\000o\000m\000\040\000h\000i\000s\000t\000o\000r\000y}{chapter.34}% 304
\BOOKMARK [1][-]{section.34.8}{\376\377\000C\000o\000m\000m\000o\000d\000i\000t\000y\000\040\000p\000l\000a\000y\000b\000o\000o\000k\000s}{chapter.34}% 305
\BOOKMARK [1][-]{section.34.9}{\376\377\000K\000e\000y\000\040\000f\000a\000c\000t\000s\000\040\000t\000o\000\040\000m\000e\000m\000o\000r\000i\000s\000e}{chapter.34}% 306
\BOOKMARK [0][-]{chapter.35}{\376\377\000N\000u\000m\000e\000r\000i\000c\000a\000l\000\040\000M\000e\000t\000h\000o\000d\000s\000\040\000f\000o\000r\000\040\000P\000r\000i\000c\000i\000n\000g}{part.8}% 307
\BOOKMARK [1][-]{section.35.1}{\376\377\000M\000o\000n\000t\000e\000\040\000C\000a\000r\000l\000o\000\040\000p\000r\000i\000c\000i\000n\000g}{chapter.35}% 308
\BOOKMARK [1][-]{section.35.2}{\376\377\000V\000a\000r\000i\000a\000n\000c\000e\000\040\000r\000e\000d\000u\000c\000t\000i\000o\000n}{chapter.35}% 309
\BOOKMARK [1][-]{section.35.3}{\376\377\000L\000o\000n\000g\000s\000t\000a\000f\000f\040\023\000S\000c\000h\000w\000a\000r\000t\000z\000\040\000f\000o\000r\000\040\000A\000m\000e\000r\000i\000c\000a\000n\000\040\000o\000p\000t\000i\000o\000n\000s}{chapter.35}% 310
\BOOKMARK [1][-]{section.35.4}{\376\377\000F\000i\000n\000i\000t\000e\000-\000d\000i\000f\000f\000e\000r\000e\000n\000c\000e\000\040\000P\000D\000E\000\040\000m\000e\000t\000h\000o\000d\000s}{chapter.35}% 311
\BOOKMARK [1][-]{section.35.5}{\376\377\000T\000r\000e\000e\000s\000:\000\040\000t\000h\000e\000\040\000C\000R\000R\000\040\000b\000i\000n\000o\000m\000i\000a\000l\000\040\000m\000o\000d\000e\000l}{chapter.35}% 312
\BOOKMARK [1][-]{section.35.6}{\376\377\000G\000r\000e\000e\000k\000s\000\040\000i\000n\000\040\000M\000o\000n\000t\000e\000\040\000C\000a\000r\000l\000o\000:\000\040\000p\000a\000t\000h\000w\000i\000s\000e\000\040\000a\000n\000d\000\040\000l\000i\000k\000e\000l\000i\000h\000o\000o\000d\000-\000r\000a\000t\000i\000o}{chapter.35}% 313
\BOOKMARK [1][-]{section.35.7}{\376\377\000M\000e\000t\000h\000o\000d\000\040\000s\000e\000l\000e\000c\000t\000i\000o\000n\000:\000\040\000t\000h\000e\000\040\000d\000e\000c\000i\000s\000i\000o\000n\000\040\000t\000a\000b\000l\000e}{chapter.35}% 314
\BOOKMARK [1][-]{section.35.8}{\376\377\000B\000a\000c\000k\000-\000r\000e\000f\000e\000r\000e\000n\000c\000e\000s\000:\000\040\000w\000h\000e\000r\000e\000\040\000e\000a\000c\000h\000\040\000m\000e\000t\000h\000o\000d\000\040\000s\000h\000o\000w\000s\000\040\000u\000p}{chapter.35}% 315
\BOOKMARK [1][-]{section.35.9}{\376\377\000B\000e\000n\000c\000h\000m\000a\000r\000k\000s\000\040\000a\000n\000d\000\040\000c\000r\000o\000s\000s\000-\000c\000h\000e\000c\000k\000s}{chapter.35}% 316
\BOOKMARK [1][-]{section.35.10}{\376\377\000S\000u\000m\000m\000a\000r\000y}{chapter.35}% 317
\BOOKMARK [0][-]{chapter.36}{\376\377\000R\000i\000s\000k\000\040\000i\000n\000\040\000P\000r\000o\000d\000u\000c\000t\000i\000o\000n\000:\000\040\000G\000r\000e\000e\000k\000s\000,\000\040\000P\000\046\000L\000\040\000E\000x\000p\000l\000a\000i\000n\000,\000\040\000a\000n\000d\000\040\000x\000V\000A}{part.8}% 318
\BOOKMARK [1][-]{section.36.1}{\376\377\000P\000o\000r\000t\000f\000o\000l\000i\000o\000-\000s\000c\000a\000l\000e\000\040\000G\000r\000e\000e\000k\000s}{chapter.36}% 319
\BOOKMARK [1][-]{section.36.2}{\376\377\000P\000\046\000L\000\040\000E\000x\000p\000l\000a\000i\000n\000:\000\040\000t\000h\000e\000\040\000S\000t\000r\000a\000t\000'\000s\000\040\000d\000a\000i\000l\000y\000\040\000p\000r\000o\000o\000f\000-\000o\000f\000-\000w\000o\000r\000k}{chapter.36}% 320
\BOOKMARK [1][-]{section.36.3}{\376\377\000x\000V\000A\000:\000\040\000t\000h\000e\000\040\000a\000l\000p\000h\000a\000b\000e\000t\000\040\000s\000o\000u\000p\000\040\000o\000f\000\040\000v\000a\000l\000u\000a\000t\000i\000o\000n\000\040\000a\000d\000j\000u\000s\000t\000m\000e\000n\000t\000s}{chapter.36}% 321
\BOOKMARK [1][-]{section.36.4}{\376\377\000R\000i\000s\000k\000\040\000l\000i\000m\000i\000t\000s\000\040\000a\000n\000d\000\040\000V\000a\000R}{chapter.36}% 322
\BOOKMARK [1][-]{section.36.5}{\376\377\000K\000e\000y\000\040\000f\000a\000c\000t\000s\000\040\000t\000o\000\040\000m\000e\000m\000o\000r\000i\000s\000e}{chapter.36}% 323
\BOOKMARK [0][-]{chapter.37}{\376\377\000S\000e\000c\000D\000B\000\040\000a\000n\000d\000\040\000S\000l\000a\000n\000g}{part.8}% 324
\BOOKMARK [1][-]{section.37.1}{\376\377\000S\000e\000c\000D\000B\000\040\000a\000r\000c\000h\000i\000t\000e\000c\000t\000u\000r\000e\000:\000\040\000a\000\040\000g\000r\000a\000p\000h\000\040\000t\000h\000a\000t\000\040\000p\000r\000i\000c\000e\000s\000\040\000a\000\040\000b\000a\000n\000k}{chapter.37}% 325
\BOOKMARK [1][-]{section.37.2}{\376\377\000S\000l\000a\000n\000g\000\040\000a\000s\000\040\000a\000\040\000l\000a\000n\000g\000u\000a\000g\000e}{chapter.37}% 326
\BOOKMARK [1][-]{section.37.3}{\376\377\000J\000a\000v\000a\000\040\000a\000n\000d\000\040\000P\000y\000t\000h\000o\000n\000:\000\040\000t\000h\000e\000\040\000l\000o\000n\000g\000\040\000m\000i\000g\000r\000a\000t\000i\000o\000n}{chapter.37}% 327
\BOOKMARK [1][-]{section.37.4}{\376\377\000S\000h\000i\000p\000p\000i\000n\000g\000\040\000c\000o\000d\000e\000\040\000i\000n\000t\000o\000\040\000S\000e\000c\000D\000B}{chapter.37}% 328
\BOOKMARK [1][-]{section.37.5}{\376\377\000W\000h\000a\000t\000\040\000t\000h\000e\000\040\000c\000o\000m\000p\000e\000t\000i\000t\000i\000o\000n\000\040\000l\000o\000o\000k\000s\000\040\000l\000i\000k\000e}{chapter.37}% 329
\BOOKMARK [1][-]{section.37.6}{\376\377\000K\000e\000y\000\040\000f\000a\000c\000t\000s\000\040\000t\000o\000\040\000m\000e\000m\000o\000r\000i\000s\000e}{chapter.37}% 330
\BOOKMARK [0][-]{chapter.38}{\376\377\000R\000e\000g\000u\000l\000a\000t\000o\000r\000y\000\040\000C\000o\000n\000t\000e\000x\000t}{part.8}% 331
\BOOKMARK [1][-]{section.38.1}{\376\377\000B\000a\000s\000e\000l\000\040\000I\000I\000I\000:\000\040\000c\000a\000p\000i\000t\000a\000l\000\040\000a\000d\000e\000q\000u\000a\000c\000y}{chapter.38}% 332
\BOOKMARK [1][-]{section.38.2}{\376\377\000F\000R\000T\000B\000:\000\040\000t\000h\000e\000\040\000F\000u\000n\000d\000a\000m\000e\000n\000t\000a\000l\000\040\000R\000e\000v\000i\000e\000w\000\040\000o\000f\000\040\000t\000h\000e\000\040\000T\000r\000a\000d\000i\000n\000g\000\040\000B\000o\000o\000k}{chapter.38}% 333
\BOOKMARK [1][-]{section.38.3}{\376\377\000C\000C\000A\000R\000:\000\040\000t\000h\000e\000\040\000F\000e\000d\000\040\000s\000t\000r\000e\000s\000s\000\040\000t\000e\000s\000t}{chapter.38}% 334
\BOOKMARK [1][-]{section.38.4}{\376\377\000M\000i\000F\000I\000D\000\040\000I\000I\000:\000\040\000E\000u\000r\000o\000p\000e\000a\000n\000\040\000m\000a\000r\000k\000e\000t\000\040\000s\000t\000r\000u\000c\000t\000u\000r\000e}{chapter.38}% 335
\BOOKMARK [1][-]{section.38.5}{\376\377\000L\000I\000B\000O\000R\000\040\000t\000o\000\040\000S\000O\000F\000R}{chapter.38}% 336
\BOOKMARK [1][-]{section.38.6}{\376\377\000H\000o\000w\000\040\000r\000e\000g\000u\000l\000a\000t\000i\000o\000n\000\040\000t\000o\000u\000c\000h\000e\000s\000\040\000a\000\040\000P\000r\000o\000s\000p\000e\000r\000i\000t\000y\000\040\000a\000l\000g\000o\000r\000i\000t\000h\000m}{chapter.38}% 337
\BOOKMARK [1][-]{section.38.7}{\376\377\000H\000o\000w\000\040\000r\000e\000g\000u\000l\000a\000t\000i\000o\000n\000\040\000t\000o\000u\000c\000h\000e\000s\000\040\000a\000\040\000G\000o\000l\000d\000m\000a\000n\000\040\000S\000t\000r\000a\000t}{chapter.38}% 338
\BOOKMARK [1][-]{section.38.8}{\376\377\000K\000e\000y\000\040\000f\000a\000c\000t\000s\000\040\000t\000o\000\040\000m\000e\000m\000o\000r\000i\000s\000e}{chapter.38}% 339
\BOOKMARK [0][-]{chapter.39}{\376\377\000I\000n\000t\000e\000r\000v\000i\000e\000w\000-\000G\000r\000a\000d\000e\000\040\000P\000r\000o\000b\000l\000e\000m\000s}{part.8}% 340
\BOOKMARK [1][-]{section.39.1}{\376\377\000P\000r\000o\000b\000a\000b\000i\000l\000i\000t\000y\000\040\000a\000n\000d\000\040\000c\000o\000m\000b\000i\000n\000a\000t\000o\000r\000i\000c\000s}{chapter.39}% 341
\BOOKMARK [1][-]{section.39.2}{\376\377\000S\000t\000o\000c\000h\000a\000s\000t\000i\000c\000\040\000p\000r\000o\000c\000e\000s\000s\000e\000s}{chapter.39}% 342
\BOOKMARK [1][-]{section.39.3}{\376\377\000L\000i\000n\000e\000a\000r\000\040\000a\000l\000g\000e\000b\000r\000a}{chapter.39}% 343
\BOOKMARK [1][-]{section.39.4}{\376\377\000D\000y\000n\000a\000m\000i\000c\000\040\000p\000r\000o\000g\000r\000a\000m\000m\000i\000n\000g}{chapter.39}% 344
\BOOKMARK [1][-]{section.39.5}{\376\377\000O\000p\000t\000i\000o\000n\000s\000\040\000a\000n\000d\000\040\000m\000a\000r\000k\000e\000t\000\040\000i\000n\000t\000u\000i\000t\000i\000o\000n}{chapter.39}% 345
\BOOKMARK [1][-]{section.39.6}{\376\377\000M\000e\000t\000a\000-\000p\000a\000t\000t\000e\000r\000n\000s\000\040\000a\000c\000r\000o\000s\000s\000\040\000t\000h\000e\000\040\000f\000i\000f\000t\000e\000e\000n\000\040\000p\000r\000o\000b\000l\000e\000m\000s}{chapter.39}% 346
\BOOKMARK [1][-]{section.39.7}{\376\377\000H\000o\000w\000\040\000t\000o\000\040\000p\000r\000a\000c\000t\000i\000s\000e\000\040\000a\000n\000d\000\040\000w\000h\000a\000t\000\040\000t\000o\000\040\000e\000x\000p\000e\000c\000t}{chapter.39}% 347
\BOOKMARK [1][-]{section*.949}{\376\377\000K\000e\000y\000\040\000f\000a\000c\000t\000s\000\040\000t\000o\000\040\000m\000e\000m\000o\000r\000i\000s\000e}{chapter.39}% 348
\BOOKMARK [-1][-]{part.9}{\376\377\000A\000p\000p\000e\000n\000d\000i\000c\000e\000s}{}% 349
\BOOKMARK [0][-]{appendix.A}{\376\377\000M\000a\000t\000h\000\040\000P\000r\000e\000r\000e\000q\000u\000i\000s\000i\000t\000e\000s\000\040\000R\000e\000f\000r\000e\000s\000h\000e\000r}{part.9}% 350
\BOOKMARK [1][-]{section.A.1}{\376\377\000P\000r\000o\000b\000a\000b\000i\000l\000i\000t\000y}{appendix.A}% 351
\BOOKMARK [1][-]{section.A.2}{\376\377\000L\000i\000n\000e\000a\000r\000\040\000a\000l\000g\000e\000b\000r\000a}{appendix.A}% 352
\BOOKMARK [1][-]{section.A.3}{\376\377\000S\000t\000o\000c\000h\000a\000s\000t\000i\000c\000\040\000c\000a\000l\000c\000u\000l\000u\000s\000\040\000s\000k\000e\000t\000c\000h}{appendix.A}% 353
\BOOKMARK [1][-]{section.A.4}{\376\377\000S\000t\000o\000c\000h\000a\000s\000t\000i\000c\000\040\000c\000o\000n\000t\000r\000o\000l\000\040\000s\000k\000e\000t\000c\000h}{appendix.A}% 354
\BOOKMARK [1][-]{section.A.5}{\376\377\000N\000u\000m\000e\000r\000i\000c\000a\000l\000\040\000t\000o\000o\000l\000s}{appendix.A}% 355
\BOOKMARK [1][-]{section.A.6}{\376\377\000F\000u\000r\000t\000h\000e\000r\000\040\000r\000e\000a\000d\000i\000n\000g}{appendix.A}% 356
\BOOKMARK [0][-]{appendix.B}{\376\377\000N\000o\000t\000a\000t\000i\000o\000n\000\040\000a\000n\000d\000\040\000G\000l\000o\000s\000s\000a\000r\000y}{part.9}% 357
\BOOKMARK [1][-]{section.B.1}{\376\377\000M\000a\000s\000t\000e\000r\000\040\000n\000o\000t\000a\000t\000i\000o\000n\000\040\000t\000a\000b\000l\000e}{appendix.B}% 358
\BOOKMARK [1][-]{section.B.2}{\376\377\000T\000r\000a\000d\000i\000n\000g\000\040\000g\000l\000o\000s\000s\000a\000r\000y}{appendix.B}% 359
\BOOKMARK [1][-]{section.B.3}{\376\377\000F\000u\000r\000t\000h\000e\000r\000\040\000r\000e\000a\000d\000i\000n\000g\000\040\000b\000y\000\040\000t\000o\000p\000i\000c}{appendix.B}% 360
\BOOKMARK [0][-]{appendix.C}{\376\377\000B\000i\000b\000l\000i\000o\000g\000r\000a\000p\000h\000y\000\040\000a\000n\000d\000\040\000R\000e\000a\000d\000i\000n\000g\000\040\000O\000r\000d\000e\000r}{part.9}% 361
\BOOKMARK [1][-]{section.C.1}{\376\377\000T\000h\000r\000e\000e\000\040\000r\000e\000a\000d\000i\000n\000g\000\040\000o\000r\000d\000e\000r\000s}{appendix.C}% 362
\BOOKMARK [1][-]{section.C.2}{\376\377\000A\000n\000n\000o\000t\000a\000t\000e\000d\000\040\000b\000i\000b\000l\000i\000o\000g\000r\000a\000p\000h\000y\000\040\000b\000y\000\040\000t\000o\000p\000i\000c}{appendix.C}% 363
\BOOKMARK [1][-]{section.C.3}{\376\377\000P\000r\000i\000m\000a\000r\000y\000\040\000s\000o\000u\000r\000c\000e\000s\000\040\000t\000h\000a\000t\000\040\000a\000r\000e\000\040\000f\000r\000e\000e\000\040\000o\000n\000l\000i\000n\000e}{appendix.C}% 364
\BOOKMARK [1][-]{section.C.4}{\376\377\000W\000h\000a\000t\000'\000s\000\040\000n\000o\000t\000\040\000i\000n\000\040\000t\000h\000i\000s\000\040\000b\000o\000o\000k}{appendix.C}% 365
\BOOKMARK [0][-]{chapter*.1015}{\376\377\000B\000i\000b\000l\000i\000o\000g\000r\000a\000p\000h\000y}{part.9}% 366
\BOOKMARK [0][-]{section*.1016}{\376\377\000I\000n\000d\000e\000x}{part.9}% 367
